--------- beginning of main
04-02 15:01:41.347 11388 11388 D BluetoothOppFileProvider: Initialized
04-02 15:01:41.363 11388 11388 D AdapterServiceConfig: Adding HeadsetService
04-02 15:01:41.364 11388 11388 D AdapterServiceConfig: Adding A2dpService
04-02 15:01:41.364 11388 11388 D AdapterServiceConfig: Adding HidService
04-02 15:01:41.365 11388 11388 D AdapterServiceConfig: Adding HealthService
04-02 15:01:41.365 11388 11388 D AdapterServiceConfig: Adding PanService
04-02 15:01:41.365 11388 11388 D AdapterServiceConfig: Adding GattService
04-02 15:01:41.365 11388 11388 D AdapterServiceConfig: Adding BluetoothMapService
04-02 15:01:41.365 11388 11388 D AdapterServiceConfig: Adding HeadsetClientService
04-02 15:01:41.365 11388 11388 D AdapterServiceConfig: Adding AvrcpControllerService
04-02 15:01:41.365 11388 11388 D AdapterServiceConfig: Adding SapService
04-02 15:01:41.365 11388 11388 W AdapterServiceConfig: Could not find profile bit mask
04-02 15:01:41.365 11388 11388 D AdapterServiceConfig: Adding BluetoothOppService
04-02 15:01:41.365 11388 11388 W AdapterServiceConfig: Could not find profile bit mask
04-02 15:01:41.365 11388 11388 D AdapterServiceConfig: Adding BluetoothPbapService
04-02 15:01:41.381 11388 11388 D BluetoothAdapterService: onCreate()
04-02 15:01:41.384 11388 11388 D BluetoothAdapterState: make() - Creating AdapterState
04-02 15:01:41.386 11388 11388 I bt_btif : init
04-02 15:01:41.387 11388 11388 D bt_osi_allocation_tracker: canary initialized
04-02 15:01:41.387 11388 11404 I bt_osi_thread: run_thread: thread id 11404, thread name stack_manager started
04-02 15:01:41.387 11388 11403 I BluetoothAdapterState: Entering OffState
04-02 15:01:41.387 11388 11404 I bt_stack_manager: event_init_stack is initializing the stack
04-02 15:01:41.388 11388 11404 E bt_osi_config: config_new unable to open file '/data/misc/bluedroid/bt_config.conf': No such file or directory
04-02 15:01:41.389 11388 11404 W bt_btif_config: init unable to load config file: /data/misc/bluedroid/bt_config.conf; using backup.
04-02 15:01:41.390 11388 11407 I bt_osi_thread: run_thread: thread id 11407, thread name alarm_default_ca started
04-02 15:01:41.392 11388 11408 I bt_osi_thread: run_thread: thread id 11408, thread name alarm_dispatcher started
04-02 15:01:41.395 11388 11404 I bt_btif_core: btif_init_bluetooth entered
04-02 15:01:41.396 11388 11404 I bt_stack_config: init attempt to load stack conf from /etc/bluetooth/bt_stack.conf
04-02 15:01:41.397 11388 11409 I bt_osi_thread: run_thread: thread id 11409, thread name bt_jni_workqueue started
04-02 15:01:41.397 11388 11404 I bt_btif_core: btif_init_bluetooth finished
04-02 15:01:41.397 11388 11404 I bt_stack_manager: event_init_stack finished
04-02 15:01:41.397 11388 11409 I bt_btif_core: run_message_loop entered
04-02 15:01:41.397 11388 11388 I bt_osi_wakelock: wakelock_set_os_callouts set to non-native
04-02 15:01:41.397 11388 11388 I bt_btif : get_profile_interface: id = socket
04-02 15:01:41.398 11388 11388 W bt_btif : do_in_jni_thread: Dropped message, message_loop not initialized yet!
04-02 15:01:41.398 11388 11409 E BluetoothServiceJni: adapter_properties_callback: Callback env fail: env: 0x0, callback: 0x0
04-02 15:01:41.399 11388 11388 I bt_btif : get_profile_interface: id = sdp
04-02 15:01:41.402 11388 11388 I BluetoothAdapterService: Phone policy enabled
04-02 15:01:41.404 11388 11388 D BluetoothAdapterService: setAdapterService() - set to: null
04-02 15:01:41.405 11388 11388 D BluetoothAdapterService: onBind()
04-02 15:01:41.411 11388 11388 I BtGatt.JNI: classInitNative(L871): classInitNative: Success!
04-02 15:01:41.422 11388 11400 D BluetoothAdapterService: enable() - Enable called with quiet mode status =  false
04-02 15:01:41.422 11388 11403 D BluetoothAdapterState: Current state: OFF, message: 0
04-02 15:01:41.423 11388 11403 D BluetoothAdapterProperties: Setting state to 14
04-02 15:01:41.423 11388 11403 I BluetoothAdapterState: Bluetooth adapter state changed: 10-> 14
04-02 15:01:41.423 11388 11403 D BluetoothAdapterService: updateAdapterState() - Broadcasting state to 1 receivers.
04-02 15:01:41.424 11388 11403 D BluetoothAdapterService: BleOnProcessStart()
04-02 15:01:41.427 11388 11403 D BluetoothAdapterService: BleOnProcessStart() - Make Bond State Machine
04-02 15:01:41.428 11388 11403 D BluetoothBondStateMachine: make
04-02 15:01:41.430 11388 11403 D BluetoothAdapterService: setProfileServiceState() - Starting service com.android.bluetooth.gatt.GattService
04-02 15:01:41.430 11388 11415 I BluetoothBondStateMachine: StableState(): Entering Off State
04-02 15:01:41.432 11388 11403 I BluetoothAdapterState: Entering PendingCommandState
04-02 15:01:41.433 11388 11388 D BtGatt.DebugUtils: handleDebugAction() action=null
04-02 15:01:41.433 11388 11388 D BluetoothAdapterService: getAdapterService() - returning com.android.bluetooth.btservice.AdapterService@d5ffa7f
04-02 15:01:41.434 11388 11388 D BtGatt.GattService: Received start request. Starting profile...
04-02 15:01:41.434 11388 11388 I bt_btif : get_profile_interface: id = gatt
04-02 15:01:41.435 11388 11388 D BluetoothAdapterService: getAdapterService() - returning com.android.bluetooth.btservice.AdapterService@d5ffa7f
04-02 15:01:41.441 11388 11388 I chatty  : uid=1002(bluetooth) com.android.bluetooth identical 1 line
04-02 15:01:41.442 11388 11388 D BluetoothAdapterService: getAdapterService() - returning com.android.bluetooth.btservice.AdapterService@d5ffa7f
04-02 15:01:41.444 11388 11388 D BluetoothAdapterService: handleMessage() - Message: 1
04-02 15:01:41.444 11388 11388 D BluetoothAdapterService: handleMessage() - MESSAGE_PROFILE_SERVICE_STATE_CHANGED
04-02 15:01:41.444 11388 11388 D BluetoothAdapterService: processProfileServiceStateChanged() - serviceName=com.android.bluetooth.gatt.GattService isTurningOn=false isTurningOff=false isBleTurningOn=true isBleTurningOff=false
04-02 15:01:41.445 11388 11388 D BluetoothAdapterService: GattService is started
04-02 15:01:41.446 11388 11403 V BluetoothAdapterState: PendingCommand - transient state(s): isBleTurningOn
04-02 15:01:41.446 11388 11403 D BluetoothAdapterState: Current state: PENDING_COMMAND, message: 4
04-02 15:01:41.448 11388 11403 I bt_btif : enable: start restricted = 0
04-02 15:01:41.449 11388 11404 I bt_stack_manager: event_start_up_stack is bringing up the stack
04-02 15:01:41.449 11388 11404 I bt_core_module: module_start_up Starting module "btif_config_module"
04-02 15:01:41.449 11388 11404 I bt_core_module: module_start_up Started module "btif_config_module"
04-02 15:01:41.450 11388 11404 I bt_core_module: module_start_up Starting module "btsnoop_module"
04-02 15:01:41.450 11388 11404 I bt_core_module: module_start_up Started module "btsnoop_module"
04-02 15:01:41.450 11388 11404 I bt_core_module: module_start_up Starting module "hci_module"
04-02 15:01:41.450 11388 11404 I bt_hci  : hci_module_start_up
04-02 15:01:41.451 11388 11419 I bt_osi_thread: run_thread: thread id 11419, thread name hci_thread started
04-02 15:01:41.452 11388 11419 I bt_hci  : hci_initialize
04-02 15:01:41.452 11388 11404 D bt_hci  : hci_module_start_up starting async portion
04-02 15:01:41.455 11388 11419 I bt_hci  : hci_initialize: IBluetoothHci::getService() returned 0x7ef6a3d560 (remote)
04-02 15:01:41.566 11388 11419 I bt_hci  : event_finish_startup
04-02 15:01:41.567 11388 11404 I bt_core_module: module_start_up Started module "hci_module"
04-02 15:01:41.567 11388 11424 I bt_osi_thread: run_thread: thread id 11424, thread name bt_workqueue started
04-02 15:01:41.568 11388 11424 I         : [0402/150141:INFO:btu_task.cc(107)] Bluetooth chip preload is complete
04-02 15:01:41.569 11388 11424 I         : [0402/150141:INFO:gatt_api.cc(1004)] GATT_Register
04-02 15:01:41.570 11388 11424 I         : [0402/150141:INFO:gatt_api.cc(1027)] allocated gatt_if=1
04-02 15:01:41.570 11388 11424 I         : [0402/150141:INFO:gatt_api.cc(207)] GATTS_AddService
04-02 15:01:41.570 11388 11424 I         : [0402/150141:INFO:gatt_api.cc(317)] GATTS_AddService: service parsed correctly, now starting
04-02 15:01:41.570 11388 11424 E         : [0402/150141:ERROR:gatt_attr.cc(301)] gatt_profile_db_init:  gatt_if=1
04-02 15:01:41.571 11388 11424 I         : [0402/150141:INFO:gatt_api.cc(1004)] GATT_Register
04-02 15:01:41.571 11388 11424 I         : [0402/150141:INFO:gatt_api.cc(1027)] allocated gatt_if=2
04-02 15:01:41.571 11388 11424 I         : [0402/150141:INFO:gatt_api.cc(207)] GATTS_AddService
04-02 15:01:41.571 11388 11424 I         : [0402/150141:INFO:gatt_api.cc(317)] GATTS_AddService: service parsed correctly, now starting
04-02 15:01:41.573 11388 11425 I bt_osi_thread: run_thread: thread id 11425, thread name btu message loop started
04-02 15:01:41.575 11388 11426 I bt_osi_thread: run_thread: thread id 11426, thread name module_wrapper started
04-02 15:01:41.575 11388 11426 I bt_core_module: module_start_up Starting module "controller_module"
04-02 15:01:41.804 11388 11426 I bt_core_module: module_start_up Started module "controller_module"
04-02 15:01:41.804 11388 11426 W bt_osi_thread: run_thread: thread id 11426, thread name module_wrapper exited
04-02 15:01:41.805 11388 11424 W bt_btm  : btm_decode_ext_features_page: feature page 1 ignored
04-02 15:01:41.805 11388 11424 W bt_btm  : btm_decode_ext_features_page: feature page 2 ignored
04-02 15:01:41.806 11388 11425 I bt_btm_sec: BTM_SecRegister p_cb_info->p_le_callback == 0x0x7ee8d59d2c
04-02 15:01:41.806 11388 11425 I bt_btm_sec: BTM_SecRegister btm_cb.api.p_le_callback = 0x0x7ee8d59d2c 
04-02 15:01:41.809 11388 11425 I bt_stack: [INFO:gatt_api.cc(1004)] GATT_Register
04-02 15:01:41.810 11388 11425 I bt_stack: [INFO:gatt_api.cc(1027)] allocated gatt_if=3
04-02 15:01:41.862 11388 11425 I bt_stack: [INFO:ble_advertiser_hci_interface.cc(708)] VSC advertising will be in use
04-02 15:01:41.862 11388 11425 I bt_stack: [INFO:ble_advertiser_hci_interface.cc(259)] QuirkAdvertiserZeroHandle in use
04-02 15:01:41.864 11388 11409 D BluetoothAdapterProperties: BT_PROPERTY_LOCAL_LE_FEATURES: update from BT controller mNumOfAdvertisementInstancesSupported = 10 mRpaOffloadSupported = true mNumOfOffloadedIrkSupported = 8 mNumOfOffloadedScanFilterSupported = 16 mOffloadedScanResultStorageBytes= 10240 mIsActivityAndEnergyReporting = true mVersSupported = 96 mTotNumOfTrackableAdv = 32 mIsExtendedScanSupported = true mIsDebugLogSupported = true mIsLe2MPhySupported = false mIsLeCodedPhySupported = false mIsLeExtendedAdvertisingSupported = false mIsLePeriodicAdvertisingSupported = false mLeMaximumAdvertisingDataLength = 31
04-02 15:01:41.871 11388 11409 E bt_btif_storage: btif_storage_get_adapter_property: Controller ready!
04-02 15:01:41.871 11388 11409 I bt_btif_storage: btif_storage_get_adapter_property service_mask:0x20000000
04-02 15:01:41.872 11388 11409 D BluetoothAdapterProperties: Address is:80:1D:00:33:D8:82
04-02 15:01:41.880 11388 11409 D BluetoothAdapterProperties: Name is: LeEco Le 2
04-02 15:01:41.885 11388 11409 D BluetoothAdapterProperties: Scan Mode:20
04-02 15:01:41.886 11388 11409 D BluetoothAdapterProperties: Discoverable Timeout:120
04-02 15:01:41.886 11388 11409 I bt_btif_core: btif_enable_bluetooth_evt entered: status 0
04-02 15:01:41.889 11388 11428 I bt_osi_thread: run_thread: thread id 11428, thread name btif_sock started
04-02 15:01:41.890 11388 11409 D bt_bte_conf: Device ID record 1 : primary
04-02 15:01:41.890 11388 11409 D bt_bte_conf:   vendorId            = 000f
04-02 15:01:41.890 11388 11409 D bt_bte_conf:   vendorIdSource      = 0001
04-02 15:01:41.890 11388 11409 D bt_bte_conf:   product             = 1200
04-02 15:01:41.890 11388 11409 D bt_bte_conf:   version             = 1436
04-02 15:01:41.890 11388 11409 D bt_bte_conf:   clientExecutableURL = 
04-02 15:01:41.890 11388 11409 D bt_bte_conf:   serviceDescription  = 
04-02 15:01:41.891 11388 11409 D bt_bte_conf:   documentationURL    = 
04-02 15:01:41.891 11388 11409 D bt_bte_conf: bte_load_did_conf no section named DID2.
04-02 15:01:41.891 11388 11409 I bt_btif_core: btif_enable_bluetooth_evt finished
04-02 15:01:41.891 11388 11404 I bt_stack_manager: event_start_up_stack finished
04-02 15:01:41.892 11388 11403 V BluetoothAdapterState: PendingCommand - transient state(s): isBleTurningOn
04-02 15:01:41.892 11388 11403 D BluetoothAdapterState: Current state: PENDING_COMMAND, message: 3
04-02 15:01:41.892 11388 11403 D BluetoothAdapterProperties: Setting state to 15
04-02 15:01:41.892 11388 11403 I BluetoothAdapterState: Bluetooth adapter state changed: 14-> 15
04-02 15:01:41.892 11388 11403 D BluetoothAdapterService: updateAdapterState() - Broadcasting state to 1 receivers.
04-02 15:01:41.893 11388 11403 I BluetoothAdapterState: Entering BleOnState
04-02 15:01:41.897 11388 11403 D BluetoothAdapterState: Current state: BLE ON, message: 1
04-02 15:01:41.897 11388 11403 D BluetoothAdapterProperties: Setting state to 11
04-02 15:01:41.897 11388 11403 I BluetoothAdapterState: Bluetooth adapter state changed: 15-> 11
04-02 15:01:41.898 11388 11403 D BluetoothAdapterService: updateAdapterState() - Broadcasting state to 1 receivers.
04-02 15:01:41.898 11388 11403 D BluetoothAdapterService: startCoreServices()
04-02 15:01:41.899 11388 11403 D BluetoothAdapterService: setProfileServiceState() - Starting service com.android.bluetooth.hfp.HeadsetService
04-02 15:01:41.903 11388 11388 D BluetoothAdapterService: getAdapterService() - returning com.android.bluetooth.btservice.AdapterService@d5ffa7f
04-02 15:01:41.903 11388 11403 D BluetoothAdapterService: setProfileServiceState() - Starting service com.android.bluetooth.a2dp.A2dpService
04-02 15:01:41.904 11388 11388 D HeadsetService: Received start request. Starting profile...
04-02 15:01:41.906 11388 11403 D BluetoothAdapterService: setProfileServiceState() - Starting service com.android.bluetooth.hid.HidService
04-02 15:01:41.906 11388 11388 I BluetoothHeadsetServiceJni: classInitNative: succeeds
04-02 15:01:41.906 11388 11388 D HeadsetStateMachine: make
04-02 15:01:41.909 11388 11403 D BluetoothAdapterService: setProfileServiceState() - Starting service com.android.bluetooth.hdp.HealthService
04-02 15:01:41.912 11388 11403 D BluetoothAdapterService: setProfileServiceState() - Starting service com.android.bluetooth.pan.PanService
04-02 15:01:41.916 11388 11403 D BluetoothAdapterService: setProfileServiceState() - Starting service com.android.bluetooth.map.BluetoothMapService
04-02 15:01:41.918 11388 11388 D HeadsetStateMachine: max_hf_connections = 1
04-02 15:01:41.919 11388 11388 D HeadsetStateMachine: in-band_ringing_support = true
04-02 15:01:41.919 11388 11388 I bt_btif : get_profile_interface: id = handsfree
04-02 15:01:41.919 11388 11409 I bt_btif_storage: btif_storage_get_adapter_property service_mask:0x20000040
04-02 15:01:41.919 11388 11425 I bt_stack: [INFO:port_api.cc(123)] RFCOMM_CreateConnection BDA: ff:ff:ff:ff:ff:ff
04-02 15:01:41.919 11388 11409 E bt_btif : btif_hf_upstreams_evt: Invalid index 41905
04-02 15:01:41.919 11388 11425 I bt_stack: [INFO:port_api.cc(123)] RFCOMM_CreateConnection BDA: ff:ff:ff:ff:ff:ff
04-02 15:01:41.922 11388 11388 D BluetoothAdapterService: getAdapterService() - returning com.android.bluetooth.btservice.AdapterService@d5ffa7f
04-02 15:01:41.923 11388 11388 D BluetoothAdapterService: getAdapterService() - returning com.android.bluetooth.btservice.AdapterService@d5ffa7f
04-02 15:01:41.924 11388 11403 D BluetoothAdapterService: setProfileServiceState() - Starting service com.android.bluetooth.hfpclient.HeadsetClientService
04-02 15:01:41.924 11388 11388 D A2dpService: Received start request. Starting profile...
04-02 15:01:41.925 11388 11388 I BluetoothAvrcpServiceJni: classInitNative: succeeds
04-02 15:01:41.925 11388 11388 V Avrcp   : make
04-02 15:01:41.927 11388 11403 D BluetoothAdapterService: setProfileServiceState() - Starting service com.android.bluetooth.avrcpcontroller.AvrcpControllerService
04-02 15:01:41.930 11388 11403 D BluetoothAdapterService: setProfileServiceState() - Starting service com.android.bluetooth.sap.SapService
04-02 15:01:41.931 11388 11388 I bt_btif : get_profile_interface: id = avrcp
04-02 15:01:41.934 11388 11403 D BluetoothAdapterService: setProfileServiceState() - Starting service com.android.bluetooth.opp.BluetoothOppService
04-02 15:01:41.938 11388 11403 D BluetoothAdapterService: setProfileServiceState() - Starting service com.android.bluetooth.pbap.BluetoothPbapService
04-02 15:01:41.941 11388 11403 I BluetoothAdapterState: Entering PendingCommandState
04-02 15:01:41.948 11388 11388 V Avrcp   : initMediaPlayerInfoList: 0 controllers
04-02 15:01:41.950 11388 11388 V Avrcp   : updatePlaybackState (1): -1➡0(PlaybackState {state=0, position=-1, buffered position=0, speed=0.0, updated=82806028, actions=0, custom actions=[], active item id=-1, error=null})
04-02 15:01:41.950 11388 11388 I Avrcp   : Skipping update due to invalid playback state
04-02 15:01:41.950 11388 11388 E Avrcp   : play status change -1➡0 mPlayStatusChangedNT: 1
04-02 15:01:41.950 11388 11388 E bt_btif : register_notification_rsp: Avrcp device is not connected, handle: 0x0
04-02 15:01:41.950 11388 11388 D Avrcp   : sendPlayPosNotificationRsp: Not registered or requesting.
04-02 15:01:41.952 11388 11388 D Avrcp   : User already unlocked, initializing player lists
04-02 15:01:41.954 11388 11388 V Avrcp   : updatePlaybackState (1): 0➡0(PlaybackState {state=0, position=-1, buffered position=0, speed=0.0, updated=82806034, actions=0, custom actions=[], active item id=-1, error=null})
04-02 15:01:41.954 11388 11388 I Avrcp   : Skipping update due to invalid playback state
04-02 15:01:41.954 11388 11388 E Avrcp   : play status change 0➡0 mPlayStatusChangedNT: 1
04-02 15:01:41.954 11388 11388 D Avrcp   : sendPlayPosNotificationRsp: Not registered or requesting.
04-02 15:01:41.956 11388 11388 I BluetoothA2dpServiceJni: classInitNative: succeeds
04-02 15:01:41.957 11388 11388 D A2dpStateMachine: make
04-02 15:01:41.959 11388 11388 I bt_btif : get_profile_interface: id = a2dp
04-02 15:01:41.960 11388 11432 I bt_osi_thread: run_thread: thread id 11432, thread name btif_a2dp_source started
04-02 15:01:41.960 11388 11388 D a2dp_codec: init
04-02 15:01:41.960 11388 11409 I bt_btif_storage: btif_storage_get_adapter_property service_mask:0x20000048
04-02 15:01:41.960 11388 11388 D a2dp_codec: createCodec: codec SBC
04-02 15:01:41.960 11388 11388 I a2dp_codec: init: updated SBC codec priority to 1001
04-02 15:01:41.960 11388 11425 I bt_bta_av: AVRCP version used for sdp: "avrcp14"
04-02 15:01:41.960 11388 11388 D a2dp_codec: createCodec: codec AAC
04-02 15:01:41.960 11388 11388 I a2dp_codec: init: updated AAC codec priority to 2001
04-02 15:01:41.960 11388 11388 D a2dp_codec: createCodec: codec aptX
04-02 15:01:41.961 11388 11409 E bt_btif : btif_sm_dispatch : Invalid handle
04-02 15:01:41.961 11388 11409 E bt_btif : btif_sm_dispatch : Invalid handle
04-02 15:01:41.963 11388 11388 E a2dp_vendor_aptx_encoder: A2DP_VendorLoadEncoderAptx: cannot open aptX encoder library libaptX_encoder.so: dlopen failed: library "libaptX_encoder.so" not found
04-02 15:01:41.963 11388 11388 E a2dp_vendor_aptx: init: cannot load the encoder
04-02 15:01:41.963 11388 11388 D a2dp_codec: createCodec: codec aptX-HD
04-02 15:01:41.964 11388 11388 E a2dp_vendor_aptx_hd_encoder: A2DP_VendorLoadEncoderAptxHd: cannot open aptX-HD encoder library libaptXHD_encoder.so: dlopen failed: library "libaptXHD_encoder.so" not found
04-02 15:01:41.964 11388 11388 E a2dp_vendor_aptx_hd: init: cannot load the encoder
04-02 15:01:41.965 11388 11388 D a2dp_codec: createCodec: codec LDAC
04-02 15:01:41.970 11388 11388 I a2dp_codec: init: updated LDAC codec priority to 5001
04-02 15:01:41.970 11388 11388 D a2dp_codec: createCodec: codec SBC SINK
04-02 15:01:41.970 11388 11388 I a2dp_codec: init: initialized Source codec LDAC
04-02 15:01:41.970 11388 11388 I a2dp_codec: init: initialized Source codec AAC
04-02 15:01:41.970 11388 11388 I a2dp_codec: init: initialized Source codec SBC
04-02 15:01:41.970 11388 11388 I a2dp_codec: init: initialized Sink codec SBC(Sink)
04-02 15:01:41.971 11388 11388 W bt_btif : ## ON A2DP IDLE ## peer_sep = 0
04-02 15:01:41.971 11388 11409 I BluetoothA2dpServiceJni: bta2dp_audio_config_callback
04-02 15:01:41.973 11388 11409 D A2dpStateMachine: A2DP Codec Config: null->{codecName:SBC,mCodecType:0,mCodecPriority:0,mSampleRate:0x0(NONE),mBitsPerSample:0x0(NONE),mChannelMode:0x0(NONE),mCodecSpecific1:0,mCodecSpecific2:0,mCodecSpecific3:0,mCodecSpecific4:0}
04-02 15:01:41.973 11388 11431 D A2dpStateMachine: Enter Disconnected: -2
04-02 15:01:41.973 11388 11409 D A2dpStateMachine: A2DP Codec Local Capability: {codecName:LDAC,mCodecType:4,mCodecPriority:5001,mSampleRate:0xf(44100|48000|88200|96000),mBitsPerSample:0x7(16|24|32),mChannelMode:0x2(STEREO),mCodecSpecific1:0,mCodecSpecific2:0,mCodecSpecific3:0,mCodecSpecific4:0}
04-02 15:01:41.973 11388 11409 D A2dpStateMachine: A2DP Codec Local Capability: {codecName:AAC,mCodecType:1,mCodecPriority:2001,mSampleRate:0x1(44100),mBitsPerSample:0x1(16),mChannelMode:0x2(STEREO),mCodecSpecific1:0,mCodecSpecific2:0,mCodecSpecific3:0,mCodecSpecific4:0}
04-02 15:01:41.973 11388 11409 D A2dpStateMachine: A2DP Codec Local Capability: {codecName:SBC,mCodecType:0,mCodecPriority:1001,mSampleRate:0x1(44100),mBitsPerSample:0x1(16),mChannelMode:0x3(MONO|STEREO),mCodecSpecific1:0,mCodecSpecific2:0,mCodecSpecific3:0,mCodecSpecific4:0}
04-02 15:01:41.975 11388 11388 D BluetoothAdapterService: getAdapterService() - returning com.android.bluetooth.btservice.AdapterService@d5ffa7f
04-02 15:01:41.976 11388 11388 I BluetoothHidServiceJni: classInitNative: succeeds
04-02 15:01:41.978 11388 11388 D BluetoothAdapterService: getAdapterService() - returning com.android.bluetooth.btservice.AdapterService@d5ffa7f
04-02 15:01:41.979 11388 11388 D HidService: Received start request. Starting profile...
04-02 15:01:41.979 11388 11388 I bt_btif : get_profile_interface: id = hidhost
04-02 15:01:41.979 11388 11388 D HidService: setHidService(): set to: null
04-02 15:01:41.979 11388 11388 D BluetoothAdapterService: getAdapterService() - returning com.android.bluetooth.btservice.AdapterService@d5ffa7f
04-02 15:01:41.979 11388 11409 I bt_bta_hh: BTA_HhEnable sec_mask:0x36 p_cback:0x7ee8dbf448
04-02 15:01:41.979 11388 11409 I bt_btif_storage: btif_storage_get_adapter_property service_mask:0x20100048
04-02 15:01:41.980 11388 11425 I bt_stack: [INFO:gatt_api.cc(1004)] GATT_Register
04-02 15:01:41.980 11388 11425 I bt_stack: [INFO:gatt_api.cc(1027)] allocated gatt_if=4
04-02 15:01:41.980 11388 11388 I BluetoothHealthServiceJni: classInitNative: succeeds
04-02 15:01:41.989 11388 11388 D BluetoothAdapterService: getAdapterService() - returning com.android.bluetooth.btservice.AdapterService@d5ffa7f
04-02 15:01:41.990 11388 11388 D HealthService: Received start request. Starting profile...
04-02 15:01:41.991 11388 11388 I bt_btif : get_profile_interface: id = health
04-02 15:01:41.992 11388 11388 D BluetoothAdapterService: getAdapterService() - returning com.android.bluetooth.btservice.AdapterService@d5ffa7f
04-02 15:01:41.993 11388 11388 I BluetoothPanServiceJni: classInitNative(L111): succeeds
04-02 15:01:41.995 11388 11388 D BluetoothAdapterService: getAdapterService() - returning com.android.bluetooth.btservice.AdapterService@d5ffa7f
04-02 15:01:41.996 11388 11388 D PanService: Received start request. Starting profile...
04-02 15:01:41.996 11388 11388 D BluetoothPanServiceJni: initializeNative(L116): pan
04-02 15:01:41.996 11388 11388 I bt_btif : get_profile_interface: id = pan
04-02 15:01:41.997 11388 11409 D BluetoothPanServiceJni: control_state_callback(L63): state:0, local_role:3, ifname:bt-pan
04-02 15:01:41.997 11388 11388 D BluetoothAdapterService: getAdapterService() - returning com.android.bluetooth.btservice.AdapterService@d5ffa7f
04-02 15:01:42.002 11388 11388 D BluetoothAdapterService: getAdapterService() - returning com.android.bluetooth.btservice.AdapterService@d5ffa7f
04-02 15:01:42.003 11388 11388 D BluetoothMapService: Received start request. Starting profile...
04-02 15:01:42.003 11388 11388 D BluetoothMapService: start()
04-02 15:01:42.009 11388 11388 D BluetoothMapAccountLoader: Found 0 application(s) with intent android.bluetooth.action.BLUETOOTH_MAP_PROVIDER
04-02 15:01:42.010 11388 11388 D BluetoothMapAccountLoader: Found 0 application(s) with intent android.bluetooth.action.BLUETOOTH_MAP_IM_PROVIDER
04-02 15:01:42.011 11388 11388 D BluetoothMapAppObserver: createReceiver()
04-02 15:01:42.012 11388 11388 D BluetoothMapAppObserver: initObservers()
04-02 15:01:42.013 11388 11388 D BluetoothMapAppObserver: getEnabledAccountItems()
04-02 15:01:42.013 11388 11388 D BluetoothAdapterService: getAdapterService() - returning com.android.bluetooth.btservice.AdapterService@d5ffa7f
04-02 15:01:42.014 11388 11388 D BluetoothAdapterService: handleMessage() - Message: 1
04-02 15:01:42.014 11388 11388 D BluetoothAdapterService: handleMessage() - MESSAGE_PROFILE_SERVICE_STATE_CHANGED
04-02 15:01:42.014 11388 11388 D BluetoothAdapterService: processProfileServiceStateChanged() - serviceName=com.android.bluetooth.hfp.HeadsetService isTurningOn=true isTurningOff=false isBleTurningOn=false isBleTurningOff=false
04-02 15:01:42.015 11388 11388 D BluetoothAdapterService: onProfileServiceStateChange() - Profile still not running:com.android.bluetooth.a2dp.A2dpService
04-02 15:01:42.016 11388 11388 I BluetoothHeadsetClientServiceJni: classInitNative succeeds
04-02 15:01:42.016 11388 11429 D HeadsetPhoneState: sendDeviceStateChanged. mService=0 mIsSimStateLoaded=false mSignal=0 mRoam=0 mBatteryCharge=5
04-02 15:01:42.018 11388 11388 D BluetoothAdapterService: getAdapterService() - returning com.android.bluetooth.btservice.AdapterService@d5ffa7f
04-02 15:01:42.019 11388 11388 D HeadsetClientService: Received start request. Starting profile...
04-02 15:01:42.019 11388 11388 D BluetoothHeadsetClientServiceJni: initializeNative: HfpClient
04-02 15:01:42.019 11388 11388 I bt_btif : get_profile_interface: id = handsfree_client
04-02 15:01:42.019 11388 11409 I bt_stack: [INFO:port_api.cc(123)] RFCOMM_CreateConnection BDA: ff:ff:ff:ff:ff:ff
04-02 15:01:42.020 11388 11409 I bt_btif_storage: btif_storage_get_adapter_property service_mask:0x21100048
04-02 15:01:42.026 11388 11388 D BluetoothHeadsetClientServiceJni: initializeNative: HfpClient
04-02 15:01:42.026 11388 11388 W BluetoothHeadsetClientServiceJni: Cleaning up Bluetooth HFP Client Interface before initializing
04-02 15:01:42.026 11388 11388 W BluetoothHeadsetClientServiceJni: Cleaning up Bluetooth HFP Client callback object
04-02 15:01:42.026 11388 11409 I bt_btif_queue: queue_int_cleanup: UUID=111E
04-02 15:01:42.026 11388 11388 I bt_btif : get_profile_interface: id = handsfree_client
04-02 15:01:42.026 11388 11388 D BluetoothAdapterService: getAdapterService() - returning com.android.bluetooth.btservice.AdapterService@d5ffa7f
04-02 15:01:42.027 11388 11409 I bt_btif_storage: btif_storage_get_adapter_property service_mask:0x21100048
04-02 15:01:42.027 11388 11388 I BluetoothAvrcpControllerJni: classInitNative: succeeds
04-02 15:01:42.027 11388 11409 I bt_stack: [INFO:port_api.cc(123)] RFCOMM_CreateConnection BDA: ff:ff:ff:ff:ff:ff
04-02 15:01:42.028 11388 11409 I bt_btif_storage: btif_storage_get_adapter_property service_mask:0x21100048
04-02 15:01:42.028 11388 11388 I bt_btif : get_profile_interface: id = avrcp_ctrl
04-02 15:01:42.029 11388 11388 D BluetoothAdapterService: getAdapterService() - returning com.android.bluetooth.btservice.AdapterService@d5ffa7f
04-02 15:01:42.030 11388 11388 D AvrcpControllerService: Received start request. Starting profile...
04-02 15:01:42.040 11388 11388 D AvrcpControllerService: setAvrcpControllerService(): set to: null
04-02 15:01:42.040 11388 11388 D BluetoothAdapterService: getAdapterService() - returning com.android.bluetooth.btservice.AdapterService@d5ffa7f
04-02 15:01:42.042 11388 11388 V SapService: SapBinder()
04-02 15:01:42.042 11388 11388 D BluetoothAdapterService: getAdapterService() - returning com.android.bluetooth.btservice.AdapterService@d5ffa7f
04-02 15:01:42.043 11388 11388 D SapService: Received start request. Starting profile...
04-02 15:01:42.044 11388 11388 V SapService: start()
04-02 15:01:42.046 11388 11388 D BluetoothAdapterService: getAdapterService() - returning com.android.bluetooth.btservice.AdapterService@d5ffa7f
04-02 15:01:42.057 11388 11388 D BluetoothAdapterService: getAdapterService() - returning com.android.bluetooth.btservice.AdapterService@d5ffa7f
04-02 15:01:42.059 11388 11388 D BluetoothOppService: Received start request. Starting profile...
04-02 15:01:42.059 11388 11388 D BluetoothAdapterService: getAdapterService() - returning com.android.bluetooth.btservice.AdapterService@d5ffa7f
04-02 15:01:42.061 11388 11388 V BluetoothPbapService: PbapBinder()
04-02 15:01:42.061 11388 11388 D BluetoothAdapterService: getAdapterService() - returning com.android.bluetooth.btservice.AdapterService@d5ffa7f
04-02 15:01:42.063 11388 11388 D BluetoothPbapService: Received start request. Starting profile...
04-02 15:01:42.063 11388 11388 V BluetoothPbapService: start()
04-02 15:01:42.065 11388 11388 D BluetoothPbapService: Registering observer
04-02 15:01:42.072 11388 11388 D BluetoothAdapterService: getAdapterService() - returning com.android.bluetooth.btservice.AdapterService@d5ffa7f
04-02 15:01:42.072 11388 11388 D BluetoothAdapterService: handleMessage() - Message: 1
04-02 15:01:42.072 11388 11388 D BluetoothAdapterService: handleMessage() - MESSAGE_PROFILE_SERVICE_STATE_CHANGED
04-02 15:01:42.072 11388 11388 D BluetoothAdapterService: processProfileServiceStateChanged() - serviceName=com.android.bluetooth.a2dp.A2dpService isTurningOn=true isTurningOff=false isBleTurningOn=false isBleTurningOff=false
04-02 15:01:42.073 11388 11388 D BluetoothAdapterService: onProfileServiceStateChange() - Profile still not running:com.android.bluetooth.map.BluetoothMapService
04-02 15:01:42.073 11388 11388 D BluetoothAdapterService: handleMessage() - Message: 1
04-02 15:01:42.073 11388 11388 D BluetoothAdapterService: handleMessage() - MESSAGE_PROFILE_SERVICE_STATE_CHANGED
04-02 15:01:42.073 11388 11388 D BluetoothAdapterService: processProfileServiceStateChanged() - serviceName=com.android.bluetooth.hid.HidService isTurningOn=true isTurningOff=false isBleTurningOn=false isBleTurningOff=false
04-02 15:01:42.073 11388 11388 D BluetoothAdapterService: onProfileServiceStateChange() - Profile still not running:com.android.bluetooth.map.BluetoothMapService
04-02 15:01:42.075 11388 11388 D BluetoothAdapterService: handleMessage() - Message: 1
04-02 15:01:42.075 11388 11388 D BluetoothAdapterService: handleMessage() - MESSAGE_PROFILE_SERVICE_STATE_CHANGED
04-02 15:01:42.075 11388 11388 D BluetoothAdapterService: processProfileServiceStateChanged() - serviceName=com.android.bluetooth.hdp.HealthService isTurningOn=true isTurningOff=false isBleTurningOn=false isBleTurningOff=false
04-02 15:01:42.076 11388 11388 D BluetoothAdapterService: onProfileServiceStateChange() - Profile still not running:com.android.bluetooth.map.BluetoothMapService
04-02 15:01:42.076 11388 11388 D BluetoothAdapterService: handleMessage() - Message: 1
04-02 15:01:42.076 11388 11388 D BluetoothAdapterService: handleMessage() - MESSAGE_PROFILE_SERVICE_STATE_CHANGED
04-02 15:01:42.076 11388 11388 D BluetoothAdapterService: processProfileServiceStateChanged() - serviceName=com.android.bluetooth.pan.PanService isTurningOn=true isTurningOff=false isBleTurningOn=false isBleTurningOff=false
04-02 15:01:42.076 11388 11388 D BluetoothAdapterService: onProfileServiceStateChange() - Profile still not running:com.android.bluetooth.map.BluetoothMapService
04-02 15:01:42.076 11388 11388 D BluetoothAdapterService: handleMessage() - Message: 1
04-02 15:01:42.076 11388 11388 D BluetoothAdapterService: handleMessage() - MESSAGE_PROFILE_SERVICE_STATE_CHANGED
04-02 15:01:42.076 11388 11388 D BluetoothAdapterService: processProfileServiceStateChanged() - serviceName=com.android.bluetooth.map.BluetoothMapService isTurningOn=true isTurningOff=false isBleTurningOn=false isBleTurningOff=false
04-02 15:01:42.077 11388 11388 D BluetoothAdapterService: onProfileServiceStateChange() - Profile still not running:com.android.bluetooth.avrcpcontroller.AvrcpControllerService
04-02 15:01:42.077 11388 11388 D BluetoothAdapterService: handleMessage() - Message: 1
04-02 15:01:42.077 11388 11388 D BluetoothAdapterService: handleMessage() - MESSAGE_PROFILE_SERVICE_STATE_CHANGED
04-02 15:01:42.077 11388 11388 D BluetoothAdapterService: processProfileServiceStateChanged() - serviceName=com.android.bluetooth.hfpclient.HeadsetClientService isTurningOn=true isTurningOff=false isBleTurningOn=false isBleTurningOff=false
04-02 15:01:42.077 11388 11388 D BluetoothAdapterService: onProfileServiceStateChange() - Profile still not running:com.android.bluetooth.avrcpcontroller.AvrcpControllerService
04-02 15:01:42.077 11388 11388 D BluetoothAdapterService: handleMessage() - Message: 1
04-02 15:01:42.077 11388 11388 D BluetoothAdapterService: handleMessage() - MESSAGE_PROFILE_SERVICE_STATE_CHANGED
04-02 15:01:42.078 11388 11388 D BluetoothAdapterService: processProfileServiceStateChanged() - serviceName=com.android.bluetooth.avrcpcontroller.AvrcpControllerService isTurningOn=true isTurningOff=false isBleTurningOn=false isBleTurningOff=false
04-02 15:01:42.078 11388 11388 D BluetoothAdapterService: onProfileServiceStateChange() - Profile still not running:com.android.bluetooth.sap.SapService
04-02 15:01:42.081 11388 11388 D BluetoothAdapterService: handleMessage() - Message: 1
04-02 15:01:42.081 11388 11388 D BluetoothAdapterService: handleMessage() - MESSAGE_PROFILE_SERVICE_STATE_CHANGED
04-02 15:01:42.081 11388 11388 D BluetoothAdapterService: processProfileServiceStateChanged() - serviceName=com.android.bluetooth.sap.SapService isTurningOn=true isTurningOff=false isBleTurningOn=false isBleTurningOff=false
04-02 15:01:42.082 11388 11388 D BluetoothAdapterService: onProfileServiceStateChange() - Profile still not running:com.android.bluetooth.pbap.BluetoothPbapService
04-02 15:01:42.083 11388 11388 D BluetoothAdapterService: handleMessage() - Message: 1
04-02 15:01:42.083 11388 11388 D BluetoothAdapterService: handleMessage() - MESSAGE_PROFILE_SERVICE_STATE_CHANGED
04-02 15:01:42.083 11388 11388 D BluetoothAdapterService: processProfileServiceStateChanged() - serviceName=com.android.bluetooth.opp.BluetoothOppService isTurningOn=true isTurningOff=false isBleTurningOn=false isBleTurningOff=false
04-02 15:01:42.083 11388 11388 D BluetoothAdapterService: onProfileServiceStateChange() - Profile still not running:com.android.bluetooth.pbap.BluetoothPbapService
04-02 15:01:42.087 11388 11388 D BluetoothAdapterService: handleMessage() - Message: 1
04-02 15:01:42.087 11388 11388 D BluetoothAdapterService: handleMessage() - MESSAGE_PROFILE_SERVICE_STATE_CHANGED
04-02 15:01:42.088 11388 11388 D BluetoothAdapterService: processProfileServiceStateChanged() - serviceName=com.android.bluetooth.pbap.BluetoothPbapService isTurningOn=true isTurningOff=false isBleTurningOn=false isBleTurningOff=false
04-02 15:01:42.089 11388 11388 D BluetoothAdapterService: onProfileServiceStateChange() - All profile services started.
04-02 15:01:42.090 11388 11403 V BluetoothAdapterState: PendingCommand - transient state(s): isTurningOn
04-02 15:01:42.090 11388 11403 D BluetoothAdapterState: Current state: PENDING_COMMAND, message: 2
04-02 15:01:42.090 11388 11403 D BluetoothAdapterProperties: onBluetoothReady, state=11, ScanMode=20
04-02 15:01:42.090 11388 11403 D BluetoothAdapterProperties: Setting state to 12
04-02 15:01:42.090 11388 11403 I BluetoothAdapterState: Bluetooth adapter state changed: 11-> 12
04-02 15:01:42.090 11388 11403 D BluetoothAdapterService: updateAdapterState() - Broadcasting state to 1 receivers.
04-02 15:01:42.093 11388 11403 I BluetoothAdapterState: Entering OnState
04-02 15:01:42.093 11388 11403 D BluetoothAdapterService: updateUuids() - Updating UUIDs for bonded devices
04-02 15:01:42.095 11388 11409 D BluetoothAdapterProperties: Scan Mode:21
04-02 15:01:42.096 11388 11409 D BluetoothAdapterProperties: Discoverable Timeout:120
04-02 15:01:42.111 11388 11409 D BluetoothAdapterProperties: Discoverable Timeout:120
04-02 15:01:42.121 11388 11409 D BluetoothAdapterProperties: Scan Mode:23
04-02 15:01:42.132 11388 11388 D BluetoothMapService: onReceive
04-02 15:01:42.132 11388 11388 D BluetoothMapService: onReceive: android.bluetooth.adapter.action.STATE_CHANGED
04-02 15:01:42.132 11388 11388 D BluetoothMapService: STATE_ON
04-02 15:01:42.138 11388 11388 D BluetoothPbapService: action: android.bluetooth.adapter.action.STATE_CHANGED
04-02 15:01:42.138 11388 11388 D BluetoothPbapService: state: 12
04-02 15:01:42.139 11388 11388 D BluetoothAdapterService: isQuetModeEnabled() - Enabled = false
04-02 15:01:42.139 11388 11388 D BluetoothPhonePolicy: autoConnect() - Initiate auto connection on BT on...
04-02 15:01:42.143 11388 11388 D BtOppService: start Socket Listeners
04-02 15:01:42.143 11388 11388 D BtOppService: stopListeners   mServerSocket :null
04-02 15:01:42.144 11388 11448 W BluetoothAdapter: getBluetoothService() called with no BluetoothManagerCallback
04-02 15:01:42.144 11388 11388 D ObexServerSockets: create(rfcomm = -2, l2capPsm = -2)
04-02 15:01:42.145 11388 11388 W BluetoothAdapter: getBluetoothService() called with no BluetoothManagerCallback
04-02 15:01:42.148 11388 11425 I bt_stack: [INFO:port_api.cc(123)] RFCOMM_CreateConnection BDA: ff:ff:ff:ff:ff:ff
04-02 15:01:42.148 11388 11448 D BluetoothSdpJni: sdpCreateSapsRecordNative
04-02 15:01:42.148 11388 11448 D BluetoothSdpJni: SDP Create record success - handle: 0
04-02 15:01:42.148 11388 11425 I bt_stack: [INFO:port_api.cc(123)] RFCOMM_CreateConnection BDA: ff:ff:ff:ff:ff:ff
04-02 15:01:42.150 11388 11388 W BluetoothAdapter: getBluetoothService() called with no BluetoothManagerCallback
04-02 15:01:42.152 11388 11388 D ObexServerSockets: Succeed to create listening sockets 
04-02 15:01:42.153 11388 11388 D ObexServerSockets0: startAccept()
04-02 15:01:42.153 11388 11388 D ObexServerSockets0: prepareForNewConnect()
04-02 15:01:42.154 11388 11388 D BluetoothSdpJni: sdpCreateOppOpsRecordNative
04-02 15:01:42.154 11388 11436 D BluetoothMapMasInstance0: Map Service startRfcommSocketListener
04-02 15:01:42.154 11388 11388 D BluetoothSdpJni: SDP Create record success - handle: 1
04-02 15:01:42.154 11388 11388 D BtOppService: mOppSdpHandle :1
04-02 15:01:42.154 11388 11449 D ObexServerSockets0: Accepting socket connection...
04-02 15:01:42.154 11388 11436 D ObexServerSockets: create(rfcomm = -2, l2capPsm = -2)
04-02 15:01:42.154 11388 11450 D ObexServerSockets0: Accepting socket connection...
04-02 15:01:42.155 11388 11388 D BluetoothPbapService: startsocketListener
04-02 15:01:42.155 11388 11388 D ObexServerSockets: create(rfcomm = -2, l2capPsm = -2)
04-02 15:01:42.155 11388 11436 W BluetoothAdapter: getBluetoothService() called with no BluetoothManagerCallback
04-02 15:01:42.157 11388 11388 W BluetoothAdapter: getBluetoothService() called with no BluetoothManagerCallback
04-02 15:01:42.158 11388 11425 I bt_stack: [INFO:port_api.cc(123)] RFCOMM_CreateConnection BDA: ff:ff:ff:ff:ff:ff
04-02 15:01:42.160 11388 11425 I bt_stack: [INFO:port_api.cc(123)] RFCOMM_CreateConnection BDA: ff:ff:ff:ff:ff:ff
04-02 15:01:42.161 11388 11388 W BluetoothAdapter: getBluetoothService() called with no BluetoothManagerCallback
04-02 15:01:42.161 11388 11436 W BluetoothAdapter: getBluetoothService() called with no BluetoothManagerCallback
04-02 15:01:42.164 11388 11436 D ObexServerSockets: Succeed to create listening sockets 
04-02 15:01:42.164 11388 11436 D ObexServerSockets1: startAccept()
04-02 15:01:42.164 11388 11436 D ObexServerSockets1: prepareForNewConnect()
04-02 15:01:42.165 11388 11388 D ObexServerSockets: Succeed to create listening sockets 
04-02 15:01:42.165 11388 11388 D ObexServerSockets2: startAccept()
04-02 15:01:42.165 11388 11388 D ObexServerSockets2: prepareForNewConnect()
04-02 15:01:42.167 11388 11451 D ObexServerSockets2: Accepting socket connection...
04-02 15:01:42.168 11388 11436 D BluetoothSdpJni: sdpCreateMapMasRecordNative
04-02 15:01:42.168 11388 11436 D BluetoothSdpJni: SDP Create record success - handle: 2
04-02 15:01:42.171 11388 11388 D BluetoothSdpJni: sdpCreatePbapPseRecordNative
04-02 15:01:42.171 11388 11452 D ObexServerSockets1: Accepting socket connection...
04-02 15:01:42.172 11388 11388 D BluetoothSdpJni: SDP Create record success - handle: 3
04-02 15:01:42.173 11388 11453 D ObexServerSockets1: Accepting socket connection...
04-02 15:01:42.173 11388 11454 D ObexServerSockets2: Accepting socket connection...
04-02 15:01:42.185 11388 11388 D BluetoothPbapService: PBAP server with handle:3
04-02 15:20:41.741 11388 11409 D BluetoothAdapterProperties: Discoverable Timeout:120
04-02 15:20:41.755 11388 11409 D BluetoothAdapterProperties: Scan Mode:21
04-02 15:44:48.478 11388 11425 W bt_btif : bta_dm_acl_change info: 0x10
04-02 15:44:48.478 11388 11409 D bt_btif_dm: remote version info [a0:a4:c5:68:0f:dc]: 8, 2, 100
04-02 15:44:48.481 11388 11409 E BluetoothRemoteDevices: aclStateChangeCallback: device is NULL, address=A0:A4:C5:68:0F:DC, newState=0
04-02 15:44:48.839 11388 11409 D bt_btif_config: btif_get_device_type: Device [a0:a4:c5:68:0f:dc] type 1
04-02 15:44:48.839 11388 11409 I bt_btif_dm: get_cod remote_cod = 0x000c010c
04-02 15:44:48.840 11388 11409 I BluetoothBondStateMachine: bondStateChangeCallback: Status: 0 Address: A0:A4:C5:68:0F:DC newState: 1
04-02 15:44:48.840 11388 11409 I bt_btif_dm: get_cod remote_cod = 0x000c010c
04-02 15:44:48.844 11388 11415 I BluetoothBondStateMachine: Bond State Change Intent:A0:A4:C5:68:0F:DC OldState: 10 NewState: 11
04-02 15:44:48.844 11388 11415 I BluetoothBondStateMachine: Entering PendingCommandState State
04-02 15:44:49.785 11388 11409 D bt_btif_config: btif_get_device_type: Device [a0:a4:c5:68:0f:dc] type 1
04-02 15:44:49.785 11388 11409 I bt_btif_dm: get_cod remote_cod = 0x000c010c
04-02 15:44:49.786 11388 11409 I BluetoothBondStateMachine: bondStateChangeCallback: Status: 0 Address: A0:A4:C5:68:0F:DC newState: 0
04-02 15:44:49.786 11388 11415 D BluetoothAdapterProperties: Failed to remove device: A0:A4:C5:68:0F:DC
04-02 15:44:49.789 11388 11415 I BluetoothBondStateMachine: Bond State Change Intent:A0:A4:C5:68:0F:DC OldState: 11 NewState: 10
04-02 15:44:49.792 11388 11415 D HidService: getHidService(): returning com.android.bluetooth.hid.HidService@9ecfed3
04-02 15:44:49.792 11388 11415 D A2dpSinkService: getA2dpSinkService(): service is NULL
04-02 15:44:49.796 11388 11415 D HidService: Saved priority A0:A4:C5:68:0F:DC = -1
04-02 15:44:49.803 11388 11415 I BluetoothBondStateMachine: StableState(): Entering Off State
04-02 15:45:33.252 11388 11425 I bt_btm_sec: btm_sec_disconnected clearing pending flag handle:1 reason:19
04-02 15:45:33.252 11388 11409 W bt_btif : btif_av_move_idle: ACL Disconnected state 0 bd_addr=a0:a4:c5:68:0f:dc peer_bda=00:00:00:00:00:00
04-02 15:45:33.260 11388 11388 D BluetoothMapService: onReceive
04-02 15:45:33.260 11388 11388 D BluetoothMapService: onReceive: android.bluetooth.device.action.ACL_DISCONNECTED
04-02 15:45:33.261 11388 11388 D BluetoothPbapService: action: android.bluetooth.device.action.ACL_DISCONNECTED
04-02 15:45:33.262 11388 11388 D BluetoothPbapService: state: -2147483648
04-02 15:45:33.262 11388 11388 W BluetoothPbapService: Unrecognized intent!
04-02 15:48:41.415 11388 11425 W bt_btif : bta_dm_acl_change info: 0x10
04-02 15:48:41.416 11388 11409 D bt_btif_dm: remote version info [a0:a4:c5:68:0f:dc]: 0, 0, 0
04-02 15:48:41.763 11388 11409 D bt_btif_config: btif_get_device_type: Device [a0:a4:c5:68:0f:dc] type 1
04-02 15:48:41.772 11388 11409 D bt_btif_config: btif_get_device_type: Device [a0:a4:c5:68:0f:dc] type 1
04-02 15:48:41.772 11388 11409 I bt_btif_dm: get_cod remote_cod = 0x000c010c
04-02 15:48:41.773 11388 11409 I BluetoothBondStateMachine: bondStateChangeCallback: Status: 0 Address: A0:A4:C5:68:0F:DC newState: 1
04-02 15:48:41.773 11388 11409 I bt_btif_dm: get_cod remote_cod = 0x000c010c
04-02 15:48:41.778 11388 11415 I BluetoothBondStateMachine: Bond State Change Intent:A0:A4:C5:68:0F:DC OldState: 10 NewState: 11
04-02 15:48:41.778 11388 11415 I BluetoothBondStateMachine: Entering PendingCommandState State
04-02 15:48:42.698 11388 11409 D bt_btif_config: btif_get_device_type: Device [a0:a4:c5:68:0f:dc] type 1
04-02 15:48:42.699 11388 11409 I bt_btif_dm: get_cod remote_cod = 0x000c010c
04-02 15:48:42.699 11388 11409 I BluetoothBondStateMachine: bondStateChangeCallback: Status: 0 Address: A0:A4:C5:68:0F:DC newState: 0
04-02 15:48:42.699 11388 11415 D BluetoothAdapterProperties: Failed to remove device: A0:A4:C5:68:0F:DC
04-02 15:48:42.701 11388 11415 I BluetoothBondStateMachine: Bond State Change Intent:A0:A4:C5:68:0F:DC OldState: 11 NewState: 10
04-02 15:48:42.703 11388 11415 D HidService: getHidService(): returning com.android.bluetooth.hid.HidService@9ecfed3
04-02 15:48:42.703 11388 11415 D A2dpSinkService: getA2dpSinkService(): service is NULL
04-02 15:48:42.705 11388 11415 D HidService: Saved priority A0:A4:C5:68:0F:DC = -1
04-02 15:48:42.710 11388 11415 I BluetoothBondStateMachine: StableState(): Entering Off State
