04-03 21:44:00.242  5838  5883 W bt_btif : btif_a2dp_ctrl_cb: A2DP-CTRL-CHANNEL EVENT UIPC_RX_DATA_READY_EVT
04-03 21:44:00.242  5838  5883 W bt_btif : btif_a2dp_recv_ctrl_data: a2dp-ctrl-cmd : A2DP_CTRL_GET_OUTPUT_AUDIO_CONFIG
04-03 21:44:00.242  5838  5883 W bt_btif : btif_a2dp_command_ack: ## a2dp ack : A2DP_CTRL_GET_OUTPUT_AUDIO_CONFIG, status 0 ##
04-03 21:44:00.242  5838  5838 D BluetoothAdapterProperties: PROFILE_CONNECTION_STATE_CHANGE: profile=2, device=30:C0:1B:21:62:1E, 1 -> 2
04-03 21:44:00.242  5838  5883 W bt_btif : btif_a2dp_recv_ctrl_data: a2dp-ctrl-cmd : A2DP_CTRL_GET_OUTPUT_AUDIO_CONFIG DONE
04-03 21:44:00.242  5838  5883 W bt_btif : btif_a2dp_ctrl_cb: A2DP-CTRL-CHANNEL EVENT UIPC_RX_DATA_READY_EVT
04-03 21:44:00.242  5838  5883 W bt_btif : btif_a2dp_recv_ctrl_data: a2dp-ctrl-cmd : A2DP_CTRL_SET_OUTPUT_AUDIO_CONFIG
04-03 21:44:00.243  5838  5883 W bt_btif : btif_a2dp_command_ack: ## a2dp ack : A2DP_CTRL_SET_OUTPUT_AUDIO_CONFIG, status 0 ##
04-03 21:44:00.243  5838  5883 W bt_btif : btif_a2dp_recv_ctrl_data: a2dp-ctrl-cmd : A2DP_CTRL_SET_OUTPUT_AUDIO_CONFIG DONE
04-03 21:44:00.243  5838  5882 D a2dp_sbc_encoder: a2dp_sbc_encoder_update: sample_rate=44100 bits_per_sample=16 channel_count=2
04-03 21:44:00.243  5838  5882 D a2dp_sbc_encoder: a2dp_sbc_encoder_update: MTU=883, peer_mtu=883 min_bitpool=2 max_bitpool=53
04-03 21:44:00.243  5838  5882 D a2dp_sbc_encoder: a2dp_sbc_encoder_update: ChannelMode=3, NumOfSubBands=8, NumOfBlocks=16, AllocationMethod=0, BitRate=328, SamplingFreq=44100 BitPool=0
04-03 21:44:00.243  5838  5882 D a2dp_sbc_encoder: a2dp_sbc_encoder_update: bitpool candidate: 53 (328 kbps)
04-03 21:44:00.243  5838  5882 D a2dp_sbc_encoder: a2dp_sbc_encoder_update: final bit rate 328, final bit pool 53
04-03 21:44:00.243  5838  5883 W bt_btif : btif_a2dp_ctrl_cb: A2DP-CTRL-CHANNEL EVENT UIPC_RX_DATA_READY_EVT
04-03 21:44:00.243  5838  5883 W bt_btif : btif_a2dp_recv_ctrl_data: a2dp-ctrl-cmd : A2DP_CTRL_GET_OUTPUT_AUDIO_CONFIG
04-03 21:44:00.243  5838  5883 W bt_btif : btif_a2dp_command_ack: ## a2dp ack : A2DP_CTRL_GET_OUTPUT_AUDIO_CONFIG, status 0 ##
04-03 21:44:00.243  5838  5883 W bt_btif : btif_a2dp_recv_ctrl_data: a2dp-ctrl-cmd : A2DP_CTRL_GET_OUTPUT_AUDIO_CONFIG DONE
04-03 21:44:00.245  5838  5838 D BluetoothPhonePolicy: processProfileStateChanged, device=30:C0:1B:21:62:1E, profile=2, 1 -> 2
04-03 21:44:00.399  5838  5875 E bt_btm  : tBTM_SEC_DEV:0x24667388 rs_disc_pending=0
04-03 21:44:00.399  5838  5875 W bt_btif : bta_dm_check_av:0
04-03 21:44:00.399  5838  5859 W bt_btif : btif_dm_cback : unhandled event (14)
04-03 21:44:00.494  5838  5883 W bt_btif : btif_a2dp_ctrl_cb: A2DP-CTRL-CHANNEL EVENT UIPC_RX_DATA_READY_EVT
04-03 21:44:00.494  5838  5883 W bt_btif : btif_a2dp_recv_ctrl_data: a2dp-ctrl-cmd : A2DP_CTRL_GET_OUTPUT_AUDIO_CONFIG
04-03 21:44:00.494  5838  5883 W bt_btif : btif_a2dp_command_ack: ## a2dp ack : A2DP_CTRL_GET_OUTPUT_AUDIO_CONFIG, status 0 ##
04-03 21:44:00.494  5838  5883 W bt_btif : btif_a2dp_recv_ctrl_data: a2dp-ctrl-cmd : A2DP_CTRL_GET_OUTPUT_AUDIO_CONFIG DONE
04-03 21:44:00.497  5838  5883 W bt_btif : btif_a2dp_ctrl_cb: A2DP-CTRL-CHANNEL EVENT UIPC_RX_DATA_READY_EVT
04-03 21:44:00.497  5838  5883 W bt_btif : btif_a2dp_recv_ctrl_data: a2dp-ctrl-cmd : A2DP_CTRL_CMD_SUSPEND
04-03 21:44:00.497  5838  5883 W bt_btif : btif_av_stream_started_ready: sm_handle=804586504 state=2 flags=0x0 ready=0
04-03 21:44:00.497  5838  5883 W bt_btif : btif_a2dp_command_ack: ## a2dp ack : A2DP_CTRL_CMD_SUSPEND, status 0 ##
04-03 21:44:00.497  5838  5883 W bt_btif : btif_a2dp_recv_ctrl_data: a2dp-ctrl-cmd : A2DP_CTRL_CMD_SUSPEND DONE
04-03 21:44:00.498  5838  5883 W bt_btif : btif_a2dp_ctrl_cb: A2DP-CTRL-CHANNEL EVENT UIPC_RX_DATA_READY_EVT
04-03 21:44:00.498  5838  5883 W bt_btif : btif_a2dp_recv_ctrl_data: a2dp-ctrl-cmd : A2DP_CTRL_GET_OUTPUT_AUDIO_CONFIG
04-03 21:44:00.498  5838  5883 W bt_btif : btif_a2dp_command_ack: ## a2dp ack : A2DP_CTRL_GET_OUTPUT_AUDIO_CONFIG, status 0 ##
04-03 21:44:00.498  5838  5883 W bt_btif : btif_a2dp_recv_ctrl_data: a2dp-ctrl-cmd : A2DP_CTRL_GET_OUTPUT_AUDIO_CONFIG DONE
04-03 21:44:00.498  5838  5883 W bt_btif : btif_a2dp_ctrl_cb: A2DP-CTRL-CHANNEL EVENT UIPC_RX_DATA_READY_EVT
04-03 21:44:00.498  5838  5883 W bt_btif : btif_a2dp_recv_ctrl_data: a2dp-ctrl-cmd : A2DP_CTRL_GET_OUTPUT_AUDIO_CONFIG
04-03 21:44:00.498  5838  5883 W bt_btif : btif_a2dp_command_ack: ## a2dp ack : A2DP_CTRL_GET_OUTPUT_AUDIO_CONFIG, status 0 ##
04-03 21:44:00.498  5838  5883 W bt_btif : btif_a2dp_recv_ctrl_data: a2dp-ctrl-cmd : A2DP_CTRL_GET_OUTPUT_AUDIO_CONFIG DONE
04-03 21:44:00.499  5838  5883 W bt_btif : btif_a2dp_ctrl_cb: A2DP-CTRL-CHANNEL EVENT UIPC_RX_DATA_READY_EVT
04-03 21:44:00.499  5838  5883 W bt_btif : btif_a2dp_recv_ctrl_data: a2dp-ctrl-cmd : A2DP_CTRL_GET_OUTPUT_AUDIO_CONFIG
04-03 21:44:00.499  5838  5883 W bt_btif : btif_a2dp_command_ack: ## a2dp ack : A2DP_CTRL_GET_OUTPUT_AUDIO_CONFIG, status 0 ##
04-03 21:44:00.499  5838  5883 W bt_btif : btif_a2dp_recv_ctrl_data: a2dp-ctrl-cmd : A2DP_CTRL_GET_OUTPUT_AUDIO_CONFIG DONE
04-03 21:44:00.502  5838  5883 W bt_btif : btif_a2dp_ctrl_cb: A2DP-CTRL-CHANNEL EVENT UIPC_RX_DATA_READY_EVT
04-03 21:44:00.503  5838  5883 W bt_btif : poll : channel detached remotely
04-03 21:44:00.503  5838  5883 W bt_btif : btif_a2dp_recv_ctrl_data: CTRL CH DETACHED
04-03 21:44:00.503  5838  5883 W bt_btif : btif_a2dp_ctrl_cb: A2DP-CTRL-CHANNEL EVENT UIPC_CLOSE_EVT
04-03 21:44:00.504  5838  5883 W bt_btif : btif_a2dp_ctrl_cb: A2DP-CTRL-CHANNEL EVENT UIPC_OPEN_EVT
04-03 21:44:00.504  5838  5883 W bt_btif : btif_a2dp_ctrl_cb: A2DP-CTRL-CHANNEL EVENT UIPC_RX_DATA_READY_EVT
04-03 21:44:00.504  5838  5883 W bt_btif : btif_a2dp_recv_ctrl_data: a2dp-ctrl-cmd : A2DP_CTRL_CMD_CHECK_READY
04-03 21:44:00.504  5838  5883 W bt_btif : btif_a2dp_command_ack: ## a2dp ack : A2DP_CTRL_CMD_CHECK_READY, status 0 ##
04-03 21:44:00.504  5838  5883 W bt_btif : btif_a2dp_recv_ctrl_data: a2dp-ctrl-cmd : A2DP_CTRL_CMD_CHECK_READY DONE
04-03 21:44:00.504  5838  5883 W bt_btif : btif_a2dp_ctrl_cb: A2DP-CTRL-CHANNEL EVENT UIPC_RX_DATA_READY_EVT
04-03 21:44:00.504  5838  5883 W bt_btif : btif_a2dp_recv_ctrl_data: a2dp-ctrl-cmd : A2DP_CTRL_GET_OUTPUT_AUDIO_CONFIG
04-03 21:44:00.504  5838  5883 W bt_btif : btif_a2dp_command_ack: ## a2dp ack : A2DP_CTRL_GET_OUTPUT_AUDIO_CONFIG, status 0 ##
04-03 21:44:00.504  5838  5883 W bt_btif : btif_a2dp_recv_ctrl_data: a2dp-ctrl-cmd : A2DP_CTRL_GET_OUTPUT_AUDIO_CONFIG DONE
04-03 21:44:00.504  5838  5883 W bt_btif : btif_a2dp_ctrl_cb: A2DP-CTRL-CHANNEL EVENT UIPC_RX_DATA_READY_EVT
04-03 21:44:00.504  5838  5883 W bt_btif : btif_a2dp_recv_ctrl_data: a2dp-ctrl-cmd : A2DP_CTRL_SET_OUTPUT_AUDIO_CONFIG
04-03 21:44:00.504  5838  5883 W bt_btif : btif_a2dp_command_ack: ## a2dp ack : A2DP_CTRL_SET_OUTPUT_AUDIO_CONFIG, status 0 ##
04-03 21:44:00.504  5838  5883 W bt_btif : btif_a2dp_recv_ctrl_data: a2dp-ctrl-cmd : A2DP_CTRL_SET_OUTPUT_AUDIO_CONFIG DONE
04-03 21:44:00.504  5838  5883 W bt_btif : btif_a2dp_ctrl_cb: A2DP-CTRL-CHANNEL EVENT UIPC_RX_DATA_READY_EVT
04-03 21:44:00.505  5838  5882 D a2dp_sbc_encoder: a2dp_sbc_encoder_update: sample_rate=44100 bits_per_sample=16 channel_count=2
04-03 21:44:00.505  5838  5883 W bt_btif : btif_a2dp_recv_ctrl_data: a2dp-ctrl-cmd : A2DP_CTRL_GET_OUTPUT_AUDIO_CONFIG
04-03 21:44:00.505  5838  5882 D a2dp_sbc_encoder: a2dp_sbc_encoder_update: MTU=883, peer_mtu=883 min_bitpool=2 max_bitpool=53
04-03 21:44:00.505  5838  5882 D a2dp_sbc_encoder: a2dp_sbc_encoder_update: ChannelMode=3, NumOfSubBands=8, NumOfBlocks=16, AllocationMethod=0, BitRate=328, SamplingFreq=44100 BitPool=53
04-03 21:44:00.505  5838  5882 D a2dp_sbc_encoder: a2dp_sbc_encoder_update: bitpool candidate: 53 (328 kbps)
04-03 21:44:00.505  5838  5882 D a2dp_sbc_encoder: a2dp_sbc_encoder_update: final bit rate 328, final bit pool 53
04-03 21:44:00.505  5838  5883 W bt_btif : btif_a2dp_command_ack: ## a2dp ack : A2DP_CTRL_GET_OUTPUT_AUDIO_CONFIG, status 0 ##
04-03 21:44:00.505  5838  5883 W bt_btif : btif_a2dp_recv_ctrl_data: a2dp-ctrl-cmd : A2DP_CTRL_GET_OUTPUT_AUDIO_CONFIG DONE
04-03 21:44:00.596  5838  5875 E bt_btm  : tBTM_SEC_DEV:0x24667388 rs_disc_pending=0
04-03 21:44:00.596  5838  5875 W bt_btif : bta_dm_check_av:0
04-03 21:44:00.596  5838  5859 W bt_btif : btif_dm_cback : unhandled event (14)
04-03 21:44:00.756  5838  5883 W bt_btif : btif_a2dp_ctrl_cb: A2DP-CTRL-CHANNEL EVENT UIPC_RX_DATA_READY_EVT
04-03 21:44:00.756  5838  5883 W bt_btif : btif_a2dp_recv_ctrl_data: a2dp-ctrl-cmd : A2DP_CTRL_GET_OUTPUT_AUDIO_CONFIG
04-03 21:44:00.756  5838  5883 W bt_btif : btif_a2dp_command_ack: ## a2dp ack : A2DP_CTRL_GET_OUTPUT_AUDIO_CONFIG, status 0 ##
04-03 21:44:00.756  5838  5883 W bt_btif : btif_a2dp_recv_ctrl_data: a2dp-ctrl-cmd : A2DP_CTRL_GET_OUTPUT_AUDIO_CONFIG DONE
04-03 21:44:00.761  5838  5883 W bt_btif : btif_a2dp_ctrl_cb: A2DP-CTRL-CHANNEL EVENT UIPC_RX_DATA_READY_EVT
04-03 21:44:00.761  5838  5883 W bt_btif : btif_a2dp_recv_ctrl_data: a2dp-ctrl-cmd : A2DP_CTRL_CMD_SUSPEND
04-03 21:44:00.761  5838  5883 W bt_btif : btif_av_stream_started_ready: sm_handle=804586504 state=2 flags=0x0 ready=0
04-03 21:44:00.761  5838  5883 W bt_btif : btif_a2dp_command_ack: ## a2dp ack : A2DP_CTRL_CMD_SUSPEND, status 0 ##
04-03 21:44:00.762  5838  5883 W bt_btif : btif_a2dp_recv_ctrl_data: a2dp-ctrl-cmd : A2DP_CTRL_CMD_SUSPEND DONE
04-03 21:44:00.766  5838  5883 W bt_btif : btif_a2dp_ctrl_cb: A2DP-CTRL-CHANNEL EVENT UIPC_RX_DATA_READY_EVT
04-03 21:44:00.766  5838  5883 W bt_btif : btif_a2dp_recv_ctrl_data: a2dp-ctrl-cmd : A2DP_CTRL_GET_OUTPUT_AUDIO_CONFIG
04-03 21:44:00.766  5838  5883 W bt_btif : btif_a2dp_command_ack: ## a2dp ack : A2DP_CTRL_GET_OUTPUT_AUDIO_CONFIG, status 0 ##
04-03 21:44:00.766  5838  5883 W bt_btif : btif_a2dp_recv_ctrl_data: a2dp-ctrl-cmd : A2DP_CTRL_GET_OUTPUT_AUDIO_CONFIG DONE
04-03 21:44:01.661  5838  5880 V Avrcp   : updatePlaybackState (1): 0➡0(PlaybackState {state=0, position=-1, buffered position=0, speed=0.0, updated=193345642, actions=0, custom actions=[], active item id=-1, error=null})
04-03 21:44:01.662  5838  5880 I Avrcp   : Skipping update due to invalid playback state
04-03 21:44:01.662  5838  5880 E Avrcp   : play status change 0➡0 mPlayStatusChangedNT: 1
04-03 21:44:01.662  5838  5880 D Avrcp   : sendPlayPosNotificationRsp: Not registered or requesting.
04-03 21:44:01.698  5838  5880 V Avrcp   : ActiveSession: MediaController (code.name.monkey.retromusic.debug@95ed42c) null
04-03 21:44:01.699  5838  5880 W Avrcp   : playState object null, sending STOPPED
04-03 21:44:01.699  5838  5880 V Avrcp   : isBrowseSupported for code.name.monkey.retromusic.debug: false
04-03 21:44:01.710  5838  5880 D Avrcp   : add #1:MediaPlayerInfo code.name.monkey.retromusic.debug (as 'Music') Type = 1, SubType = 0, Status = 0 Feature Bits [40 41 42 44 45 47 48 58] Controller: MediaController (code.name.monkey.retromusic.debug@95ed42c) null
04-03 21:44:01.711  5838  5880 V Avrcp   : No addressed player but active sessions, taking first.
04-03 21:44:01.712  5838  5880 W Avrcp   : No package name for player (0 not valid)
04-03 21:44:01.712  5838  5880 V Avrcp   : Changing addressed media session to code.name.monkey.retromusic.debug
04-03 21:44:01.712  5838  5880 V Avrcp   : getMediaPlayerInfo: Found code.name.monkey.retromusic.debug
04-03 21:44:01.713  5838  5880 V Avrcp   : Set addressed #1 MediaPlayerInfo code.name.monkey.retromusic.debug (as 'Music') Type = 1, SubType = 0, Status = 0 Feature Bits [40 41 42 44 45 47 48 58] Controller: MediaController (code.name.monkey.retromusic.debug@95ed42c) null
04-03 21:44:01.713  5838  5880 V Avrcp   : updateNewIds: Addressed:0 to 1, Browse:0 to 0
04-03 21:44:01.713  5838  5880 D Avrcp   : updateCurrentController: null to MediaController (code.name.monkey.retromusic.debug@95ed42c) null
04-03 21:44:01.716  5838  5880 V Avrcp   : updatePlaybackState (1): 0➡0(PlaybackState {state=0, position=-1, buffered position=0, speed=0.0, updated=193345696, actions=0, custom actions=[], active item id=-1, error=null})
04-03 21:44:01.717  5838  5880 I Avrcp   : Skipping update due to invalid playback state
04-03 21:44:01.720  5838  5880 E Avrcp   : play status change 0➡0 mPlayStatusChangedNT: 1
04-03 21:44:01.720  5838  5880 D Avrcp   : sendPlayPosNotificationRsp: Not registered or requesting.
04-03 21:44:01.721  5838  5880 V Avrcp   : updatePlaybackState (1): 0➡0(PlaybackState {state=0, position=-1, buffered position=0, speed=0.0, updated=193345701, actions=0, custom actions=[], active item id=-1, error=null})
04-03 21:44:01.722  5838  5880 I Avrcp   : Skipping update due to invalid playback state
04-03 21:44:01.722  5838  5880 E Avrcp   : play status change 0➡0 mPlayStatusChangedNT: 1
04-03 21:44:01.722  5838  5880 D Avrcp   : sendPlayPosNotificationRsp: Not registered or requesting.
04-03 21:44:01.723  5838  5880 V Avrcp   : updatePlaybackState (1): 0➡0(PlaybackState {state=0, position=-1, buffered position=0, speed=0.0, updated=193345703, actions=0, custom actions=[], active item id=-1, error=null})
04-03 21:44:01.724  5838  5880 I Avrcp   : Skipping update due to invalid playback state
04-03 21:44:01.724  5838  5880 E Avrcp   : play status change 0➡0 mPlayStatusChangedNT: 1
04-03 21:44:01.724  5838  5880 D Avrcp   : sendPlayPosNotificationRsp: Not registered or requesting.
04-03 21:44:02.198  5838  5875 I bt_bta_av: bta_av_rc_opened allow incoming AVRCP connections:1
04-03 21:44:02.198  5838  5875 E bt_btif : bta_av_rc_opened rcb[0] shdl:1 lidx:3/0
04-03 21:44:02.199  5838  5859 I BluetoothAvrcpControllerJni: btavrcp_connection_state_callback: conn state: rc: 1 br: 0
04-03 21:44:02.199  5838  5859 D AvrcpControllerService: onConnectionStateChanged true false30:C0:1B:21:62:1E conn device null
04-03 21:44:02.199  5838  5859 V BluetoothAvrcpControllerJni: btavrcp_get_rcfeatures_callback
04-03 21:44:02.199  5838  5889 D AvrcpControllerSM:  HandleMessage: CB_CONN_CHANGED
04-03 21:44:02.200  5838  5880 V Avrcp   : MSG_NATIVE_REQ_GET_RC_FEATURES: address=30:C0:1B:21:62:1E, features=0, mFeatures=0
04-03 21:44:02.202  5838  5838 D BluetoothAdapterProperties: PROFILE_CONNECTION_STATE_CHANGE: profile=12, device=30:C0:1B:21:62:1E, 0 -> 2
04-03 21:44:02.202  5838  5889 D AvrcpControllerSM:  HandleMessage: CB_RC_FEATURES
04-03 21:44:02.202  5838  5889 D A2dpSinkService: getA2dpSinkService(): service is NULL
04-03 21:44:02.203  5838  5838 W BluetoothAdapterProperties: PROFILE_CONNECTION_STATE_CHANGE: unexpected transition for profile=12, device=30:C0:1B:21:62:1E, 0 -> 2
04-03 21:44:02.232  5838  5875 W bt_sdp  : process_service_search_attr_rsp
04-03 21:44:02.239  5838  5880 V Avrcp   : MSG_NATIVE_REQ_GET_RC_FEATURES: address=30:C0:1B:21:62:1E, features=3, mFeatures=3
04-03 21:44:02.240  5838  5859 V BluetoothAvrcpControllerJni: btavrcp_get_rcfeatures_callback
04-03 21:44:02.241  5838  5889 D AvrcpControllerSM:  HandleMessage: CB_RC_FEATURES
04-03 21:44:02.241  5838  5889 D A2dpSinkService: getA2dpSinkService(): service is NULL
04-03 21:44:02.279  5838  5880 V Avrcp   : MSG_NATIVE_REQ_VOLUME_CHANGE: volume=79 ctype=15
04-03 21:44:02.279  5838  5880 V Avrcp   : remote inital volume too high 9>7
04-03 21:44:02.279  5838  5880 V Avrcp   : MSG_NATIVE_REQ_REGISTER_NOTIFICATION:event=1 param=0
04-03 21:44:02.280  5838  5880 V Avrcp   : updatePlaybackState (1): 0➡0(PlaybackState {state=0, position=-1, buffered position=0, speed=0.0, updated=193346260, actions=0, custom actions=[], active item id=-1, error=null})
04-03 21:44:02.281  5838  5880 V Avrcp   : MSG_SET_ABSOLUTE_VOLUME
04-03 21:44:02.281  5838  5880 D Avrcp   : Setting volume to 7-60
04-03 21:44:02.287  5838  5880 V Avrcp   : MSG_NATIVE_REQ_REGISTER_NOTIFICATION:event=5 param=1
04-03 21:44:02.287  5838  5880 D Avrcp   : sendPlayPosNotificationRsp: (true) -1 <=? -1 <=? -1 State: 0
04-03 21:44:02.292  5838  5880 V Avrcp   : MSG_NATIVE_REQ_VOLUME_CHANGE: volume=60 ctype=9
04-03 21:44:02.302  5838  5880 E Avrcp   : percent volume changed: 47%
04-03 21:44:02.304  5838  5889 D AvrcpControllerSM:  HandleMessage: 108
04-03 21:44:02.304  5838  5889 D A2dpSinkService: getA2dpSinkService(): service is NULL
04-03 21:44:04.306  5838  5880 V Avrcp   : updatePlaybackState (0): 0➡0(PlaybackState {state=0, position=-1, buffered position=0, speed=0.0, updated=193348285, actions=0, custom actions=[], active item id=-1, error=null})
04-03 21:44:04.306  5838  5880 I Avrcp   : Skipping update due to invalid playback state
04-03 21:44:04.306  5838  5880 E Avrcp   : play status change 0➡0 mPlayStatusChangedNT: 0
04-03 21:44:04.306  5838  5880 D Avrcp   : sendPlayPosNotificationRsp: (false) -1 <=? -1 <=? -1 State: 0
04-03 21:44:04.316  5838  5880 V Avrcp   : MSG_NATIVE_REQ_REGISTER_NOTIFICATION:event=1 param=0
04-03 21:44:04.317  5838  5880 V Avrcp   : updatePlaybackState (1): 0➡0(PlaybackState {state=0, position=-1, buffered position=0, speed=0.0, updated=193348297, actions=0, custom actions=[], active item id=-1, error=null})
04-03 21:44:04.341  5838  5880 V Avrcp   : MediaController session destroyed
04-03 21:44:04.342  5838  5880 V Avrcp   : updateNewIds: Addressed:1 to 1, Browse:0 to 0
04-03 21:44:04.342  5838  5880 D Avrcp   : updateCurrentController: MediaController (code.name.monkey.retromusic.debug@95ed42c) null to null
04-03 21:44:04.344  5838  5880 V Avrcp   : updatePlaybackState (0): 0➡0(PlaybackState {state=0, position=-1, buffered position=0, speed=0.0, updated=193348324, actions=0, custom actions=[], active item id=-1, error=null})
04-03 21:44:04.344  5838  5880 I Avrcp   : Skipping update due to invalid playback state
04-03 21:44:04.344  5838  5880 E Avrcp   : play status change 0➡0 mPlayStatusChangedNT: 0
04-03 21:44:04.344  5838  5880 D Avrcp   : sendPlayPosNotificationRsp: Not registered or requesting.
04-03 21:44:04.345  5838  5880 V Avrcp   : updatePlaybackState (1): 0➡0(PlaybackState {state=0, position=-1, buffered position=0, speed=0.0, updated=193348325, actions=0, custom actions=[], active item id=-1, error=null})
04-03 21:44:04.345  5838  5880 I Avrcp   : Skipping update due to invalid playback state
04-03 21:44:04.345  5838  5880 E Avrcp   : play status change 0➡0 mPlayStatusChangedNT: 1
04-03 21:44:04.345  5838  5880 D Avrcp   : sendPlayPosNotificationRsp: Not registered or requesting.
04-03 21:44:04.348  5838  5880 V Avrcp   : MSG_NATIVE_REQ_REGISTER_NOTIFICATION:event=5 param=1
04-03 21:44:04.350  5838  5880 D Avrcp   : sendPlayPosNotificationRsp: (true) -1 <=? -1 <=? -1 State: 0
04-03 21:44:04.367  5838  5880 V Avrcp   : updatePlaybackState (1): 0➡0(PlaybackState {state=0, position=-1, buffered position=0, speed=0.0, updated=193348347, actions=0, custom actions=[], active item id=-1, error=null})
04-03 21:44:04.367  5838  5880 I Avrcp   : Skipping update due to invalid playback state
04-03 21:44:04.368  5838  5880 E Avrcp   : play status change 0➡0 mPlayStatusChangedNT: 1
04-03 21:44:04.368  5838  5880 D Avrcp   : sendPlayPosNotificationRsp: (false) -1 <=? -1 <=? -1 State: 0
04-03 21:44:04.372  5838  5880 V Avrcp   : MSG_NATIVE_REQ_REGISTER_NOTIFICATION:event=1 param=0
04-03 21:44:04.373  5838  5880 V Avrcp   : updatePlaybackState (1): 0➡0(PlaybackState {state=0, position=-1, buffered position=0, speed=0.0, updated=193348353, actions=0, custom actions=[], active item id=-1, error=null})
04-03 21:44:04.381  5838  5880 V Avrcp   : MSG_NATIVE_REQ_REGISTER_NOTIFICATION:event=5 param=1
04-03 21:44:04.381  5838  5880 D Avrcp   : sendPlayPosNotificationRsp: (true) -1 <=? -1 <=? -1 State: 0
04-03 21:44:04.397  5838  5880 V Avrcp   : ActiveSession: MediaController (code.name.monkey.retromusic.debug@80deef5) null
04-03 21:44:04.399  5838  5880 W Avrcp   : playState object null, sending STOPPED
04-03 21:44:04.399  5838  5880 V Avrcp   : isBrowseSupported for code.name.monkey.retromusic.debug: false
04-03 21:44:04.401  5838  5880 D Avrcp   : update #1:MediaPlayerInfo code.name.monkey.retromusic.debug (as 'Music') Type = 1, SubType = 0, Status = 0 Feature Bits [40 41 42 44 45 47 48 58] Controller: MediaController (code.name.monkey.retromusic.debug@80deef5) null
04-03 21:44:04.401  5838  5880 V Avrcp   : updateNewIds: Addressed:1 to 1, Browse:0 to 0
04-03 21:44:04.402  5838  5880 D Avrcp   : updateCurrentController: null to MediaController (code.name.monkey.retromusic.debug@80deef5) null
04-03 21:44:04.404  5838  5880 V Avrcp   : updatePlaybackState (0): 0➡0(PlaybackState {state=0, position=-1, buffered position=0, speed=0.0, updated=193348384, actions=0, custom actions=[], active item id=-1, error=null})
04-03 21:44:04.404  5838  5880 I Avrcp   : Skipping update due to invalid playback state
04-03 21:44:04.404  5838  5880 E Avrcp   : play status change 0➡0 mPlayStatusChangedNT: 0
04-03 21:44:04.405  5838  5880 D Avrcp   : sendPlayPosNotificationRsp: (false) -1 <=? -1 <=? -1 State: 0
04-03 21:44:04.406  5838  5880 V Avrcp   : updatePlaybackState (1): 0➡0(PlaybackState {state=0, position=-1, buffered position=0, speed=0.0, updated=193348386, actions=0, custom actions=[], active item id=-1, error=null})
04-03 21:44:04.406  5838  5880 I Avrcp   : Skipping update due to invalid playback state
04-03 21:44:04.407  5838  5880 E Avrcp   : play status change 0➡0 mPlayStatusChangedNT: 1
04-03 21:44:04.407  5838  5880 D Avrcp   : sendPlayPosNotificationRsp: Not registered or requesting.
04-03 21:44:04.413  5838  5880 V Avrcp   : MSG_NATIVE_REQ_REGISTER_NOTIFICATION:event=1 param=0
04-03 21:44:04.414  5838  5880 V Avrcp   : updatePlaybackState (1): 0➡0(PlaybackState {state=0, position=-1, buffered position=0, speed=0.0, updated=193348394, actions=0, custom actions=[], active item id=-1, error=null})
04-03 21:44:04.424  5838  5880 V Avrcp   : MSG_NATIVE_REQ_REGISTER_NOTIFICATION:event=5 param=1
04-03 21:44:04.424  5838  5880 D Avrcp   : sendPlayPosNotificationRsp: (true) -1 <=? -1 <=? -1 State: 0
04-03 21:44:06.025  5838  5880 V Avrcp   : updatePlaybackState (0): 0➡0(PlaybackState {state=0, position=-1, buffered position=0, speed=0.0, updated=193350004, actions=0, custom actions=[], active item id=-1, error=null})
04-03 21:44:06.027  5838  5880 I Avrcp   : Skipping update due to invalid playback state
04-03 21:44:06.027  5838  5880 E Avrcp   : play status change 0➡0 mPlayStatusChangedNT: 0
04-03 21:44:06.029  5838  5880 D Avrcp   : sendPlayPosNotificationRsp: (false) -1 <=? -1 <=? -1 State: 0
04-03 21:44:06.038  5838  5880 V Avrcp   : MSG_NATIVE_REQ_REGISTER_NOTIFICATION:event=1 param=0
04-03 21:44:06.040  5838  5880 V Avrcp   : updatePlaybackState (1): 0➡0(PlaybackState {state=0, position=-1, buffered position=0, speed=0.0, updated=193350019, actions=0, custom actions=[], active item id=-1, error=null})
04-03 21:44:06.040  5838  5880 V Avrcp   : MediaController session destroyed
04-03 21:44:06.040  5838  5880 V Avrcp   : updateNewIds: Addressed:1 to 1, Browse:0 to 0
04-03 21:44:06.041  5838  5880 D Avrcp   : updateCurrentController: MediaController (code.name.monkey.retromusic.debug@80deef5) null to null
04-03 21:44:06.042  5838  5880 V Avrcp   : updatePlaybackState (0): 0➡0(PlaybackState {state=0, position=-1, buffered position=0, speed=0.0, updated=193350022, actions=0, custom actions=[], active item id=-1, error=null})
04-03 21:44:06.042  5838  5880 I Avrcp   : Skipping update due to invalid playback state
04-03 21:44:06.042  5838  5880 E Avrcp   : play status change 0➡0 mPlayStatusChangedNT: 0
04-03 21:44:06.043  5838  5880 D Avrcp   : sendPlayPosNotificationRsp: Not registered or requesting.
04-03 21:44:06.044  5838  5880 V Avrcp   : updatePlaybackState (1): 0➡0(PlaybackState {state=0, position=-1, buffered position=0, speed=0.0, updated=193350024, actions=0, custom actions=[], active item id=-1, error=null})
04-03 21:44:06.044  5838  5880 I Avrcp   : Skipping update due to invalid playback state
04-03 21:44:06.044  5838  5880 E Avrcp   : play status change 0➡0 mPlayStatusChangedNT: 1
04-03 21:44:06.044  5838  5880 D Avrcp   : sendPlayPosNotificationRsp: Not registered or requesting.
04-03 21:44:06.048  5838  5880 V Avrcp   : MSG_NATIVE_REQ_REGISTER_NOTIFICATION:event=5 param=1
04-03 21:44:06.049  5838  5880 D Avrcp   : sendPlayPosNotificationRsp: (true) -1 <=? -1 <=? -1 State: 0
04-03 21:44:06.057  5838  5880 V Avrcp   : MSG_NATIVE_REQ_REGISTER_NOTIFICATION:event=1 param=0
04-03 21:44:06.058  5838  5880 V Avrcp   : updatePlaybackState (1): 0➡0(PlaybackState {state=0, position=-1, buffered position=0, speed=0.0, updated=193350038, actions=0, custom actions=[], active item id=-1, error=null})
04-03 21:44:06.066  5838  5880 V Avrcp   : updatePlaybackState (0): 0➡0(PlaybackState {state=0, position=-1, buffered position=0, speed=0.0, updated=193350047, actions=0, custom actions=[], active item id=-1, error=null})
04-03 21:44:06.066  5838  5880 I Avrcp   : Skipping update due to invalid playback state
04-03 21:44:06.066  5838  5880 E Avrcp   : play status change 0➡0 mPlayStatusChangedNT: 0
04-03 21:44:06.067  5838  5880 D Avrcp   : sendPlayPosNotificationRsp: (false) -1 <=? -1 <=? -1 State: 0
04-03 21:44:06.079  5838  5838 D BluetoothPhonePolicy: processConnectOtherProfiles, device=30:C0:1B:21:62:1E
04-03 21:44:06.102  5838  5880 V Avrcp   : ActiveSession: MediaController (code.name.monkey.retromusic.debug@33b948a) null
04-03 21:44:06.102  5838  5880 W Avrcp   : playState object null, sending STOPPED
04-03 21:44:06.102  5838  5880 V Avrcp   : isBrowseSupported for code.name.monkey.retromusic.debug: false
04-03 21:44:06.105  5838  5880 D Avrcp   : update #1:MediaPlayerInfo code.name.monkey.retromusic.debug (as 'Music') Type = 1, SubType = 0, Status = 0 Feature Bits [40 41 42 44 45 47 48 58] Controller: MediaController (code.name.monkey.retromusic.debug@33b948a) null
04-03 21:44:06.105  5838  5880 V Avrcp   : updateNewIds: Addressed:1 to 1, Browse:0 to 0
04-03 21:44:06.106  5838  5880 D Avrcp   : updateCurrentController: null to MediaController (code.name.monkey.retromusic.debug@33b948a) null
04-03 21:44:06.109  5838  5880 V Avrcp   : updatePlaybackState (1): 0➡0(PlaybackState {state=0, position=-1, buffered position=0, speed=0.0, updated=193350089, actions=0, custom actions=[], active item id=-1, error=null})
04-03 21:44:06.109  5838  5880 I Avrcp   : Skipping update due to invalid playback state
04-03 21:44:06.109  5838  5880 E Avrcp   : play status change 0➡0 mPlayStatusChangedNT: 1
04-03 21:44:06.109  5838  5880 D Avrcp   : sendPlayPosNotificationRsp: Not registered or requesting.
04-03 21:44:06.111  5838  5880 V Avrcp   : updatePlaybackState (1): 0➡0(PlaybackState {state=0, position=-1, buffered position=0, speed=0.0, updated=193350090, actions=0, custom actions=[], active item id=-1, error=null})
04-03 21:44:06.111  5838  5880 I Avrcp   : Skipping update due to invalid playback state
04-03 21:44:06.111  5838  5880 E Avrcp   : play status change 0➡0 mPlayStatusChangedNT: 1
04-03 21:44:06.111  5838  5880 D Avrcp   : sendPlayPosNotificationRsp: Not registered or requesting.
04-03 21:44:06.112  5838  5880 V Avrcp   : MSG_NATIVE_REQ_REGISTER_NOTIFICATION:event=1 param=0
04-03 21:44:06.113  5838  5880 V Avrcp   : updatePlaybackState (1): 0➡0(PlaybackState {state=0, position=-1, buffered position=0, speed=0.0, updated=193350093, actions=0, custom actions=[], active item id=-1, error=null})
04-03 21:44:06.146  5838  5880 V Avrcp   : MSG_NATIVE_REQ_REGISTER_NOTIFICATION:event=5 param=1
04-03 21:44:06.146  5838  5880 D Avrcp   : sendPlayPosNotificationRsp: (true) -1 <=? -1 <=? -1 State: 0
04-03 21:44:06.729  5838  5859 D BluetoothAdapterProperties: Discoverable Timeout:120
04-03 21:44:06.733  5838  5859 D BluetoothAdapterProperties: Scan Mode:21
04-03 21:44:06.762  5838  5859 D BluetoothAdapterProperties: Discoverable Timeout:120
04-03 21:44:06.766  5838  5859 D BluetoothAdapterProperties: Scan Mode:21
04-03 21:44:45.586  5838  5859 D BluetoothAdapterProperties: Discoverable Timeout:120
04-03 21:44:45.588  5838  5859 D BluetoothAdapterProperties: Scan Mode:23
04-03 21:47:17.589  5838  5875 W bt_btif : bta_dm_acl_change info: 0x10
04-03 21:47:17.591  5838  5859 D bt_btif_dm: remote version info [a0:a4:c5:68:0f:dc]: 0, 0, 0
04-03 21:47:17.964  5838  5859 D bt_btif_config: btif_get_device_type: Device [a0:a4:c5:68:0f:dc] type 1
04-03 21:47:17.974  5838  5859 D bt_btif_config: btif_get_device_type: Device [a0:a4:c5:68:0f:dc] type 1
04-03 21:47:17.974  5838  5859 I bt_btif_dm: get_cod remote_cod = 0x000c010c
04-03 21:47:17.975  5838  5859 I BluetoothBondStateMachine: bondStateChangeCallback: Status: 0 Address: A0:A4:C5:68:0F:DC newState: 1
04-03 21:47:17.975  5838  5859 I bt_btif_dm: get_cod remote_cod = 0x000c010c
04-03 21:47:17.982  5838  5865 I BluetoothBondStateMachine: Bond State Change Intent:A0:A4:C5:68:0F:DC OldState: 10 NewState: 11
04-03 21:47:17.983  5838  5865 I BluetoothBondStateMachine: Entering PendingCommandState State
04-03 21:47:19.002  5838  5875 W bt_l2cap: L2CAP ignoring duplicate echo request (0)
04-03 21:47:19.002  5838  5870 W bt_hci_packet_fragmenter: reassemble_and_dispatch got packet which would exceed expected length of 84. Truncating.
04-03 21:47:19.003  5838  5875 F bt_stack: [FATAL:allocation_tracker.cc(161)] Check failed: end_canary[i] == canary[i]. 
--------- beginning of crash
04-03 21:47:19.003  5838  5875 F libc    : Fatal signal 6 (SIGABRT), code -6 in tid 5875 (btu message loo), pid 5838 (droid.bluetooth)
