--------- beginning of main
04-03 21:47:20.306  9572  9572 D BluetoothOppFileProvider: Initialized
04-03 21:47:20.328  9572  9572 D AdapterServiceConfig: Adding HeadsetService
04-03 21:47:20.330  9572  9572 D AdapterServiceConfig: Adding A2dpService
04-03 21:47:20.330  9572  9572 D AdapterServiceConfig: Adding HidService
04-03 21:47:20.330  9572  9572 D AdapterServiceConfig: Adding HealthService
04-03 21:47:20.330  9572  9572 D AdapterServiceConfig: Adding PanService
04-03 21:47:20.330  9572  9572 D AdapterServiceConfig: Adding GattService
04-03 21:47:20.331  9572  9572 D AdapterServiceConfig: Adding BluetoothMapService
04-03 21:47:20.331  9572  9572 D AdapterServiceConfig: Adding HeadsetClientService
04-03 21:47:20.331  9572  9572 D AdapterServiceConfig: Adding AvrcpControllerService
04-03 21:47:20.331  9572  9572 D AdapterServiceConfig: Adding SapService
04-03 21:47:20.331  9572  9572 W AdapterServiceConfig: Could not find profile bit mask
04-03 21:47:20.331  9572  9572 D AdapterServiceConfig: Adding BluetoothOppService
04-03 21:47:20.331  9572  9572 W AdapterServiceConfig: Could not find profile bit mask
04-03 21:47:20.332  9572  9572 D AdapterServiceConfig: Adding BluetoothPbapService
04-03 21:47:20.355  9572  9572 D BluetoothAdapterService: onCreate()
04-03 21:47:20.361  9572  9572 D BluetoothAdapterState: make() - Creating AdapterState
04-03 21:47:20.365  9572  9572 I bt_btif : init
04-03 21:47:20.365  9572  9572 D bt_osi_allocation_tracker: canary initialized
04-03 21:47:20.368  9572  9587 I BluetoothAdapterState: Entering OffState
04-03 21:47:20.368  9572  9588 I bt_osi_thread: run_thread: thread id 9588, thread name stack_manager started
04-03 21:47:20.369  9572  9588 I bt_stack_manager: event_init_stack is initializing the stack
04-03 21:47:20.371  9572  9591 I bt_osi_thread: run_thread: thread id 9591, thread name alarm_default_ca started
04-03 21:47:20.372  9572  9592 I bt_osi_thread: run_thread: thread id 9592, thread name alarm_dispatcher started
04-03 21:47:20.375  9572  9588 I bt_btif_core: btif_init_bluetooth entered
04-03 21:47:20.376  9572  9588 I bt_stack_config: init attempt to load stack conf from /etc/bluetooth/bt_stack.conf
04-03 21:47:20.377  9572  9593 I bt_osi_thread: run_thread: thread id 9593, thread name bt_jni_workqueue started
04-03 21:47:20.377  9572  9588 I bt_btif_core: btif_init_bluetooth finished
04-03 21:47:20.377  9572  9593 I bt_btif_core: run_message_loop entered
04-03 21:47:20.377  9572  9588 I bt_stack_manager: event_init_stack finished
04-03 21:47:20.378  9572  9572 I bt_osi_wakelock: wakelock_set_os_callouts set to non-native
04-03 21:47:20.378  9572  9572 I bt_btif : get_profile_interface: id = socket
04-03 21:47:20.378  9572  9593 E bt_btif_storage: btif_storage_get_adapter_property: Controller not ready! Unable to return Bluetooth Address
04-03 21:47:20.378  9572  9593 E BluetoothServiceJni: adapter_properties_callback: Status 1 is incorrect
04-03 21:47:20.381  9572  9572 I bt_btif : get_profile_interface: id = sdp
04-03 21:47:20.382  9572  9593 D BluetoothAdapterProperties: Name is: LeEco Le 2
04-03 21:47:20.385  9572  9572 I BluetoothAdapterService: Phone policy enabled
04-03 21:47:20.388  9572  9572 D BluetoothAdapterService: setAdapterService() - set to: null
04-03 21:47:20.390  9572  9572 D BluetoothAdapterService: onBind()
04-03 21:47:20.398  9572  9572 I BtGatt.JNI: classInitNative(L871): classInitNative: Success!
04-03 21:47:20.404  9572  9584 D BluetoothAdapterService: enable() - Enable called with quiet mode status =  false
04-03 21:47:20.405  9572  9587 D BluetoothAdapterState: Current state: OFF, message: 0
04-03 21:47:20.405  9572  9587 D BluetoothAdapterProperties: Setting state to 14
04-03 21:47:20.405  9572  9587 I BluetoothAdapterState: Bluetooth adapter state changed: 10-> 14
04-03 21:47:20.405  9572  9587 D BluetoothAdapterService: updateAdapterState() - Broadcasting state to 1 receivers.
04-03 21:47:20.406  9572  9587 D BluetoothAdapterService: BleOnProcessStart()
04-03 21:47:20.408  9572  9587 D BluetoothAdapterService: BleOnProcessStart() - Make Bond State Machine
04-03 21:47:20.409  9572  9587 D BluetoothBondStateMachine: make
04-03 21:47:20.410  9572  9599 I BluetoothBondStateMachine: StableState(): Entering Off State
04-03 21:47:20.411  9572  9587 D BluetoothAdapterService: setProfileServiceState() - Starting service com.android.bluetooth.gatt.GattService
04-03 21:47:20.413  9572  9587 I BluetoothAdapterState: Entering PendingCommandState
04-03 21:47:20.414  9572  9572 D BtGatt.DebugUtils: handleDebugAction() action=null
04-03 21:47:20.414  9572  9572 D BluetoothAdapterService: getAdapterService() - returning com.android.bluetooth.btservice.AdapterService@ee6ea1a
04-03 21:47:20.415  9572  9572 D BtGatt.GattService: Received start request. Starting profile...
04-03 21:47:20.415  9572  9572 I bt_btif : get_profile_interface: id = gatt
04-03 21:47:20.418  9572  9572 D BluetoothAdapterService: getAdapterService() - returning com.android.bluetooth.btservice.AdapterService@ee6ea1a
04-03 21:47:20.426  9572  9572 I chatty  : uid=1002(bluetooth) com.android.bluetooth identical 1 line
04-03 21:47:20.426  9572  9572 D BluetoothAdapterService: getAdapterService() - returning com.android.bluetooth.btservice.AdapterService@ee6ea1a
04-03 21:47:20.428  9572  9572 D BluetoothAdapterService: handleMessage() - Message: 1
04-03 21:47:20.428  9572  9572 D BluetoothAdapterService: handleMessage() - MESSAGE_PROFILE_SERVICE_STATE_CHANGED
04-03 21:47:20.428  9572  9572 D BluetoothAdapterService: processProfileServiceStateChanged() - serviceName=com.android.bluetooth.gatt.GattService isTurningOn=false isTurningOff=false isBleTurningOn=true isBleTurningOff=false
04-03 21:47:20.428  9572  9572 D BluetoothAdapterService: GattService is started
04-03 21:47:20.430  9572  9587 V BluetoothAdapterState: PendingCommand - transient state(s): isBleTurningOn
04-03 21:47:20.430  9572  9587 D BluetoothAdapterState: Current state: PENDING_COMMAND, message: 4
04-03 21:47:20.433  9572  9587 I bt_btif : enable: start restricted = 0
04-03 21:47:20.433  9572  9588 I bt_stack_manager: event_start_up_stack is bringing up the stack
04-03 21:47:20.433  9572  9588 I bt_core_module: module_start_up Starting module "btif_config_module"
04-03 21:47:20.435  9572  9588 I bt_core_module: module_start_up Started module "btif_config_module"
04-03 21:47:20.435  9572  9588 I bt_core_module: module_start_up Starting module "btsnoop_module"
04-03 21:47:20.435  9572  9588 I bt_core_module: module_start_up Started module "btsnoop_module"
04-03 21:47:20.435  9572  9588 I bt_core_module: module_start_up Starting module "hci_module"
04-03 21:47:20.436  9572  9588 I bt_hci  : hci_module_start_up
04-03 21:47:20.436  9572  9603 I bt_osi_thread: run_thread: thread id 9603, thread name hci_thread started
04-03 21:47:20.438  9572  9588 D bt_hci  : hci_module_start_up starting async portion
04-03 21:47:20.438  9572  9603 I bt_hci  : hci_initialize
04-03 21:47:20.442  9572  9603 I bt_hci  : hci_initialize: IBluetoothHci::getService() returned 0x7f2463d480 (remote)
04-03 21:47:20.553  9572  9603 I bt_hci  : event_finish_startup
04-03 21:47:20.554  9572  9588 I bt_core_module: module_start_up Started module "hci_module"
04-03 21:47:20.557  9572  9608 I bt_osi_thread: run_thread: thread id 9608, thread name bt_workqueue started
04-03 21:47:20.557  9572  9608 I         : [0403/214720:INFO:btu_task.cc(107)] Bluetooth chip preload is complete
04-03 21:47:20.558  9572  9608 I         : [0403/214720:INFO:gatt_api.cc(1004)] GATT_Register
04-03 21:47:20.559  9572  9608 I         : [0403/214720:INFO:gatt_api.cc(1027)] allocated gatt_if=1
04-03 21:47:20.559  9572  9608 I         : [0403/214720:INFO:gatt_api.cc(207)] GATTS_AddService
04-03 21:47:20.559  9572  9608 I         : [0403/214720:INFO:gatt_api.cc(317)] GATTS_AddService: service parsed correctly, now starting
04-03 21:47:20.559  9572  9608 E         : [0403/214720:ERROR:gatt_attr.cc(301)] gatt_profile_db_init:  gatt_if=1
04-03 21:47:20.560  9572  9608 I         : [0403/214720:INFO:gatt_api.cc(1004)] GATT_Register
04-03 21:47:20.560  9572  9608 I         : [0403/214720:INFO:gatt_api.cc(1027)] allocated gatt_if=2
04-03 21:47:20.560  9572  9608 I         : [0403/214720:INFO:gatt_api.cc(207)] GATTS_AddService
04-03 21:47:20.560  9572  9608 I         : [0403/214720:INFO:gatt_api.cc(317)] GATTS_AddService: service parsed correctly, now starting
04-03 21:47:20.562  9572  9609 I bt_osi_thread: run_thread: thread id 9609, thread name btu message loop started
04-03 21:47:20.564  9572  9610 I bt_osi_thread: run_thread: thread id 9610, thread name module_wrapper started
04-03 21:47:20.564  9572  9610 I bt_core_module: module_start_up Starting module "controller_module"
04-03 21:47:20.760  9572  9610 I bt_core_module: module_start_up Started module "controller_module"
04-03 21:47:20.761  9572  9610 W bt_osi_thread: run_thread: thread id 9610, thread name module_wrapper exited
04-03 21:47:20.762  9572  9608 W bt_btm  : btm_decode_ext_features_page: feature page 1 ignored
04-03 21:47:20.762  9572  9608 W bt_btm  : btm_decode_ext_features_page: feature page 2 ignored
04-03 21:47:20.762  9572  9609 I bt_btm_sec: BTM_SecRegister p_cb_info->p_le_callback == 0x0x7f16849d2c
04-03 21:47:20.762  9572  9609 I bt_btm_sec: BTM_SecRegister btm_cb.api.p_le_callback = 0x0x7f16849d2c 
04-03 21:47:20.764  9572  9609 I bt_stack: [INFO:gatt_api.cc(1004)] GATT_Register
04-03 21:47:20.765  9572  9609 I bt_stack: [INFO:gatt_api.cc(1027)] allocated gatt_if=3
04-03 21:47:20.788  9572  9609 I bt_stack: [INFO:ble_advertiser_hci_interface.cc(708)] VSC advertising will be in use
04-03 21:47:20.788  9572  9609 I bt_stack: [INFO:ble_advertiser_hci_interface.cc(259)] QuirkAdvertiserZeroHandle in use
04-03 21:47:20.790  9572  9593 D BluetoothAdapterProperties: BT_PROPERTY_LOCAL_LE_FEATURES: update from BT controller mNumOfAdvertisementInstancesSupported = 10 mRpaOffloadSupported = true mNumOfOffloadedIrkSupported = 8 mNumOfOffloadedScanFilterSupported = 16 mOffloadedScanResultStorageBytes= 10240 mIsActivityAndEnergyReporting = true mVersSupported = 96 mTotNumOfTrackableAdv = 32 mIsExtendedScanSupported = true mIsDebugLogSupported = true mIsLe2MPhySupported = false mIsLeCodedPhySupported = false mIsLeExtendedAdvertisingSupported = false mIsLePeriodicAdvertisingSupported = false mLeMaximumAdvertisingDataLength = 31
04-03 21:47:20.796  9572  9593 E bt_btif_storage: btif_storage_get_adapter_property: Controller ready!
04-03 21:47:20.797  9572  9593 I bt_btif_storage: btif_storage_get_adapter_property service_mask:0x20000000
04-03 21:47:20.799  9572  9593 D BluetoothAdapterProperties: Address is:80:1D:00:33:D8:82
04-03 21:47:20.804  9572  9593 D BluetoothAdapterProperties: Name is: LeEco Le 2
04-03 21:47:20.807  9572  9593 D BluetoothAdapterProperties: Scan Mode:20
04-03 21:47:20.807  9572  9593 D BluetoothAdapterProperties: Discoverable Timeout:120
04-03 21:47:20.813  9572  9593 D BluetoothAdapterProperties: Adding bonded device:30:C0:1B:21:62:1E
04-03 21:47:20.826  9572  9593 I bt_btif_core: btif_enable_bluetooth_evt entered: status 0
04-03 21:47:20.830  9572  9612 I bt_osi_thread: run_thread: thread id 9612, thread name btif_sock started
04-03 21:47:20.831  9572  9593 D bt_bte_conf: Device ID record 1 : primary
04-03 21:47:20.831  9572  9593 D bt_bte_conf:   vendorId            = 000f
04-03 21:47:20.831  9572  9593 D bt_bte_conf:   vendorIdSource      = 0001
04-03 21:47:20.831  9572  9593 D bt_bte_conf:   product             = 1200
04-03 21:47:20.831  9572  9593 D bt_bte_conf:   version             = 1436
04-03 21:47:20.831  9572  9593 D bt_bte_conf:   clientExecutableURL = 
04-03 21:47:20.831  9572  9593 D bt_bte_conf:   serviceDescription  = 
04-03 21:47:20.831  9572  9593 D bt_bte_conf:   documentationURL    = 
04-03 21:47:20.831  9572  9593 D bt_bte_conf: bte_load_did_conf no section named DID2.
04-03 21:47:20.832  9572  9593 I bt_btif_core: btif_enable_bluetooth_evt finished
04-03 21:47:20.832  9572  9588 I bt_stack_manager: event_start_up_stack finished
04-03 21:47:20.833  9572  9587 V BluetoothAdapterState: PendingCommand - transient state(s): isBleTurningOn
04-03 21:47:20.834  9572  9587 D BluetoothAdapterState: Current state: PENDING_COMMAND, message: 3
04-03 21:47:20.834  9572  9587 D BluetoothAdapterProperties: Setting state to 15
04-03 21:47:20.834  9572  9587 I BluetoothAdapterState: Bluetooth adapter state changed: 14-> 15
04-03 21:47:20.835  9572  9587 D BluetoothAdapterService: updateAdapterState() - Broadcasting state to 1 receivers.
04-03 21:47:20.836  9572  9587 I BluetoothAdapterState: Entering BleOnState
04-03 21:47:20.840  9572  9587 D BluetoothAdapterState: Current state: BLE ON, message: 1
04-03 21:47:20.840  9572  9587 D BluetoothAdapterProperties: Setting state to 11
04-03 21:47:20.840  9572  9587 I BluetoothAdapterState: Bluetooth adapter state changed: 15-> 11
04-03 21:47:20.840  9572  9587 D BluetoothAdapterService: updateAdapterState() - Broadcasting state to 1 receivers.
04-03 21:47:20.842  9572  9587 D BluetoothAdapterService: startCoreServices()
04-03 21:47:20.842  9572  9587 D BluetoothAdapterService: setProfileServiceState() - Starting service com.android.bluetooth.hfp.HeadsetService
04-03 21:47:20.850  9572  9587 D BluetoothAdapterService: setProfileServiceState() - Starting service com.android.bluetooth.a2dp.A2dpService
04-03 21:47:20.851  9572  9572 D BluetoothAdapterService: getAdapterService() - returning com.android.bluetooth.btservice.AdapterService@ee6ea1a
04-03 21:47:20.852  9572  9572 D HeadsetService: Received start request. Starting profile...
04-03 21:47:20.855  9572  9572 I BluetoothHeadsetServiceJni: classInitNative: succeeds
04-03 21:47:20.856  9572  9587 D BluetoothAdapterService: setProfileServiceState() - Starting service com.android.bluetooth.hid.HidService
04-03 21:47:20.856  9572  9572 D HeadsetStateMachine: make
04-03 21:47:20.859  9572  9587 D BluetoothAdapterService: setProfileServiceState() - Starting service com.android.bluetooth.hdp.HealthService
04-03 21:47:20.863  9572  9587 D BluetoothAdapterService: setProfileServiceState() - Starting service com.android.bluetooth.pan.PanService
04-03 21:47:20.867  9572  9587 D BluetoothAdapterService: setProfileServiceState() - Starting service com.android.bluetooth.map.BluetoothMapService
04-03 21:47:20.867  9572  9572 D HeadsetStateMachine: max_hf_connections = 1
04-03 21:47:20.867  9572  9572 D HeadsetStateMachine: in-band_ringing_support = true
04-03 21:47:20.868  9572  9572 I bt_btif : get_profile_interface: id = handsfree
04-03 21:47:20.868  9572  9609 I bt_stack: [INFO:port_api.cc(123)] RFCOMM_CreateConnection BDA: ff:ff:ff:ff:ff:ff
04-03 21:47:20.869  9572  9609 I bt_stack: [INFO:port_api.cc(123)] RFCOMM_CreateConnection BDA: ff:ff:ff:ff:ff:ff
04-03 21:47:20.869  9572  9593 I bt_btif_storage: btif_storage_get_adapter_property service_mask:0x20000040
04-03 21:47:20.869  9572  9593 E bt_btif : btif_hf_upstreams_evt: Invalid index 35053
04-03 21:47:20.873  9572  9587 D BluetoothAdapterService: setProfileServiceState() - Starting service com.android.bluetooth.hfpclient.HeadsetClientService
04-03 21:47:20.873  9572  9572 D BluetoothAdapterService: getAdapterService() - returning com.android.bluetooth.btservice.AdapterService@ee6ea1a
04-03 21:47:20.875  9572  9572 D BluetoothAdapterService: getAdapterService() - returning com.android.bluetooth.btservice.AdapterService@ee6ea1a
04-03 21:47:20.876  9572  9572 D A2dpService: Received start request. Starting profile...
04-03 21:47:20.877  9572  9572 I BluetoothAvrcpServiceJni: classInitNative: succeeds
04-03 21:47:20.877  9572  9572 V Avrcp   : make
04-03 21:47:20.879  9572  9572 I bt_btif : get_profile_interface: id = avrcp
04-03 21:47:20.882  9572  9587 D BluetoothAdapterService: setProfileServiceState() - Starting service com.android.bluetooth.avrcpcontroller.AvrcpControllerService
04-03 21:47:20.884  9572  9587 D BluetoothAdapterService: setProfileServiceState() - Starting service com.android.bluetooth.sap.SapService
04-03 21:47:20.890  9572  9587 D BluetoothAdapterService: setProfileServiceState() - Starting service com.android.bluetooth.opp.BluetoothOppService
04-03 21:47:20.893  9572  9587 D BluetoothAdapterService: setProfileServiceState() - Starting service com.android.bluetooth.pbap.BluetoothPbapService
04-03 21:47:20.896  9572  9587 I BluetoothAdapterState: Entering PendingCommandState
04-03 21:47:20.896  9572  9572 V Avrcp   : initMediaPlayerInfoList: 1 controllers
04-03 21:47:20.898  9572  9572 W Avrcp   : playState object null, sending STOPPED
04-03 21:47:20.898  9572  9572 V Avrcp   : isBrowseSupported for code.name.monkey.retromusic.debug: false
04-03 21:47:20.906  9572  9572 D Avrcp   : add #1:MediaPlayerInfo code.name.monkey.retromusic.debug (as 'Music') Type = 1, SubType = 0, Status = 0 Feature Bits [40 41 42 44 45 47 48 58] Controller: MediaController (code.name.monkey.retromusic.debug@bd5f746) null
04-03 21:47:20.908  9572  9572 V Avrcp   : updatePlaybackState (1): -1➡0(PlaybackState {state=0, position=-1, buffered position=0, speed=0.0, updated=193544887, actions=0, custom actions=[], active item id=-1, error=null})
04-03 21:47:20.908  9572  9572 I Avrcp   : Skipping update due to invalid playback state
04-03 21:47:20.908  9572  9572 E Avrcp   : play status change -1➡0 mPlayStatusChangedNT: 1
04-03 21:47:20.908  9572  9572 E bt_btif : register_notification_rsp: Avrcp device is not connected, handle: 0x0
04-03 21:47:20.908  9572  9572 D Avrcp   : sendPlayPosNotificationRsp: Not registered or requesting.
04-03 21:47:20.908  9572  9572 V Avrcp   : updateNewIds: Addressed:0 to 1, Browse:0 to -1
04-03 21:47:20.910  9572  9572 D Avrcp   : updateCurrentController: null to MediaController (code.name.monkey.retromusic.debug@bd5f746) null
04-03 21:47:20.912  9572  9572 V Avrcp   : updatePlaybackState (1): 0➡0(PlaybackState {state=0, position=-1, buffered position=0, speed=0.0, updated=193544892, actions=0, custom actions=[], active item id=-1, error=null})
04-03 21:47:20.913  9572  9572 I Avrcp   : Skipping update due to invalid playback state
04-03 21:47:20.913  9572  9572 E Avrcp   : play status change 0➡0 mPlayStatusChangedNT: 1
04-03 21:47:20.913  9572  9572 D Avrcp   : sendPlayPosNotificationRsp: Not registered or requesting.
04-03 21:47:20.914  9572  9572 D Avrcp   : User already unlocked, initializing player lists
04-03 21:47:20.916  9572  9572 V Avrcp   : updatePlaybackState (1): 0➡0(PlaybackState {state=0, position=-1, buffered position=0, speed=0.0, updated=193544896, actions=0, custom actions=[], active item id=-1, error=null})
04-03 21:47:20.917  9572  9572 I Avrcp   : Skipping update due to invalid playback state
04-03 21:47:20.918  9572  9572 E Avrcp   : play status change 0➡0 mPlayStatusChangedNT: 1
04-03 21:47:20.918  9572  9572 D Avrcp   : sendPlayPosNotificationRsp: Not registered or requesting.
04-03 21:47:20.921  9572  9572 I BluetoothA2dpServiceJni: classInitNative: succeeds
04-03 21:47:20.921  9572  9572 D A2dpStateMachine: make
04-03 21:47:20.924  9572  9572 I bt_btif : get_profile_interface: id = a2dp
04-03 21:47:20.925  9572  9616 I bt_osi_thread: run_thread: thread id 9616, thread name btif_a2dp_source started
04-03 21:47:20.926  9572  9593 I bt_btif_storage: btif_storage_get_adapter_property service_mask:0x20000048
04-03 21:47:20.926  9572  9609 I bt_bta_av: AVRCP version used for sdp: "avrcp14"
04-03 21:47:20.926  9572  9572 D a2dp_codec: init
04-03 21:47:20.926  9572  9572 D a2dp_codec: createCodec: codec SBC
04-03 21:47:20.926  9572  9572 I a2dp_codec: init: updated SBC codec priority to 1001
04-03 21:47:20.926  9572  9572 D a2dp_codec: createCodec: codec AAC
04-03 21:47:20.926  9572  9572 I a2dp_codec: init: updated AAC codec priority to 2001
04-03 21:47:20.926  9572  9572 D a2dp_codec: createCodec: codec aptX
04-03 21:47:20.927  9572  9593 E bt_btif : btif_sm_dispatch : Invalid handle
04-03 21:47:20.927  9572  9593 E bt_btif : btif_sm_dispatch : Invalid handle
04-03 21:47:20.928  9572  9572 E a2dp_vendor_aptx_encoder: A2DP_VendorLoadEncoderAptx: cannot open aptX encoder library libaptX_encoder.so: dlopen failed: library "libaptX_encoder.so" not found
04-03 21:47:20.929  9572  9572 E a2dp_vendor_aptx: init: cannot load the encoder
04-03 21:47:20.929  9572  9572 D a2dp_codec: createCodec: codec aptX-HD
04-03 21:47:20.930  9572  9572 E a2dp_vendor_aptx_hd_encoder: A2DP_VendorLoadEncoderAptxHd: cannot open aptX-HD encoder library libaptXHD_encoder.so: dlopen failed: library "libaptXHD_encoder.so" not found
04-03 21:47:20.930  9572  9572 E a2dp_vendor_aptx_hd: init: cannot load the encoder
04-03 21:47:20.930  9572  9572 D a2dp_codec: createCodec: codec LDAC
04-03 21:47:20.937  9572  9572 I a2dp_codec: init: updated LDAC codec priority to 5001
04-03 21:47:20.937  9572  9572 D a2dp_codec: createCodec: codec SBC SINK
04-03 21:47:20.937  9572  9572 I a2dp_codec: init: initialized Source codec LDAC
04-03 21:47:20.937  9572  9572 I a2dp_codec: init: initialized Source codec AAC
04-03 21:47:20.937  9572  9572 I a2dp_codec: init: initialized Source codec SBC
04-03 21:47:20.937  9572  9572 I a2dp_codec: init: initialized Sink codec SBC(Sink)
04-03 21:47:20.937  9572  9572 W bt_btif : ## ON A2DP IDLE ## peer_sep = 0
04-03 21:47:20.938  9572  9593 I BluetoothA2dpServiceJni: bta2dp_audio_config_callback
04-03 21:47:20.939  9572  9593 D A2dpStateMachine: A2DP Codec Config: null->{codecName:SBC,mCodecType:0,mCodecPriority:0,mSampleRate:0x0(NONE),mBitsPerSample:0x0(NONE),mChannelMode:0x0(NONE),mCodecSpecific1:0,mCodecSpecific2:0,mCodecSpecific3:0,mCodecSpecific4:0}
04-03 21:47:20.940  9572  9593 D A2dpStateMachine: A2DP Codec Local Capability: {codecName:LDAC,mCodecType:4,mCodecPriority:5001,mSampleRate:0xf(44100|48000|88200|96000),mBitsPerSample:0x7(16|24|32),mChannelMode:0x2(STEREO),mCodecSpecific1:0,mCodecSpecific2:0,mCodecSpecific3:0,mCodecSpecific4:0}
04-03 21:47:20.940  9572  9615 D A2dpStateMachine: Enter Disconnected: -2
04-03 21:47:20.941  9572  9593 D A2dpStateMachine: A2DP Codec Local Capability: {codecName:AAC,mCodecType:1,mCodecPriority:2001,mSampleRate:0x1(44100),mBitsPerSample:0x1(16),mChannelMode:0x2(STEREO),mCodecSpecific1:0,mCodecSpecific2:0,mCodecSpecific3:0,mCodecSpecific4:0}
04-03 21:47:20.942  9572  9593 D A2dpStateMachine: A2DP Codec Local Capability: {codecName:SBC,mCodecType:0,mCodecPriority:1001,mSampleRate:0x1(44100),mBitsPerSample:0x1(16),mChannelMode:0x3(MONO|STEREO),mCodecSpecific1:0,mCodecSpecific2:0,mCodecSpecific3:0,mCodecSpecific4:0}
04-03 21:47:20.942  9572  9572 D BluetoothAdapterService: getAdapterService() - returning com.android.bluetooth.btservice.AdapterService@ee6ea1a
04-03 21:47:20.944  9572  9572 I BluetoothHidServiceJni: classInitNative: succeeds
04-03 21:47:20.948  9572  9572 D BluetoothAdapterService: getAdapterService() - returning com.android.bluetooth.btservice.AdapterService@ee6ea1a
04-03 21:47:20.949  9572  9572 D HidService: Received start request. Starting profile...
04-03 21:47:20.949  9572  9572 I bt_btif : get_profile_interface: id = hidhost
04-03 21:47:20.950  9572  9593 I bt_bta_hh: BTA_HhEnable sec_mask:0x36 p_cback:0x7f168af448
04-03 21:47:20.950  9572  9572 D HidService: setHidService(): set to: null
04-03 21:47:20.950  9572  9593 I bt_btif_storage: btif_storage_get_adapter_property service_mask:0x20100048
04-03 21:47:20.950  9572  9609 I bt_stack: [INFO:gatt_api.cc(1004)] GATT_Register
04-03 21:47:20.951  9572  9609 I bt_stack: [INFO:gatt_api.cc(1027)] allocated gatt_if=4
04-03 21:47:20.950  9572  9572 D BluetoothAdapterService: getAdapterService() - returning com.android.bluetooth.btservice.AdapterService@ee6ea1a
04-03 21:47:20.952  9572  9572 I BluetoothHealthServiceJni: classInitNative: succeeds
04-03 21:47:20.955  9572  9572 D BluetoothAdapterService: getAdapterService() - returning com.android.bluetooth.btservice.AdapterService@ee6ea1a
04-03 21:47:20.956  9572  9572 D HealthService: Received start request. Starting profile...
04-03 21:47:20.957  9572  9572 I bt_btif : get_profile_interface: id = health
04-03 21:47:20.958  9572  9572 D BluetoothAdapterService: getAdapterService() - returning com.android.bluetooth.btservice.AdapterService@ee6ea1a
04-03 21:47:20.965  9572  9572 I BluetoothPanServiceJni: classInitNative(L111): succeeds
04-03 21:47:20.967  9572  9572 D BluetoothAdapterService: getAdapterService() - returning com.android.bluetooth.btservice.AdapterService@ee6ea1a
04-03 21:47:20.968  9572  9572 D PanService: Received start request. Starting profile...
04-03 21:47:20.968  9572  9572 D BluetoothPanServiceJni: initializeNative(L116): pan
04-03 21:47:20.968  9572  9572 I bt_btif : get_profile_interface: id = pan
04-03 21:47:20.969  9572  9593 D BluetoothPanServiceJni: control_state_callback(L63): state:0, local_role:3, ifname:bt-pan
04-03 21:47:20.969  9572  9572 D BluetoothAdapterService: getAdapterService() - returning com.android.bluetooth.btservice.AdapterService@ee6ea1a
04-03 21:47:20.972  9572  9572 D BluetoothAdapterService: getAdapterService() - returning com.android.bluetooth.btservice.AdapterService@ee6ea1a
04-03 21:47:20.973  9572  9572 D BluetoothMapService: Received start request. Starting profile...
04-03 21:47:20.973  9572  9572 D BluetoothMapService: start()
04-03 21:47:20.979  9572  9572 D BluetoothMapAccountLoader: Found 0 application(s) with intent android.bluetooth.action.BLUETOOTH_MAP_PROVIDER
04-03 21:47:20.980  9572  9572 D BluetoothMapAccountLoader: Found 0 application(s) with intent android.bluetooth.action.BLUETOOTH_MAP_IM_PROVIDER
04-03 21:47:20.981  9572  9572 D BluetoothMapAppObserver: createReceiver()
04-03 21:47:20.982  9572  9572 D BluetoothMapAppObserver: initObservers()
04-03 21:47:20.983  9572  9572 D BluetoothMapAppObserver: getEnabledAccountItems()
04-03 21:47:20.984  9572  9572 D BluetoothAdapterService: getAdapterService() - returning com.android.bluetooth.btservice.AdapterService@ee6ea1a
04-03 21:47:20.984  9572  9572 D BluetoothAdapterService: handleMessage() - Message: 1
04-03 21:47:20.984  9572  9572 D BluetoothAdapterService: handleMessage() - MESSAGE_PROFILE_SERVICE_STATE_CHANGED
04-03 21:47:20.984  9572  9572 D BluetoothAdapterService: processProfileServiceStateChanged() - serviceName=com.android.bluetooth.hfp.HeadsetService isTurningOn=true isTurningOff=false isBleTurningOn=false isBleTurningOff=false
04-03 21:47:20.985  9572  9572 D BluetoothAdapterService: onProfileServiceStateChange() - Profile still not running:com.android.bluetooth.a2dp.A2dpService
04-03 21:47:20.986  9572  9613 D HeadsetPhoneState: sendDeviceStateChanged. mService=0 mIsSimStateLoaded=false mSignal=0 mRoam=0 mBatteryCharge=4
04-03 21:47:20.986  9572  9572 I BluetoothHeadsetClientServiceJni: classInitNative succeeds
04-03 21:47:20.989  9572  9572 D BluetoothAdapterService: getAdapterService() - returning com.android.bluetooth.btservice.AdapterService@ee6ea1a
04-03 21:47:20.990  9572  9572 D HeadsetClientService: Received start request. Starting profile...
04-03 21:47:20.990  9572  9572 D BluetoothHeadsetClientServiceJni: initializeNative: HfpClient
04-03 21:47:20.990  9572  9572 I bt_btif : get_profile_interface: id = handsfree_client
04-03 21:47:20.991  9572  9593 I bt_stack: [INFO:port_api.cc(123)] RFCOMM_CreateConnection BDA: ff:ff:ff:ff:ff:ff
04-03 21:47:20.991  9572  9593 I bt_btif_storage: btif_storage_get_adapter_property service_mask:0x21100048
04-03 21:47:20.998  9572  9572 D BluetoothHeadsetClientServiceJni: initializeNative: HfpClient
04-03 21:47:20.998  9572  9572 W BluetoothHeadsetClientServiceJni: Cleaning up Bluetooth HFP Client Interface before initializing
04-03 21:47:20.998  9572  9572 W BluetoothHeadsetClientServiceJni: Cleaning up Bluetooth HFP Client callback object
04-03 21:47:20.998  9572  9593 I bt_btif_queue: queue_int_cleanup: UUID=111E
04-03 21:47:20.998  9572  9572 I bt_btif : get_profile_interface: id = handsfree_client
04-03 21:47:20.999  9572  9572 D BluetoothAdapterService: getAdapterService() - returning com.android.bluetooth.btservice.AdapterService@ee6ea1a
04-03 21:47:20.999  9572  9593 I bt_btif_storage: btif_storage_get_adapter_property service_mask:0x21100048
04-03 21:47:20.999  9572  9593 I bt_stack: [INFO:port_api.cc(123)] RFCOMM_CreateConnection BDA: ff:ff:ff:ff:ff:ff
04-03 21:47:20.999  9572  9593 I bt_btif_storage: btif_storage_get_adapter_property service_mask:0x21100048
04-03 21:47:21.000  9572  9572 I BluetoothAvrcpControllerJni: classInitNative: succeeds
04-03 21:47:21.000  9572  9572 I bt_btif : get_profile_interface: id = avrcp_ctrl
04-03 21:47:21.002  9572  9572 D BluetoothAdapterService: getAdapterService() - returning com.android.bluetooth.btservice.AdapterService@ee6ea1a
04-03 21:47:21.005  9572  9572 D AvrcpControllerService: Received start request. Starting profile...
04-03 21:47:21.020  9572  9572 D AvrcpControllerService: setAvrcpControllerService(): set to: null
04-03 21:47:21.020  9572  9572 D BluetoothAdapterService: getAdapterService() - returning com.android.bluetooth.btservice.AdapterService@ee6ea1a
04-03 21:47:21.022  9572  9572 V SapService: SapBinder()
04-03 21:47:21.023  9572  9572 D BluetoothAdapterService: getAdapterService() - returning com.android.bluetooth.btservice.AdapterService@ee6ea1a
04-03 21:47:21.024  9572  9572 D SapService: Received start request. Starting profile...
04-03 21:47:21.024  9572  9572 V SapService: start()
04-03 21:47:21.026  9572  9572 D BluetoothAdapterService: getAdapterService() - returning com.android.bluetooth.btservice.AdapterService@ee6ea1a
04-03 21:47:21.037  9572  9572 D BluetoothAdapterService: getAdapterService() - returning com.android.bluetooth.btservice.AdapterService@ee6ea1a
04-03 21:47:21.038  9572  9572 D BluetoothOppService: Received start request. Starting profile...
04-03 21:47:21.038  9572  9572 D BluetoothAdapterService: getAdapterService() - returning com.android.bluetooth.btservice.AdapterService@ee6ea1a
04-03 21:47:21.040  9572  9572 V BluetoothPbapService: PbapBinder()
04-03 21:47:21.040  9572  9572 D BluetoothAdapterService: getAdapterService() - returning com.android.bluetooth.btservice.AdapterService@ee6ea1a
04-03 21:47:21.041  9572  9572 D BluetoothPbapService: Received start request. Starting profile...
04-03 21:47:21.041  9572  9572 V BluetoothPbapService: start()
04-03 21:47:21.044  9572  9572 D BluetoothPbapService: Registering observer
04-03 21:47:21.051  9572  9572 D BluetoothAdapterService: getAdapterService() - returning com.android.bluetooth.btservice.AdapterService@ee6ea1a
04-03 21:47:21.053  9572  9572 D BluetoothAdapterService: handleMessage() - Message: 1
04-03 21:47:21.053  9572  9572 D BluetoothAdapterService: handleMessage() - MESSAGE_PROFILE_SERVICE_STATE_CHANGED
04-03 21:47:21.053  9572  9572 D BluetoothAdapterService: processProfileServiceStateChanged() - serviceName=com.android.bluetooth.a2dp.A2dpService isTurningOn=true isTurningOff=false isBleTurningOn=false isBleTurningOff=false
04-03 21:47:21.055  9572  9572 D BluetoothAdapterService: onProfileServiceStateChange() - Profile still not running:com.android.bluetooth.map.BluetoothMapService
04-03 21:47:21.055  9572  9572 D BluetoothAdapterService: handleMessage() - Message: 1
04-03 21:47:21.055  9572  9572 D BluetoothAdapterService: handleMessage() - MESSAGE_PROFILE_SERVICE_STATE_CHANGED
04-03 21:47:21.056  9572  9572 D BluetoothAdapterService: processProfileServiceStateChanged() - serviceName=com.android.bluetooth.hid.HidService isTurningOn=true isTurningOff=false isBleTurningOn=false isBleTurningOff=false
04-03 21:47:21.057  9572  9572 D BluetoothAdapterService: onProfileServiceStateChange() - Profile still not running:com.android.bluetooth.map.BluetoothMapService
04-03 21:47:21.057  9572  9572 D BluetoothAdapterService: handleMessage() - Message: 1
04-03 21:47:21.058  9572  9572 D BluetoothAdapterService: handleMessage() - MESSAGE_PROFILE_SERVICE_STATE_CHANGED
04-03 21:47:21.058  9572  9572 D BluetoothAdapterService: processProfileServiceStateChanged() - serviceName=com.android.bluetooth.hdp.HealthService isTurningOn=true isTurningOff=false isBleTurningOn=false isBleTurningOff=false
04-03 21:47:21.058  9572  9572 D BluetoothAdapterService: onProfileServiceStateChange() - Profile still not running:com.android.bluetooth.map.BluetoothMapService
04-03 21:47:21.058  9572  9572 D BluetoothAdapterService: handleMessage() - Message: 1
04-03 21:47:21.058  9572  9572 D BluetoothAdapterService: handleMessage() - MESSAGE_PROFILE_SERVICE_STATE_CHANGED
04-03 21:47:21.059  9572  9572 D BluetoothAdapterService: processProfileServiceStateChanged() - serviceName=com.android.bluetooth.pan.PanService isTurningOn=true isTurningOff=false isBleTurningOn=false isBleTurningOff=false
04-03 21:47:21.059  9572  9572 D BluetoothAdapterService: onProfileServiceStateChange() - Profile still not running:com.android.bluetooth.map.BluetoothMapService
04-03 21:47:21.059  9572  9572 D BluetoothAdapterService: handleMessage() - Message: 1
04-03 21:47:21.059  9572  9572 D BluetoothAdapterService: handleMessage() - MESSAGE_PROFILE_SERVICE_STATE_CHANGED
04-03 21:47:21.059  9572  9572 D BluetoothAdapterService: processProfileServiceStateChanged() - serviceName=com.android.bluetooth.map.BluetoothMapService isTurningOn=true isTurningOff=false isBleTurningOn=false isBleTurningOff=false
04-03 21:47:21.059  9572  9572 D BluetoothAdapterService: onProfileServiceStateChange() - Profile still not running:com.android.bluetooth.avrcpcontroller.AvrcpControllerService
04-03 21:47:21.059  9572  9572 D BluetoothAdapterService: handleMessage() - Message: 1
04-03 21:47:21.059  9572  9572 D BluetoothAdapterService: handleMessage() - MESSAGE_PROFILE_SERVICE_STATE_CHANGED
04-03 21:47:21.060  9572  9572 D BluetoothAdapterService: processProfileServiceStateChanged() - serviceName=com.android.bluetooth.hfpclient.HeadsetClientService isTurningOn=true isTurningOff=false isBleTurningOn=false isBleTurningOff=false
04-03 21:47:21.060  9572  9572 D BluetoothAdapterService: onProfileServiceStateChange() - Profile still not running:com.android.bluetooth.avrcpcontroller.AvrcpControllerService
04-03 21:47:21.060  9572  9572 D BluetoothAdapterService: handleMessage() - Message: 1
04-03 21:47:21.060  9572  9572 D BluetoothAdapterService: handleMessage() - MESSAGE_PROFILE_SERVICE_STATE_CHANGED
04-03 21:47:21.061  9572  9572 D BluetoothAdapterService: processProfileServiceStateChanged() - serviceName=com.android.bluetooth.avrcpcontroller.AvrcpControllerService isTurningOn=true isTurningOff=false isBleTurningOn=false isBleTurningOff=false
04-03 21:47:21.061  9572  9572 D BluetoothAdapterService: onProfileServiceStateChange() - Profile still not running:com.android.bluetooth.sap.SapService
04-03 21:47:21.062  9572  9572 D BluetoothAdapterService: handleMessage() - Message: 1
04-03 21:47:21.062  9572  9572 D BluetoothAdapterService: handleMessage() - MESSAGE_PROFILE_SERVICE_STATE_CHANGED
04-03 21:47:21.062  9572  9572 D BluetoothAdapterService: processProfileServiceStateChanged() - serviceName=com.android.bluetooth.sap.SapService isTurningOn=true isTurningOff=false isBleTurningOn=false isBleTurningOff=false
04-03 21:47:21.063  9572  9572 D BluetoothAdapterService: onProfileServiceStateChange() - Profile still not running:com.android.bluetooth.pbap.BluetoothPbapService
04-03 21:47:21.063  9572  9572 D BluetoothAdapterService: handleMessage() - Message: 1
04-03 21:47:21.063  9572  9572 D BluetoothAdapterService: handleMessage() - MESSAGE_PROFILE_SERVICE_STATE_CHANGED
04-03 21:47:21.063  9572  9572 D BluetoothAdapterService: processProfileServiceStateChanged() - serviceName=com.android.bluetooth.opp.BluetoothOppService isTurningOn=true isTurningOff=false isBleTurningOn=false isBleTurningOff=false
04-03 21:47:21.064  9572  9572 D BluetoothAdapterService: onProfileServiceStateChange() - Profile still not running:com.android.bluetooth.pbap.BluetoothPbapService
04-03 21:47:21.068  9572  9572 D BluetoothAdapterService: handleMessage() - Message: 1
04-03 21:47:21.068  9572  9572 D BluetoothAdapterService: handleMessage() - MESSAGE_PROFILE_SERVICE_STATE_CHANGED
04-03 21:47:21.068  9572  9572 D BluetoothAdapterService: processProfileServiceStateChanged() - serviceName=com.android.bluetooth.pbap.BluetoothPbapService isTurningOn=true isTurningOff=false isBleTurningOn=false isBleTurningOff=false
04-03 21:47:21.069  9572  9572 D BluetoothAdapterService: onProfileServiceStateChange() - All profile services started.
04-03 21:47:21.070  9572  9587 V BluetoothAdapterState: PendingCommand - transient state(s): isTurningOn
04-03 21:47:21.070  9572  9587 D BluetoothAdapterState: Current state: PENDING_COMMAND, message: 2
04-03 21:47:21.070  9572  9587 D BluetoothAdapterProperties: onBluetoothReady, state=11, ScanMode=20
04-03 21:47:21.071  9572  9587 D BluetoothAdapterProperties: Setting state to 12
04-03 21:47:21.071  9572  9587 I BluetoothAdapterState: Bluetooth adapter state changed: 11-> 12
04-03 21:47:21.071  9572  9587 D BluetoothAdapterService: updateAdapterState() - Broadcasting state to 1 receivers.
04-03 21:47:21.075  9572  9593 D BluetoothAdapterProperties: Scan Mode:21
04-03 21:47:21.075  9572  9593 D BluetoothAdapterProperties: Discoverable Timeout:120
04-03 21:47:21.077  9572  9587 I BluetoothAdapterState: Entering OnState
04-03 21:47:21.077  9572  9587 D BluetoothAdapterService: updateUuids() - Updating UUIDs for bonded devices
04-03 21:47:21.099  9572  9593 D BluetoothAdapterProperties: Discoverable Timeout:120
04-03 21:47:21.103  9572  9593 D BluetoothAdapterProperties: Scan Mode:23
04-03 21:47:21.109  9572  9572 D BluetoothMapService: onReceive
04-03 21:47:21.109  9572  9572 D BluetoothMapService: onReceive: android.bluetooth.adapter.action.STATE_CHANGED
04-03 21:47:21.109  9572  9572 D BluetoothMapService: STATE_ON
04-03 21:47:21.115  9572  9572 D BluetoothPbapService: action: android.bluetooth.adapter.action.STATE_CHANGED
04-03 21:47:21.116  9572  9572 D BluetoothPbapService: state: 12
04-03 21:47:21.116  9572  9572 D BluetoothPhonePolicy: Received ACTION_UUID for device 30:C0:1B:21:62:1E
04-03 21:47:21.116  9572  9572 D BluetoothPhonePolicy: index=0uuid=00001108-0000-1000-8000-00805f9b34fb
04-03 21:47:21.116  9572  9572 D BluetoothPhonePolicy: index=1uuid=0000111e-0000-1000-8000-00805f9b34fb
04-03 21:47:21.116  9572  9572 D BluetoothPhonePolicy: index=2uuid=0000110b-0000-1000-8000-00805f9b34fb
04-03 21:47:21.116  9572  9572 D BluetoothPhonePolicy: index=3uuid=0000110e-0000-1000-8000-00805f9b34fb
04-03 21:47:21.116  9572  9572 D BluetoothPhonePolicy: index=4uuid=00000000-0000-1000-8000-00805f9b34fb
04-03 21:47:21.116  9572  9572 D BluetoothPhonePolicy: index=5uuid=00000000-0000-1000-8000-00805f9b34fb
04-03 21:47:21.116  9572  9572 D BluetoothPhonePolicy: processInitProfilePriorities() - device 30:C0:1B:21:62:1E
04-03 21:47:21.116  9572  9572 D HidService: getHidService(): returning com.android.bluetooth.hid.HidService@95ed42c
04-03 21:47:21.120  9572  9572 D BluetoothAdapterService: isQuetModeEnabled() - Enabled = false
04-03 21:47:21.120  9572  9572 D BluetoothPhonePolicy: autoConnect() - Initiate auto connection on BT on...
04-03 21:47:21.120  9572  9572 D BluetoothPhonePolicy: autoConnectHeadset, attempt auto-connect with device 30:C0:1B:21:62:1E
04-03 21:47:21.121  9572  9572 D BluetoothPhonePolicy: autoConnectHeadset, Connecting HFP with 30:C0:1B:21:62:1E
04-03 21:47:21.121  9572  9572 D HeadsetService: connect: device=30:C0:1B:21:62:1E
04-03 21:47:21.122  9572  9613 D HeadsetStateMachine: Disconnected: connecting to device=30:C0:1B:21:62:1E
04-03 21:47:21.122  9572  9572 D BluetoothPhonePolicy: autoConnectA2dp, attempt auto-connect with device 30:C0:1B:21:62:1E
04-03 21:47:21.123  9572  9613 I BluetoothHeadsetServiceJni: connectHfpNative: sBluetoothHfpInterface: 0x7f16aa3b48
04-03 21:47:21.124  9572  9593 I bt_btif_queue: queue_int_add: allocating profile queue
04-03 21:47:21.124  9572  9572 D BluetoothPhonePolicy: autoConnectA2dp, connecting A2DP with 30:C0:1B:21:62:1E
04-03 21:47:21.124  9572  9593 I bt_btif_queue: queue_int_add: adding connection request UUID=111F, bd_addr=30:c0:1b:21:62:1e, busy=0
04-03 21:47:21.124  9572  9593 I bt_btif_queue: btif_queue_connect_next: executing connection request UUID=111F, bd_addr=30:c0:1b:21:62:1e, busy=0
04-03 21:47:21.129  9572  9620 D BluetoothMapMasInstance0: Map Service startRfcommSocketListener
04-03 21:47:21.129  9572  9620 D ObexServerSockets: create(rfcomm = -2, l2capPsm = -2)
04-03 21:47:21.131  9572  9620 W BluetoothAdapter: getBluetoothService() called with no BluetoothManagerCallback
04-03 21:47:21.132  9572  9615 D A2dpStateMachine: Disconnected process message: 1
04-03 21:47:21.134  9572  9572 D BtOppService: start Socket Listeners
04-03 21:47:21.134  9572  9572 D BtOppService: stopListeners   mServerSocket :null
04-03 21:47:21.134  9572  9572 D ObexServerSockets: create(rfcomm = -2, l2capPsm = -2)
04-03 21:47:21.135  9572  9640 W BluetoothAdapter: getBluetoothService() called with no BluetoothManagerCallback
04-03 21:47:21.135  9572  9572 W BluetoothAdapter: getBluetoothService() called with no BluetoothManagerCallback
04-03 21:47:21.137  9572  9609 I bt_stack: [INFO:port_api.cc(123)] RFCOMM_CreateConnection BDA: ff:ff:ff:ff:ff:ff
04-03 21:47:21.137  9572  9609 I bt_stack: [INFO:port_api.cc(123)] RFCOMM_CreateConnection BDA: ff:ff:ff:ff:ff:ff
04-03 21:47:21.137  9572  9640 D BluetoothSdpJni: sdpCreateSapsRecordNative
04-03 21:47:21.137  9572  9640 D BluetoothSdpJni: SDP Create record success - handle: 0
04-03 21:47:21.139  9572  9620 W BluetoothAdapter: getBluetoothService() called with no BluetoothManagerCallback
04-03 21:47:21.139  9572  9609 I bt_stack: [INFO:port_api.cc(123)] RFCOMM_CreateConnection BDA: ff:ff:ff:ff:ff:ff
04-03 21:47:21.140  9572  9572 W BluetoothAdapter: getBluetoothService() called with no BluetoothManagerCallback
04-03 21:47:21.142  9572  9620 D ObexServerSockets: Succeed to create listening sockets 
04-03 21:47:21.142  9572  9620 D ObexServerSockets0: startAccept()
04-03 21:47:21.142  9572  9620 D ObexServerSockets0: prepareForNewConnect()
04-03 21:47:21.142  9572  9572 D ObexServerSockets: Succeed to create listening sockets 
04-03 21:47:21.142  9572  9572 D ObexServerSockets1: startAccept()
04-03 21:47:21.142  9572  9572 D ObexServerSockets1: prepareForNewConnect()
04-03 21:47:21.142  9572  9615 I BluetoothA2dpServiceJni: connectA2dpNative: sBluetoothA2dpInterface: 0x7f16aa3610
04-03 21:47:21.142  9572  9593 I bt_btif_queue: queue_int_add: adding connection request UUID=110A, bd_addr=30:c0:1b:21:62:1e, busy=0
04-03 21:47:21.143  9572  9593 I bt_btif_queue: btif_queue_connect_next: executing connection request UUID=111F, bd_addr=30:c0:1b:21:62:1e, busy=1
04-03 21:47:21.143  9572  9615 D A2dpStateMachine: Exit Disconnected: 1
04-03 21:47:21.143  9572  9615 D A2dpStateMachine: Enter Pending: 1
04-03 21:47:21.143  9572  9620 D BluetoothSdpJni: sdpCreateMapMasRecordNative
04-03 21:47:21.143  9572  9620 D BluetoothSdpJni: SDP Create record success - handle: 1
04-03 21:47:21.143  9572  9641 D ObexServerSockets0: Accepting socket connection...
04-03 21:47:21.147  9572  9643 D ObexServerSockets1: Accepting socket connection...
04-03 21:47:21.147  9572  9572 D BluetoothSdpJni: sdpCreateOppOpsRecordNative
04-03 21:47:21.147  9572  9572 D BluetoothSdpJni: SDP Create record success - handle: 2
04-03 21:47:21.147  9572  9642 D ObexServerSockets0: Accepting socket connection...
04-03 21:47:21.147  9572  9572 D BtOppService: mOppSdpHandle :2
04-03 21:47:21.148  9572  9572 D BluetoothPbapService: startsocketListener
04-03 21:47:21.148  9572  9572 D ObexServerSockets: create(rfcomm = -2, l2capPsm = -2)
04-03 21:47:21.149  9572  9572 W BluetoothAdapter: getBluetoothService() called with no BluetoothManagerCallback
04-03 21:47:21.150  9572  9644 D ObexServerSockets1: Accepting socket connection...
04-03 21:47:21.150  9572  9609 I bt_stack: [INFO:port_api.cc(123)] RFCOMM_CreateConnection BDA: ff:ff:ff:ff:ff:ff
04-03 21:47:21.152  9572  9572 W BluetoothAdapter: getBluetoothService() called with no BluetoothManagerCallback
04-03 21:47:21.154  9572  9572 D ObexServerSockets: Succeed to create listening sockets 
04-03 21:47:21.155  9572  9572 D ObexServerSockets2: startAccept()
04-03 21:47:21.155  9572  9572 D ObexServerSockets2: prepareForNewConnect()
04-03 21:47:21.155  9572  9572 D BluetoothSdpJni: sdpCreatePbapPseRecordNative
04-03 21:47:21.155  9572  9572 D BluetoothSdpJni: SDP Create record success - handle: 3
04-03 21:47:21.158  9572  9645 D ObexServerSockets2: Accepting socket connection...
04-03 21:47:21.158  9572  9646 D ObexServerSockets2: Accepting socket connection...
04-03 21:47:21.163  9572  9572 D BluetoothPbapService: PBAP server with handle:3
04-03 21:47:21.164  9572  9572 D BluetoothAdapterProperties: PROFILE_CONNECTION_STATE_CHANGE: profile=1, device=30:C0:1B:21:62:1E, 0 -> 1
04-03 21:47:21.164  9572  9572 D BluetoothAdapterProperties: ADAPTER_CONNECTION_STATE_CHANGE: 30:C0:1B:21:62:1E: 0 -> 1
04-03 21:47:21.166  9572  9572 D A2dpStateMachine: Connection state 30:C0:1B:21:62:1E: 0->1
04-03 21:47:21.168  9572  9572 D BluetoothPhonePolicy: processProfileStateChanged, device=30:C0:1B:21:62:1E, profile=1, 0 -> 1
04-03 21:47:21.168  9572  9572 D BluetoothPhonePolicy: processProfileStateChanged, device=30:C0:1B:21:62:1E, profile=2, 0 -> 1
04-03 21:47:21.168  9572  9572 D BluetoothAdapterProperties: PROFILE_CONNECTION_STATE_CHANGE: profile=2, device=30:C0:1B:21:62:1E, 0 -> 1
04-03 21:47:22.496  9572  9609 W bt_btif : bta_dm_acl_change info: 0x10
04-03 21:47:22.496  9572  9593 D bt_btif_dm: remote version info [30:c0:1b:21:62:1e]: 8, a, 307e
04-03 21:47:22.558  9572  9609 W bt_sdp  : process_service_search_attr_rsp
04-03 21:47:22.565  9572  9609 I bt_stack: [INFO:port_api.cc(123)] RFCOMM_CreateConnection BDA: 30:c0:1b:21:62:1e
04-03 21:47:22.771  9572  9609 W bt_btif : new conn_srvc id:5, app_id:0
04-03 21:47:22.771  9572  9609 W bt_btif : bta_dm_pm_ssr conn_srvc id:5, app_id:0
04-03 21:47:22.771  9572  9609 W bt_btif : bta_dm_pm_ssr ssr:2, lat:1200
04-03 21:47:22.772  9572  9593 I BluetoothHeadsetServiceJni: connection_state_callback
04-03 21:47:22.778  9572  9613 D HeadsetStateMachine: Pending: processConnectionEvent, state=2, device=30:C0:1B:21:62:1E
04-03 21:47:22.855  9572  9613 I BluetoothHeadsetServiceJni: cindResponseNative: sBluetoothHfpInterface: 0x7f16aa3b48
04-03 21:47:22.883  9572  9593 I BluetoothHeadsetServiceJni: connection_state_callback
04-03 21:47:22.884  9572  9593 I bt_btif_queue: queue_int_advance: removing connection request UUID=111F, bd_addr=30:c0:1b:21:62:1e, busy=1
04-03 21:47:22.884  9572  9593 I bt_btif_queue: btif_queue_connect_next: executing connection request UUID=110A, bd_addr=30:c0:1b:21:62:1e, busy=0
04-03 21:47:22.884  9572  9613 D HeadsetStateMachine: Pending: processConnectionEvent, state=3, device=30:C0:1B:21:62:1E
04-03 21:47:22.884  9572  9593 I BluetoothA2dpServiceJni: bta2dp_connection_state_callback
04-03 21:47:22.884  9572  9609 E bt_btif : bta_av_save_addr: reset flags
04-03 21:47:22.885  9572  9613 D HeadsetStateMachine: Pending: added 30:C0:1B:21:62:1E to mConnectedDevicesList, requested by us
04-03 21:47:22.885  9572  9615 D A2dpStateMachine: Pending process message: 101
04-03 21:47:22.886  9572  9615 D A2dpStateMachine: Stack and target device are connecting
04-03 21:47:22.894  9572  9613 D HeadsetStateMachine: configAudioParameters for device:30:C0:1B:21:62:1E are: nrec = 1
04-03 21:47:22.904  9572  9613 D HeadsetStateMachine: Pending: removed CONNECT_TIMEOUT for device=30:C0:1B:21:62:1E
04-03 21:47:22.905  9572  9572 D BluetoothAdapterProperties: PROFILE_CONNECTION_STATE_CHANGE: profile=1, device=30:C0:1B:21:62:1E, 1 -> 2
04-03 21:47:22.905  9572  9572 D BluetoothAdapterProperties: ADAPTER_CONNECTION_STATE_CHANGE: 30:C0:1B:21:62:1E: 1 -> 2
04-03 21:47:22.909  9572  9572 D BluetoothPhonePolicy: processProfileStateChanged, device=30:C0:1B:21:62:1E, profile=1, 1 -> 2
04-03 21:47:22.909  9572  9572 D BluetoothAdapterService: isQuetModeEnabled() - Enabled = false
04-03 21:47:22.940  9572  9609 E bt_btif : bta_av_rc_create ACP handle exist for shdl:0
04-03 21:47:22.940  9572  9609 W bt_btif : bta_dm_rm_cback:0, status:0
04-03 21:47:22.941  9572  9609 W bt_btif : new conn_srvc id:18, app_id:0
04-03 21:47:22.941  9572  9609 W bt_btif : bta_dm_pm_ssr conn_srvc id:5, app_id:0
04-03 21:47:22.941  9572  9609 W bt_btif : bta_dm_pm_ssr conn_srvc id:18, app_id:0
04-03 21:47:22.941  9572  9609 W bt_btif : bta_dm_pm_ssr ssr:2, lat:1200
04-03 21:47:22.943  9572  9593 W bt_btif : btif_av_state_opening_handler: device 30:c0:1b:21:62:1e is already connecting, ignore incoming request
04-03 21:47:22.973  9572  9609 W bt_sdp  : process_service_search_attr_rsp
04-03 21:47:22.991  9572  9613 D HeadsetStateMachine: Starting CLCC response timeout for device: 30:C0:1B:21:62:1E
04-03 21:47:23.039  9572  9613 E HeadsetStateMachine: processVendorSpecificAt: unsupported command: +CSRSF=0,0,0,1,0,0,0
04-03 21:47:23.475  9572  9614 V Avrcp   : updatePlaybackState (1): 0➡0(PlaybackState {state=0, position=-1, buffered position=0, speed=0.0, updated=193547455, actions=0, custom actions=[], active item id=-1, error=null})
04-03 21:47:23.479  9572  9614 I Avrcp   : Skipping update due to invalid playback state
04-03 21:47:23.479  9572  9614 E Avrcp   : play status change 0➡0 mPlayStatusChangedNT: 1
04-03 21:47:23.479  9572  9614 D Avrcp   : sendPlayPosNotificationRsp: Not registered or requesting.
04-03 21:47:23.484  9572  9614 V Avrcp   : MediaController session destroyed
04-03 21:47:23.484  9572  9614 V Avrcp   : updateNewIds: Addressed:1 to 1, Browse:-1 to -1
04-03 21:47:23.485  9572  9614 D Avrcp   : updateCurrentController: MediaController (code.name.monkey.retromusic.debug@bd5f746) null to null
