--------- beginning of main
04-01 16:01:47.170  2849  3294 I bt_core_module: module_start_up Started module "controller_module"
04-01 16:01:47.170  2849  3294 W bt_osi_thread: run_thread: thread id 3294, thread name module_wrapper exited
04-01 16:01:47.170  2849  3292 W bt_btm  : btm_decode_ext_features_page: feature page 1 ignored
04-01 16:01:47.170  2849  3292 W bt_btm  : btm_decode_ext_features_page: feature page 2 ignored
04-01 16:01:47.171  2849  3293 I bt_btm_sec: BTM_SecRegister p_cb_info->p_le_callback == 0x0x7f168cdd2c
04-01 16:01:47.171  2849  3293 I bt_btm_sec: BTM_SecRegister btm_cb.api.p_le_callback = 0x0x7f168cdd2c 
04-01 16:01:47.172  2849  3293 I bt_stack: [INFO:gatt_api.cc(1004)] GATT_Register
04-01 16:01:47.172  2849  3293 I bt_stack: [INFO:gatt_api.cc(1027)] allocated gatt_if=3
04-01 16:01:47.175  2849  3293 I bt_stack: [INFO:ble_advertiser_hci_interface.cc(708)] VSC advertising will be in use
04-01 16:01:47.175  2849  3293 I bt_stack: [INFO:ble_advertiser_hci_interface.cc(259)] QuirkAdvertiserZeroHandle in use
04-01 16:01:47.176  2849  2977 D BluetoothAdapterProperties: BT_PROPERTY_LOCAL_LE_FEATURES: update from BT controller mNumOfAdvertisementInstancesSupported = 10 mRpaOffloadSupported = true mNumOfOffloadedIrkSupported = 8 mNumOfOffloadedScanFilterSupported = 16 mOffloadedScanResultStorageBytes= 10240 mIsActivityAndEnergyReporting = true mVersSupported = 96 mTotNumOfTrackableAdv = 32 mIsExtendedScanSupported = true mIsDebugLogSupported = true mIsLe2MPhySupported = false mIsLeCodedPhySupported = false mIsLeExtendedAdvertisingSupported = false mIsLePeriodicAdvertisingSupported = false mLeMaximumAdvertisingDataLength = 31
04-01 16:01:47.177  2849  2977 E bt_btif_storage: btif_storage_get_adapter_property: Controller ready!
04-01 16:01:47.177  2849  2977 I bt_btif_storage: btif_storage_get_adapter_property service_mask:0x20000000
04-01 16:01:47.178  2849  2977 D BluetoothAdapterProperties: Address is:80:1D:00:33:D8:82
04-01 16:01:47.180  2849  2977 D BluetoothAdapterProperties: Name is: LeEco Le 2
04-01 16:01:47.181  2849  2977 D BluetoothAdapterProperties: Scan Mode:20
04-01 16:01:47.181  2849  2977 D BluetoothAdapterProperties: Discoverable Timeout:120
04-01 16:01:47.181  2849  2977 I bt_btif_core: btif_enable_bluetooth_evt entered: status 0
04-01 16:01:47.181  2849  3340 I bt_osi_thread: run_thread: thread id 3340, thread name btif_sock started
04-01 16:01:47.182  2849  2977 D bt_bte_conf: Device ID record 1 : primary
04-01 16:01:47.182  2849  2977 D bt_bte_conf:   vendorId            = 000f
04-01 16:01:47.182  2849  2977 D bt_bte_conf:   vendorIdSource      = 0001
04-01 16:01:47.182  2849  2977 D bt_bte_conf:   product             = 1200
04-01 16:01:47.182  2849  2977 D bt_bte_conf:   version             = 1436
04-01 16:01:47.182  2849  2977 D bt_bte_conf:   clientExecutableURL = 
04-01 16:01:47.182  2849  2977 D bt_bte_conf:   serviceDescription  = 
04-01 16:01:47.182  2849  2977 D bt_bte_conf:   documentationURL    = 
04-01 16:01:47.182  2849  2977 D bt_bte_conf: bte_load_did_conf no section named DID2.
04-01 16:01:47.182  2849  2977 I bt_btif_core: btif_enable_bluetooth_evt finished
04-01 16:01:47.183  2849  2969 I bt_stack_manager: event_start_up_stack finished
04-01 16:01:47.183  2849  2968 V BluetoothAdapterState: PendingCommand - transient state(s): isBleTurningOn
04-01 16:01:47.183  2849  2968 D BluetoothAdapterState: Current state: PENDING_COMMAND, message: 3
04-01 16:01:47.183  2849  2968 D BluetoothAdapterProperties: Setting state to 15
04-01 16:01:47.183  2849  2968 I BluetoothAdapterState: Bluetooth adapter state changed: 14-> 15
04-01 16:01:47.183  2849  2968 D BluetoothAdapterService: updateAdapterState() - Broadcasting state to 1 receivers.
04-01 16:01:47.184  2849  2968 I BluetoothAdapterState: Entering BleOnState
04-01 16:01:47.187  2849  2968 D BluetoothAdapterState: Current state: BLE ON, message: 1
04-01 16:01:47.187  2849  2968 D BluetoothAdapterProperties: Setting state to 11
04-01 16:01:47.187  2849  2968 I BluetoothAdapterState: Bluetooth adapter state changed: 15-> 11
04-01 16:01:47.187  2849  2968 D BluetoothAdapterService: updateAdapterState() - Broadcasting state to 1 receivers.
04-01 16:01:47.188  2849  2968 D BluetoothAdapterService: startCoreServices()
04-01 16:01:47.188  2849  2968 D BluetoothAdapterService: setProfileServiceState() - Starting service com.android.bluetooth.hfp.HeadsetService
04-01 16:01:47.190  2849  2968 D BluetoothAdapterService: setProfileServiceState() - Starting service com.android.bluetooth.a2dp.A2dpService
04-01 16:01:47.191  2849  2849 D BluetoothAdapterService: getAdapterService() - returning com.android.bluetooth.btservice.AdapterService@f41e0c5
04-01 16:01:47.191  2849  2849 D HeadsetService: Received start request. Starting profile...
04-01 16:01:47.192  2849  2849 I BluetoothHeadsetServiceJni: classInitNative: succeeds
04-01 16:01:47.192  2849  2849 D HeadsetStateMachine: make
04-01 16:01:47.193  2849  2968 D BluetoothAdapterService: setProfileServiceState() - Starting service com.android.bluetooth.hid.HidService
04-01 16:01:47.195  2849  2968 D BluetoothAdapterService: setProfileServiceState() - Starting service com.android.bluetooth.hdp.HealthService
04-01 16:01:47.196  2849  2968 D BluetoothAdapterService: setProfileServiceState() - Starting service com.android.bluetooth.pan.PanService
04-01 16:01:47.197  2849  2968 D BluetoothAdapterService: setProfileServiceState() - Starting service com.android.bluetooth.map.BluetoothMapService
04-01 16:01:47.198  2849  2849 D HeadsetStateMachine: max_hf_connections = 1
04-01 16:01:47.198  2849  2849 D HeadsetStateMachine: in-band_ringing_support = true
04-01 16:01:47.198  2849  2849 I bt_btif : get_profile_interface: id = handsfree
04-01 16:01:47.198  2849  3293 I bt_stack: [INFO:port_api.cc(123)] RFCOMM_CreateConnection BDA: ff:ff:ff:ff:ff:ff
04-01 16:01:47.198  2849  3293 I bt_stack: [INFO:port_api.cc(123)] RFCOMM_CreateConnection BDA: ff:ff:ff:ff:ff:ff
04-01 16:01:47.198  2849  2977 I bt_btif_storage: btif_storage_get_adapter_property service_mask:0x20000040
04-01 16:01:47.199  2849  2977 E bt_btif : btif_hf_upstreams_evt: Invalid index 24014
04-01 16:01:47.199  2849  2968 D BluetoothAdapterService: setProfileServiceState() - Starting service com.android.bluetooth.hfpclient.HeadsetClientService
04-01 16:01:47.200  2849  2849 D BluetoothAdapterService: getAdapterService() - returning com.android.bluetooth.btservice.AdapterService@f41e0c5
04-01 16:01:47.201  2849  2968 D BluetoothAdapterService: setProfileServiceState() - Starting service com.android.bluetooth.avrcpcontroller.AvrcpControllerService
04-01 16:01:47.201  2849  2849 D BluetoothAdapterService: getAdapterService() - returning com.android.bluetooth.btservice.AdapterService@f41e0c5
04-01 16:01:47.202  2849  2849 D A2dpService: Received start request. Starting profile...
04-01 16:01:47.203  2849  2968 D BluetoothAdapterService: setProfileServiceState() - Starting service com.android.bluetooth.sap.SapService
04-01 16:01:47.203  2849  2849 I BluetoothAvrcpServiceJni: classInitNative: succeeds
04-01 16:01:47.203  2849  2849 V Avrcp   : make
04-01 16:01:47.204  2849  2849 I bt_btif : get_profile_interface: id = avrcp
04-01 16:01:47.204  2849  2968 D BluetoothAdapterService: setProfileServiceState() - Starting service com.android.bluetooth.opp.BluetoothOppService
04-01 16:01:47.205  2849  2968 D BluetoothAdapterService: setProfileServiceState() - Starting service com.android.bluetooth.pbap.BluetoothPbapService
04-01 16:01:47.207  2849  2968 I BluetoothAdapterState: Entering PendingCommandState
04-01 16:01:47.214  2849  2849 V Avrcp   : initMediaPlayerInfoList: 0 controllers
04-01 16:01:47.215  2849  2849 V Avrcp   : updatePlaybackState (1): -1➡0(PlaybackState {state=0, position=-1, buffered position=0, speed=0.0, updated=11195, actions=0, custom actions=[], active item id=-1, error=null})
04-01 16:01:47.215  2849  2849 I Avrcp   : Skipping update due to invalid playback state
04-01 16:01:47.215  2849  2849 E Avrcp   : play status change -1➡0 mPlayStatusChangedNT: 1
04-01 16:01:47.215  2849  2849 E bt_btif : register_notification_rsp: Avrcp device is not connected, handle: 0x0
04-01 16:01:47.215  2849  2849 D Avrcp   : sendPlayPosNotificationRsp: Not registered or requesting.
04-01 16:01:47.217  2849  2849 I BluetoothA2dpServiceJni: classInitNative: succeeds
04-01 16:01:47.217  2849  2849 D A2dpStateMachine: make
04-01 16:01:47.217  2849  2849 I bt_btif : get_profile_interface: id = a2dp
04-01 16:01:47.218  2849  3345 I bt_osi_thread: run_thread: thread id 3345, thread name btif_a2dp_source started
04-01 16:01:47.218  2849  2849 D a2dp_codec: init
04-01 16:01:47.218  2849  2977 I bt_btif_storage: btif_storage_get_adapter_property service_mask:0x20000048
04-01 16:01:47.218  2849  3293 I bt_bta_av: AVRCP version used for sdp: "avrcp14"
04-01 16:01:47.218  2849  2977 E bt_btif : btif_sm_dispatch : Invalid handle
04-01 16:01:47.218  2849  2849 D a2dp_codec: createCodec: codec SBC
04-01 16:01:47.218  2849  2849 I a2dp_codec: init: updated SBC codec priority to 1001
04-01 16:01:47.218  2849  2849 D a2dp_codec: createCodec: codec AAC
04-01 16:01:47.218  2849  2849 I a2dp_codec: init: updated AAC codec priority to 2001
04-01 16:01:47.218  2849  2849 D a2dp_codec: createCodec: codec aptX
04-01 16:01:47.218  2849  2977 E bt_btif : btif_sm_dispatch : Invalid handle
04-01 16:01:47.219  2849  2849 E a2dp_vendor_aptx_encoder: A2DP_VendorLoadEncoderAptx: cannot open aptX encoder library libaptX_encoder.so: dlopen failed: library "libaptX_encoder.so" not found
04-01 16:01:47.219  2849  2849 E a2dp_vendor_aptx: init: cannot load the encoder
04-01 16:01:47.219  2849  2849 D a2dp_codec: createCodec: codec aptX-HD
04-01 16:01:47.220  2849  2849 E a2dp_vendor_aptx_hd_encoder: A2DP_VendorLoadEncoderAptxHd: cannot open aptX-HD encoder library libaptXHD_encoder.so: dlopen failed: library "libaptXHD_encoder.so" not found
04-01 16:01:47.220  2849  2849 E a2dp_vendor_aptx_hd: init: cannot load the encoder
04-01 16:01:47.220  2849  2849 D a2dp_codec: createCodec: codec LDAC
04-01 16:01:47.223  2849  2849 I a2dp_codec: init: updated LDAC codec priority to 5001
04-01 16:01:47.223  2849  2849 D a2dp_codec: createCodec: codec SBC SINK
04-01 16:01:47.223  2849  2849 I a2dp_codec: init: initialized Source codec LDAC
04-01 16:01:47.223  2849  2849 I a2dp_codec: init: initialized Source codec AAC
04-01 16:01:47.223  2849  2849 I a2dp_codec: init: initialized Source codec SBC
04-01 16:01:47.223  2849  2849 I a2dp_codec: init: initialized Sink codec SBC(Sink)
04-01 16:01:47.223  2849  2849 W bt_btif : ## ON A2DP IDLE ## peer_sep = 0
04-01 16:01:47.223  2849  2977 E bt_btif : btif_sm_dispatch : Invalid handle
04-01 16:01:47.226  2849  2849 D BluetoothAdapterService: getAdapterService() - returning com.android.bluetooth.btservice.AdapterService@f41e0c5
04-01 16:01:47.227  2849  3344 D A2dpStateMachine: Enter Disconnected: -2
04-01 16:01:47.227  2849  2849 I BluetoothHidServiceJni: classInitNative: succeeds
04-01 16:01:47.229  2849  2849 D BluetoothAdapterService: getAdapterService() - returning com.android.bluetooth.btservice.AdapterService@f41e0c5
04-01 16:01:47.229  2849  2849 D HidService: Received start request. Starting profile...
04-01 16:01:47.230  2849  2849 I bt_btif : get_profile_interface: id = hidhost
04-01 16:01:47.230  2849  2977 I bt_bta_hh: BTA_HhEnable sec_mask:0x36 p_cback:0x7f16933448
04-01 16:01:47.230  2849  2849 D HidService: setHidService(): set to: null
04-01 16:01:47.230  2849  2977 I bt_btif_storage: btif_storage_get_adapter_property service_mask:0x20100048
04-01 16:01:47.230  2849  2849 D BluetoothAdapterService: getAdapterService() - returning com.android.bluetooth.btservice.AdapterService@f41e0c5
04-01 16:01:47.230  2849  3293 I bt_stack: [INFO:gatt_api.cc(1004)] GATT_Register
04-01 16:01:47.230  2849  3293 I bt_stack: [INFO:gatt_api.cc(1027)] allocated gatt_if=4
04-01 16:01:47.230  2849  2849 I BluetoothHealthServiceJni: classInitNative: succeeds
04-01 16:01:47.231  2849  2849 D BluetoothAdapterService: getAdapterService() - returning com.android.bluetooth.btservice.AdapterService@f41e0c5
04-01 16:01:47.231  2849  2849 D HealthService: Received start request. Starting profile...
04-01 16:01:47.232  2849  2849 I bt_btif : get_profile_interface: id = health
04-01 16:01:47.232  2849  2849 D BluetoothAdapterService: getAdapterService() - returning com.android.bluetooth.btservice.AdapterService@f41e0c5
04-01 16:01:47.233  2849  2849 I BluetoothPanServiceJni: classInitNative(L111): succeeds
04-01 16:01:47.234  2849  2849 D BluetoothAdapterService: getAdapterService() - returning com.android.bluetooth.btservice.AdapterService@f41e0c5
04-01 16:01:47.234  2849  2849 D PanService: Received start request. Starting profile...
04-01 16:01:47.234  2849  2849 D BluetoothPanServiceJni: initializeNative(L116): pan
04-01 16:01:47.234  2849  2849 I bt_btif : get_profile_interface: id = pan
04-01 16:01:47.235  2849  2849 D BluetoothAdapterService: getAdapterService() - returning com.android.bluetooth.btservice.AdapterService@f41e0c5
04-01 16:01:47.235  2849  2977 D BluetoothPanServiceJni: control_state_callback(L63): state:0, local_role:3, ifname:bt-pan
04-01 16:01:47.237  2849  2849 D BluetoothAdapterService: getAdapterService() - returning com.android.bluetooth.btservice.AdapterService@f41e0c5
04-01 16:01:47.238  2849  2849 D BluetoothMapService: Received start request. Starting profile...
04-01 16:01:47.238  2849  2849 D BluetoothMapService: start()
04-01 16:01:47.241  2849  2849 D BluetoothMapAccountLoader: Found 0 application(s) with intent android.bluetooth.action.BLUETOOTH_MAP_PROVIDER
04-01 16:01:47.242  2849  2849 D BluetoothMapAccountLoader: Found 0 application(s) with intent android.bluetooth.action.BLUETOOTH_MAP_IM_PROVIDER
04-01 16:01:47.242  2849  2849 D BluetoothMapAppObserver: createReceiver()
04-01 16:01:47.243  2849  2849 D BluetoothMapAppObserver: initObservers()
04-01 16:01:47.243  2849  2849 D BluetoothMapAppObserver: getEnabledAccountItems()
04-01 16:01:47.244  2849  2849 D BluetoothAdapterService: getAdapterService() - returning com.android.bluetooth.btservice.AdapterService@f41e0c5
04-01 16:01:47.244  2849  2849 D BluetoothAdapterService: handleMessage() - Message: 1
04-01 16:01:47.244  2849  2849 D BluetoothAdapterService: handleMessage() - MESSAGE_PROFILE_SERVICE_STATE_CHANGED
04-01 16:01:47.244  2849  2849 D BluetoothAdapterService: processProfileServiceStateChanged() - serviceName=com.android.bluetooth.hfp.HeadsetService isTurningOn=true isTurningOff=false isBleTurningOn=false isBleTurningOff=false
04-01 16:01:47.244  2849  3341 D HeadsetPhoneState: sendDeviceStateChanged. mService=0 mIsSimStateLoaded=false mSignal=0 mRoam=0 mBatteryCharge=3
04-01 16:01:47.245  2849  2849 D BluetoothAdapterService: onProfileServiceStateChange() - Profile still not running:com.android.bluetooth.a2dp.A2dpService
04-01 16:01:47.245  2849  2849 I BluetoothHeadsetClientServiceJni: classInitNative succeeds
04-01 16:01:47.246  2849  2849 D BluetoothAdapterService: getAdapterService() - returning com.android.bluetooth.btservice.AdapterService@f41e0c5
04-01 16:01:47.246  2849  2849 D HeadsetClientService: Received start request. Starting profile...
04-01 16:01:47.246  2849  2849 D BluetoothHeadsetClientServiceJni: initializeNative: HfpClient
04-01 16:01:47.246  2849  2849 I bt_btif : get_profile_interface: id = handsfree_client
04-01 16:01:47.247  2849  2977 I bt_stack: [INFO:port_api.cc(123)] RFCOMM_CreateConnection BDA: ff:ff:ff:ff:ff:ff
04-01 16:01:47.247  2849  2977 I bt_btif_storage: btif_storage_get_adapter_property service_mask:0x21100048
04-01 16:01:47.250  2849  2849 D BluetoothHeadsetClientServiceJni: initializeNative: HfpClient
04-01 16:01:47.250  2849  2849 W BluetoothHeadsetClientServiceJni: Cleaning up Bluetooth HFP Client Interface before initializing
04-01 16:01:47.250  2849  2849 W BluetoothHeadsetClientServiceJni: Cleaning up Bluetooth HFP Client callback object
04-01 16:01:47.250  2849  2849 I bt_btif : get_profile_interface: id = handsfree_client
04-01 16:01:47.250  2849  2977 I bt_btif_queue: queue_int_cleanup: UUID=111E
04-01 16:01:47.250  2849  2849 D BluetoothAdapterService: getAdapterService() - returning com.android.bluetooth.btservice.AdapterService@f41e0c5
04-01 16:01:47.250  2849  2849 I BluetoothAvrcpControllerJni: classInitNative: succeeds
04-01 16:01:47.250  2849  2977 I bt_btif_storage: btif_storage_get_adapter_property service_mask:0x21100048
04-01 16:01:47.251  2849  2849 I bt_btif : get_profile_interface: id = avrcp_ctrl
04-01 16:01:47.251  2849  2977 I bt_stack: [INFO:port_api.cc(123)] RFCOMM_CreateConnection BDA: ff:ff:ff:ff:ff:ff
04-01 16:01:47.251  2849  2977 I bt_btif_storage: btif_storage_get_adapter_property service_mask:0x21100048
04-01 16:01:47.251  2849  2849 D BluetoothAdapterService: getAdapterService() - returning com.android.bluetooth.btservice.AdapterService@f41e0c5
04-01 16:01:47.252  2849  2849 D AvrcpControllerService: Received start request. Starting profile...
04-01 16:01:47.261  2849  2849 D AvrcpControllerService: setAvrcpControllerService(): set to: null
04-01 16:01:47.261  2849  2849 D BluetoothAdapterService: getAdapterService() - returning com.android.bluetooth.btservice.AdapterService@f41e0c5
04-01 16:01:47.263  2849  2849 V SapService: SapBinder()
04-01 16:01:47.263  2849  2849 D BluetoothAdapterService: getAdapterService() - returning com.android.bluetooth.btservice.AdapterService@f41e0c5
04-01 16:01:47.264  2849  2849 D SapService: Received start request. Starting profile...
04-01 16:01:47.264  2849  2849 V SapService: start()
04-01 16:01:47.265  2849  2849 D BluetoothAdapterService: getAdapterService() - returning com.android.bluetooth.btservice.AdapterService@f41e0c5
04-01 16:01:47.273  2849  2849 D BluetoothAdapterService: getAdapterService() - returning com.android.bluetooth.btservice.AdapterService@f41e0c5
04-01 16:01:47.274  2849  2849 D BluetoothOppService: Received start request. Starting profile...
04-01 16:01:47.274  2849  2849 D BluetoothAdapterService: getAdapterService() - returning com.android.bluetooth.btservice.AdapterService@f41e0c5
04-01 16:01:47.276  2849  2849 V BluetoothPbapService: PbapBinder()
04-01 16:01:47.278  2849  2849 D BluetoothAdapterService: getAdapterService() - returning com.android.bluetooth.btservice.AdapterService@f41e0c5
04-01 16:01:47.279  2849  2849 D BluetoothPbapService: Received start request. Starting profile...
04-01 16:01:47.279  2849  2849 V BluetoothPbapService: start()
04-01 16:01:47.282  2849  2849 D BluetoothPbapService: Registering observer
04-01 16:01:47.286  2849  2849 D BluetoothAdapterService: getAdapterService() - returning com.android.bluetooth.btservice.AdapterService@f41e0c5
04-01 16:01:47.287  2849  2849 D BluetoothAdapterService: handleMessage() - Message: 1
04-01 16:01:47.287  2849  2849 D BluetoothAdapterService: handleMessage() - MESSAGE_PROFILE_SERVICE_STATE_CHANGED
04-01 16:01:47.288  2849  2849 D BluetoothAdapterService: processProfileServiceStateChanged() - serviceName=com.android.bluetooth.a2dp.A2dpService isTurningOn=true isTurningOff=false isBleTurningOn=false isBleTurningOff=false
04-01 16:01:47.288  2849  2849 D BluetoothAdapterService: onProfileServiceStateChange() - Profile still not running:com.android.bluetooth.map.BluetoothMapService
04-01 16:01:47.288  2849  2849 D BluetoothAdapterService: handleMessage() - Message: 1
04-01 16:01:47.288  2849  2849 D BluetoothAdapterService: handleMessage() - MESSAGE_PROFILE_SERVICE_STATE_CHANGED
04-01 16:01:47.288  2849  2849 D BluetoothAdapterService: processProfileServiceStateChanged() - serviceName=com.android.bluetooth.hid.HidService isTurningOn=true isTurningOff=false isBleTurningOn=false isBleTurningOff=false
04-01 16:01:47.288  2849  2849 D BluetoothAdapterService: onProfileServiceStateChange() - Profile still not running:com.android.bluetooth.map.BluetoothMapService
04-01 16:01:47.288  2849  2849 D BluetoothAdapterService: handleMessage() - Message: 1
04-01 16:01:47.289  2849  2849 D BluetoothAdapterService: handleMessage() - MESSAGE_PROFILE_SERVICE_STATE_CHANGED
04-01 16:01:47.289  2849  2849 D BluetoothAdapterService: processProfileServiceStateChanged() - serviceName=com.android.bluetooth.hdp.HealthService isTurningOn=true isTurningOff=false isBleTurningOn=false isBleTurningOff=false
04-01 16:01:47.289  2849  2849 D BluetoothAdapterService: onProfileServiceStateChange() - Profile still not running:com.android.bluetooth.map.BluetoothMapService
04-01 16:01:47.289  2849  2849 D BluetoothAdapterService: handleMessage() - Message: 1
04-01 16:01:47.289  2849  2849 D BluetoothAdapterService: handleMessage() - MESSAGE_PROFILE_SERVICE_STATE_CHANGED
04-01 16:01:47.289  2849  2849 D BluetoothAdapterService: processProfileServiceStateChanged() - serviceName=com.android.bluetooth.pan.PanService isTurningOn=true isTurningOff=false isBleTurningOn=false isBleTurningOff=false
04-01 16:01:47.289  2849  2849 D BluetoothAdapterService: onProfileServiceStateChange() - Profile still not running:com.android.bluetooth.map.BluetoothMapService
04-01 16:01:47.289  2849  2849 D BluetoothAdapterService: handleMessage() - Message: 1
04-01 16:01:47.289  2849  2849 D BluetoothAdapterService: handleMessage() - MESSAGE_PROFILE_SERVICE_STATE_CHANGED
04-01 16:01:47.289  2849  2849 D BluetoothAdapterService: processProfileServiceStateChanged() - serviceName=com.android.bluetooth.map.BluetoothMapService isTurningOn=true isTurningOff=false isBleTurningOn=false isBleTurningOff=false
04-01 16:01:47.290  2849  2849 D BluetoothAdapterService: onProfileServiceStateChange() - Profile still not running:com.android.bluetooth.avrcpcontroller.AvrcpControllerService
04-01 16:01:47.290  2849  2849 D BluetoothAdapterService: handleMessage() - Message: 1
04-01 16:01:47.290  2849  2849 D BluetoothAdapterService: handleMessage() - MESSAGE_PROFILE_SERVICE_STATE_CHANGED
04-01 16:01:47.290  2849  2849 D BluetoothAdapterService: processProfileServiceStateChanged() - serviceName=com.android.bluetooth.hfpclient.HeadsetClientService isTurningOn=true isTurningOff=false isBleTurningOn=false isBleTurningOff=false
04-01 16:01:47.290  2849  2849 D BluetoothAdapterService: onProfileServiceStateChange() - Profile still not running:com.android.bluetooth.avrcpcontroller.AvrcpControllerService
04-01 16:01:47.290  2849  2849 D BluetoothAdapterService: handleMessage() - Message: 1
04-01 16:01:47.290  2849  2849 D BluetoothAdapterService: handleMessage() - MESSAGE_PROFILE_SERVICE_STATE_CHANGED
04-01 16:01:47.290  2849  2849 D BluetoothAdapterService: processProfileServiceStateChanged() - serviceName=com.android.bluetooth.avrcpcontroller.AvrcpControllerService isTurningOn=true isTurningOff=false isBleTurningOn=false isBleTurningOff=false
04-01 16:01:47.290  2849  2849 D BluetoothAdapterService: onProfileServiceStateChange() - Profile still not running:com.android.bluetooth.sap.SapService
04-01 16:01:47.292  2849  2849 D BluetoothAdapterService: handleMessage() - Message: 1
04-01 16:01:47.292  2849  2849 D BluetoothAdapterService: handleMessage() - MESSAGE_PROFILE_SERVICE_STATE_CHANGED
04-01 16:01:47.293  2849  2849 D BluetoothAdapterService: processProfileServiceStateChanged() - serviceName=com.android.bluetooth.sap.SapService isTurningOn=true isTurningOff=false isBleTurningOn=false isBleTurningOff=false
04-01 16:01:47.293  2849  2849 D BluetoothAdapterService: onProfileServiceStateChange() - Profile still not running:com.android.bluetooth.pbap.BluetoothPbapService
04-01 16:01:47.294  2849  2849 D BluetoothAdapterService: handleMessage() - Message: 1
04-01 16:01:47.294  2849  2849 D BluetoothAdapterService: handleMessage() - MESSAGE_PROFILE_SERVICE_STATE_CHANGED
04-01 16:01:47.295  2849  2849 D BluetoothAdapterService: processProfileServiceStateChanged() - serviceName=com.android.bluetooth.opp.BluetoothOppService isTurningOn=true isTurningOff=false isBleTurningOn=false isBleTurningOff=false
04-01 16:01:47.295  2849  2849 D BluetoothAdapterService: onProfileServiceStateChange() - Profile still not running:com.android.bluetooth.pbap.BluetoothPbapService
04-01 16:01:47.298  2849  2849 D BluetoothAdapterService: handleMessage() - Message: 1
04-01 16:01:47.298  2849  2849 D BluetoothAdapterService: handleMessage() - MESSAGE_PROFILE_SERVICE_STATE_CHANGED
04-01 16:01:47.299  2849  2849 D BluetoothAdapterService: processProfileServiceStateChanged() - serviceName=com.android.bluetooth.pbap.BluetoothPbapService isTurningOn=true isTurningOff=false isBleTurningOn=false isBleTurningOff=false
04-01 16:01:47.299  2849  2849 D BluetoothAdapterService: onProfileServiceStateChange() - All profile services started.
04-01 16:01:47.299  2849  2968 V BluetoothAdapterState: PendingCommand - transient state(s): isTurningOn
04-01 16:01:47.300  2849  2968 D BluetoothAdapterState: Current state: PENDING_COMMAND, message: 2
04-01 16:01:47.300  2849  2968 D BluetoothAdapterProperties: onBluetoothReady, state=11, ScanMode=20
04-01 16:01:47.300  2849  2968 D BluetoothAdapterProperties: Setting state to 12
04-01 16:01:47.300  2849  2968 I BluetoothAdapterState: Bluetooth adapter state changed: 11-> 12
04-01 16:01:47.300  2849  2968 D BluetoothAdapterService: updateAdapterState() - Broadcasting state to 1 receivers.
04-01 16:01:47.301  2849  2968 I BluetoothAdapterState: Entering OnState
04-01 16:01:47.302  2849  2968 D BluetoothAdapterService: updateUuids() - Updating UUIDs for bonded devices
04-01 16:01:47.302  2849  2977 D BluetoothAdapterProperties: Scan Mode:21
04-01 16:01:47.302  2849  2977 D BluetoothAdapterProperties: Discoverable Timeout:120
04-01 16:01:47.306  2849  2849 D BluetoothAdapterService: isQuetModeEnabled() - Enabled = false
04-01 16:01:47.306  2849  2849 D BluetoothPhonePolicy: autoConnect() - Initiate auto connection on BT on...
04-01 16:01:47.308  2849  2849 D BluetoothMapService: onReceive
04-01 16:01:47.308  2849  2849 D BluetoothMapService: onReceive: android.bluetooth.adapter.action.STATE_CHANGED
04-01 16:01:47.308  2849  2849 D BluetoothMapService: STATE_ON
04-01 16:01:47.312  2849  2849 D BluetoothPbapService: action: android.bluetooth.adapter.action.STATE_CHANGED
04-01 16:01:47.312  2849  2849 D BluetoothPbapService: state: 12
04-01 16:01:47.313  2849  2849 D BtOppService: start Socket Listeners
04-01 16:01:47.313  2849  2849 D BtOppService: stopListeners   mServerSocket :null
04-01 16:01:47.314  2849  2849 D ObexServerSockets: create(rfcomm = -2, l2capPsm = -2)
04-01 16:01:47.316  2849  2849 W BluetoothAdapter: getBluetoothService() called with no BluetoothManagerCallback
04-01 16:01:47.317  2849  3375 W BluetoothAdapter: getBluetoothService() called with no BluetoothManagerCallback
04-01 16:01:47.318  2849  3293 I bt_stack: [INFO:port_api.cc(123)] RFCOMM_CreateConnection BDA: ff:ff:ff:ff:ff:ff
04-01 16:01:47.318  2849  2849 W BluetoothAdapter: getBluetoothService() called with no BluetoothManagerCallback
04-01 16:01:47.318  2849  3293 I bt_stack: [INFO:port_api.cc(123)] RFCOMM_CreateConnection BDA: ff:ff:ff:ff:ff:ff
04-01 16:01:47.318  2849  3375 D BluetoothSdpJni: sdpCreateSapsRecordNative
04-01 16:01:47.318  2849  3375 D BluetoothSdpJni: SDP Create record success - handle: 0
04-01 16:01:47.320  2849  2849 D ObexServerSockets: Succeed to create listening sockets 
04-01 16:01:47.320  2849  2849 D ObexServerSockets0: startAccept()
04-01 16:01:47.320  2849  2849 D ObexServerSockets0: prepareForNewConnect()
04-01 16:01:47.321  2849  3377 D ObexServerSockets0: Accepting socket connection...
04-01 16:01:47.321  2849  2849 D BluetoothSdpJni: sdpCreateOppOpsRecordNative
04-01 16:01:47.321  2849  2849 D BluetoothSdpJni: SDP Create record success - handle: 1
04-01 16:01:47.321  2849  2849 D BtOppService: mOppSdpHandle :1
04-01 16:01:47.322  2849  2849 D BluetoothPbapService: startsocketListener
04-01 16:01:47.322  2849  2849 D ObexServerSockets: create(rfcomm = -2, l2capPsm = -2)
04-01 16:01:47.323  2849  2849 W BluetoothAdapter: getBluetoothService() called with no BluetoothManagerCallback
04-01 16:01:47.323  2849  3378 D ObexServerSockets0: Accepting socket connection...
04-01 16:01:47.325  2849  3293 I bt_stack: [INFO:port_api.cc(123)] RFCOMM_CreateConnection BDA: ff:ff:ff:ff:ff:ff
04-01 16:01:47.326  2849  2849 W BluetoothAdapter: getBluetoothService() called with no BluetoothManagerCallback
04-01 16:01:47.327  2849  2849 D ObexServerSockets: Succeed to create listening sockets 
04-01 16:01:47.328  2849  2849 D ObexServerSockets1: startAccept()
04-01 16:01:47.328  2849  2849 D ObexServerSockets1: prepareForNewConnect()
04-01 16:01:47.328  2849  2849 D BluetoothSdpJni: sdpCreatePbapPseRecordNative
04-01 16:01:47.328  2849  3379 D ObexServerSockets1: Accepting socket connection...
04-01 16:01:47.328  2849  2849 D BluetoothSdpJni: SDP Create record success - handle: 2
04-01 16:01:47.328  2849  3380 D ObexServerSockets1: Accepting socket connection...
04-01 16:01:47.329  2849  3357 D BluetoothMapMasInstance0: Map Service startRfcommSocketListener
04-01 16:01:47.329  2849  3357 D ObexServerSockets: create(rfcomm = -2, l2capPsm = -2)
04-01 16:01:47.329  2849  3357 W BluetoothAdapter: getBluetoothService() called with no BluetoothManagerCallback
04-01 16:01:47.331  2849  3293 I bt_stack: [INFO:port_api.cc(123)] RFCOMM_CreateConnection BDA: ff:ff:ff:ff:ff:ff
04-01 16:01:47.331  2849  2849 D BluetoothPbapService: PBAP server with handle:2
04-01 16:01:47.331  2849  3357 W BluetoothAdapter: getBluetoothService() called with no BluetoothManagerCallback
04-01 16:01:47.332  2849  3357 D ObexServerSockets: Succeed to create listening sockets 
04-01 16:01:47.332  2849  3357 D ObexServerSockets2: startAccept()
04-01 16:01:47.332  2849  3357 D ObexServerSockets2: prepareForNewConnect()
04-01 16:01:47.333  2849  3357 D BluetoothSdpJni: sdpCreateMapMasRecordNative
04-01 16:01:47.333  2849  3357 D BluetoothSdpJni: SDP Create record success - handle: 3
04-01 16:01:47.333  2849  3384 D ObexServerSockets2: Accepting socket connection...
04-01 16:01:47.334  2849  3383 D ObexServerSockets2: Accepting socket connection...
04-01 16:01:52.941  2849  2849 D BluetoothOppFileProvider: Initialized
04-01 16:01:52.990  2849  2849 D Avrcp   : User unlocked, initializing player lists
04-01 16:01:52.991  2849  2849 V Avrcp   : updatePlaybackState (1): 0➡0(PlaybackState {state=0, position=-1, buffered position=0, speed=0.0, updated=16971, actions=0, custom actions=[], active item id=-1, error=null})
04-01 16:01:52.991  2849  2849 I Avrcp   : Skipping update due to invalid playback state
04-01 16:01:52.991  2849  2849 E Avrcp   : play status change 0➡0 mPlayStatusChangedNT: 1
04-01 16:01:52.991  2849  2849 D Avrcp   : sendPlayPosNotificationRsp: Not registered or requesting.
04-01 16:17:46.708  2849  3341 D HeadsetPhoneState: sendDeviceStateChanged. mService=0 mIsSimStateLoaded=false mSignal=0 mRoam=0 mBatteryCharge=4
04-01 16:37:42.996  2849  3341 D HeadsetPhoneState: sendDeviceStateChanged. mService=0 mIsSimStateLoaded=false mSignal=0 mRoam=0 mBatteryCharge=5
04-01 22:14:39.343  2849  3341 D HeadsetPhoneState: sendDeviceStateChanged. mService=0 mIsSimStateLoaded=false mSignal=0 mRoam=0 mBatteryCharge=4
04-01 22:14:40.796  2849  3341 D HeadsetPhoneState: sendDeviceStateChanged. mService=0 mIsSimStateLoaded=false mSignal=0 mRoam=0 mBatteryCharge=5
04-01 22:57:44.003  2849  3341 D HeadsetPhoneState: sendDeviceStateChanged. mService=0 mIsSimStateLoaded=false mSignal=0 mRoam=0 mBatteryCharge=4
04-03 05:01:02.833  2849  3341 D HeadsetPhoneState: sendDeviceStateChanged. mService=0 mIsSimStateLoaded=false mSignal=0 mRoam=0 mBatteryCharge=3
04-03 13:02:45.603  2849  2977 D BluetoothAdapterProperties: Discoverable Timeout:120
04-03 13:02:45.605  2849  2977 D BluetoothAdapterProperties: Scan Mode:23
04-03 13:03:05.644  2849  3293 W bt_btif : bta_dm_acl_change info: 0x10
04-03 13:03:05.645  2849  2977 D bt_btif_dm: remote version info [a0:a4:c5:68:0f:dc]: 0, 0, 0
04-03 13:03:05.648  2849  2977 E BluetoothRemoteDevices: aclStateChangeCallback: device is NULL, address=A0:A4:C5:68:0F:DC, newState=0
04-03 13:03:06.050  2849  2977 D bt_btif_config: btif_get_device_type: Device [a0:a4:c5:68:0f:dc] type 1
04-03 13:03:06.050  2849  2977 I bt_btif_dm: get_cod remote_cod = 0x000c010c
04-03 13:03:06.051  2849  2977 I BluetoothBondStateMachine: bondStateChangeCallback: Status: 0 Address: A0:A4:C5:68:0F:DC newState: 1
04-03 13:03:06.051  2849  2977 I bt_btif_dm: get_cod remote_cod = 0x000c010c
04-03 13:03:06.056  2849  3232 I BluetoothBondStateMachine: Bond State Change Intent:A0:A4:C5:68:0F:DC OldState: 10 NewState: 11
04-03 13:03:06.056  2849  3232 I BluetoothBondStateMachine: Entering PendingCommandState State
04-03 13:03:06.875  2849  2977 D bt_btif_config: btif_get_device_type: Device [a0:a4:c5:68:0f:dc] type 1
04-03 13:03:06.875  2849  2977 I bt_btif_dm: get_cod remote_cod = 0x000c010c
04-03 13:03:06.876  2849  2977 I BluetoothBondStateMachine: bondStateChangeCallback: Status: 0 Address: A0:A4:C5:68:0F:DC newState: 0
04-03 13:03:06.878  2849  3232 D BluetoothAdapterProperties: Failed to remove device: A0:A4:C5:68:0F:DC
04-03 13:03:06.881  2849  3232 I BluetoothBondStateMachine: Bond State Change Intent:A0:A4:C5:68:0F:DC OldState: 11 NewState: 10
04-03 13:03:06.885  2849  3293 W bt_smp  : for SMP over BR max_key_size: 0x10, local_i_key: 0x07, local_r_key: 0x07, p_cb->loc_auth_req: 0x21
04-03 13:03:06.885  2849  3293 W bt_smp  : AES128_CMAC started, allocate buffer size = 16
04-03 13:03:06.886  2849  3293 W bt_smp  : flag = 1 round = 1
04-03 13:03:06.886  2849  3293 W bt_smp  : AES128_CMAC started, allocate buffer size = 16
04-03 13:03:06.886  2849  3293 W bt_smp  : flag = 0 round = 1
04-03 13:03:06.886  2849  3293 W bt_smp  : smp_send_id_info
04-03 13:03:06.887  2849  3293 W bt_l2cap: L2CAP ignoring duplicate echo request (0)
04-03 13:03:06.886  2849  2977 D bt_btif_config: btif_get_device_type: Device [a0:a4:c5:68:0f:dc] type 1
04-03 13:03:06.888  2849  2977 I bt_btif_dm: get_cod remote_cod = 0x000c010c
04-03 13:03:06.891  2849  2977 I BluetoothBondStateMachine: bondStateChangeCallback: Status: 0 Address: A0:A4:C5:68:0F:DC newState: 1
04-03 13:03:06.892  2849  3232 D HidService: getHidService(): returning com.android.bluetooth.hid.HidService@1a10e7e
04-03 13:03:06.892  2849  3239 W bt_hci_packet_fragmenter: reassemble_and_dispatch got packet which would exceed expected length of 84. Truncating.
04-03 13:03:06.893  2849  3293 F bt_stack: [FATAL:allocation_tracker.cc(161)] Check failed: end_canary[i] == canary[i]. 
04-03 13:03:06.893  2849  3232 D A2dpSinkService: getA2dpSinkService(): service is NULL
--------- beginning of crash
04-03 13:03:06.894  2849  3293 F libc    : Fatal signal 6 (SIGABRT), code -6 in tid 3293 (btu message loo), pid 2849 (droid.bluetooth)
04-03 13:03:06.915  2849  3232 D HidService: Saved priority A0:A4:C5:68:0F:DC = -1
04-03 13:03:06.931  2849  3232 I BluetoothBondStateMachine: StableState(): Entering Off State
04-03 13:03:06.936  2849  3232 I BluetoothBondStateMachine: Bond State Change Intent:A0:A4:C5:68:0F:DC OldState: 10 NewState: 11
04-03 13:03:06.936  2849  3232 I BluetoothBondStateMachine: Entering PendingCommandState State
