--------- beginning of main
04-01 18:05:02.050  5429  5429 D BluetoothOppFileProvider: Initialized
04-01 18:05:02.081  5429  5429 D AdapterServiceConfig: Adding HeadsetService
04-01 18:05:02.084  5429  5429 D AdapterServiceConfig: Adding A2dpService
04-01 18:05:02.084  5429  5429 D AdapterServiceConfig: Adding HidService
04-01 18:05:02.084  5429  5429 D AdapterServiceConfig: Adding HealthService
04-01 18:05:02.084  5429  5429 D AdapterServiceConfig: Adding PanService
04-01 18:05:02.085  5429  5429 D AdapterServiceConfig: Adding GattService
04-01 18:05:02.085  5429  5429 D AdapterServiceConfig: Adding BluetoothMapService
04-01 18:05:02.085  5429  5429 D AdapterServiceConfig: Adding HeadsetClientService
04-01 18:05:02.085  5429  5429 D AdapterServiceConfig: Adding AvrcpControllerService
04-01 18:05:02.086  5429  5429 D AdapterServiceConfig: Adding SapService
04-01 18:05:02.086  5429  5429 W AdapterServiceConfig: Could not find profile bit mask
04-01 18:05:02.086  5429  5429 D AdapterServiceConfig: Adding BluetoothOppService
04-01 18:05:02.086  5429  5429 W AdapterServiceConfig: Could not find profile bit mask
04-01 18:05:02.086  5429  5429 D AdapterServiceConfig: Adding BluetoothPbapService
04-01 18:05:02.114  5429  5429 D BluetoothAdapterService: onCreate()
04-01 18:05:02.121  5429  5429 D BluetoothAdapterState: make() - Creating AdapterState
04-01 18:05:02.123  5429  5429 I bt_btif : init
04-01 18:05:02.123  5429  5444 I BluetoothAdapterState: Entering OffState
04-01 18:05:02.124  5429  5429 D bt_osi_allocation_tracker: canary initialized
04-01 18:05:02.124  5429  5445 I bt_osi_thread: run_thread: thread id 5445, thread name stack_manager started
04-01 18:05:02.124  5429  5445 I bt_stack_manager: event_init_stack is initializing the stack
04-01 18:05:02.127  5429  5448 I bt_osi_thread: run_thread: thread id 5448, thread name alarm_default_ca started
04-01 18:05:02.128  5429  5449 I bt_osi_thread: run_thread: thread id 5449, thread name alarm_dispatcher started
04-01 18:05:02.131  5429  5445 I bt_btif_core: btif_init_bluetooth entered
04-01 18:05:02.132  5429  5445 I bt_stack_config: init attempt to load stack conf from /etc/bluetooth/bt_stack.conf
04-01 18:05:02.133  5429  5450 I bt_osi_thread: run_thread: thread id 5450, thread name bt_jni_workqueue started
04-01 18:05:02.134  5429  5445 I bt_btif_core: btif_init_bluetooth finished
04-01 18:05:02.134  5429  5445 I bt_stack_manager: event_init_stack finished
04-01 18:05:02.134  5429  5450 I bt_btif_core: run_message_loop entered
04-01 18:05:02.134  5429  5429 I bt_osi_wakelock: wakelock_set_os_callouts set to non-native
04-01 18:05:02.134  5429  5429 I bt_btif : get_profile_interface: id = socket
04-01 18:05:02.134  5429  5429 W bt_btif : do_in_jni_thread: Dropped message, message_loop not initialized yet!
04-01 18:05:02.138  5429  5450 D BluetoothAdapterProperties: Name is: LeEco Le 2
04-01 18:05:02.138  5429  5429 I bt_btif : get_profile_interface: id = sdp
04-01 18:05:02.143  5429  5429 I BluetoothAdapterService: Phone policy enabled
04-01 18:05:02.146  5429  5429 D BluetoothAdapterService: setAdapterService() - set to: null
04-01 18:05:02.147  5429  5429 D BluetoothAdapterService: onBind()
04-01 18:05:02.159  5429  5442 D BluetoothAdapterService: enable() - Enable called with quiet mode status =  false
04-01 18:05:02.160  5429  5444 D BluetoothAdapterState: Current state: OFF, message: 0
04-01 18:05:02.160  5429  5444 D BluetoothAdapterProperties: Setting state to 14
04-01 18:05:02.160  5429  5444 I BluetoothAdapterState: Bluetooth adapter state changed: 10-> 14
04-01 18:05:02.160  5429  5444 D BluetoothAdapterService: updateAdapterState() - Broadcasting state to 1 receivers.
04-01 18:05:02.161  5429  5444 D BluetoothAdapterService: BleOnProcessStart()
04-01 18:05:02.165  5429  5444 D BluetoothAdapterService: BleOnProcessStart() - Make Bond State Machine
04-01 18:05:02.165  5429  5444 D BluetoothBondStateMachine: make
04-01 18:05:02.167  5429  5456 I BluetoothBondStateMachine: StableState(): Entering Off State
04-01 18:05:02.168  5429  5444 D BluetoothAdapterService: setProfileServiceState() - Starting service com.android.bluetooth.gatt.GattService
04-01 18:05:02.171  5429  5444 I BluetoothAdapterState: Entering PendingCommandState
04-01 18:05:02.173  5429  5429 I BtGatt.JNI: classInitNative(L871): classInitNative: Success!
04-01 18:05:02.174  5429  5429 D BtGatt.DebugUtils: handleDebugAction() action=null
04-01 18:05:02.174  5429  5429 D BluetoothAdapterService: getAdapterService() - returning com.android.bluetooth.btservice.AdapterService@bbca5
04-01 18:05:02.175  5429  5429 D BtGatt.GattService: Received start request. Starting profile...
04-01 18:05:02.175  5429  5429 I bt_btif : get_profile_interface: id = gatt
04-01 18:05:02.177  5429  5429 D BluetoothAdapterService: getAdapterService() - returning com.android.bluetooth.btservice.AdapterService@bbca5
04-01 18:05:02.186  5429  5429 I chatty  : uid=1002(bluetooth) com.android.bluetooth identical 1 line
04-01 18:05:02.186  5429  5429 D BluetoothAdapterService: getAdapterService() - returning com.android.bluetooth.btservice.AdapterService@bbca5
04-01 18:05:02.189  5429  5429 D BluetoothAdapterService: handleMessage() - Message: 1
04-01 18:05:02.189  5429  5429 D BluetoothAdapterService: handleMessage() - MESSAGE_PROFILE_SERVICE_STATE_CHANGED
04-01 18:05:02.189  5429  5429 D BluetoothAdapterService: processProfileServiceStateChanged() - serviceName=com.android.bluetooth.gatt.GattService isTurningOn=false isTurningOff=false isBleTurningOn=true isBleTurningOff=false
04-01 18:05:02.189  5429  5429 D BluetoothAdapterService: GattService is started
04-01 18:05:02.190  5429  5444 V BluetoothAdapterState: PendingCommand - transient state(s): isBleTurningOn
04-01 18:05:02.191  5429  5444 D BluetoothAdapterState: Current state: PENDING_COMMAND, message: 4
04-01 18:05:02.193  5429  5444 I bt_btif : enable: start restricted = 0
04-01 18:05:02.194  5429  5445 I bt_stack_manager: event_start_up_stack is bringing up the stack
04-01 18:05:02.194  5429  5445 I bt_core_module: module_start_up Starting module "btif_config_module"
04-01 18:05:02.194  5429  5445 I bt_core_module: module_start_up Started module "btif_config_module"
04-01 18:05:02.194  5429  5445 I bt_core_module: module_start_up Starting module "btsnoop_module"
04-01 18:05:02.194  5429  5445 I bt_core_module: module_start_up Started module "btsnoop_module"
04-01 18:05:02.194  5429  5445 I bt_core_module: module_start_up Starting module "hci_module"
04-01 18:05:02.194  5429  5445 I bt_hci  : hci_module_start_up
04-01 18:05:02.196  5429  5460 I bt_osi_thread: run_thread: thread id 5460, thread name hci_thread started
04-01 18:05:02.196  5429  5445 D bt_hci  : hci_module_start_up starting async portion
04-01 18:05:02.197  5429  5460 I bt_hci  : hci_initialize
04-01 18:05:02.201  5429  5460 I bt_hci  : hci_initialize: IBluetoothHci::getService() returned 0x7f0283d480 (remote)
04-01 18:05:02.314  5429  5460 I bt_hci  : event_finish_startup
04-01 18:05:02.314  5429  5445 I bt_core_module: module_start_up Started module "hci_module"
04-01 18:05:02.315  5429  5465 I bt_osi_thread: run_thread: thread id 5465, thread name bt_workqueue started
04-01 18:05:02.316  5429  5465 I         : [0401/180502:INFO:btu_task.cc(107)] Bluetooth chip preload is complete
04-01 18:05:02.317  5429  5465 I         : [0401/180502:INFO:gatt_api.cc(1004)] GATT_Register
04-01 18:05:02.317  5429  5465 I         : [0401/180502:INFO:gatt_api.cc(1027)] allocated gatt_if=1
04-01 18:05:02.318  5429  5465 I         : [0401/180502:INFO:gatt_api.cc(207)] GATTS_AddService
04-01 18:05:02.318  5429  5465 I         : [0401/180502:INFO:gatt_api.cc(317)] GATTS_AddService: service parsed correctly, now starting
04-01 18:05:02.318  5429  5465 E         : [0401/180502:ERROR:gatt_attr.cc(301)] gatt_profile_db_init:  gatt_if=1
04-01 18:05:02.318  5429  5465 I         : [0401/180502:INFO:gatt_api.cc(1004)] GATT_Register
04-01 18:05:02.319  5429  5465 I         : [0401/180502:INFO:gatt_api.cc(1027)] allocated gatt_if=2
04-01 18:05:02.319  5429  5465 I         : [0401/180502:INFO:gatt_api.cc(207)] GATTS_AddService
04-01 18:05:02.319  5429  5465 I         : [0401/180502:INFO:gatt_api.cc(317)] GATTS_AddService: service parsed correctly, now starting
04-01 18:05:02.320  5429  5466 I bt_osi_thread: run_thread: thread id 5466, thread name btu message loop started
04-01 18:05:02.323  5429  5467 I bt_osi_thread: run_thread: thread id 5467, thread name module_wrapper started
04-01 18:05:02.323  5429  5467 I bt_core_module: module_start_up Starting module "controller_module"
04-01 18:05:02.543  5429  5467 I bt_core_module: module_start_up Started module "controller_module"
04-01 18:05:02.543  5429  5467 W bt_osi_thread: run_thread: thread id 5467, thread name module_wrapper exited
04-01 18:05:02.544  5429  5465 W bt_btm  : btm_decode_ext_features_page: feature page 1 ignored
04-01 18:05:02.544  5429  5465 W bt_btm  : btm_decode_ext_features_page: feature page 2 ignored
04-01 18:05:02.544  5429  5466 I bt_btm_sec: BTM_SecRegister p_cb_info->p_le_callback == 0x0x7ef4b54d2c
04-01 18:05:02.544  5429  5466 I bt_btm_sec: BTM_SecRegister btm_cb.api.p_le_callback = 0x0x7ef4b54d2c 
04-01 18:05:02.547  5429  5466 I bt_stack: [INFO:gatt_api.cc(1004)] GATT_Register
04-01 18:05:02.547  5429  5466 I bt_stack: [INFO:gatt_api.cc(1027)] allocated gatt_if=3
04-01 18:05:02.582  5429  5466 I bt_stack: [INFO:ble_advertiser_hci_interface.cc(708)] VSC advertising will be in use
04-01 18:05:02.582  5429  5466 I bt_stack: [INFO:ble_advertiser_hci_interface.cc(259)] QuirkAdvertiserZeroHandle in use
04-01 18:05:02.584  5429  5450 D BluetoothAdapterProperties: BT_PROPERTY_LOCAL_LE_FEATURES: update from BT controller mNumOfAdvertisementInstancesSupported = 10 mRpaOffloadSupported = true mNumOfOffloadedIrkSupported = 8 mNumOfOffloadedScanFilterSupported = 16 mOffloadedScanResultStorageBytes= 10240 mIsActivityAndEnergyReporting = true mVersSupported = 96 mTotNumOfTrackableAdv = 32 mIsExtendedScanSupported = true mIsDebugLogSupported = true mIsLe2MPhySupported = false mIsLeCodedPhySupported = false mIsLeExtendedAdvertisingSupported = false mIsLePeriodicAdvertisingSupported = false mLeMaximumAdvertisingDataLength = 31
04-01 18:05:02.590  5429  5450 E bt_btif_storage: btif_storage_get_adapter_property: Controller ready!
04-01 18:05:02.590  5429  5450 I bt_btif_storage: btif_storage_get_adapter_property service_mask:0x20000000
04-01 18:05:02.592  5429  5450 D BluetoothAdapterProperties: Address is:80:1D:00:33:D8:82
04-01 18:05:02.596  5429  5450 D BluetoothAdapterProperties: Name is: LeEco Le 2
04-01 18:05:02.597  5429  5450 D BluetoothAdapterProperties: Scan Mode:20
04-01 18:05:02.597  5429  5450 D BluetoothAdapterProperties: Discoverable Timeout:120
04-01 18:05:02.602  5429  5450 D BluetoothAdapterProperties: Adding bonded device:30:C0:1B:21:62:1E
04-01 18:05:02.611  5429  5450 I bt_btif_core: btif_enable_bluetooth_evt entered: status 0
04-01 18:05:02.613  5429  5469 I bt_osi_thread: run_thread: thread id 5469, thread name btif_sock started
04-01 18:05:02.614  5429  5450 D bt_bte_conf: Device ID record 1 : primary
04-01 18:05:02.614  5429  5450 D bt_bte_conf:   vendorId            = 000f
04-01 18:05:02.614  5429  5450 D bt_bte_conf:   vendorIdSource      = 0001
04-01 18:05:02.614  5429  5450 D bt_bte_conf:   product             = 1200
04-01 18:05:02.614  5429  5450 D bt_bte_conf:   version             = 1436
04-01 18:05:02.614  5429  5450 D bt_bte_conf:   clientExecutableURL = 
04-01 18:05:02.614  5429  5450 D bt_bte_conf:   serviceDescription  = 
04-01 18:05:02.614  5429  5450 D bt_bte_conf:   documentationURL    = 
04-01 18:05:02.614  5429  5450 D bt_bte_conf: bte_load_did_conf no section named DID2.
04-01 18:05:02.615  5429  5450 I bt_btif_core: btif_enable_bluetooth_evt finished
04-01 18:05:02.615  5429  5445 I bt_stack_manager: event_start_up_stack finished
04-01 18:05:02.615  5429  5444 V BluetoothAdapterState: PendingCommand - transient state(s): isBleTurningOn
04-01 18:05:02.615  5429  5444 D BluetoothAdapterState: Current state: PENDING_COMMAND, message: 3
04-01 18:05:02.616  5429  5444 D BluetoothAdapterProperties: Setting state to 15
04-01 18:05:02.616  5429  5444 I BluetoothAdapterState: Bluetooth adapter state changed: 14-> 15
04-01 18:05:02.617  5429  5444 D BluetoothAdapterService: updateAdapterState() - Broadcasting state to 1 receivers.
04-01 18:05:02.618  5429  5444 I BluetoothAdapterState: Entering BleOnState
04-01 18:05:02.628  5429  5444 D BluetoothAdapterState: Current state: BLE ON, message: 1
04-01 18:05:02.629  5429  5444 D BluetoothAdapterProperties: Setting state to 11
04-01 18:05:02.629  5429  5444 I BluetoothAdapterState: Bluetooth adapter state changed: 15-> 11
04-01 18:05:02.629  5429  5444 D BluetoothAdapterService: updateAdapterState() - Broadcasting state to 1 receivers.
04-01 18:05:02.635  5429  5444 D BluetoothAdapterService: startCoreServices()
04-01 18:05:02.635  5429  5444 D BluetoothAdapterService: setProfileServiceState() - Starting service com.android.bluetooth.hfp.HeadsetService
04-01 18:05:02.639  5429  5429 D BluetoothAdapterService: getAdapterService() - returning com.android.bluetooth.btservice.AdapterService@bbca5
04-01 18:05:02.639  5429  5444 D BluetoothAdapterService: setProfileServiceState() - Starting service com.android.bluetooth.a2dp.A2dpService
04-01 18:05:02.640  5429  5429 D HeadsetService: Received start request. Starting profile...
04-01 18:05:02.642  5429  5444 D BluetoothAdapterService: setProfileServiceState() - Starting service com.android.bluetooth.hid.HidService
04-01 18:05:02.642  5429  5429 I BluetoothHeadsetServiceJni: classInitNative: succeeds
04-01 18:05:02.642  5429  5429 D HeadsetStateMachine: make
04-01 18:05:02.646  5429  5444 D BluetoothAdapterService: setProfileServiceState() - Starting service com.android.bluetooth.hdp.HealthService
04-01 18:05:02.649  5429  5444 D BluetoothAdapterService: setProfileServiceState() - Starting service com.android.bluetooth.pan.PanService
04-01 18:05:02.654  5429  5429 D HeadsetStateMachine: max_hf_connections = 1
04-01 18:05:02.654  5429  5444 D BluetoothAdapterService: setProfileServiceState() - Starting service com.android.bluetooth.map.BluetoothMapService
04-01 18:05:02.654  5429  5429 D HeadsetStateMachine: in-band_ringing_support = true
04-01 18:05:02.655  5429  5429 I bt_btif : get_profile_interface: id = handsfree
04-01 18:05:02.655  5429  5450 I bt_btif_storage: btif_storage_get_adapter_property service_mask:0x20000040
04-01 18:05:02.655  5429  5466 I bt_stack: [INFO:port_api.cc(123)] RFCOMM_CreateConnection BDA: ff:ff:ff:ff:ff:ff
04-01 18:05:02.655  5429  5450 E bt_btif : btif_hf_upstreams_evt: Invalid index 14880
04-01 18:05:02.655  5429  5466 I bt_stack: [INFO:port_api.cc(123)] RFCOMM_CreateConnection BDA: ff:ff:ff:ff:ff:ff
04-01 18:05:02.658  5429  5444 D BluetoothAdapterService: setProfileServiceState() - Starting service com.android.bluetooth.hfpclient.HeadsetClientService
04-01 18:05:02.659  5429  5429 D BluetoothAdapterService: getAdapterService() - returning com.android.bluetooth.btservice.AdapterService@bbca5
04-01 18:05:02.661  5429  5429 D BluetoothAdapterService: getAdapterService() - returning com.android.bluetooth.btservice.AdapterService@bbca5
04-01 18:05:02.662  5429  5429 D A2dpService: Received start request. Starting profile...
04-01 18:05:02.663  5429  5429 I BluetoothAvrcpServiceJni: classInitNative: succeeds
04-01 18:05:02.663  5429  5429 V Avrcp   : make
04-01 18:05:02.665  5429  5444 D BluetoothAdapterService: setProfileServiceState() - Starting service com.android.bluetooth.avrcpcontroller.AvrcpControllerService
04-01 18:05:02.665  5429  5429 I bt_btif : get_profile_interface: id = avrcp
04-01 18:05:02.675  5429  5444 D BluetoothAdapterService: setProfileServiceState() - Starting service com.android.bluetooth.sap.SapService
04-01 18:05:02.678  5429  5444 D BluetoothAdapterService: setProfileServiceState() - Starting service com.android.bluetooth.opp.BluetoothOppService
04-01 18:05:02.681  5429  5444 D BluetoothAdapterService: setProfileServiceState() - Starting service com.android.bluetooth.pbap.BluetoothPbapService
04-01 18:05:02.685  5429  5444 I BluetoothAdapterState: Entering PendingCommandState
04-01 18:05:02.686  5429  5429 V Avrcp   : initMediaPlayerInfoList: 1 controllers
04-01 18:05:02.687  5429  5429 W Avrcp   : playState object null, sending STOPPED
04-01 18:05:02.688  5429  5429 V Avrcp   : isBrowseSupported for code.name.monkey.retromusic.debug: false
04-01 18:05:02.694  5429  5429 D Avrcp   : add #1:MediaPlayerInfo code.name.monkey.retromusic.debug (as 'Music') Type = 1, SubType = 0, Status = 0 Feature Bits [40 41 42 44 45 47 48 58] Controller: MediaController (code.name.monkey.retromusic.debug@ed3a101) null
04-01 18:05:02.696  5429  5429 V Avrcp   : updatePlaybackState (1): -1➡0(PlaybackState {state=0, position=-1, buffered position=0, speed=0.0, updated=7407047, actions=0, custom actions=[], active item id=-1, error=null})
04-01 18:05:02.696  5429  5429 I Avrcp   : Skipping update due to invalid playback state
04-01 18:05:02.696  5429  5429 E Avrcp   : play status change -1➡0 mPlayStatusChangedNT: 1
04-01 18:05:02.697  5429  5429 E bt_btif : register_notification_rsp: Avrcp device is not connected, handle: 0x0
04-01 18:05:02.697  5429  5429 D Avrcp   : sendPlayPosNotificationRsp: Not registered or requesting.
04-01 18:05:02.697  5429  5429 V Avrcp   : updateNewIds: Addressed:0 to 1, Browse:0 to -1
04-01 18:05:02.698  5429  5429 D Avrcp   : updateCurrentController: null to MediaController (code.name.monkey.retromusic.debug@ed3a101) null
04-01 18:05:02.701  5429  5429 V Avrcp   : updatePlaybackState (1): 0➡0(PlaybackState {state=0, position=-1, buffered position=0, speed=0.0, updated=7407052, actions=0, custom actions=[], active item id=-1, error=null})
04-01 18:05:02.702  5429  5429 I Avrcp   : Skipping update due to invalid playback state
04-01 18:05:02.702  5429  5429 E Avrcp   : play status change 0➡0 mPlayStatusChangedNT: 1
04-01 18:05:02.702  5429  5429 D Avrcp   : sendPlayPosNotificationRsp: Not registered or requesting.
04-01 18:05:02.703  5429  5429 D Avrcp   : User already unlocked, initializing player lists
04-01 18:05:02.705  5429  5429 V Avrcp   : updatePlaybackState (1): 0➡0(PlaybackState {state=0, position=-1, buffered position=0, speed=0.0, updated=7407056, actions=0, custom actions=[], active item id=-1, error=null})
04-01 18:05:02.705  5429  5429 I Avrcp   : Skipping update due to invalid playback state
04-01 18:05:02.705  5429  5429 E Avrcp   : play status change 0➡0 mPlayStatusChangedNT: 1
04-01 18:05:02.706  5429  5429 D Avrcp   : sendPlayPosNotificationRsp: Not registered or requesting.
04-01 18:05:02.707  5429  5429 I BluetoothA2dpServiceJni: classInitNative: succeeds
04-01 18:05:02.708  5429  5429 D A2dpStateMachine: make
04-01 18:05:02.709  5429  5429 I bt_btif : get_profile_interface: id = a2dp
04-01 18:05:02.709  5429  5475 I bt_osi_thread: run_thread: thread id 5475, thread name btif_a2dp_source started
04-01 18:05:02.710  5429  5429 D a2dp_codec: init
04-01 18:05:02.710  5429  5450 I bt_btif_storage: btif_storage_get_adapter_property service_mask:0x20000048
04-01 18:05:02.710  5429  5429 D a2dp_codec: createCodec: codec SBC
04-01 18:05:02.710  5429  5429 I a2dp_codec: init: updated SBC codec priority to 1001
04-01 18:05:02.710  5429  5429 D a2dp_codec: createCodec: codec AAC
04-01 18:05:02.710  5429  5466 I bt_bta_av: AVRCP version used for sdp: "avrcp14"
04-01 18:05:02.710  5429  5429 I a2dp_codec: init: updated AAC codec priority to 2001
04-01 18:05:02.710  5429  5429 D a2dp_codec: createCodec: codec aptX
04-01 18:05:02.710  5429  5450 E bt_btif : btif_sm_dispatch : Invalid handle
04-01 18:05:02.710  5429  5450 E bt_btif : btif_sm_dispatch : Invalid handle
04-01 18:05:02.711  5429  5429 E a2dp_vendor_aptx_encoder: A2DP_VendorLoadEncoderAptx: cannot open aptX encoder library libaptX_encoder.so: dlopen failed: library "libaptX_encoder.so" not found
04-01 18:05:02.711  5429  5429 E a2dp_vendor_aptx: init: cannot load the encoder
04-01 18:05:02.711  5429  5429 D a2dp_codec: createCodec: codec aptX-HD
04-01 18:05:02.711  5429  5429 E a2dp_vendor_aptx_hd_encoder: A2DP_VendorLoadEncoderAptxHd: cannot open aptX-HD encoder library libaptXHD_encoder.so: dlopen failed: library "libaptXHD_encoder.so" not found
04-01 18:05:02.712  5429  5429 E a2dp_vendor_aptx_hd: init: cannot load the encoder
04-01 18:05:02.712  5429  5429 D a2dp_codec: createCodec: codec LDAC
04-01 18:05:02.715  5429  5429 I a2dp_codec: init: updated LDAC codec priority to 5001
04-01 18:05:02.715  5429  5429 D a2dp_codec: createCodec: codec SBC SINK
04-01 18:05:02.715  5429  5429 I a2dp_codec: init: initialized Source codec LDAC
04-01 18:05:02.715  5429  5429 I a2dp_codec: init: initialized Source codec AAC
04-01 18:05:02.715  5429  5429 I a2dp_codec: init: initialized Source codec SBC
04-01 18:05:02.715  5429  5429 I a2dp_codec: init: initialized Sink codec SBC(Sink)
04-01 18:05:02.715  5429  5429 W bt_btif : ## ON A2DP IDLE ## peer_sep = 0
04-01 18:05:02.715  5429  5450 I BluetoothA2dpServiceJni: bta2dp_audio_config_callback
04-01 18:05:02.716  5429  5474 D A2dpStateMachine: Enter Disconnected: -2
04-01 18:05:02.717  5429  5450 D A2dpStateMachine: A2DP Codec Config: null->{codecName:SBC,mCodecType:0,mCodecPriority:0,mSampleRate:0x0(NONE),mBitsPerSample:0x0(NONE),mChannelMode:0x0(NONE),mCodecSpecific1:0,mCodecSpecific2:0,mCodecSpecific3:0,mCodecSpecific4:0}
04-01 18:05:02.717  5429  5450 D A2dpStateMachine: A2DP Codec Local Capability: {codecName:LDAC,mCodecType:4,mCodecPriority:5001,mSampleRate:0xf(44100|48000|88200|96000),mBitsPerSample:0x7(16|24|32),mChannelMode:0x2(STEREO),mCodecSpecific1:0,mCodecSpecific2:0,mCodecSpecific3:0,mCodecSpecific4:0}
04-01 18:05:02.717  5429  5450 D A2dpStateMachine: A2DP Codec Local Capability: {codecName:AAC,mCodecType:1,mCodecPriority:2001,mSampleRate:0x1(44100),mBitsPerSample:0x1(16),mChannelMode:0x2(STEREO),mCodecSpecific1:0,mCodecSpecific2:0,mCodecSpecific3:0,mCodecSpecific4:0}
04-01 18:05:02.717  5429  5450 D A2dpStateMachine: A2DP Codec Local Capability: {codecName:SBC,mCodecType:0,mCodecPriority:1001,mSampleRate:0x1(44100),mBitsPerSample:0x1(16),mChannelMode:0x3(MONO|STEREO),mCodecSpecific1:0,mCodecSpecific2:0,mCodecSpecific3:0,mCodecSpecific4:0}
04-01 18:05:02.717  5429  5429 D BluetoothAdapterService: getAdapterService() - returning com.android.bluetooth.btservice.AdapterService@bbca5
04-01 18:05:02.718  5429  5429 I BluetoothHidServiceJni: classInitNative: succeeds
04-01 18:05:02.719  5429  5429 D BluetoothAdapterService: getAdapterService() - returning com.android.bluetooth.btservice.AdapterService@bbca5
04-01 18:05:02.720  5429  5429 D HidService: Received start request. Starting profile...
04-01 18:05:02.720  5429  5429 I bt_btif : get_profile_interface: id = hidhost
04-01 18:05:02.720  5429  5429 D HidService: setHidService(): set to: null
04-01 18:05:02.720  5429  5450 I bt_bta_hh: BTA_HhEnable sec_mask:0x36 p_cback:0x7ef4bba448
04-01 18:05:02.720  5429  5450 I bt_btif_storage: btif_storage_get_adapter_property service_mask:0x20100048
04-01 18:05:02.720  5429  5429 D BluetoothAdapterService: getAdapterService() - returning com.android.bluetooth.btservice.AdapterService@bbca5
04-01 18:05:02.720  5429  5466 I bt_stack: [INFO:gatt_api.cc(1004)] GATT_Register
04-01 18:05:02.720  5429  5466 I bt_stack: [INFO:gatt_api.cc(1027)] allocated gatt_if=4
04-01 18:05:02.727  5429  5429 I BluetoothHealthServiceJni: classInitNative: succeeds
04-01 18:05:02.729  5429  5429 D BluetoothAdapterService: getAdapterService() - returning com.android.bluetooth.btservice.AdapterService@bbca5
04-01 18:05:02.730  5429  5429 D HealthService: Received start request. Starting profile...
04-01 18:05:02.731  5429  5429 I bt_btif : get_profile_interface: id = health
04-01 18:05:02.732  5429  5429 D BluetoothAdapterService: getAdapterService() - returning com.android.bluetooth.btservice.AdapterService@bbca5
04-01 18:05:02.733  5429  5429 I BluetoothPanServiceJni: classInitNative(L111): succeeds
04-01 18:05:02.734  5429  5429 D BluetoothAdapterService: getAdapterService() - returning com.android.bluetooth.btservice.AdapterService@bbca5
04-01 18:05:02.735  5429  5429 D PanService: Received start request. Starting profile...
04-01 18:05:02.735  5429  5429 D BluetoothPanServiceJni: initializeNative(L116): pan
04-01 18:05:02.736  5429  5429 I bt_btif : get_profile_interface: id = pan
04-01 18:05:02.736  5429  5450 D BluetoothPanServiceJni: control_state_callback(L63): state:0, local_role:3, ifname:bt-pan
04-01 18:05:02.736  5429  5429 D BluetoothAdapterService: getAdapterService() - returning com.android.bluetooth.btservice.AdapterService@bbca5
04-01 18:05:02.740  5429  5429 D BluetoothAdapterService: getAdapterService() - returning com.android.bluetooth.btservice.AdapterService@bbca5
04-01 18:05:02.740  5429  5429 D BluetoothMapService: Received start request. Starting profile...
04-01 18:05:02.741  5429  5429 D BluetoothMapService: start()
04-01 18:05:02.746  5429  5429 D BluetoothMapAccountLoader: Found 0 application(s) with intent android.bluetooth.action.BLUETOOTH_MAP_PROVIDER
04-01 18:05:02.747  5429  5429 D BluetoothMapAccountLoader: Found 0 application(s) with intent android.bluetooth.action.BLUETOOTH_MAP_IM_PROVIDER
04-01 18:05:02.747  5429  5429 D BluetoothMapAppObserver: createReceiver()
04-01 18:05:02.749  5429  5429 D BluetoothMapAppObserver: initObservers()
04-01 18:05:02.749  5429  5429 D BluetoothMapAppObserver: getEnabledAccountItems()
04-01 18:05:02.750  5429  5429 D BluetoothAdapterService: getAdapterService() - returning com.android.bluetooth.btservice.AdapterService@bbca5
04-01 18:05:02.751  5429  5429 D BluetoothAdapterService: handleMessage() - Message: 1
04-01 18:05:02.751  5429  5429 D BluetoothAdapterService: handleMessage() - MESSAGE_PROFILE_SERVICE_STATE_CHANGED
04-01 18:05:02.751  5429  5429 D BluetoothAdapterService: processProfileServiceStateChanged() - serviceName=com.android.bluetooth.hfp.HeadsetService isTurningOn=true isTurningOff=false isBleTurningOn=false isBleTurningOff=false
04-01 18:05:02.752  5429  5472 D HeadsetPhoneState: sendDeviceStateChanged. mService=0 mIsSimStateLoaded=false mSignal=0 mRoam=0 mBatteryCharge=5
04-01 18:05:02.752  5429  5429 D BluetoothAdapterService: onProfileServiceStateChange() - Profile still not running:com.android.bluetooth.a2dp.A2dpService
04-01 18:05:02.753  5429  5429 I BluetoothHeadsetClientServiceJni: classInitNative succeeds
04-01 18:05:02.755  5429  5429 D BluetoothAdapterService: getAdapterService() - returning com.android.bluetooth.btservice.AdapterService@bbca5
04-01 18:05:02.756  5429  5429 D HeadsetClientService: Received start request. Starting profile...
04-01 18:05:02.756  5429  5429 D BluetoothHeadsetClientServiceJni: initializeNative: HfpClient
04-01 18:05:02.757  5429  5429 I bt_btif : get_profile_interface: id = handsfree_client
04-01 18:05:02.759  5429  5450 I bt_stack: [INFO:port_api.cc(123)] RFCOMM_CreateConnection BDA: ff:ff:ff:ff:ff:ff
04-01 18:05:02.759  5429  5450 I bt_btif_storage: btif_storage_get_adapter_property service_mask:0x21100048
04-01 18:05:02.766  5429  5429 D BluetoothHeadsetClientServiceJni: initializeNative: HfpClient
04-01 18:05:02.767  5429  5429 W BluetoothHeadsetClientServiceJni: Cleaning up Bluetooth HFP Client Interface before initializing
04-01 18:05:02.767  5429  5429 W BluetoothHeadsetClientServiceJni: Cleaning up Bluetooth HFP Client callback object
04-01 18:05:02.767  5429  5429 I bt_btif : get_profile_interface: id = handsfree_client
04-01 18:05:02.767  5429  5429 D BluetoothAdapterService: getAdapterService() - returning com.android.bluetooth.btservice.AdapterService@bbca5
04-01 18:05:02.767  5429  5450 I bt_btif_queue: queue_int_cleanup: UUID=111E
04-01 18:05:02.767  5429  5450 I bt_btif_storage: btif_storage_get_adapter_property service_mask:0x21100048
04-01 18:05:02.768  5429  5450 I bt_stack: [INFO:port_api.cc(123)] RFCOMM_CreateConnection BDA: ff:ff:ff:ff:ff:ff
04-01 18:05:02.768  5429  5429 I BluetoothAvrcpControllerJni: classInitNative: succeeds
04-01 18:05:02.768  5429  5450 I bt_btif_storage: btif_storage_get_adapter_property service_mask:0x21100048
04-01 18:05:02.769  5429  5429 I bt_btif : get_profile_interface: id = avrcp_ctrl
04-01 18:05:02.770  5429  5429 D BluetoothAdapterService: getAdapterService() - returning com.android.bluetooth.btservice.AdapterService@bbca5
04-01 18:05:02.771  5429  5429 D AvrcpControllerService: Received start request. Starting profile...
04-01 18:05:02.780  5429  5429 D AvrcpControllerService: setAvrcpControllerService(): set to: null
04-01 18:05:02.780  5429  5429 D BluetoothAdapterService: getAdapterService() - returning com.android.bluetooth.btservice.AdapterService@bbca5
04-01 18:05:02.788  5429  5429 V SapService: SapBinder()
04-01 18:05:02.789  5429  5429 D BluetoothAdapterService: getAdapterService() - returning com.android.bluetooth.btservice.AdapterService@bbca5
04-01 18:05:02.790  5429  5429 D SapService: Received start request. Starting profile...
04-01 18:05:02.790  5429  5429 V SapService: start()
04-01 18:05:02.793  5429  5429 D BluetoothAdapterService: getAdapterService() - returning com.android.bluetooth.btservice.AdapterService@bbca5
04-01 18:05:02.805  5429  5429 D BluetoothAdapterService: getAdapterService() - returning com.android.bluetooth.btservice.AdapterService@bbca5
04-01 18:05:02.806  5429  5429 D BluetoothOppService: Received start request. Starting profile...
04-01 18:05:02.807  5429  5429 D BluetoothAdapterService: getAdapterService() - returning com.android.bluetooth.btservice.AdapterService@bbca5
04-01 18:05:02.811  5429  5429 V BluetoothPbapService: PbapBinder()
04-01 18:05:02.812  5429  5429 D BluetoothAdapterService: getAdapterService() - returning com.android.bluetooth.btservice.AdapterService@bbca5
04-01 18:05:02.813  5429  5429 D BluetoothPbapService: Received start request. Starting profile...
04-01 18:05:02.813  5429  5429 V BluetoothPbapService: start()
04-01 18:05:02.815  5429  5429 D BluetoothPbapService: Registering observer
04-01 18:05:02.826  5429  5429 D BluetoothAdapterService: getAdapterService() - returning com.android.bluetooth.btservice.AdapterService@bbca5
04-01 18:05:02.827  5429  5429 D BluetoothAdapterService: handleMessage() - Message: 1
04-01 18:05:02.827  5429  5429 D BluetoothAdapterService: handleMessage() - MESSAGE_PROFILE_SERVICE_STATE_CHANGED
04-01 18:05:02.827  5429  5429 D BluetoothAdapterService: processProfileServiceStateChanged() - serviceName=com.android.bluetooth.a2dp.A2dpService isTurningOn=true isTurningOff=false isBleTurningOn=false isBleTurningOff=false
04-01 18:05:02.827  5429  5429 D BluetoothAdapterService: onProfileServiceStateChange() - Profile still not running:com.android.bluetooth.map.BluetoothMapService
04-01 18:05:02.827  5429  5429 D BluetoothAdapterService: handleMessage() - Message: 1
04-01 18:05:02.827  5429  5429 D BluetoothAdapterService: handleMessage() - MESSAGE_PROFILE_SERVICE_STATE_CHANGED
04-01 18:05:02.827  5429  5429 D BluetoothAdapterService: processProfileServiceStateChanged() - serviceName=com.android.bluetooth.hid.HidService isTurningOn=true isTurningOff=false isBleTurningOn=false isBleTurningOff=false
04-01 18:05:02.828  5429  5429 D BluetoothAdapterService: onProfileServiceStateChange() - Profile still not running:com.android.bluetooth.map.BluetoothMapService
04-01 18:05:02.829  5429  5429 D BluetoothAdapterService: handleMessage() - Message: 1
04-01 18:05:02.829  5429  5429 D BluetoothAdapterService: handleMessage() - MESSAGE_PROFILE_SERVICE_STATE_CHANGED
04-01 18:05:02.829  5429  5429 D BluetoothAdapterService: processProfileServiceStateChanged() - serviceName=com.android.bluetooth.hdp.HealthService isTurningOn=true isTurningOff=false isBleTurningOn=false isBleTurningOff=false
04-01 18:05:02.829  5429  5429 D BluetoothAdapterService: onProfileServiceStateChange() - Profile still not running:com.android.bluetooth.map.BluetoothMapService
04-01 18:05:02.829  5429  5429 D BluetoothAdapterService: handleMessage() - Message: 1
04-01 18:05:02.829  5429  5429 D BluetoothAdapterService: handleMessage() - MESSAGE_PROFILE_SERVICE_STATE_CHANGED
04-01 18:05:02.830  5429  5429 D BluetoothAdapterService: processProfileServiceStateChanged() - serviceName=com.android.bluetooth.pan.PanService isTurningOn=true isTurningOff=false isBleTurningOn=false isBleTurningOff=false
04-01 18:05:02.830  5429  5429 D BluetoothAdapterService: onProfileServiceStateChange() - Profile still not running:com.android.bluetooth.map.BluetoothMapService
04-01 18:05:02.830  5429  5429 D BluetoothAdapterService: handleMessage() - Message: 1
04-01 18:05:02.830  5429  5429 D BluetoothAdapterService: handleMessage() - MESSAGE_PROFILE_SERVICE_STATE_CHANGED
04-01 18:05:02.830  5429  5429 D BluetoothAdapterService: processProfileServiceStateChanged() - serviceName=com.android.bluetooth.map.BluetoothMapService isTurningOn=true isTurningOff=false isBleTurningOn=false isBleTurningOff=false
04-01 18:05:02.830  5429  5429 D BluetoothAdapterService: onProfileServiceStateChange() - Profile still not running:com.android.bluetooth.avrcpcontroller.AvrcpControllerService
04-01 18:05:02.830  5429  5429 D BluetoothAdapterService: handleMessage() - Message: 1
04-01 18:05:02.830  5429  5429 D BluetoothAdapterService: handleMessage() - MESSAGE_PROFILE_SERVICE_STATE_CHANGED
04-01 18:05:02.831  5429  5429 D BluetoothAdapterService: processProfileServiceStateChanged() - serviceName=com.android.bluetooth.hfpclient.HeadsetClientService isTurningOn=true isTurningOff=false isBleTurningOn=false isBleTurningOff=false
04-01 18:05:02.831  5429  5429 D BluetoothAdapterService: onProfileServiceStateChange() - Profile still not running:com.android.bluetooth.avrcpcontroller.AvrcpControllerService
04-01 18:05:02.831  5429  5429 D BluetoothAdapterService: handleMessage() - Message: 1
04-01 18:05:02.831  5429  5429 D BluetoothAdapterService: handleMessage() - MESSAGE_PROFILE_SERVICE_STATE_CHANGED
04-01 18:05:02.831  5429  5429 D BluetoothAdapterService: processProfileServiceStateChanged() - serviceName=com.android.bluetooth.avrcpcontroller.AvrcpControllerService isTurningOn=true isTurningOff=false isBleTurningOn=false isBleTurningOff=false
04-01 18:05:02.832  5429  5429 D BluetoothAdapterService: onProfileServiceStateChange() - Profile still not running:com.android.bluetooth.sap.SapService
04-01 18:05:02.834  5429  5429 D BluetoothAdapterService: handleMessage() - Message: 1
04-01 18:05:02.834  5429  5429 D BluetoothAdapterService: handleMessage() - MESSAGE_PROFILE_SERVICE_STATE_CHANGED
04-01 18:05:02.834  5429  5429 D BluetoothAdapterService: processProfileServiceStateChanged() - serviceName=com.android.bluetooth.sap.SapService isTurningOn=true isTurningOff=false isBleTurningOn=false isBleTurningOff=false
04-01 18:05:02.835  5429  5429 D BluetoothAdapterService: onProfileServiceStateChange() - Profile still not running:com.android.bluetooth.pbap.BluetoothPbapService
04-01 18:05:02.837  5429  5429 D BluetoothAdapterService: handleMessage() - Message: 1
04-01 18:05:02.837  5429  5429 D BluetoothAdapterService: handleMessage() - MESSAGE_PROFILE_SERVICE_STATE_CHANGED
04-01 18:05:02.838  5429  5429 D BluetoothAdapterService: processProfileServiceStateChanged() - serviceName=com.android.bluetooth.opp.BluetoothOppService isTurningOn=true isTurningOff=false isBleTurningOn=false isBleTurningOff=false
04-01 18:05:02.839  5429  5429 D BluetoothAdapterService: onProfileServiceStateChange() - Profile still not running:com.android.bluetooth.pbap.BluetoothPbapService
04-01 18:05:02.841  5429  5429 D BluetoothAdapterService: handleMessage() - Message: 1
04-01 18:05:02.842  5429  5429 D BluetoothAdapterService: handleMessage() - MESSAGE_PROFILE_SERVICE_STATE_CHANGED
04-01 18:05:02.842  5429  5429 D BluetoothAdapterService: processProfileServiceStateChanged() - serviceName=com.android.bluetooth.pbap.BluetoothPbapService isTurningOn=true isTurningOff=false isBleTurningOn=false isBleTurningOff=false
04-01 18:05:02.842  5429  5429 D BluetoothAdapterService: onProfileServiceStateChange() - All profile services started.
04-01 18:05:02.843  5429  5444 V BluetoothAdapterState: PendingCommand - transient state(s): isTurningOn
04-01 18:05:02.843  5429  5444 D BluetoothAdapterState: Current state: PENDING_COMMAND, message: 2
04-01 18:05:02.843  5429  5444 D BluetoothAdapterProperties: onBluetoothReady, state=11, ScanMode=20
04-01 18:05:02.844  5429  5444 D BluetoothAdapterProperties: Setting state to 12
04-01 18:05:02.844  5429  5444 I BluetoothAdapterState: Bluetooth adapter state changed: 11-> 12
04-01 18:05:02.844  5429  5444 D BluetoothAdapterService: updateAdapterState() - Broadcasting state to 1 receivers.
04-01 18:05:02.846  5429  5450 D BluetoothAdapterProperties: Scan Mode:21
04-01 18:05:02.846  5429  5450 D BluetoothAdapterProperties: Discoverable Timeout:120
04-01 18:05:02.846  5429  5444 I BluetoothAdapterState: Entering OnState
04-01 18:05:02.846  5429  5444 D BluetoothAdapterService: updateUuids() - Updating UUIDs for bonded devices
04-01 18:05:02.863  5429  5429 D BluetoothPhonePolicy: Received ACTION_UUID for device 30:C0:1B:21:62:1E
04-01 18:05:02.863  5429  5429 D BluetoothPhonePolicy: index=0uuid=00001108-0000-1000-8000-00805f9b34fb
04-01 18:05:02.864  5429  5429 D BluetoothPhonePolicy: index=1uuid=0000111e-0000-1000-8000-00805f9b34fb
04-01 18:05:02.864  5429  5429 D BluetoothPhonePolicy: index=2uuid=0000110b-0000-1000-8000-00805f9b34fb
04-01 18:05:02.864  5429  5429 D BluetoothPhonePolicy: index=3uuid=0000110e-0000-1000-8000-00805f9b34fb
04-01 18:05:02.864  5429  5429 D BluetoothPhonePolicy: index=4uuid=00000000-0000-1000-8000-00805f9b34fb
04-01 18:05:02.864  5429  5429 D BluetoothPhonePolicy: index=5uuid=00000000-0000-1000-8000-00805f9b34fb
04-01 18:05:02.864  5429  5429 D BluetoothPhonePolicy: processInitProfilePriorities() - device 30:C0:1B:21:62:1E
04-01 18:05:02.864  5429  5429 D HidService: getHidService(): returning com.android.bluetooth.hid.HidService@87c58bf
04-01 18:05:02.877  5429  5450 D BluetoothAdapterProperties: Discoverable Timeout:120
04-01 18:05:02.881  5429  5450 D BluetoothAdapterProperties: Scan Mode:23
04-01 18:05:02.887  5429  5429 D BluetoothMapService: onReceive
04-01 18:05:02.887  5429  5429 D BluetoothMapService: onReceive: android.bluetooth.adapter.action.STATE_CHANGED
04-01 18:05:02.887  5429  5429 D BluetoothMapService: STATE_ON
04-01 18:05:02.891  5429  5429 D BluetoothPbapService: action: android.bluetooth.adapter.action.STATE_CHANGED
04-01 18:05:02.891  5429  5429 D BluetoothPbapService: state: 12
04-01 18:05:02.899  5429  5429 D BluetoothAdapterService: isQuetModeEnabled() - Enabled = false
04-01 18:05:02.899  5429  5429 D BluetoothPhonePolicy: autoConnect() - Initiate auto connection on BT on...
04-01 18:05:02.900  5429  5429 D BluetoothPhonePolicy: autoConnectHeadset, attempt auto-connect with device 30:C0:1B:21:62:1E
04-01 18:05:02.901  5429  5429 D BluetoothPhonePolicy: autoConnectHeadset, Connecting HFP with 30:C0:1B:21:62:1E
04-01 18:05:02.901  5429  5429 D HeadsetService: connect: device=30:C0:1B:21:62:1E
04-01 18:05:02.903  5429  5472 D HeadsetStateMachine: Disconnected: connecting to device=30:C0:1B:21:62:1E
04-01 18:05:02.907  5429  5472 I BluetoothHeadsetServiceJni: connectHfpNative: sBluetoothHfpInterface: 0x7ef4daeb48
04-01 18:05:02.907  5429  5429 D BluetoothPhonePolicy: autoConnectA2dp, attempt auto-connect with device 30:C0:1B:21:62:1E
04-01 18:05:02.907  5429  5450 I bt_btif_queue: queue_int_add: allocating profile queue
04-01 18:05:02.908  5429  5429 D BluetoothPhonePolicy: autoConnectA2dp, connecting A2DP with 30:C0:1B:21:62:1E
04-01 18:05:02.908  5429  5450 I bt_btif_queue: queue_int_add: adding connection request UUID=111F, bd_addr=30:c0:1b:21:62:1e, busy=0
04-01 18:05:02.908  5429  5450 I bt_btif_queue: btif_queue_connect_next: executing connection request UUID=111F, bd_addr=30:c0:1b:21:62:1e, busy=0
04-01 18:05:02.908  5429  5479 D BluetoothMapMasInstance0: Map Service startRfcommSocketListener
04-01 18:05:02.909  5429  5479 D ObexServerSockets: create(rfcomm = -2, l2capPsm = -2)
04-01 18:05:02.913  5429  5474 D A2dpStateMachine: Disconnected process message: 1
04-01 18:05:02.918  5429  5429 D BtOppService: start Socket Listeners
04-01 18:05:02.918  5429  5429 D BtOppService: stopListeners   mServerSocket :null
04-01 18:05:02.918  5429  5429 D ObexServerSockets: create(rfcomm = -2, l2capPsm = -2)
04-01 18:05:02.918  5429  5489 W BluetoothAdapter: getBluetoothService() called with no BluetoothManagerCallback
04-01 18:05:02.920  5429  5479 W BluetoothAdapter: getBluetoothService() called with no BluetoothManagerCallback
04-01 18:05:02.921  5429  5474 I BluetoothA2dpServiceJni: connectA2dpNative: sBluetoothA2dpInterface: 0x7ef4dae610
04-01 18:05:02.921  5429  5450 I bt_btif_queue: queue_int_add: adding connection request UUID=110A, bd_addr=30:c0:1b:21:62:1e, busy=0
04-01 18:05:02.921  5429  5450 I bt_btif_queue: btif_queue_connect_next: executing connection request UUID=111F, bd_addr=30:c0:1b:21:62:1e, busy=1
04-01 18:05:02.921  5429  5474 D A2dpStateMachine: Exit Disconnected: 1
04-01 18:05:02.921  5429  5474 D A2dpStateMachine: Enter Pending: 1
04-01 18:05:02.922  5429  5466 I bt_stack: [INFO:port_api.cc(123)] RFCOMM_CreateConnection BDA: ff:ff:ff:ff:ff:ff
04-01 18:05:02.922  5429  5429 W BluetoothAdapter: getBluetoothService() called with no BluetoothManagerCallback
04-01 18:05:02.923  5429  5479 W BluetoothAdapter: getBluetoothService() called with no BluetoothManagerCallback
04-01 18:05:02.924  5429  5466 I bt_stack: [INFO:port_api.cc(123)] RFCOMM_CreateConnection BDA: ff:ff:ff:ff:ff:ff
04-01 18:05:02.924  5429  5489 D BluetoothSdpJni: sdpCreateSapsRecordNative
04-01 18:05:02.924  5429  5489 D BluetoothSdpJni: SDP Create record success - handle: 0
04-01 18:05:02.925  5429  5466 I bt_stack: [INFO:port_api.cc(123)] RFCOMM_CreateConnection BDA: ff:ff:ff:ff:ff:ff
04-01 18:05:02.926  5429  5429 W BluetoothAdapter: getBluetoothService() called with no BluetoothManagerCallback
04-01 18:05:02.927  5429  5479 D ObexServerSockets: Succeed to create listening sockets 
04-01 18:05:02.928  5429  5479 D ObexServerSockets0: startAccept()
04-01 18:05:02.928  5429  5479 D ObexServerSockets0: prepareForNewConnect()
04-01 18:05:02.929  5429  5429 D ObexServerSockets: Succeed to create listening sockets 
04-01 18:05:02.929  5429  5429 D ObexServerSockets1: startAccept()
04-01 18:05:02.929  5429  5429 D ObexServerSockets1: prepareForNewConnect()
04-01 18:05:02.934  5429  5479 D BluetoothSdpJni: sdpCreateMapMasRecordNative
04-01 18:05:02.934  5429  5479 D BluetoothSdpJni: SDP Create record success - handle: 1
04-01 18:05:02.936  5429  5429 D BluetoothSdpJni: sdpCreateOppOpsRecordNative
04-01 18:05:02.936  5429  5429 D BluetoothSdpJni: SDP Create record success - handle: 2
04-01 18:05:02.936  5429  5429 D BtOppService: mOppSdpHandle :2
04-01 18:05:02.937  5429  5429 D BluetoothPbapService: startsocketListener
04-01 18:05:02.937  5429  5429 D ObexServerSockets: create(rfcomm = -2, l2capPsm = -2)
04-01 18:05:02.937  5429  5429 W BluetoothAdapter: getBluetoothService() called with no BluetoothManagerCallback
04-01 18:05:02.940  5429  5490 D ObexServerSockets0: Accepting socket connection...
04-01 18:05:02.941  5429  5466 I bt_stack: [INFO:port_api.cc(123)] RFCOMM_CreateConnection BDA: ff:ff:ff:ff:ff:ff
04-01 18:05:02.941  5429  5491 D ObexServerSockets0: Accepting socket connection...
04-01 18:05:02.943  5429  5429 W BluetoothAdapter: getBluetoothService() called with no BluetoothManagerCallback
04-01 18:05:02.944  5429  5492 D ObexServerSockets1: Accepting socket connection...
04-01 18:05:02.945  5429  5493 D ObexServerSockets1: Accepting socket connection...
04-01 18:05:02.946  5429  5429 D ObexServerSockets: Succeed to create listening sockets 
04-01 18:05:02.947  5429  5429 D ObexServerSockets2: startAccept()
04-01 18:05:02.947  5429  5429 D ObexServerSockets2: prepareForNewConnect()
04-01 18:05:02.948  5429  5429 D BluetoothSdpJni: sdpCreatePbapPseRecordNative
04-01 18:05:02.948  5429  5429 D BluetoothSdpJni: SDP Create record success - handle: 3
04-01 18:05:02.951  5429  5429 D BluetoothPbapService: PBAP server with handle:3
04-01 18:05:02.952  5429  5495 D ObexServerSockets2: Accepting socket connection...
04-01 18:05:02.952  5429  5429 D BluetoothAdapterProperties: PROFILE_CONNECTION_STATE_CHANGE: profile=1, device=30:C0:1B:21:62:1E, 0 -> 1
04-01 18:05:02.952  5429  5429 D BluetoothAdapterProperties: ADAPTER_CONNECTION_STATE_CHANGE: 30:C0:1B:21:62:1E: 0 -> 1
04-01 18:05:02.954  5429  5494 D ObexServerSockets2: Accepting socket connection...
04-01 18:05:02.956  5429  5429 D A2dpStateMachine: Connection state 30:C0:1B:21:62:1E: 0->1
04-01 18:05:02.957  5429  5429 D BluetoothPhonePolicy: processProfileStateChanged, device=30:C0:1B:21:62:1E, profile=1, 0 -> 1
04-01 18:05:02.959  5429  5429 D BluetoothAdapterProperties: PROFILE_CONNECTION_STATE_CHANGE: profile=2, device=30:C0:1B:21:62:1E, 0 -> 1
04-01 18:05:02.959  5429  5429 D BluetoothPhonePolicy: processProfileStateChanged, device=30:C0:1B:21:62:1E, profile=2, 0 -> 1
04-01 18:05:08.216  5429  5466 W bt_sdp  : SDP - Rcvd conn cnf with error: 0x4  CID 0x40
04-01 18:05:08.216  5429  5466 I bt_stack: [INFO:port_api.cc(123)] RFCOMM_CreateConnection BDA: ff:ff:ff:ff:ff:ff
04-01 18:05:08.217  5429  5466 I bt_stack: [INFO:port_api.cc(123)] RFCOMM_CreateConnection BDA: ff:ff:ff:ff:ff:ff
04-01 18:05:08.217  5429  5450 I BluetoothHeadsetServiceJni: connection_state_callback
04-01 18:05:08.218  5429  5450 I bt_btif_queue: queue_int_advance: removing connection request UUID=111F, bd_addr=30:c0:1b:21:62:1e, busy=1
04-01 18:05:08.218  5429  5450 I bt_btif_queue: btif_queue_connect_next: executing connection request UUID=110A, bd_addr=30:c0:1b:21:62:1e, busy=0
04-01 18:05:08.218  5429  5450 I BluetoothA2dpServiceJni: bta2dp_connection_state_callback
04-01 18:05:08.218  5429  5466 E bt_btif : bta_av_save_addr: reset flags
04-01 18:05:08.219  5429  5474 D A2dpStateMachine: Pending process message: 101
04-01 18:05:08.220  5429  5472 D HeadsetStateMachine: Pending: processConnectionEvent, state=0, device=30:C0:1B:21:62:1E
04-01 18:05:08.220  5429  5474 D A2dpStateMachine: Stack and target device are connecting
04-01 18:05:08.223  5429  5472 D HeadsetStateMachine: Pending: removed CONNECT_TIMEOUT for device=30:C0:1B:21:62:1E
04-01 18:05:08.226  5429  5429 D BluetoothPhonePolicy: processProfileStateChanged, device=30:C0:1B:21:62:1E, profile=1, 1 -> 0
04-01 18:05:08.227  5429  5429 D BluetoothAdapterProperties: PROFILE_CONNECTION_STATE_CHANGE: profile=1, device=30:C0:1B:21:62:1E, 1 -> 0
04-01 18:05:13.526  5429  5466 W bt_sdp  : SDP - Rcvd conn cnf with error: 0x4  CID 0x41
04-01 18:05:18.823  5429  5466 E bt_btif : bta_av_conn_failed: peer_addr=30:c0:1b:21:62:1e open_status=0
04-01 18:05:18.823  5429  5466 W bt_btif : bta_av_str_closed: peer_addr=30:c0:1b:21:62:1e open_status=3 chnl=64 hndl=65 co_started=0
04-01 18:05:18.823  5429  5466 W bt_btif : bta_dm_rm_cback:0, status:1
04-01 18:05:18.823  5429  5466 W bt_btif : bta_dm_act no entry for connected service cbs
04-01 18:05:18.823  5429  5450 W bt_btif : btif_av_state_opening_handler: BTA_AV_OPEN_EVT status=3, edr=0x32
04-01 18:05:18.823  5429  5450 W bt_btif : btif_av_state_opening_handler: BTA_AV_OPEN_EVT::FAILED status: 3
04-01 18:05:18.823  5429  5450 E bt_btif : get_connected_device: returning NULL
04-01 18:05:18.823  5429  5450 I BluetoothA2dpServiceJni: bta2dp_connection_state_callback
04-01 18:05:18.824  5429  5450 D a2dp_codec: init
04-01 18:05:18.824  5429  5450 D a2dp_codec: createCodec: codec SBC
04-01 18:05:18.824  5429  5450 I a2dp_codec: init: updated SBC codec priority to 1001
04-01 18:05:18.825  5429  5450 D a2dp_codec: createCodec: codec AAC
04-01 18:05:18.825  5429  5450 I a2dp_codec: init: updated AAC codec priority to 2001
04-01 18:05:18.825  5429  5450 D a2dp_codec: createCodec: codec aptX
04-01 18:05:18.825  5429  5474 D A2dpStateMachine: Pending process message: 101
04-01 18:05:18.826  5429  5450 E a2dp_vendor_aptx_encoder: A2DP_VendorLoadEncoderAptx: cannot open aptX encoder library libaptX_encoder.so: dlopen failed: library "libaptX_encoder.so" not found
04-01 18:05:18.826  5429  5450 E a2dp_vendor_aptx: init: cannot load the encoder
04-01 18:05:18.826  5429  5450 D a2dp_codec: createCodec: codec aptX-HD
04-01 18:05:18.827  5429  5450 E a2dp_vendor_aptx_hd_encoder: A2DP_VendorLoadEncoderAptxHd: cannot open aptX-HD encoder library libaptXHD_encoder.so: dlopen failed: library "libaptXHD_encoder.so" not found
04-01 18:05:18.827  5429  5450 E a2dp_vendor_aptx_hd: init: cannot load the encoder
04-01 18:05:18.827  5429  5450 D a2dp_codec: createCodec: codec LDAC
04-01 18:05:18.827  5429  5450 I a2dp_codec: init: updated LDAC codec priority to 5001
04-01 18:05:18.827  5429  5450 D a2dp_codec: createCodec: codec SBC SINK
04-01 18:05:18.827  5429  5450 I a2dp_codec: init: initialized Source codec LDAC
04-01 18:05:18.827  5429  5450 I a2dp_codec: init: initialized Source codec AAC
04-01 18:05:18.827  5429  5450 I a2dp_codec: init: initialized Source codec SBC
04-01 18:05:18.828  5429  5450 I a2dp_codec: init: initialized Sink codec SBC(Sink)
04-01 18:05:18.828  5429  5450 W bt_btif : ## ON A2DP IDLE ## peer_sep = 0
04-01 18:05:18.828  5429  5450 I BluetoothA2dpServiceJni: bta2dp_audio_config_callback
