04-03 21:47:23.488  9572  9614 V Avrcp   : updatePlaybackState (1): 0➡0(PlaybackState {state=0, position=-1, buffered position=0, speed=0.0, updated=193547468, actions=0, custom actions=[], active item id=-1, error=null})
04-03 21:47:23.489  9572  9614 I Avrcp   : Skipping update due to invalid playback state
04-03 21:47:23.489  9572  9614 E Avrcp   : play status change 0➡0 mPlayStatusChangedNT: 1
04-03 21:47:23.489  9572  9614 D Avrcp   : sendPlayPosNotificationRsp: Not registered or requesting.
04-03 21:47:23.490  9572  9614 V Avrcp   : updatePlaybackState (1): 0➡0(PlaybackState {state=0, position=-1, buffered position=0, speed=0.0, updated=193547470, actions=0, custom actions=[], active item id=-1, error=null})
04-03 21:47:23.490  9572  9614 I Avrcp   : Skipping update due to invalid playback state
04-03 21:47:23.490  9572  9614 E Avrcp   : play status change 0➡0 mPlayStatusChangedNT: 1
04-03 21:47:23.490  9572  9614 D Avrcp   : sendPlayPosNotificationRsp: Not registered or requesting.
04-03 21:47:23.504  9572  9614 V Avrcp   : updatePlaybackState (1): 0➡0(PlaybackState {state=0, position=-1, buffered position=0, speed=0.0, updated=193547483, actions=0, custom actions=[], active item id=-1, error=null})
04-03 21:47:23.504  9572  9614 I Avrcp   : Skipping update due to invalid playback state
04-03 21:47:23.504  9572  9614 E Avrcp   : play status change 0➡0 mPlayStatusChangedNT: 1
04-03 21:47:23.504  9572  9614 D Avrcp   : sendPlayPosNotificationRsp: Not registered or requesting.
04-03 21:47:23.524  9572  9614 V Avrcp   : ActiveSession: MediaController (code.name.monkey.retromusic.debug@80deef5) null
04-03 21:47:23.525  9572  9614 W Avrcp   : playState object null, sending STOPPED
04-03 21:47:23.525  9572  9614 V Avrcp   : isBrowseSupported for code.name.monkey.retromusic.debug: false
04-03 21:47:23.528  9572  9614 D Avrcp   : update #1:MediaPlayerInfo code.name.monkey.retromusic.debug (as 'Music') Type = 1, SubType = 0, Status = 0 Feature Bits [40 41 42 44 45 47 48 58] Controller: MediaController (code.name.monkey.retromusic.debug@80deef5) null
04-03 21:47:23.528  9572  9614 V Avrcp   : updateNewIds: Addressed:1 to 1, Browse:-1 to -1
04-03 21:47:23.529  9572  9614 D Avrcp   : updateCurrentController: null to MediaController (code.name.monkey.retromusic.debug@80deef5) null
04-03 21:47:23.531  9572  9614 V Avrcp   : updatePlaybackState (1): 0➡0(PlaybackState {state=0, position=-1, buffered position=0, speed=0.0, updated=193547511, actions=0, custom actions=[], active item id=-1, error=null})
04-03 21:47:23.532  9572  9614 I Avrcp   : Skipping update due to invalid playback state
04-03 21:47:23.532  9572  9614 E Avrcp   : play status change 0➡0 mPlayStatusChangedNT: 1
04-03 21:47:23.532  9572  9614 D Avrcp   : sendPlayPosNotificationRsp: Not registered or requesting.
04-03 21:47:23.533  9572  9614 V Avrcp   : updatePlaybackState (1): 0➡0(PlaybackState {state=0, position=-1, buffered position=0, speed=0.0, updated=193547513, actions=0, custom actions=[], active item id=-1, error=null})
04-03 21:47:23.533  9572  9614 I Avrcp   : Skipping update due to invalid playback state
04-03 21:47:23.533  9572  9614 E Avrcp   : play status change 0➡0 mPlayStatusChangedNT: 1
04-03 21:47:23.533  9572  9614 D Avrcp   : sendPlayPosNotificationRsp: Not registered or requesting.
04-03 21:47:24.710  9572  9614 V Avrcp   : updatePlaybackState (1): 0➡0(PlaybackState {state=0, position=-1, buffered position=0, speed=0.0, updated=193548690, actions=0, custom actions=[], active item id=-1, error=null})
04-03 21:47:24.711  9572  9614 I Avrcp   : Skipping update due to invalid playback state
04-03 21:47:24.711  9572  9614 E Avrcp   : play status change 0➡0 mPlayStatusChangedNT: 1
04-03 21:47:24.711  9572  9614 D Avrcp   : sendPlayPosNotificationRsp: Not registered or requesting.
04-03 21:47:24.724  9572  9614 V Avrcp   : MediaController session destroyed
04-03 21:47:24.725  9572  9614 V Avrcp   : updateNewIds: Addressed:1 to 1, Browse:-1 to -1
04-03 21:47:24.725  9572  9614 D Avrcp   : updateCurrentController: MediaController (code.name.monkey.retromusic.debug@80deef5) null to null
04-03 21:47:24.726  9572  9614 V Avrcp   : updatePlaybackState (1): 0➡0(PlaybackState {state=0, position=-1, buffered position=0, speed=0.0, updated=193548706, actions=0, custom actions=[], active item id=-1, error=null})
04-03 21:47:24.726  9572  9614 I Avrcp   : Skipping update due to invalid playback state
04-03 21:47:24.726  9572  9614 E Avrcp   : play status change 0➡0 mPlayStatusChangedNT: 1
04-03 21:47:24.726  9572  9614 D Avrcp   : sendPlayPosNotificationRsp: Not registered or requesting.
04-03 21:47:24.726  9572  9614 V Avrcp   : updatePlaybackState (1): 0➡0(PlaybackState {state=0, position=-1, buffered position=0, speed=0.0, updated=193548707, actions=0, custom actions=[], active item id=-1, error=null})
04-03 21:47:24.726  9572  9614 I Avrcp   : Skipping update due to invalid playback state
04-03 21:47:24.726  9572  9614 E Avrcp   : play status change 0➡0 mPlayStatusChangedNT: 1
04-03 21:47:24.727  9572  9614 D Avrcp   : sendPlayPosNotificationRsp: Not registered or requesting.
04-03 21:47:24.743  9572  9614 V Avrcp   : updatePlaybackState (1): 0➡0(PlaybackState {state=0, position=-1, buffered position=0, speed=0.0, updated=193548724, actions=0, custom actions=[], active item id=-1, error=null})
04-03 21:47:24.743  9572  9614 I Avrcp   : Skipping update due to invalid playback state
04-03 21:47:24.743  9572  9614 E Avrcp   : play status change 0➡0 mPlayStatusChangedNT: 1
04-03 21:47:24.743  9572  9614 D Avrcp   : sendPlayPosNotificationRsp: Not registered or requesting.
04-03 21:47:24.767  9572  9614 V Avrcp   : ActiveSession: MediaController (code.name.monkey.retromusic.debug@33b948a) null
04-03 21:47:24.767  9572  9614 W Avrcp   : playState object null, sending STOPPED
04-03 21:47:24.767  9572  9614 V Avrcp   : isBrowseSupported for code.name.monkey.retromusic.debug: false
04-03 21:47:24.769  9572  9614 D Avrcp   : update #1:MediaPlayerInfo code.name.monkey.retromusic.debug (as 'Music') Type = 1, SubType = 0, Status = 0 Feature Bits [40 41 42 44 45 47 48 58] Controller: MediaController (code.name.monkey.retromusic.debug@33b948a) null
04-03 21:47:24.769  9572  9614 V Avrcp   : updateNewIds: Addressed:1 to 1, Browse:-1 to -1
04-03 21:47:24.769  9572  9614 D Avrcp   : updateCurrentController: null to MediaController (code.name.monkey.retromusic.debug@33b948a) null
04-03 21:47:24.771  9572  9614 V Avrcp   : updatePlaybackState (1): 0➡0(PlaybackState {state=0, position=-1, buffered position=0, speed=0.0, updated=193548751, actions=0, custom actions=[], active item id=-1, error=null})
04-03 21:47:24.771  9572  9614 I Avrcp   : Skipping update due to invalid playback state
04-03 21:47:24.771  9572  9614 E Avrcp   : play status change 0➡0 mPlayStatusChangedNT: 1
04-03 21:47:24.771  9572  9614 D Avrcp   : sendPlayPosNotificationRsp: Not registered or requesting.
04-03 21:47:24.772  9572  9614 V Avrcp   : updatePlaybackState (1): 0➡0(PlaybackState {state=0, position=-1, buffered position=0, speed=0.0, updated=193548752, actions=0, custom actions=[], active item id=-1, error=null})
04-03 21:47:24.772  9572  9614 I Avrcp   : Skipping update due to invalid playback state
04-03 21:47:24.772  9572  9614 E Avrcp   : play status change 0➡0 mPlayStatusChangedNT: 1
04-03 21:47:24.772  9572  9614 D Avrcp   : sendPlayPosNotificationRsp: Not registered or requesting.
04-03 21:47:24.995  9572  9609 E a2dp_sbc: A2DP_DumpCodecInfoSbc: A2DP_ParseInfoSbc fail:13
04-03 21:47:24.996  9572  9593 I BluetoothA2dpServiceJni: bta2dp_audio_config_callback
04-03 21:47:24.997  9572  9593 D A2dpStateMachine: A2DP Codec Config: {codecName:SBC,mCodecType:0,mCodecPriority:0,mSampleRate:0x0(NONE),mBitsPerSample:0x0(NONE),mChannelMode:0x0(NONE),mCodecSpecific1:0,mCodecSpecific2:0,mCodecSpecific3:0,mCodecSpecific4:0}->{codecName:SBC,mCodecType:0,mCodecPriority:1001,mSampleRate:0x1(44100),mBitsPerSample:0x1(16),mChannelMode:0x2(STEREO),mCodecSpecific1:0,mCodecSpecific2:0,mCodecSpecific3:0,mCodecSpecific4:0}
04-03 21:47:24.997  9572  9593 D A2dpStateMachine: A2DP Codec Local Capability: {codecName:LDAC,mCodecType:4,mCodecPriority:5001,mSampleRate:0xf(44100|48000|88200|96000),mBitsPerSample:0x7(16|24|32),mChannelMode:0x2(STEREO),mCodecSpecific1:0,mCodecSpecific2:0,mCodecSpecific3:0,mCodecSpecific4:0}
04-03 21:47:24.998  9572  9593 D A2dpStateMachine: A2DP Codec Local Capability: {codecName:AAC,mCodecType:1,mCodecPriority:2001,mSampleRate:0x1(44100),mBitsPerSample:0x1(16),mChannelMode:0x2(STEREO),mCodecSpecific1:0,mCodecSpecific2:0,mCodecSpecific3:0,mCodecSpecific4:0}
04-03 21:47:24.998  9572  9593 D A2dpStateMachine: A2DP Codec Local Capability: {codecName:SBC,mCodecType:0,mCodecPriority:1001,mSampleRate:0x1(44100),mBitsPerSample:0x1(16),mChannelMode:0x3(MONO|STEREO),mCodecSpecific1:0,mCodecSpecific2:0,mCodecSpecific3:0,mCodecSpecific4:0}
04-03 21:47:24.998  9572  9593 D A2dpStateMachine: A2DP Codec Selectable Capability: {codecName:SBC,mCodecType:0,mCodecPriority:1001,mSampleRate:0x1(44100),mBitsPerSample:0x1(16),mChannelMode:0x3(MONO|STEREO),mCodecSpecific1:0,mCodecSpecific2:0,mCodecSpecific3:0,mCodecSpecific4:0}
04-03 21:47:25.046  9572  9609 I bt_bta_av: bta_av_rc_opened allow incoming AVRCP connections:1
04-03 21:47:25.046  9572  9609 E bt_btif : bta_av_rc_opened rcb[0] shdl:1 lidx:3/0
04-03 21:47:25.047  9572  9593 I BluetoothAvrcpControllerJni: btavrcp_connection_state_callback: conn state: rc: 1 br: 0
04-03 21:47:25.048  9572  9593 D AvrcpControllerService: onConnectionStateChanged true false30:C0:1B:21:62:1E conn device null
04-03 21:47:25.048  9572  9623 D AvrcpControllerSM:  HandleMessage: CB_CONN_CHANGED
04-03 21:47:25.048  9572  9593 V BluetoothAvrcpControllerJni: btavrcp_get_rcfeatures_callback
04-03 21:47:25.056  9572  9614 V Avrcp   : MSG_NATIVE_REQ_GET_RC_FEATURES: address=30:C0:1B:21:62:1E, features=0, mFeatures=0
04-03 21:47:25.058  9572  9609 W bt_btif : bta_dm_rm_cback:0, status:0
04-03 21:47:25.058  9572  9609 W bt_btif : bta_dm_pm_ssr conn_srvc id:5, app_id:0
04-03 21:47:25.058  9572  9609 W bt_btif : bta_dm_pm_ssr conn_srvc id:18, app_id:0
04-03 21:47:25.058  9572  9609 W bt_btif : bta_dm_pm_ssr ssr:2, lat:1200
04-03 21:47:25.059  9572  9593 W bt_btif : btif_av_state_opening_handler: BTA_AV_OPEN_EVT status=0, edr=0x3
04-03 21:47:25.059  9572  9593 I BluetoothA2dpServiceJni: bta2dp_connection_state_callback
04-03 21:47:25.060  9572  9593 I bt_btif_queue: queue_int_advance: removing connection request UUID=110A, bd_addr=30:c0:1b:21:62:1e, busy=1
04-03 21:47:25.060  9572  9615 D A2dpStateMachine: Pending process message: 101
04-03 21:47:25.062  9572  9623 D AvrcpControllerSM:  HandleMessage: CB_RC_FEATURES
04-03 21:47:25.062  9572  9623 D A2dpSinkService: getA2dpSinkService(): service is NULL
04-03 21:47:25.062  9572  9572 D BluetoothAdapterProperties: PROFILE_CONNECTION_STATE_CHANGE: profile=12, device=30:C0:1B:21:62:1E, 0 -> 2
04-03 21:47:25.062  9572  9572 W BluetoothAdapterProperties: PROFILE_CONNECTION_STATE_CHANGE: unexpected transition for profile=12, device=30:C0:1B:21:62:1E, 0 -> 2
04-03 21:47:25.063  9572  9615 D A2dpStateMachine: Enter Connected: 101
04-03 21:47:25.064  9572  9615 D A2dpStateMachine: A2DP Playing state : device: 30:C0:1B:21:62:1E State:10->11
04-03 21:47:25.065  9572  9572 D A2dpStateMachine: Connection state 30:C0:1B:21:62:1E: 1->2
04-03 21:47:25.067  9572  9572 D BluetoothAdapterProperties: PROFILE_CONNECTION_STATE_CHANGE: profile=2, device=30:C0:1B:21:62:1E, 1 -> 2
04-03 21:47:25.071  9572  9572 D BluetoothPhonePolicy: processProfileStateChanged, device=30:C0:1B:21:62:1E, profile=2, 1 -> 2
04-03 21:47:25.073  9572  9617 W bt_btif : btif_a2dp_ctrl_cb: A2DP-CTRL-CHANNEL EVENT UIPC_OPEN_EVT
04-03 21:47:25.073  9572  9617 W bt_btif : btif_a2dp_ctrl_cb: A2DP-CTRL-CHANNEL EVENT UIPC_RX_DATA_READY_EVT
04-03 21:47:25.073  9572  9617 W bt_btif : btif_a2dp_recv_ctrl_data: a2dp-ctrl-cmd : A2DP_CTRL_CMD_CHECK_READY
04-03 21:47:25.073  9572  9617 W bt_btif : btif_a2dp_command_ack: ## a2dp ack : A2DP_CTRL_CMD_CHECK_READY, status 0 ##
04-03 21:47:25.073  9572  9617 W bt_btif : btif_a2dp_recv_ctrl_data: a2dp-ctrl-cmd : A2DP_CTRL_CMD_CHECK_READY DONE
04-03 21:47:25.073  9572  9617 W bt_btif : btif_a2dp_ctrl_cb: A2DP-CTRL-CHANNEL EVENT UIPC_RX_DATA_READY_EVT
04-03 21:47:25.073  9572  9617 W bt_btif : btif_a2dp_recv_ctrl_data: a2dp-ctrl-cmd : A2DP_CTRL_GET_OUTPUT_AUDIO_CONFIG
04-03 21:47:25.073  9572  9617 W bt_btif : btif_a2dp_command_ack: ## a2dp ack : A2DP_CTRL_GET_OUTPUT_AUDIO_CONFIG, status 0 ##
04-03 21:47:25.073  9572  9617 W bt_btif : btif_a2dp_recv_ctrl_data: a2dp-ctrl-cmd : A2DP_CTRL_GET_OUTPUT_AUDIO_CONFIG DONE
04-03 21:47:25.074  9572  9617 W bt_btif : btif_a2dp_ctrl_cb: A2DP-CTRL-CHANNEL EVENT UIPC_RX_DATA_READY_EVT
04-03 21:47:25.074  9572  9617 W bt_btif : btif_a2dp_recv_ctrl_data: a2dp-ctrl-cmd : A2DP_CTRL_SET_OUTPUT_AUDIO_CONFIG
04-03 21:47:25.074  9572  9617 W bt_btif : btif_a2dp_command_ack: ## a2dp ack : A2DP_CTRL_SET_OUTPUT_AUDIO_CONFIG, status 0 ##
04-03 21:47:25.074  9572  9617 W bt_btif : btif_a2dp_recv_ctrl_data: a2dp-ctrl-cmd : A2DP_CTRL_SET_OUTPUT_AUDIO_CONFIG DONE
04-03 21:47:25.074  9572  9617 W bt_btif : btif_a2dp_ctrl_cb: A2DP-CTRL-CHANNEL EVENT UIPC_RX_DATA_READY_EVT
04-03 21:47:25.074  9572  9616 D a2dp_sbc_encoder: a2dp_sbc_encoder_update: sample_rate=44100 bits_per_sample=16 channel_count=2
04-03 21:47:25.074  9572  9617 W bt_btif : btif_a2dp_recv_ctrl_data: a2dp-ctrl-cmd : A2DP_CTRL_GET_OUTPUT_AUDIO_CONFIG
04-03 21:47:25.074  9572  9616 D a2dp_sbc_encoder: a2dp_sbc_encoder_update: MTU=883, peer_mtu=883 min_bitpool=2 max_bitpool=53
04-03 21:47:25.074  9572  9616 D a2dp_sbc_encoder: a2dp_sbc_encoder_update: ChannelMode=3, NumOfSubBands=8, NumOfBlocks=16, AllocationMethod=0, BitRate=328, SamplingFreq=44100 BitPool=0
04-03 21:47:25.074  9572  9616 D a2dp_sbc_encoder: a2dp_sbc_encoder_update: bitpool candidate: 53 (328 kbps)
04-03 21:47:25.074  9572  9616 D a2dp_sbc_encoder: a2dp_sbc_encoder_update: final bit rate 328, final bit pool 53
04-03 21:47:25.075  9572  9617 W bt_btif : btif_a2dp_command_ack: ## a2dp ack : A2DP_CTRL_GET_OUTPUT_AUDIO_CONFIG, status 0 ##
04-03 21:47:25.075  9572  9617 W bt_btif : btif_a2dp_recv_ctrl_data: a2dp-ctrl-cmd : A2DP_CTRL_GET_OUTPUT_AUDIO_CONFIG DONE
04-03 21:47:25.282  9572  9609 E bt_btm  : tBTM_SEC_DEV:0x24666e88 rs_disc_pending=0
04-03 21:47:25.282  9572  9609 W bt_btif : bta_dm_check_av:0
04-03 21:47:25.283  9572  9593 W bt_btif : btif_dm_cback : unhandled event (14)
04-03 21:47:25.326  9572  9617 W bt_btif : btif_a2dp_ctrl_cb: A2DP-CTRL-CHANNEL EVENT UIPC_RX_DATA_READY_EVT
04-03 21:47:25.327  9572  9617 W bt_btif : btif_a2dp_recv_ctrl_data: a2dp-ctrl-cmd : A2DP_CTRL_GET_OUTPUT_AUDIO_CONFIG
04-03 21:47:25.327  9572  9617 W bt_btif : btif_a2dp_command_ack: ## a2dp ack : A2DP_CTRL_GET_OUTPUT_AUDIO_CONFIG, status 0 ##
04-03 21:47:25.327  9572  9617 W bt_btif : btif_a2dp_recv_ctrl_data: a2dp-ctrl-cmd : A2DP_CTRL_GET_OUTPUT_AUDIO_CONFIG DONE
04-03 21:47:25.332  9572  9617 W bt_btif : btif_a2dp_ctrl_cb: A2DP-CTRL-CHANNEL EVENT UIPC_RX_DATA_READY_EVT
04-03 21:47:25.332  9572  9617 W bt_btif : btif_a2dp_recv_ctrl_data: a2dp-ctrl-cmd : A2DP_CTRL_CMD_SUSPEND
04-03 21:47:25.332  9572  9617 W bt_btif : btif_av_stream_started_ready: sm_handle=611631592 state=2 flags=0x0 ready=0
04-03 21:47:25.332  9572  9617 W bt_btif : btif_a2dp_command_ack: ## a2dp ack : A2DP_CTRL_CMD_SUSPEND, status 0 ##
04-03 21:47:25.332  9572  9617 W bt_btif : btif_a2dp_recv_ctrl_data: a2dp-ctrl-cmd : A2DP_CTRL_CMD_SUSPEND DONE
04-03 21:47:25.334  9572  9617 W bt_btif : btif_a2dp_ctrl_cb: A2DP-CTRL-CHANNEL EVENT UIPC_RX_DATA_READY_EVT
04-03 21:47:25.334  9572  9617 W bt_btif : btif_a2dp_recv_ctrl_data: a2dp-ctrl-cmd : A2DP_CTRL_GET_OUTPUT_AUDIO_CONFIG
04-03 21:47:25.334  9572  9617 W bt_btif : btif_a2dp_command_ack: ## a2dp ack : A2DP_CTRL_GET_OUTPUT_AUDIO_CONFIG, status 0 ##
04-03 21:47:25.335  9572  9617 W bt_btif : btif_a2dp_recv_ctrl_data: a2dp-ctrl-cmd : A2DP_CTRL_GET_OUTPUT_AUDIO_CONFIG DONE
04-03 21:47:25.335  9572  9617 W bt_btif : btif_a2dp_ctrl_cb: A2DP-CTRL-CHANNEL EVENT UIPC_RX_DATA_READY_EVT
04-03 21:47:25.336  9572  9617 W bt_btif : btif_a2dp_recv_ctrl_data: a2dp-ctrl-cmd : A2DP_CTRL_GET_OUTPUT_AUDIO_CONFIG
04-03 21:47:25.336  9572  9617 W bt_btif : btif_a2dp_command_ack: ## a2dp ack : A2DP_CTRL_GET_OUTPUT_AUDIO_CONFIG, status 0 ##
04-03 21:47:25.336  9572  9617 W bt_btif : btif_a2dp_recv_ctrl_data: a2dp-ctrl-cmd : A2DP_CTRL_GET_OUTPUT_AUDIO_CONFIG DONE
04-03 21:47:25.336  9572  9617 W bt_btif : btif_a2dp_ctrl_cb: A2DP-CTRL-CHANNEL EVENT UIPC_RX_DATA_READY_EVT
04-03 21:47:25.336  9572  9617 W bt_btif : btif_a2dp_recv_ctrl_data: a2dp-ctrl-cmd : A2DP_CTRL_GET_OUTPUT_AUDIO_CONFIG
04-03 21:47:25.337  9572  9617 W bt_btif : btif_a2dp_command_ack: ## a2dp ack : A2DP_CTRL_GET_OUTPUT_AUDIO_CONFIG, status 0 ##
04-03 21:47:25.337  9572  9617 W bt_btif : btif_a2dp_recv_ctrl_data: a2dp-ctrl-cmd : A2DP_CTRL_GET_OUTPUT_AUDIO_CONFIG DONE
04-03 21:47:25.342  9572  9617 W bt_btif : btif_a2dp_ctrl_cb: A2DP-CTRL-CHANNEL EVENT UIPC_RX_DATA_READY_EVT
04-03 21:47:25.342  9572  9617 W bt_btif : poll : channel detached remotely
04-03 21:47:25.342  9572  9617 W bt_btif : btif_a2dp_recv_ctrl_data: CTRL CH DETACHED
04-03 21:47:25.342  9572  9617 W bt_btif : btif_a2dp_ctrl_cb: A2DP-CTRL-CHANNEL EVENT UIPC_CLOSE_EVT
04-03 21:47:25.343  9572  9617 W bt_btif : btif_a2dp_ctrl_cb: A2DP-CTRL-CHANNEL EVENT UIPC_OPEN_EVT
04-03 21:47:25.343  9572  9617 W bt_btif : btif_a2dp_ctrl_cb: A2DP-CTRL-CHANNEL EVENT UIPC_RX_DATA_READY_EVT
04-03 21:47:25.343  9572  9617 W bt_btif : btif_a2dp_recv_ctrl_data: a2dp-ctrl-cmd : A2DP_CTRL_CMD_CHECK_READY
04-03 21:47:25.343  9572  9617 W bt_btif : btif_a2dp_command_ack: ## a2dp ack : A2DP_CTRL_CMD_CHECK_READY, status 0 ##
04-03 21:47:25.343  9572  9617 W bt_btif : btif_a2dp_recv_ctrl_data: a2dp-ctrl-cmd : A2DP_CTRL_CMD_CHECK_READY DONE
04-03 21:47:25.343  9572  9617 W bt_btif : btif_a2dp_ctrl_cb: A2DP-CTRL-CHANNEL EVENT UIPC_RX_DATA_READY_EVT
04-03 21:47:25.343  9572  9617 W bt_btif : btif_a2dp_recv_ctrl_data: a2dp-ctrl-cmd : A2DP_CTRL_GET_OUTPUT_AUDIO_CONFIG
04-03 21:47:25.343  9572  9617 W bt_btif : btif_a2dp_command_ack: ## a2dp ack : A2DP_CTRL_GET_OUTPUT_AUDIO_CONFIG, status 0 ##
04-03 21:47:25.343  9572  9617 W bt_btif : btif_a2dp_recv_ctrl_data: a2dp-ctrl-cmd : A2DP_CTRL_GET_OUTPUT_AUDIO_CONFIG DONE
04-03 21:47:25.344  9572  9617 W bt_btif : btif_a2dp_ctrl_cb: A2DP-CTRL-CHANNEL EVENT UIPC_RX_DATA_READY_EVT
04-03 21:47:25.344  9572  9617 W bt_btif : btif_a2dp_recv_ctrl_data: a2dp-ctrl-cmd : A2DP_CTRL_SET_OUTPUT_AUDIO_CONFIG
04-03 21:47:25.344  9572  9617 W bt_btif : btif_a2dp_command_ack: ## a2dp ack : A2DP_CTRL_SET_OUTPUT_AUDIO_CONFIG, status 0 ##
04-03 21:47:25.344  9572  9617 W bt_btif : btif_a2dp_recv_ctrl_data: a2dp-ctrl-cmd : A2DP_CTRL_SET_OUTPUT_AUDIO_CONFIG DONE
04-03 21:47:25.344  9572  9616 D a2dp_sbc_encoder: a2dp_sbc_encoder_update: sample_rate=44100 bits_per_sample=16 channel_count=2
04-03 21:47:25.345  9572  9616 D a2dp_sbc_encoder: a2dp_sbc_encoder_update: MTU=883, peer_mtu=883 min_bitpool=2 max_bitpool=53
04-03 21:47:25.345  9572  9617 W bt_btif : btif_a2dp_ctrl_cb: A2DP-CTRL-CHANNEL EVENT UIPC_RX_DATA_READY_EVT
04-03 21:47:25.345  9572  9616 D a2dp_sbc_encoder: a2dp_sbc_encoder_update: ChannelMode=3, NumOfSubBands=8, NumOfBlocks=16, AllocationMethod=0, BitRate=328, SamplingFreq=44100 BitPool=53
04-03 21:47:25.345  9572  9617 W bt_btif : btif_a2dp_recv_ctrl_data: a2dp-ctrl-cmd : A2DP_CTRL_GET_OUTPUT_AUDIO_CONFIG
04-03 21:47:25.345  9572  9616 D a2dp_sbc_encoder: a2dp_sbc_encoder_update: bitpool candidate: 53 (328 kbps)
04-03 21:47:25.345  9572  9616 D a2dp_sbc_encoder: a2dp_sbc_encoder_update: final bit rate 328, final bit pool 53
04-03 21:47:25.345  9572  9617 W bt_btif : btif_a2dp_command_ack: ## a2dp ack : A2DP_CTRL_GET_OUTPUT_AUDIO_CONFIG, status 0 ##
04-03 21:47:25.345  9572  9617 W bt_btif : btif_a2dp_recv_ctrl_data: a2dp-ctrl-cmd : A2DP_CTRL_GET_OUTPUT_AUDIO_CONFIG DONE
04-03 21:47:25.488  9572  9609 E bt_btm  : tBTM_SEC_DEV:0x24666e88 rs_disc_pending=0
04-03 21:47:25.488  9572  9609 W bt_btif : bta_dm_check_av:0
04-03 21:47:25.489  9572  9593 W bt_btif : btif_dm_cback : unhandled event (14)
04-03 21:47:25.596  9572  9609 W bt_sdp  : process_service_search_attr_rsp
04-03 21:47:25.597  9572  9617 W bt_btif : btif_a2dp_ctrl_cb: A2DP-CTRL-CHANNEL EVENT UIPC_RX_DATA_READY_EVT
04-03 21:47:25.598  9572  9617 W bt_btif : btif_a2dp_recv_ctrl_data: a2dp-ctrl-cmd : A2DP_CTRL_GET_OUTPUT_AUDIO_CONFIG
04-03 21:47:25.598  9572  9617 W bt_btif : btif_a2dp_command_ack: ## a2dp ack : A2DP_CTRL_GET_OUTPUT_AUDIO_CONFIG, status 0 ##
04-03 21:47:25.598  9572  9617 W bt_btif : btif_a2dp_recv_ctrl_data: a2dp-ctrl-cmd : A2DP_CTRL_GET_OUTPUT_AUDIO_CONFIG DONE
04-03 21:47:25.603  9572  9617 W bt_btif : btif_a2dp_ctrl_cb: A2DP-CTRL-CHANNEL EVENT UIPC_RX_DATA_READY_EVT
04-03 21:47:25.603  9572  9617 W bt_btif : btif_a2dp_recv_ctrl_data: a2dp-ctrl-cmd : A2DP_CTRL_CMD_SUSPEND
04-03 21:47:25.603  9572  9617 W bt_btif : btif_av_stream_started_ready: sm_handle=611631592 state=2 flags=0x0 ready=0
04-03 21:47:25.603  9572  9617 W bt_btif : btif_a2dp_command_ack: ## a2dp ack : A2DP_CTRL_CMD_SUSPEND, status 0 ##
04-03 21:47:25.603  9572  9617 W bt_btif : btif_a2dp_recv_ctrl_data: a2dp-ctrl-cmd : A2DP_CTRL_CMD_SUSPEND DONE
04-03 21:47:25.610  9572  9593 V BluetoothAvrcpControllerJni: btavrcp_get_rcfeatures_callback
04-03 21:47:25.611  9572  9617 W bt_btif : btif_a2dp_ctrl_cb: A2DP-CTRL-CHANNEL EVENT UIPC_RX_DATA_READY_EVT
04-03 21:47:25.612  9572  9617 W bt_btif : btif_a2dp_recv_ctrl_data: a2dp-ctrl-cmd : A2DP_CTRL_GET_OUTPUT_AUDIO_CONFIG
04-03 21:47:25.612  9572  9617 W bt_btif : btif_a2dp_command_ack: ## a2dp ack : A2DP_CTRL_GET_OUTPUT_AUDIO_CONFIG, status 0 ##
04-03 21:47:25.612  9572  9623 D AvrcpControllerSM:  HandleMessage: CB_RC_FEATURES
04-03 21:47:25.612  9572  9617 W bt_btif : btif_a2dp_recv_ctrl_data: a2dp-ctrl-cmd : A2DP_CTRL_GET_OUTPUT_AUDIO_CONFIG DONE
04-03 21:47:25.612  9572  9623 D A2dpSinkService: getA2dpSinkService(): service is NULL
04-03 21:47:25.611  9572  9614 V Avrcp   : MSG_NATIVE_REQ_GET_RC_FEATURES: address=30:C0:1B:21:62:1E, features=3, mFeatures=3
04-03 21:47:25.624  9572  9614 V Avrcp   : MSG_NATIVE_REQ_VOLUME_CHANGE: volume=59 ctype=15
04-03 21:47:25.669  9572  9623 D AvrcpControllerSM:  HandleMessage: 108
04-03 21:47:25.670  9572  9623 D A2dpSinkService: getA2dpSinkService(): service is NULL
04-03 21:47:25.672  9572  9614 E Avrcp   : percent volume changed: 46%
04-03 21:47:25.672  9572  9614 V Avrcp   : MSG_NATIVE_REQ_REGISTER_NOTIFICATION:event=1 param=0
04-03 21:47:25.673  9572  9614 V Avrcp   : updatePlaybackState (1): 0➡0(PlaybackState {state=0, position=-1, buffered position=0, speed=0.0, updated=193549653, actions=0, custom actions=[], active item id=-1, error=null})
04-03 21:47:25.706  9572  9614 V Avrcp   : MSG_NATIVE_REQ_REGISTER_NOTIFICATION:event=5 param=1
04-03 21:47:25.706  9572  9614 D Avrcp   : sendPlayPosNotificationRsp: (true) -1 <=? -1 <=? -1 State: 0
04-03 21:47:26.375  9572  9614 V Avrcp   : updatePlaybackState (0): 0➡0(PlaybackState {state=0, position=-1, buffered position=0, speed=0.0, updated=193550355, actions=0, custom actions=[], active item id=-1, error=null})
04-03 21:47:26.376  9572  9614 I Avrcp   : Skipping update due to invalid playback state
04-03 21:47:26.376  9572  9614 E Avrcp   : play status change 0➡0 mPlayStatusChangedNT: 0
04-03 21:47:26.376  9572  9614 D Avrcp   : sendPlayPosNotificationRsp: (false) -1 <=? -1 <=? -1 State: 0
04-03 21:47:26.386  9572  9614 V Avrcp   : MediaController session destroyed
04-03 21:47:26.386  9572  9614 V Avrcp   : updateNewIds: Addressed:1 to 1, Browse:-1 to -1
04-03 21:47:26.387  9572  9614 D Avrcp   : updateCurrentController: MediaController (code.name.monkey.retromusic.debug@33b948a) null to null
04-03 21:47:26.390  9572  9614 V Avrcp   : updatePlaybackState (1): 0➡0(PlaybackState {state=0, position=-1, buffered position=0, speed=0.0, updated=193550369, actions=0, custom actions=[], active item id=-1, error=null})
04-03 21:47:26.390  9572  9614 I Avrcp   : Skipping update due to invalid playback state
04-03 21:47:26.390  9572  9614 E Avrcp   : play status change 0➡0 mPlayStatusChangedNT: 1
04-03 21:47:26.390  9572  9614 D Avrcp   : sendPlayPosNotificationRsp: Not registered or requesting.
04-03 21:47:26.391  9572  9614 V Avrcp   : updatePlaybackState (1): 0➡0(PlaybackState {state=0, position=-1, buffered position=0, speed=0.0, updated=193550371, actions=0, custom actions=[], active item id=-1, error=null})
04-03 21:47:26.391  9572  9614 I Avrcp   : Skipping update due to invalid playback state
04-03 21:47:26.391  9572  9614 E Avrcp   : play status change 0➡0 mPlayStatusChangedNT: 1
04-03 21:47:26.391  9572  9614 D Avrcp   : sendPlayPosNotificationRsp: Not registered or requesting.
04-03 21:47:26.410  9572  9614 V Avrcp   : updatePlaybackState (1): 0➡0(PlaybackState {state=0, position=-1, buffered position=0, speed=0.0, updated=193550390, actions=0, custom actions=[], active item id=-1, error=null})
04-03 21:47:26.410  9572  9614 I Avrcp   : Skipping update due to invalid playback state
04-03 21:47:26.410  9572  9614 E Avrcp   : play status change 0➡0 mPlayStatusChangedNT: 1
04-03 21:47:26.410  9572  9614 D Avrcp   : sendPlayPosNotificationRsp: Not registered or requesting.
04-03 21:47:26.411  9572  9614 V Avrcp   : MSG_NATIVE_REQ_REGISTER_NOTIFICATION:event=1 param=0
04-03 21:47:26.411  9572  9614 V Avrcp   : updatePlaybackState (1): 0➡0(PlaybackState {state=0, position=-1, buffered position=0, speed=0.0, updated=193550392, actions=0, custom actions=[], active item id=-1, error=null})
04-03 21:47:26.423  9572  9614 V Avrcp   : MSG_NATIVE_REQ_REGISTER_NOTIFICATION:event=5 param=1
04-03 21:47:26.423  9572  9614 D Avrcp   : sendPlayPosNotificationRsp: (true) -1 <=? -1 <=? -1 State: 0
04-03 21:47:26.431  9572  9614 V Avrcp   : ActiveSession: MediaController (code.name.monkey.retromusic.debug@45c7afb) null
04-03 21:47:26.431  9572  9614 W Avrcp   : playState object null, sending STOPPED
04-03 21:47:26.432  9572  9614 V Avrcp   : isBrowseSupported for code.name.monkey.retromusic.debug: false
04-03 21:47:26.439  9572  9614 D Avrcp   : update #1:MediaPlayerInfo code.name.monkey.retromusic.debug (as 'Music') Type = 1, SubType = 0, Status = 0 Feature Bits [40 41 42 44 45 47 48 58] Controller: MediaController (code.name.monkey.retromusic.debug@45c7afb) null
04-03 21:47:26.439  9572  9614 V Avrcp   : updateNewIds: Addressed:1 to 1, Browse:-1 to -1
04-03 21:47:26.440  9572  9614 D Avrcp   : updateCurrentController: null to MediaController (code.name.monkey.retromusic.debug@45c7afb) null
04-03 21:47:26.441  9572  9614 V Avrcp   : updatePlaybackState (0): 0➡0(PlaybackState {state=0, position=-1, buffered position=0, speed=0.0, updated=193550421, actions=0, custom actions=[], active item id=-1, error=null})
04-03 21:47:26.442  9572  9614 I Avrcp   : Skipping update due to invalid playback state
04-03 21:47:26.442  9572  9614 E Avrcp   : play status change 0➡0 mPlayStatusChangedNT: 0
04-03 21:47:26.442  9572  9614 D Avrcp   : sendPlayPosNotificationRsp: (false) -1 <=? -1 <=? -1 State: 0
04-03 21:47:26.443  9572  9614 V Avrcp   : updatePlaybackState (1): 0➡0(PlaybackState {state=0, position=-1, buffered position=0, speed=0.0, updated=193550423, actions=0, custom actions=[], active item id=-1, error=null})
04-03 21:47:26.443  9572  9614 I Avrcp   : Skipping update due to invalid playback state
04-03 21:47:26.443  9572  9614 E Avrcp   : play status change 0➡0 mPlayStatusChangedNT: 1
04-03 21:47:26.444  9572  9614 D Avrcp   : sendPlayPosNotificationRsp: Not registered or requesting.
04-03 21:47:26.454  9572  9614 V Avrcp   : MSG_NATIVE_REQ_REGISTER_NOTIFICATION:event=1 param=0
04-03 21:47:26.455  9572  9614 V Avrcp   : updatePlaybackState (1): 0➡0(PlaybackState {state=0, position=-1, buffered position=0, speed=0.0, updated=193550435, actions=0, custom actions=[], active item id=-1, error=null})
04-03 21:47:26.488  9572  9614 V Avrcp   : MSG_NATIVE_REQ_REGISTER_NOTIFICATION:event=5 param=1
04-03 21:47:26.488  9572  9614 D Avrcp   : sendPlayPosNotificationRsp: (true) -1 <=? -1 <=? -1 State: 0
04-03 21:47:27.336  9572  9614 V Avrcp   : updatePlaybackState (0): 0➡0(PlaybackState {state=0, position=-1, buffered position=0, speed=0.0, updated=193551315, actions=0, custom actions=[], active item id=-1, error=null})
04-03 21:47:27.336  9572  9614 I Avrcp   : Skipping update due to invalid playback state
04-03 21:47:27.337  9572  9614 E Avrcp   : play status change 0➡0 mPlayStatusChangedNT: 0
04-03 21:47:27.338  9572  9614 D Avrcp   : sendPlayPosNotificationRsp: (false) -1 <=? -1 <=? -1 State: 0
04-03 21:47:27.352  9572  9614 V Avrcp   : MediaController session destroyed
04-03 21:47:27.352  9572  9614 V Avrcp   : updateNewIds: Addressed:1 to 1, Browse:-1 to -1
04-03 21:47:27.353  9572  9614 D Avrcp   : updateCurrentController: MediaController (code.name.monkey.retromusic.debug@45c7afb) null to null
04-03 21:47:27.355  9572  9614 V Avrcp   : updatePlaybackState (1): 0➡0(PlaybackState {state=0, position=-1, buffered position=0, speed=0.0, updated=193551336, actions=0, custom actions=[], active item id=-1, error=null})
04-03 21:47:27.355  9572  9614 I Avrcp   : Skipping update due to invalid playback state
04-03 21:47:27.356  9572  9614 E Avrcp   : play status change 0➡0 mPlayStatusChangedNT: 1
04-03 21:47:27.356  9572  9614 D Avrcp   : sendPlayPosNotificationRsp: Not registered or requesting.
04-03 21:47:27.357  9572  9614 V Avrcp   : updatePlaybackState (1): 0➡0(PlaybackState {state=0, position=-1, buffered position=0, speed=0.0, updated=193551337, actions=0, custom actions=[], active item id=-1, error=null})
04-03 21:47:27.357  9572  9614 I Avrcp   : Skipping update due to invalid playback state
04-03 21:47:27.357  9572  9614 E Avrcp   : play status change 0➡0 mPlayStatusChangedNT: 1
04-03 21:47:27.357  9572  9614 D Avrcp   : sendPlayPosNotificationRsp: Not registered or requesting.
04-03 21:47:27.370  9572  9614 V Avrcp   : MSG_NATIVE_REQ_REGISTER_NOTIFICATION:event=1 param=0
04-03 21:47:27.371  9572  9614 V Avrcp   : updatePlaybackState (1): 0➡0(PlaybackState {state=0, position=-1, buffered position=0, speed=0.0, updated=193551351, actions=0, custom actions=[], active item id=-1, error=null})
04-03 21:47:27.380  9572  9614 V Avrcp   : MSG_NATIVE_REQ_REGISTER_NOTIFICATION:event=5 param=1
04-03 21:47:27.381  9572  9614 D Avrcp   : sendPlayPosNotificationRsp: (true) -1 <=? -1 <=? -1 State: 0
04-03 21:47:27.386  9572  9614 V Avrcp   : updatePlaybackState (0): 0➡0(PlaybackState {state=0, position=-1, buffered position=0, speed=0.0, updated=193551366, actions=0, custom actions=[], active item id=-1, error=null})
04-03 21:47:27.386  9572  9614 I Avrcp   : Skipping update due to invalid playback state
04-03 21:47:27.386  9572  9614 E Avrcp   : play status change 0➡0 mPlayStatusChangedNT: 0
04-03 21:47:27.387  9572  9614 D Avrcp   : sendPlayPosNotificationRsp: (false) -1 <=? -1 <=? -1 State: 0
04-03 21:47:27.418  9572  9614 V Avrcp   : MSG_NATIVE_REQ_REGISTER_NOTIFICATION:event=1 param=0
04-03 21:47:27.421  9572  9614 V Avrcp   : updatePlaybackState (1): 0➡0(PlaybackState {state=0, position=-1, buffered position=0, speed=0.0, updated=193551399, actions=0, custom actions=[], active item id=-1, error=null})
04-03 21:47:27.423  9572  9614 V Avrcp   : ActiveSession: MediaController (code.name.monkey.retromusic.debug@1fb0718) null
04-03 21:47:27.425  9572  9614 W Avrcp   : playState object null, sending STOPPED
04-03 21:47:27.425  9572  9614 V Avrcp   : isBrowseSupported for code.name.monkey.retromusic.debug: false
04-03 21:47:27.428  9572  9614 D Avrcp   : update #1:MediaPlayerInfo code.name.monkey.retromusic.debug (as 'Music') Type = 1, SubType = 0, Status = 0 Feature Bits [40 41 42 44 45 47 48 58] Controller: MediaController (code.name.monkey.retromusic.debug@1fb0718) null
04-03 21:47:27.428  9572  9614 V Avrcp   : updateNewIds: Addressed:1 to 1, Browse:-1 to -1
04-03 21:47:27.429  9572  9614 D Avrcp   : updateCurrentController: null to MediaController (code.name.monkey.retromusic.debug@1fb0718) null
04-03 21:47:27.433  9572  9614 V Avrcp   : updatePlaybackState (0): 0➡0(PlaybackState {state=0, position=-1, buffered position=0, speed=0.0, updated=193551412, actions=0, custom actions=[], active item id=-1, error=null})
04-03 21:47:27.435  9572  9614 I Avrcp   : Skipping update due to invalid playback state
04-03 21:47:27.435  9572  9614 E Avrcp   : play status change 0➡0 mPlayStatusChangedNT: 0
04-03 21:47:27.435  9572  9614 D Avrcp   : sendPlayPosNotificationRsp: Not registered or requesting.
04-03 21:47:27.436  9572  9614 V Avrcp   : updatePlaybackState (1): 0➡0(PlaybackState {state=0, position=-1, buffered position=0, speed=0.0, updated=193551416, actions=0, custom actions=[], active item id=-1, error=null})
04-03 21:47:27.437  9572  9614 I Avrcp   : Skipping update due to invalid playback state
04-03 21:47:27.437  9572  9614 E Avrcp   : play status change 0➡0 mPlayStatusChangedNT: 1
04-03 21:47:27.437  9572  9614 D Avrcp   : sendPlayPosNotificationRsp: Not registered or requesting.
04-03 21:47:27.439  9572  9614 V Avrcp   : MSG_NATIVE_REQ_REGISTER_NOTIFICATION:event=5 param=1
04-03 21:47:27.440  9572  9614 D Avrcp   : sendPlayPosNotificationRsp: (true) -1 <=? -1 <=? -1 State: 0
04-03 21:47:27.460  9572  9614 V Avrcp   : MSG_NATIVE_REQ_REGISTER_NOTIFICATION:event=1 param=0
04-03 21:47:27.462  9572  9614 V Avrcp   : updatePlaybackState (1): 0➡0(PlaybackState {state=0, position=-1, buffered position=0, speed=0.0, updated=193551441, actions=0, custom actions=[], active item id=-1, error=null})
04-03 21:47:28.631  9572  9614 V Avrcp   : updatePlaybackState (0): 0➡0(PlaybackState {state=0, position=-1, buffered position=0, speed=0.0, updated=193552610, actions=0, custom actions=[], active item id=-1, error=null})
04-03 21:47:28.632  9572  9614 I Avrcp   : Skipping update due to invalid playback state
04-03 21:47:28.632  9572  9614 E Avrcp   : play status change 0➡0 mPlayStatusChangedNT: 0
04-03 21:47:28.632  9572  9614 D Avrcp   : sendPlayPosNotificationRsp: (false) -1 <=? -1 <=? -1 State: 0
04-03 21:47:28.644  9572  9614 V Avrcp   : MediaController session destroyed
04-03 21:47:28.645  9572  9614 V Avrcp   : updateNewIds: Addressed:1 to 1, Browse:-1 to -1
04-03 21:47:28.646  9572  9614 D Avrcp   : updateCurrentController: MediaController (code.name.monkey.retromusic.debug@1fb0718) null to null
04-03 21:47:28.647  9572  9614 V Avrcp   : updatePlaybackState (1): 0➡0(PlaybackState {state=0, position=-1, buffered position=0, speed=0.0, updated=193552627, actions=0, custom actions=[], active item id=-1, error=null})
04-03 21:47:28.647  9572  9614 I Avrcp   : Skipping update due to invalid playback state
04-03 21:47:28.647  9572  9614 E Avrcp   : play status change 0➡0 mPlayStatusChangedNT: 1
04-03 21:47:28.647  9572  9614 D Avrcp   : sendPlayPosNotificationRsp: Not registered or requesting.
04-03 21:47:28.648  9572  9614 V Avrcp   : updatePlaybackState (1): 0➡0(PlaybackState {state=0, position=-1, buffered position=0, speed=0.0, updated=193552629, actions=0, custom actions=[], active item id=-1, error=null})
04-03 21:47:28.648  9572  9614 I Avrcp   : Skipping update due to invalid playback state
04-03 21:47:28.648  9572  9614 E Avrcp   : play status change 0➡0 mPlayStatusChangedNT: 1
04-03 21:47:28.648  9572  9614 D Avrcp   : sendPlayPosNotificationRsp: Not registered or requesting.
04-03 21:47:28.664  9572  9614 V Avrcp   : MSG_NATIVE_REQ_REGISTER_NOTIFICATION:event=1 param=0
04-03 21:47:28.666  9572  9614 V Avrcp   : updatePlaybackState (1): 0➡0(PlaybackState {state=0, position=-1, buffered position=0, speed=0.0, updated=193552646, actions=0, custom actions=[], active item id=-1, error=null})
04-03 21:47:28.668  9572  9614 V Avrcp   : updatePlaybackState (0): 0➡0(PlaybackState {state=0, position=-1, buffered position=0, speed=0.0, updated=193552648, actions=0, custom actions=[], active item id=-1, error=null})
04-03 21:47:28.668  9572  9614 I Avrcp   : Skipping update due to invalid playback state
04-03 21:47:28.668  9572  9614 E Avrcp   : play status change 0➡0 mPlayStatusChangedNT: 0
04-03 21:47:28.669  9572  9614 D Avrcp   : sendPlayPosNotificationRsp: Not registered or requesting.
04-03 21:47:28.675  9572  9614 V Avrcp   : MSG_NATIVE_REQ_REGISTER_NOTIFICATION:event=5 param=1
04-03 21:47:28.675  9572  9614 D Avrcp   : sendPlayPosNotificationRsp: (true) -1 <=? -1 <=? -1 State: 0
04-03 21:47:28.685  9572  9614 V Avrcp   : MSG_NATIVE_REQ_REGISTER_NOTIFICATION:event=1 param=0
04-03 21:47:28.686  9572  9614 V Avrcp   : updatePlaybackState (1): 0➡0(PlaybackState {state=0, position=-1, buffered position=0, speed=0.0, updated=193552666, actions=0, custom actions=[], active item id=-1, error=null})
04-03 21:47:28.696  9572  9614 V Avrcp   : ActiveSession: MediaController (code.name.monkey.retromusic.debug@89b8571) null
04-03 21:47:28.698  9572  9614 W Avrcp   : playState object null, sending STOPPED
04-03 21:47:28.700  9572  9614 V Avrcp   : isBrowseSupported for code.name.monkey.retromusic.debug: false
04-03 21:47:28.703  9572  9614 D Avrcp   : update #1:MediaPlayerInfo code.name.monkey.retromusic.debug (as 'Music') Type = 1, SubType = 0, Status = 0 Feature Bits [40 41 42 44 45 47 48 58] Controller: MediaController (code.name.monkey.retromusic.debug@89b8571) null
04-03 21:47:28.703  9572  9614 V Avrcp   : updateNewIds: Addressed:1 to 1, Browse:-1 to -1
04-03 21:47:28.704  9572  9614 D Avrcp   : updateCurrentController: null to MediaController (code.name.monkey.retromusic.debug@89b8571) null
04-03 21:47:28.706  9572  9614 V Avrcp   : updatePlaybackState (0): 0➡0(PlaybackState {state=0, position=-1, buffered position=0, speed=0.0, updated=193552686, actions=0, custom actions=[], active item id=-1, error=null})
04-03 21:47:28.709  9572  9614 I Avrcp   : Skipping update due to invalid playback state
04-03 21:47:28.709  9572  9614 E Avrcp   : play status change 0➡0 mPlayStatusChangedNT: 0
04-03 21:47:28.710  9572  9614 D Avrcp   : sendPlayPosNotificationRsp: (false) -1 <=? -1 <=? -1 State: 0
04-03 21:47:28.712  9572  9614 V Avrcp   : updatePlaybackState (1): 0➡0(PlaybackState {state=0, position=-1, buffered position=0, speed=0.0, updated=193552692, actions=0, custom actions=[], active item id=-1, error=null})
04-03 21:47:28.712  9572  9614 I Avrcp   : Skipping update due to invalid playback state
04-03 21:47:28.712  9572  9614 E Avrcp   : play status change 0➡0 mPlayStatusChangedNT: 1
04-03 21:47:28.712  9572  9614 D Avrcp   : sendPlayPosNotificationRsp: Not registered or requesting.
04-03 21:47:28.717  9572  9614 V Avrcp   : MSG_NATIVE_REQ_REGISTER_NOTIFICATION:event=1 param=0
04-03 21:47:28.718  9572  9614 V Avrcp   : updatePlaybackState (1): 0➡0(PlaybackState {state=0, position=-1, buffered position=0, speed=0.0, updated=193552698, actions=0, custom actions=[], active item id=-1, error=null})
04-03 21:47:28.778  9572  9614 V Avrcp   : MSG_NATIVE_REQ_REGISTER_NOTIFICATION:event=5 param=1
04-03 21:47:28.779  9572  9614 D Avrcp   : sendPlayPosNotificationRsp: (true) -1 <=? -1 <=? -1 State: 0
04-03 21:47:28.913  9572  9572 D BluetoothPhonePolicy: processConnectOtherProfiles, device=30:C0:1B:21:62:1E
04-03 21:47:29.696  9572  9614 V Avrcp   : updatePlaybackState (0): 0➡0(PlaybackState {state=0, position=-1, buffered position=0, speed=0.0, updated=193553676, actions=0, custom actions=[], active item id=-1, error=null})
04-03 21:47:29.696  9572  9614 I Avrcp   : Skipping update due to invalid playback state
04-03 21:47:29.697  9572  9614 E Avrcp   : play status change 0➡0 mPlayStatusChangedNT: 0
04-03 21:47:29.697  9572  9614 D Avrcp   : sendPlayPosNotificationRsp: (false) -1 <=? -1 <=? -1 State: 0
04-03 21:47:29.714  9572  9614 V Avrcp   : MediaController session destroyed
04-03 21:47:29.714  9572  9614 V Avrcp   : updateNewIds: Addressed:1 to 1, Browse:-1 to -1
04-03 21:47:29.715  9572  9614 D Avrcp   : updateCurrentController: MediaController (code.name.monkey.retromusic.debug@89b8571) null to null
04-03 21:47:29.716  9572  9614 V Avrcp   : updatePlaybackState (1): 0➡0(PlaybackState {state=0, position=-1, buffered position=0, speed=0.0, updated=193553697, actions=0, custom actions=[], active item id=-1, error=null})
04-03 21:47:29.717  9572  9614 I Avrcp   : Skipping update due to invalid playback state
04-03 21:47:29.717  9572  9614 E Avrcp   : play status change 0➡0 mPlayStatusChangedNT: 1
04-03 21:47:29.717  9572  9614 D Avrcp   : sendPlayPosNotificationRsp: Not registered or requesting.
04-03 21:47:29.718  9572  9614 V Avrcp   : updatePlaybackState (1): 0➡0(PlaybackState {state=0, position=-1, buffered position=0, speed=0.0, updated=193553698, actions=0, custom actions=[], active item id=-1, error=null})
04-03 21:47:29.718  9572  9614 I Avrcp   : Skipping update due to invalid playback state
04-03 21:47:29.718  9572  9614 E Avrcp   : play status change 0➡0 mPlayStatusChangedNT: 1
04-03 21:47:29.718  9572  9614 D Avrcp   : sendPlayPosNotificationRsp: Not registered or requesting.
04-03 21:47:29.730  9572  9614 V Avrcp   : MSG_NATIVE_REQ_REGISTER_NOTIFICATION:event=1 param=0
04-03 21:47:29.731  9572  9614 V Avrcp   : updatePlaybackState (1): 0➡0(PlaybackState {state=0, position=-1, buffered position=0, speed=0.0, updated=193553711, actions=0, custom actions=[], active item id=-1, error=null})
04-03 21:47:29.739  9572  9614 V Avrcp   : updatePlaybackState (0): 0➡0(PlaybackState {state=0, position=-1, buffered position=0, speed=0.0, updated=193553719, actions=0, custom actions=[], active item id=-1, error=null})
04-03 21:47:29.739  9572  9614 I Avrcp   : Skipping update due to invalid playback state
04-03 21:47:29.739  9572  9614 E Avrcp   : play status change 0➡0 mPlayStatusChangedNT: 0
04-03 21:47:29.739  9572  9614 D Avrcp   : sendPlayPosNotificationRsp: Not registered or requesting.
04-03 21:47:29.739  9572  9614 V Avrcp   : MSG_NATIVE_REQ_REGISTER_NOTIFICATION:event=5 param=1
04-03 21:47:29.740  9572  9614 D Avrcp   : sendPlayPosNotificationRsp: (true) -1 <=? -1 <=? -1 State: 0
04-03 21:47:29.749  9572  9614 V Avrcp   : MSG_NATIVE_REQ_REGISTER_NOTIFICATION:event=1 param=0
04-03 21:47:29.750  9572  9614 V Avrcp   : updatePlaybackState (1): 0➡0(PlaybackState {state=0, position=-1, buffered position=0, speed=0.0, updated=193553730, actions=0, custom actions=[], active item id=-1, error=null})
04-03 21:47:29.761  9572  9614 V Avrcp   : ActiveSession: MediaController (code.name.monkey.retromusic.debug@3466f56) null
04-03 21:47:29.762  9572  9614 W Avrcp   : playState object null, sending STOPPED
04-03 21:47:29.762  9572  9614 V Avrcp   : isBrowseSupported for code.name.monkey.retromusic.debug: false
04-03 21:47:29.764  9572  9614 D Avrcp   : update #1:MediaPlayerInfo code.name.monkey.retromusic.debug (as 'Music') Type = 1, SubType = 0, Status = 0 Feature Bits [40 41 42 44 45 47 48 58] Controller: MediaController (code.name.monkey.retromusic.debug@3466f56) null
04-03 21:47:29.764  9572  9614 V Avrcp   : updateNewIds: Addressed:1 to 1, Browse:-1 to -1
04-03 21:47:29.767  9572  9614 D Avrcp   : updateCurrentController: null to MediaController (code.name.monkey.retromusic.debug@3466f56) null
04-03 21:47:29.769  9572  9614 V Avrcp   : updatePlaybackState (0): 0➡0(PlaybackState {state=0, position=-1, buffered position=0, speed=0.0, updated=193553750, actions=0, custom actions=[], active item id=-1, error=null})
04-03 21:47:29.770  9572  9614 I Avrcp   : Skipping update due to invalid playback state
04-03 21:47:29.770  9572  9614 E Avrcp   : play status change 0➡0 mPlayStatusChangedNT: 0
04-03 21:47:29.770  9572  9614 D Avrcp   : sendPlayPosNotificationRsp: (false) -1 <=? -1 <=? -1 State: 0
04-03 21:47:29.771  9572  9614 V Avrcp   : updatePlaybackState (1): 0➡0(PlaybackState {state=0, position=-1, buffered position=0, speed=0.0, updated=193553751, actions=0, custom actions=[], active item id=-1, error=null})
04-03 21:47:29.772  9572  9614 I Avrcp   : Skipping update due to invalid playback state
04-03 21:47:29.772  9572  9614 E Avrcp   : play status change 0➡0 mPlayStatusChangedNT: 1
04-03 21:47:29.772  9572  9614 D Avrcp   : sendPlayPosNotificationRsp: Not registered or requesting.
04-03 21:47:29.802  9572  9614 V Avrcp   : MSG_NATIVE_REQ_REGISTER_NOTIFICATION:event=1 param=0
04-03 21:47:29.802  9572  9614 V Avrcp   : updatePlaybackState (1): 0➡0(PlaybackState {state=0, position=-1, buffered position=0, speed=0.0, updated=193553783, actions=0, custom actions=[], active item id=-1, error=null})
04-03 21:47:29.812  9572  9614 V Avrcp   : MSG_NATIVE_REQ_REGISTER_NOTIFICATION:event=5 param=1
04-03 21:47:29.813  9572  9614 D Avrcp   : sendPlayPosNotificationRsp: (true) -1 <=? -1 <=? -1 State: 0
04-03 21:47:30.718  9572  9593 D BluetoothAdapterProperties: Discoverable Timeout:120
04-03 21:47:30.725  9572  9593 D BluetoothAdapterProperties: Scan Mode:21
04-03 21:47:30.875  9572  9614 V Avrcp   : updatePlaybackState (0): 0➡0(PlaybackState {state=0, position=-1, buffered position=0, speed=0.0, updated=193554854, actions=0, custom actions=[], active item id=-1, error=null})
04-03 21:47:30.875  9572  9614 I Avrcp   : Skipping update due to invalid playback state
04-03 21:47:30.876  9572  9614 E Avrcp   : play status change 0➡0 mPlayStatusChangedNT: 0
04-03 21:47:30.876  9572  9614 D Avrcp   : sendPlayPosNotificationRsp: (false) -1 <=? -1 <=? -1 State: 0
04-03 21:47:30.889  9572  9614 V Avrcp   : MediaController session destroyed
04-03 21:47:30.890  9572  9614 V Avrcp   : updateNewIds: Addressed:1 to 1, Browse:-1 to -1
04-03 21:47:30.890  9572  9614 D Avrcp   : updateCurrentController: MediaController (code.name.monkey.retromusic.debug@3466f56) null to null
04-03 21:47:30.891  9572  9614 V Avrcp   : updatePlaybackState (1): 0➡0(PlaybackState {state=0, position=-1, buffered position=0, speed=0.0, updated=193554871, actions=0, custom actions=[], active item id=-1, error=null})
04-03 21:47:30.891  9572  9614 I Avrcp   : Skipping update due to invalid playback state
04-03 21:47:30.891  9572  9614 E Avrcp   : play status change 0➡0 mPlayStatusChangedNT: 1
04-03 21:47:30.891  9572  9614 D Avrcp   : sendPlayPosNotificationRsp: Not registered or requesting.
04-03 21:47:30.892  9572  9614 V Avrcp   : updatePlaybackState (1): 0➡0(PlaybackState {state=0, position=-1, buffered position=0, speed=0.0, updated=193554872, actions=0, custom actions=[], active item id=-1, error=null})
04-03 21:47:30.892  9572  9614 I Avrcp   : Skipping update due to invalid playback state
04-03 21:47:30.892  9572  9614 E Avrcp   : play status change 0➡0 mPlayStatusChangedNT: 1
04-03 21:47:30.893  9572  9614 D Avrcp   : sendPlayPosNotificationRsp: Not registered or requesting.
04-03 21:47:30.917  9572  9614 V Avrcp   : updatePlaybackState (1): 0➡0(PlaybackState {state=0, position=-1, buffered position=0, speed=0.0, updated=193554891, actions=0, custom actions=[], active item id=-1, error=null})
04-03 21:47:30.917  9572  9614 I Avrcp   : Skipping update due to invalid playback state
04-03 21:47:30.917  9572  9614 E Avrcp   : play status change 0➡0 mPlayStatusChangedNT: 1
04-03 21:47:30.917  9572  9614 D Avrcp   : sendPlayPosNotificationRsp: Not registered or requesting.
04-03 21:47:30.933  9572  9614 V Avrcp   : MSG_NATIVE_REQ_REGISTER_NOTIFICATION:event=1 param=0
04-03 21:47:30.934  9572  9614 V Avrcp   : updatePlaybackState (1): 0➡0(PlaybackState {state=0, position=-1, buffered position=0, speed=0.0, updated=193554914, actions=0, custom actions=[], active item id=-1, error=null})
04-03 21:47:30.940  9572  9614 V Avrcp   : ActiveSession: MediaController (code.name.monkey.retromusic.debug@d6dcbd7) null
04-03 21:47:30.941  9572  9614 W Avrcp   : playState object null, sending STOPPED
04-03 21:47:30.941  9572  9614 V Avrcp   : isBrowseSupported for code.name.monkey.retromusic.debug: false
04-03 21:47:30.942  9572  9614 D Avrcp   : update #1:MediaPlayerInfo code.name.monkey.retromusic.debug (as 'Music') Type = 1, SubType = 0, Status = 0 Feature Bits [40 41 42 44 45 47 48 58] Controller: MediaController (code.name.monkey.retromusic.debug@d6dcbd7) null
04-03 21:47:30.942  9572  9614 V Avrcp   : updateNewIds: Addressed:1 to 1, Browse:-1 to -1
04-03 21:47:30.943  9572  9614 D Avrcp   : updateCurrentController: null to MediaController (code.name.monkey.retromusic.debug@d6dcbd7) null
04-03 21:47:30.944  9572  9614 V Avrcp   : updatePlaybackState (0): 0➡0(PlaybackState {state=0, position=-1, buffered position=0, speed=0.0, updated=193554924, actions=0, custom actions=[], active item id=-1, error=null})
04-03 21:47:30.945  9572  9614 I Avrcp   : Skipping update due to invalid playback state
04-03 21:47:30.945  9572  9614 E Avrcp   : play status change 0➡0 mPlayStatusChangedNT: 0
04-03 21:47:30.946  9572  9614 D Avrcp   : sendPlayPosNotificationRsp: Not registered or requesting.
04-03 21:47:30.947  9572  9614 V Avrcp   : updatePlaybackState (1): 0➡0(PlaybackState {state=0, position=-1, buffered position=0, speed=0.0, updated=193554927, actions=0, custom actions=[], active item id=-1, error=null})
04-03 21:47:30.947  9572  9614 I Avrcp   : Skipping update due to invalid playback state
04-03 21:47:30.947  9572  9614 E Avrcp   : play status change 0➡0 mPlayStatusChangedNT: 1
04-03 21:47:30.947  9572  9614 D Avrcp   : sendPlayPosNotificationRsp: Not registered or requesting.
04-03 21:47:30.950  9572  9614 V Avrcp   : MSG_NATIVE_REQ_REGISTER_NOTIFICATION:event=5 param=1
04-03 21:47:30.950  9572  9614 D Avrcp   : sendPlayPosNotificationRsp: (true) -1 <=? -1 <=? -1 State: 0
04-03 21:47:30.980  9572  9614 V Avrcp   : MSG_NATIVE_REQ_REGISTER_NOTIFICATION:event=1 param=0
