--------- beginning of main
04-03 13:03:08.200  5838  5838 I chatty  : uid=1002(bluetooth) com.android.bluetooth expire 37 lines
04-03 13:03:08.253  5838  5853 I chatty  : uid=1002(bluetooth) BluetoothAdapte expire 13 lines
04-03 13:03:08.255  5838  5854 I chatty  : uid=1002(bluetooth) stack_manager expire 14 lines
04-03 13:03:08.258  5838  5857 I chatty  : uid=1002(bluetooth) alarm_default_c expire 1 line
04-03 13:03:08.258  5838  5858 I chatty  : uid=1002(bluetooth) alarm_dispatche expire 1 line
04-03 13:03:08.263  5838  5859 I chatty  : uid=1002(bluetooth) BT Service Call expire 5 lines
04-03 13:03:08.293  5838  5850 I chatty  : uid=1002(bluetooth) Binder:5838_1 expire 1 line
04-03 13:03:08.302  5838  5865 I chatty  : uid=1002(bluetooth) BondStateMachin expire 1 line
04-03 13:03:08.325  5838  5869 I chatty  : uid=1002(bluetooth) hci_thread expire 3 lines
04-03 13:03:08.438  5838  5869 I chatty  : uid=1002(bluetooth) hci_thread expire 1 line
04-03 13:03:08.438  5838  5854 I chatty  : uid=1002(bluetooth) stack_manager expire 1 line
04-03 13:03:08.441  5838  5874 I chatty  : uid=1002(bluetooth) bt_workqueue expire 11 lines
04-03 13:03:08.446  5838  5875 I chatty  : uid=1002(bluetooth) btu message loo expire 1 line
04-03 13:03:08.448  5838  5876 I chatty  : uid=1002(bluetooth) com.android.bluetooth expire 4 lines
04-03 13:03:08.680  5838  5874 I chatty  : uid=1002(bluetooth) bt_workqueue expire 2 lines
04-03 13:03:08.680  5838  5875 I chatty  : uid=1002(bluetooth) btu message loo expire 6 lines
04-03 13:03:08.735  5838  5859 I chatty  : uid=1002(bluetooth) BT Service Call expire 10 lines
04-03 13:03:08.762  5838  5878 I chatty  : uid=1002(bluetooth) btif_sock expire 1 line
04-03 13:03:08.763  5838  5859 I chatty  : uid=1002(bluetooth) BT Service Call expire 8 lines
04-03 13:03:08.764  5838  5854 I chatty  : uid=1002(bluetooth) stack_manager expire 1 line
04-03 13:03:08.765  5838  5853 I chatty  : uid=1002(bluetooth) BluetoothAdapte expire 8 lines
04-03 13:03:08.772  5838  5853 I BluetoothAdapterState: Bluetooth adapter state changed: 15-> 11
04-03 13:03:08.772  5838  5853 D BluetoothAdapterService: updateAdapterState() - Broadcasting state to 1 receivers.
04-03 13:03:08.772  5838  5853 D BluetoothAdapterService: startCoreServices()
04-03 13:03:08.773  5838  5853 D BluetoothAdapterService: setProfileServiceState() - Starting service com.android.bluetooth.hfp.HeadsetService
04-03 13:03:08.776  5838  5853 D BluetoothAdapterService: setProfileServiceState() - Starting service com.android.bluetooth.a2dp.A2dpService
04-03 13:03:08.776  5838  5838 D BluetoothAdapterService: getAdapterService() - returning com.android.bluetooth.btservice.AdapterService@ee6ea1a
04-03 13:03:08.777  5838  5838 D HeadsetService: Received start request. Starting profile...
04-03 13:03:08.779  5838  5838 I BluetoothHeadsetServiceJni: classInitNative: succeeds
04-03 13:03:08.780  5838  5838 D HeadsetStateMachine: make
04-03 13:03:08.782  5838  5853 D BluetoothAdapterService: setProfileServiceState() - Starting service com.android.bluetooth.hid.HidService
04-03 13:03:08.788  5838  5838 D HeadsetStateMachine: max_hf_connections = 1
04-03 13:03:08.789  5838  5853 D BluetoothAdapterService: setProfileServiceState() - Starting service com.android.bluetooth.hdp.HealthService
04-03 13:03:08.789  5838  5838 D HeadsetStateMachine: in-band_ringing_support = true
04-03 13:03:08.789  5838  5838 I bt_btif : get_profile_interface: id = handsfree
04-03 13:03:08.791  5838  5875 I bt_stack: [INFO:port_api.cc(123)] RFCOMM_CreateConnection BDA: ff:ff:ff:ff:ff:ff
04-03 13:03:08.791  5838  5875 I bt_stack: [INFO:port_api.cc(123)] RFCOMM_CreateConnection BDA: ff:ff:ff:ff:ff:ff
04-03 13:03:08.791  5838  5859 I bt_btif_storage: btif_storage_get_adapter_property service_mask:0x20000040
04-03 13:03:08.792  5838  5859 E bt_btif : btif_hf_upstreams_evt: Invalid index 27401
04-03 13:03:08.793  5838  5853 D BluetoothAdapterService: setProfileServiceState() - Starting service com.android.bluetooth.pan.PanService
04-03 13:03:08.799  5838  5838 D BluetoothAdapterService: getAdapterService() - returning com.android.bluetooth.btservice.AdapterService@ee6ea1a
04-03 13:03:08.800  5838  5853 D BluetoothAdapterService: setProfileServiceState() - Starting service com.android.bluetooth.map.BluetoothMapService
04-03 13:03:08.802  5838  5838 D BluetoothAdapterService: getAdapterService() - returning com.android.bluetooth.btservice.AdapterService@ee6ea1a
04-03 13:03:08.804  5838  5838 D A2dpService: Received start request. Starting profile...
04-03 13:03:08.805  5838  5838 I BluetoothAvrcpServiceJni: classInitNative: succeeds
04-03 13:03:08.805  5838  5838 V Avrcp   : make
04-03 13:03:08.805  5838  5853 D BluetoothAdapterService: setProfileServiceState() - Starting service com.android.bluetooth.hfpclient.HeadsetClientService
04-03 13:03:08.807  5838  5838 I bt_btif : get_profile_interface: id = avrcp
04-03 13:03:08.809  5838  5853 D BluetoothAdapterService: setProfileServiceState() - Starting service com.android.bluetooth.avrcpcontroller.AvrcpControllerService
04-03 13:03:08.812  5838  5853 D BluetoothAdapterService: setProfileServiceState() - Starting service com.android.bluetooth.sap.SapService
04-03 13:03:08.815  5838  5853 D BluetoothAdapterService: setProfileServiceState() - Starting service com.android.bluetooth.opp.BluetoothOppService
04-03 13:03:08.819  5838  5853 D BluetoothAdapterService: setProfileServiceState() - Starting service com.android.bluetooth.pbap.BluetoothPbapService
04-03 13:03:08.822  5838  5838 V Avrcp   : initMediaPlayerInfoList: 0 controllers
04-03 13:03:08.822  5838  5853 I BluetoothAdapterState: Entering PendingCommandState
04-03 13:03:08.824  5838  5838 V Avrcp   : updatePlaybackState (1): -1➡0(PlaybackState {state=0, position=-1, buffered position=0, speed=0.0, updated=162092803, actions=0, custom actions=[], active item id=-1, error=null})
04-03 13:03:08.824  5838  5838 I Avrcp   : Skipping update due to invalid playback state
04-03 13:03:08.824  5838  5838 E Avrcp   : play status change -1➡0 mPlayStatusChangedNT: 1
04-03 13:03:08.824  5838  5838 E bt_btif : register_notification_rsp: Avrcp device is not connected, handle: 0x0
04-03 13:03:08.825  5838  5838 D Avrcp   : sendPlayPosNotificationRsp: Not registered or requesting.
04-03 13:03:08.826  5838  5838 D Avrcp   : User already unlocked, initializing player lists
04-03 13:03:08.828  5838  5838 V Avrcp   : updatePlaybackState (1): 0➡0(PlaybackState {state=0, position=-1, buffered position=0, speed=0.0, updated=162092808, actions=0, custom actions=[], active item id=-1, error=null})
04-03 13:03:08.828  5838  5838 I Avrcp   : Skipping update due to invalid playback state
04-03 13:03:08.828  5838  5838 E Avrcp   : play status change 0➡0 mPlayStatusChangedNT: 1
04-03 13:03:08.828  5838  5838 D Avrcp   : sendPlayPosNotificationRsp: Not registered or requesting.
04-03 13:03:08.830  5838  5838 I BluetoothA2dpServiceJni: classInitNative: succeeds
04-03 13:03:08.831  5838  5838 D A2dpStateMachine: make
04-03 13:03:08.832  5838  5838 I bt_btif : get_profile_interface: id = a2dp
04-03 13:03:08.833  5838  5882 I bt_osi_thread: run_thread: thread id 5882, thread name btif_a2dp_source started
04-03 13:03:08.834  5838  5838 D a2dp_codec: init
04-03 13:03:08.834  5838  5838 D a2dp_codec: createCodec: codec SBC
04-03 13:03:08.834  5838  5838 I a2dp_codec: init: updated SBC codec priority to 1001
04-03 13:03:08.834  5838  5875 I bt_bta_av: AVRCP version used for sdp: "avrcp14"
04-03 13:03:08.834  5838  5838 D a2dp_codec: createCodec: codec AAC
04-03 13:03:08.834  5838  5838 I a2dp_codec: init: updated AAC codec priority to 2001
04-03 13:03:08.834  5838  5838 D a2dp_codec: createCodec: codec aptX
04-03 13:03:08.835  5838  5859 I bt_btif_storage: btif_storage_get_adapter_property service_mask:0x20000048
04-03 13:03:08.836  5838  5838 E a2dp_vendor_aptx_encoder: A2DP_VendorLoadEncoderAptx: cannot open aptX encoder library libaptX_encoder.so: dlopen failed: library "libaptX_encoder.so" not found
04-03 13:03:08.836  5838  5838 E a2dp_vendor_aptx: init: cannot load the encoder
04-03 13:03:08.836  5838  5838 D a2dp_codec: createCodec: codec aptX-HD
04-03 13:03:08.837  5838  5838 E a2dp_vendor_aptx_hd_encoder: A2DP_VendorLoadEncoderAptxHd: cannot open aptX-HD encoder library libaptXHD_encoder.so: dlopen failed: library "libaptXHD_encoder.so" not found
04-03 13:03:08.837  5838  5838 E a2dp_vendor_aptx_hd: init: cannot load the encoder
04-03 13:03:08.837  5838  5838 D a2dp_codec: createCodec: codec LDAC
04-03 13:03:08.837  5838  5859 E bt_btif : btif_sm_dispatch : Invalid handle
04-03 13:03:08.837  5838  5859 E bt_btif : btif_sm_dispatch : Invalid handle
04-03 13:03:08.841  5838  5838 I a2dp_codec: init: updated LDAC codec priority to 5001
04-03 13:03:08.841  5838  5838 D a2dp_codec: createCodec: codec SBC SINK
04-03 13:03:08.841  5838  5838 I a2dp_codec: init: initialized Source codec LDAC
04-03 13:03:08.842  5838  5838 I a2dp_codec: init: initialized Source codec AAC
04-03 13:03:08.842  5838  5838 I a2dp_codec: init: initialized Source codec SBC
04-03 13:03:08.842  5838  5838 I a2dp_codec: init: initialized Sink codec SBC(Sink)
04-03 13:03:08.842  5838  5838 W bt_btif : ## ON A2DP IDLE ## peer_sep = 0
04-03 13:03:08.842  5838  5859 I BluetoothA2dpServiceJni: bta2dp_audio_config_callback
04-03 13:03:08.843  5838  5859 D A2dpStateMachine: A2DP Codec Config: null->{codecName:SBC,mCodecType:0,mCodecPriority:0,mSampleRate:0x0(NONE),mBitsPerSample:0x0(NONE),mChannelMode:0x0(NONE),mCodecSpecific1:0,mCodecSpecific2:0,mCodecSpecific3:0,mCodecSpecific4:0}
04-03 13:03:08.843  5838  5881 D A2dpStateMachine: Enter Disconnected: -2
04-03 13:03:08.844  5838  5859 D A2dpStateMachine: A2DP Codec Local Capability: {codecName:LDAC,mCodecType:4,mCodecPriority:5001,mSampleRate:0xf(44100|48000|88200|96000),mBitsPerSample:0x7(16|24|32),mChannelMode:0x2(STEREO),mCodecSpecific1:0,mCodecSpecific2:0,mCodecSpecific3:0,mCodecSpecific4:0}
04-03 13:03:08.844  5838  5859 D A2dpStateMachine: A2DP Codec Local Capability: {codecName:AAC,mCodecType:1,mCodecPriority:2001,mSampleRate:0x1(44100),mBitsPerSample:0x1(16),mChannelMode:0x2(STEREO),mCodecSpecific1:0,mCodecSpecific2:0,mCodecSpecific3:0,mCodecSpecific4:0}
04-03 13:03:08.844  5838  5859 D A2dpStateMachine: A2DP Codec Local Capability: {codecName:SBC,mCodecType:0,mCodecPriority:1001,mSampleRate:0x1(44100),mBitsPerSample:0x1(16),mChannelMode:0x3(MONO|STEREO),mCodecSpecific1:0,mCodecSpecific2:0,mCodecSpecific3:0,mCodecSpecific4:0}
04-03 13:03:08.845  5838  5838 D BluetoothAdapterService: getAdapterService() - returning com.android.bluetooth.btservice.AdapterService@ee6ea1a
04-03 13:03:08.853  5838  5838 I BluetoothHidServiceJni: classInitNative: succeeds
04-03 13:03:08.855  5838  5838 D BluetoothAdapterService: getAdapterService() - returning com.android.bluetooth.btservice.AdapterService@ee6ea1a
04-03 13:03:08.855  5838  5838 D HidService: Received start request. Starting profile...
04-03 13:03:08.855  5838  5838 I bt_btif : get_profile_interface: id = hidhost
04-03 13:03:08.856  5838  5838 D HidService: setHidService(): set to: null
04-03 13:03:08.856  5838  5859 I bt_bta_hh: BTA_HhEnable sec_mask:0x36 p_cback:0x7f1697c448
04-03 13:03:08.856  5838  5838 D BluetoothAdapterService: getAdapterService() - returning com.android.bluetooth.btservice.AdapterService@ee6ea1a
04-03 13:03:08.856  5838  5859 I bt_btif_storage: btif_storage_get_adapter_property service_mask:0x20100048
04-03 13:03:08.856  5838  5875 I bt_stack: [INFO:gatt_api.cc(1004)] GATT_Register
04-03 13:03:08.856  5838  5875 I bt_stack: [INFO:gatt_api.cc(1027)] allocated gatt_if=4
04-03 13:03:08.857  5838  5838 I BluetoothHealthServiceJni: classInitNative: succeeds
04-03 13:03:08.859  5838  5838 D BluetoothAdapterService: getAdapterService() - returning com.android.bluetooth.btservice.AdapterService@ee6ea1a
04-03 13:03:08.860  5838  5838 D HealthService: Received start request. Starting profile...
04-03 13:03:08.861  5838  5838 I bt_btif : get_profile_interface: id = health
04-03 13:03:08.862  5838  5838 D BluetoothAdapterService: getAdapterService() - returning com.android.bluetooth.btservice.AdapterService@ee6ea1a
04-03 13:03:08.863  5838  5838 I BluetoothPanServiceJni: classInitNative(L111): succeeds
04-03 13:03:08.863  5838  5879 D HeadsetPhoneState: sendDeviceStateChanged. mService=0 mIsSimStateLoaded=false mSignal=0 mRoam=0 mBatteryCharge=3
04-03 13:03:08.864  5838  5838 D BluetoothAdapterService: getAdapterService() - returning com.android.bluetooth.btservice.AdapterService@ee6ea1a
04-03 13:03:08.865  5838  5838 D PanService: Received start request. Starting profile...
04-03 13:03:08.866  5838  5838 D BluetoothPanServiceJni: initializeNative(L116): pan
04-03 13:03:08.866  5838  5838 I bt_btif : get_profile_interface: id = pan
04-03 13:03:08.866  5838  5838 D BluetoothAdapterService: getAdapterService() - returning com.android.bluetooth.btservice.AdapterService@ee6ea1a
04-03 13:03:08.866  5838  5859 D BluetoothPanServiceJni: control_state_callback(L63): state:0, local_role:3, ifname:bt-pan
04-03 13:03:08.867  5838  5838 D BluetoothAdapterService: handleMessage() - Message: 1
04-03 13:03:08.867  5838  5838 D BluetoothAdapterService: handleMessage() - MESSAGE_PROFILE_SERVICE_STATE_CHANGED
04-03 13:03:08.867  5838  5838 D BluetoothAdapterService: processProfileServiceStateChanged() - serviceName=com.android.bluetooth.hfp.HeadsetService isTurningOn=true isTurningOff=false isBleTurningOn=false isBleTurningOff=false
04-03 13:03:08.868  5838  5838 D BluetoothAdapterService: onProfileServiceStateChange() - Profile still not running:com.android.bluetooth.a2dp.A2dpService
04-03 13:03:08.871  5838  5838 D BluetoothAdapterService: getAdapterService() - returning com.android.bluetooth.btservice.AdapterService@ee6ea1a
04-03 13:03:08.872  5838  5838 D BluetoothMapService: Received start request. Starting profile...
04-03 13:03:08.872  5838  5838 D BluetoothMapService: start()
04-03 13:03:08.880  5838  5838 D BluetoothMapAccountLoader: Found 0 application(s) with intent android.bluetooth.action.BLUETOOTH_MAP_PROVIDER
04-03 13:03:08.881  5838  5838 D BluetoothMapAccountLoader: Found 0 application(s) with intent android.bluetooth.action.BLUETOOTH_MAP_IM_PROVIDER
04-03 13:03:08.881  5838  5838 D BluetoothMapAppObserver: createReceiver()
04-03 13:03:08.884  5838  5838 D BluetoothMapAppObserver: initObservers()
04-03 13:03:08.884  5838  5838 D BluetoothMapAppObserver: getEnabledAccountItems()
04-03 13:03:08.885  5838  5838 D BluetoothAdapterService: getAdapterService() - returning com.android.bluetooth.btservice.AdapterService@ee6ea1a
04-03 13:03:08.886  5838  5838 I BluetoothHeadsetClientServiceJni: classInitNative succeeds
04-03 13:03:08.888  5838  5838 D BluetoothAdapterService: getAdapterService() - returning com.android.bluetooth.btservice.AdapterService@ee6ea1a
04-03 13:03:08.889  5838  5838 D HeadsetClientService: Received start request. Starting profile...
04-03 13:03:08.889  5838  5838 D BluetoothHeadsetClientServiceJni: initializeNative: HfpClient
04-03 13:03:08.889  5838  5838 I bt_btif : get_profile_interface: id = handsfree_client
04-03 13:03:08.890  5838  5859 I bt_stack: [INFO:port_api.cc(123)] RFCOMM_CreateConnection BDA: ff:ff:ff:ff:ff:ff
04-03 13:03:08.891  5838  5859 I bt_btif_storage: btif_storage_get_adapter_property service_mask:0x21100048
04-03 13:03:08.896  5838  5838 D BluetoothHeadsetClientServiceJni: initializeNative: HfpClient
04-03 13:03:08.896  5838  5838 W BluetoothHeadsetClientServiceJni: Cleaning up Bluetooth HFP Client Interface before initializing
04-03 13:03:08.897  5838  5838 W BluetoothHeadsetClientServiceJni: Cleaning up Bluetooth HFP Client callback object
04-03 13:03:08.897  5838  5838 I bt_btif : get_profile_interface: id = handsfree_client
04-03 13:03:08.897  5838  5859 I bt_btif_queue: queue_int_cleanup: UUID=111E
04-03 13:03:08.897  5838  5838 D BluetoothAdapterService: getAdapterService() - returning com.android.bluetooth.btservice.AdapterService@ee6ea1a
04-03 13:03:08.898  5838  5838 I BluetoothAvrcpControllerJni: classInitNative: succeeds
04-03 13:03:08.899  5838  5838 I bt_btif : get_profile_interface: id = avrcp_ctrl
04-03 13:03:08.899  5838  5859 I bt_btif_storage: btif_storage_get_adapter_property service_mask:0x21100048
04-03 13:03:08.900  5838  5859 I bt_stack: [INFO:port_api.cc(123)] RFCOMM_CreateConnection BDA: ff:ff:ff:ff:ff:ff
04-03 13:03:08.900  5838  5859 I bt_btif_storage: btif_storage_get_adapter_property service_mask:0x21100048
04-03 13:03:08.900  5838  5838 D BluetoothAdapterService: getAdapterService() - returning com.android.bluetooth.btservice.AdapterService@ee6ea1a
04-03 13:03:08.901  5838  5838 D AvrcpControllerService: Received start request. Starting profile...
04-03 13:03:08.910  5838  5838 D AvrcpControllerService: setAvrcpControllerService(): set to: null
04-03 13:03:08.911  5838  5838 D BluetoothAdapterService: getAdapterService() - returning com.android.bluetooth.btservice.AdapterService@ee6ea1a
04-03 13:03:08.912  5838  5838 V SapService: SapBinder()
04-03 13:03:08.913  5838  5838 D BluetoothAdapterService: getAdapterService() - returning com.android.bluetooth.btservice.AdapterService@ee6ea1a
04-03 13:03:08.914  5838  5838 D SapService: Received start request. Starting profile...
04-03 13:03:08.914  5838  5838 V SapService: start()
04-03 13:03:08.916  5838  5838 D BluetoothAdapterService: getAdapterService() - returning com.android.bluetooth.btservice.AdapterService@ee6ea1a
04-03 13:03:08.932  5838  5838 D BluetoothAdapterService: getAdapterService() - returning com.android.bluetooth.btservice.AdapterService@ee6ea1a
04-03 13:03:08.940  5838  5838 D BluetoothOppService: Received start request. Starting profile...
04-03 13:03:08.940  5838  5838 D BluetoothAdapterService: getAdapterService() - returning com.android.bluetooth.btservice.AdapterService@ee6ea1a
04-03 13:03:08.945  5838  5838 V BluetoothPbapService: PbapBinder()
04-03 13:03:08.946  5838  5838 D BluetoothAdapterService: getAdapterService() - returning com.android.bluetooth.btservice.AdapterService@ee6ea1a
04-03 13:03:08.948  5838  5838 D BluetoothPbapService: Received start request. Starting profile...
04-03 13:03:08.948  5838  5838 V BluetoothPbapService: start()
04-03 13:03:08.954  5838  5838 D BluetoothPbapService: Registering observer
04-03 13:03:08.961  5838  5838 D BluetoothAdapterService: getAdapterService() - returning com.android.bluetooth.btservice.AdapterService@ee6ea1a
04-03 13:03:08.962  5838  5838 D BluetoothAdapterService: handleMessage() - Message: 1
04-03 13:03:08.962  5838  5838 D BluetoothAdapterService: handleMessage() - MESSAGE_PROFILE_SERVICE_STATE_CHANGED
04-03 13:03:08.962  5838  5838 D BluetoothAdapterService: processProfileServiceStateChanged() - serviceName=com.android.bluetooth.a2dp.A2dpService isTurningOn=true isTurningOff=false isBleTurningOn=false isBleTurningOff=false
04-03 13:03:08.962  5838  5838 D BluetoothAdapterService: onProfileServiceStateChange() - Profile still not running:com.android.bluetooth.map.BluetoothMapService
04-03 13:03:08.963  5838  5838 D BluetoothAdapterService: handleMessage() - Message: 1
04-03 13:03:08.963  5838  5838 D BluetoothAdapterService: handleMessage() - MESSAGE_PROFILE_SERVICE_STATE_CHANGED
04-03 13:03:08.963  5838  5838 D BluetoothAdapterService: processProfileServiceStateChanged() - serviceName=com.android.bluetooth.hid.HidService isTurningOn=true isTurningOff=false isBleTurningOn=false isBleTurningOff=false
04-03 13:03:08.963  5838  5838 D BluetoothAdapterService: onProfileServiceStateChange() - Profile still not running:com.android.bluetooth.map.BluetoothMapService
04-03 13:03:08.963  5838  5838 D BluetoothAdapterService: handleMessage() - Message: 1
04-03 13:03:08.963  5838  5838 D BluetoothAdapterService: handleMessage() - MESSAGE_PROFILE_SERVICE_STATE_CHANGED
04-03 13:03:08.963  5838  5838 D BluetoothAdapterService: processProfileServiceStateChanged() - serviceName=com.android.bluetooth.hdp.HealthService isTurningOn=true isTurningOff=false isBleTurningOn=false isBleTurningOff=false
04-03 13:03:08.964  5838  5838 D BluetoothAdapterService: onProfileServiceStateChange() - Profile still not running:com.android.bluetooth.map.BluetoothMapService
04-03 13:03:08.964  5838  5838 D BluetoothAdapterService: handleMessage() - Message: 1
04-03 13:03:08.964  5838  5838 D BluetoothAdapterService: handleMessage() - MESSAGE_PROFILE_SERVICE_STATE_CHANGED
04-03 13:03:08.964  5838  5838 D BluetoothAdapterService: processProfileServiceStateChanged() - serviceName=com.android.bluetooth.pan.PanService isTurningOn=true isTurningOff=false isBleTurningOn=false isBleTurningOff=false
04-03 13:03:08.964  5838  5838 D BluetoothAdapterService: onProfileServiceStateChange() - Profile still not running:com.android.bluetooth.map.BluetoothMapService
04-03 13:03:08.965  5838  5838 D BluetoothAdapterService: handleMessage() - Message: 1
04-03 13:03:08.965  5838  5838 D BluetoothAdapterService: handleMessage() - MESSAGE_PROFILE_SERVICE_STATE_CHANGED
04-03 13:03:08.965  5838  5838 D BluetoothAdapterService: processProfileServiceStateChanged() - serviceName=com.android.bluetooth.map.BluetoothMapService isTurningOn=true isTurningOff=false isBleTurningOn=false isBleTurningOff=false
04-03 13:03:08.966  5838  5838 D BluetoothAdapterService: onProfileServiceStateChange() - Profile still not running:com.android.bluetooth.avrcpcontroller.AvrcpControllerService
04-03 13:03:08.966  5838  5838 D BluetoothAdapterService: handleMessage() - Message: 1
04-03 13:03:08.966  5838  5838 D BluetoothAdapterService: handleMessage() - MESSAGE_PROFILE_SERVICE_STATE_CHANGED
04-03 13:03:08.966  5838  5838 D BluetoothAdapterService: processProfileServiceStateChanged() - serviceName=com.android.bluetooth.hfpclient.HeadsetClientService isTurningOn=true isTurningOff=false isBleTurningOn=false isBleTurningOff=false
04-03 13:03:08.967  5838  5838 D BluetoothAdapterService: onProfileServiceStateChange() - Profile still not running:com.android.bluetooth.avrcpcontroller.AvrcpControllerService
04-03 13:03:08.967  5838  5838 D BluetoothAdapterService: handleMessage() - Message: 1
04-03 13:03:08.967  5838  5838 D BluetoothAdapterService: handleMessage() - MESSAGE_PROFILE_SERVICE_STATE_CHANGED
04-03 13:03:08.967  5838  5838 D BluetoothAdapterService: processProfileServiceStateChanged() - serviceName=com.android.bluetooth.avrcpcontroller.AvrcpControllerService isTurningOn=true isTurningOff=false isBleTurningOn=false isBleTurningOff=false
04-03 13:03:08.967  5838  5838 D BluetoothAdapterService: onProfileServiceStateChange() - Profile still not running:com.android.bluetooth.sap.SapService
04-03 13:03:08.968  5838  5838 D BluetoothAdapterService: handleMessage() - Message: 1
04-03 13:03:08.968  5838  5838 D BluetoothAdapterService: handleMessage() - MESSAGE_PROFILE_SERVICE_STATE_CHANGED
04-03 13:03:08.968  5838  5838 D BluetoothAdapterService: processProfileServiceStateChanged() - serviceName=com.android.bluetooth.sap.SapService isTurningOn=true isTurningOff=false isBleTurningOn=false isBleTurningOff=false
04-03 13:03:08.969  5838  5838 D BluetoothAdapterService: onProfileServiceStateChange() - Profile still not running:com.android.bluetooth.pbap.BluetoothPbapService
04-03 13:03:08.973  5838  5838 D BluetoothAdapterService: handleMessage() - Message: 1
04-03 13:03:08.973  5838  5838 D BluetoothAdapterService: handleMessage() - MESSAGE_PROFILE_SERVICE_STATE_CHANGED
04-03 13:03:08.973  5838  5838 D BluetoothAdapterService: processProfileServiceStateChanged() - serviceName=com.android.bluetooth.opp.BluetoothOppService isTurningOn=true isTurningOff=false isBleTurningOn=false isBleTurningOff=false
04-03 13:03:08.973  5838  5838 D BluetoothAdapterService: onProfileServiceStateChange() - Profile still not running:com.android.bluetooth.pbap.BluetoothPbapService
04-03 13:03:08.978  5838  5838 D BluetoothAdapterService: handleMessage() - Message: 1
04-03 13:03:08.978  5838  5838 D BluetoothAdapterService: handleMessage() - MESSAGE_PROFILE_SERVICE_STATE_CHANGED
04-03 13:03:08.979  5838  5838 D BluetoothAdapterService: processProfileServiceStateChanged() - serviceName=com.android.bluetooth.pbap.BluetoothPbapService isTurningOn=true isTurningOff=false isBleTurningOn=false isBleTurningOff=false
04-03 13:03:08.979  5838  5838 D BluetoothAdapterService: onProfileServiceStateChange() - All profile services started.
04-03 13:03:08.980  5838  5853 V BluetoothAdapterState: PendingCommand - transient state(s): isTurningOn
04-03 13:03:08.980  5838  5853 D BluetoothAdapterState: Current state: PENDING_COMMAND, message: 2
04-03 13:03:08.980  5838  5853 D BluetoothAdapterProperties: onBluetoothReady, state=11, ScanMode=20
04-03 13:03:08.981  5838  5853 D BluetoothAdapterProperties: Setting state to 12
04-03 13:03:08.982  5838  5853 I BluetoothAdapterState: Bluetooth adapter state changed: 11-> 12
04-03 13:03:08.982  5838  5853 D BluetoothAdapterService: updateAdapterState() - Broadcasting state to 1 receivers.
04-03 13:03:08.982  5838  5853 I BluetoothAdapterState: Entering OnState
04-03 13:03:08.982  5838  5853 D BluetoothAdapterService: updateUuids() - Updating UUIDs for bonded devices
04-03 13:03:08.985  5838  5859 D BluetoothAdapterProperties: Scan Mode:21
04-03 13:03:08.986  5838  5859 D BluetoothAdapterProperties: Discoverable Timeout:120
04-03 13:03:09.012  5838  5838 D BluetoothMapService: onReceive
04-03 13:03:09.013  5838  5838 D BluetoothMapService: onReceive: android.bluetooth.adapter.action.STATE_CHANGED
04-03 13:03:09.013  5838  5838 D BluetoothMapService: STATE_ON
04-03 13:03:09.018  5838  5838 D BluetoothPbapService: action: android.bluetooth.adapter.action.STATE_CHANGED
04-03 13:03:09.018  5838  5838 D BluetoothPbapService: state: 12
04-03 13:03:09.019  5838  5859 D BluetoothAdapterProperties: Discoverable Timeout:120
04-03 13:03:09.021  5838  5859 D BluetoothAdapterProperties: Scan Mode:23
04-03 13:03:09.021  5838  5838 D BluetoothAdapterService: isQuetModeEnabled() - Enabled = false
04-03 13:03:09.022  5838  5838 D BluetoothPhonePolicy: autoConnect() - Initiate auto connection on BT on...
04-03 13:03:09.031  5838  5838 D BtOppService: start Socket Listeners
04-03 13:03:09.031  5838  5838 D BtOppService: stopListeners   mServerSocket :null
04-03 13:03:09.031  5838  5838 D ObexServerSockets: create(rfcomm = -2, l2capPsm = -2)
04-03 13:03:09.033  5838  5838 W BluetoothAdapter: getBluetoothService() called with no BluetoothManagerCallback
04-03 13:03:09.033  5838  5899 W BluetoothAdapter: getBluetoothService() called with no BluetoothManagerCallback
04-03 13:03:09.034  5838  5886 D BluetoothMapMasInstance0: Map Service startRfcommSocketListener
04-03 13:03:09.034  5838  5886 D ObexServerSockets: create(rfcomm = -2, l2capPsm = -2)
04-03 13:03:09.036  5838  5886 W BluetoothAdapter: getBluetoothService() called with no BluetoothManagerCallback
04-03 13:03:09.037  5838  5875 I bt_stack: [INFO:port_api.cc(123)] RFCOMM_CreateConnection BDA: ff:ff:ff:ff:ff:ff
04-03 13:03:09.037  5838  5875 I bt_stack: [INFO:port_api.cc(123)] RFCOMM_CreateConnection BDA: ff:ff:ff:ff:ff:ff
04-03 13:03:09.038  5838  5899 D BluetoothSdpJni: sdpCreateSapsRecordNative
04-03 13:03:09.038  5838  5899 D BluetoothSdpJni: SDP Create record success - handle: 0
04-03 13:03:09.038  5838  5875 I bt_stack: [INFO:port_api.cc(123)] RFCOMM_CreateConnection BDA: ff:ff:ff:ff:ff:ff
04-03 13:03:09.039  5838  5838 W BluetoothAdapter: getBluetoothService() called with no BluetoothManagerCallback
04-03 13:03:09.039  5838  5886 W BluetoothAdapter: getBluetoothService() called with no BluetoothManagerCallback
04-03 13:03:09.040  5838  5838 D ObexServerSockets: Succeed to create listening sockets 
04-03 13:03:09.040  5838  5838 D ObexServerSockets0: startAccept()
04-03 13:03:09.040  5838  5838 D ObexServerSockets0: prepareForNewConnect()
04-03 13:03:09.042  5838  5886 D ObexServerSockets: Succeed to create listening sockets 
04-03 13:03:09.042  5838  5886 D ObexServerSockets1: startAccept()
04-03 13:03:09.042  5838  5886 D ObexServerSockets1: prepareForNewConnect()
04-03 13:03:09.042  5838  5838 D BluetoothSdpJni: sdpCreateOppOpsRecordNative
04-03 13:03:09.042  5838  5838 D BluetoothSdpJni: SDP Create record success - handle: 1
04-03 13:03:09.042  5838  5838 D BtOppService: mOppSdpHandle :1
04-03 13:03:09.043  5838  5838 D BluetoothPbapService: startsocketListener
04-03 13:03:09.043  5838  5838 D ObexServerSockets: create(rfcomm = -2, l2capPsm = -2)
04-03 13:03:09.043  5838  5838 W BluetoothAdapter: getBluetoothService() called with no BluetoothManagerCallback
04-03 13:03:09.045  5838  5875 I bt_stack: [INFO:port_api.cc(123)] RFCOMM_CreateConnection BDA: ff:ff:ff:ff:ff:ff
04-03 13:03:09.046  5838  5900 D ObexServerSockets0: Accepting socket connection...
04-03 13:03:09.046  5838  5838 W BluetoothAdapter: getBluetoothService() called with no BluetoothManagerCallback
04-03 13:03:09.048  5838  5838 D ObexServerSockets: Succeed to create listening sockets 
04-03 13:03:09.048  5838  5838 D ObexServerSockets2: startAccept()
04-03 13:03:09.048  5838  5838 D ObexServerSockets2: prepareForNewConnect()
04-03 13:03:09.050  5838  5902 D ObexServerSockets1: Accepting socket connection...
04-03 13:03:09.051  5838  5886 D BluetoothSdpJni: sdpCreateMapMasRecordNative
04-03 13:03:09.051  5838  5886 D BluetoothSdpJni: SDP Create record success - handle: 2
04-03 13:03:09.052  5838  5901 D ObexServerSockets0: Accepting socket connection...
04-03 13:03:09.053  5838  5903 D ObexServerSockets1: Accepting socket connection...
04-03 13:03:09.064  5838  5904 D ObexServerSockets2: Accepting socket connection...
04-03 13:03:09.064  5838  5838 D BluetoothSdpJni: sdpCreatePbapPseRecordNative
04-03 13:03:09.064  5838  5838 D BluetoothSdpJni: SDP Create record success - handle: 3
04-03 13:03:09.068  5838  5905 D ObexServerSockets2: Accepting socket connection...
04-03 13:03:09.074  5838  5838 D BluetoothPbapService: PBAP server with handle:3
04-03 13:03:47.390  5838  5859 D BluetoothAdapterProperties: Discoverable Timeout:120
04-03 13:03:47.392  5838  5859 D BluetoothAdapterProperties: Scan Mode:21
04-03 13:04:18.102  5838  5859 D BluetoothAdapterProperties: Discoverable Timeout:120
04-03 13:04:18.104  5838  5859 D BluetoothAdapterProperties: Scan Mode:23
04-03 13:04:18.673  5838  5859 D BluetoothAdapterProperties: Discoverable Timeout:120
04-03 13:04:18.675  5838  5859 D BluetoothAdapterProperties: Scan Mode:21
04-03 13:05:06.496  5838  5859 D BluetoothAdapterProperties: Discoverable Timeout:120
04-03 13:05:06.502  5838  5859 D BluetoothAdapterProperties: Scan Mode:23
04-03 13:05:12.665  5838  5859 D BluetoothAdapterProperties: Discoverable Timeout:120
04-03 13:05:12.668  5838  5859 D BluetoothAdapterProperties: Scan Mode:21
04-03 13:05:13.969  5838  5859 D BluetoothAdapterProperties: Discoverable Timeout:120
04-03 13:05:13.974  5838  5859 D BluetoothAdapterProperties: Scan Mode:23
04-03 13:06:44.078  5838  5859 D BluetoothAdapterProperties: Discoverable Timeout:120
04-03 13:06:44.081  5838  5859 D BluetoothAdapterProperties: Scan Mode:21
04-03 13:06:57.536  5838  5859 D BluetoothAdapterProperties: Discoverable Timeout:120
04-03 13:06:57.545  5838  5859 D BluetoothAdapterProperties: Scan Mode:23
04-03 13:06:57.987  5838  5859 D BluetoothAdapterProperties: Discoverable Timeout:120
04-03 13:06:57.991  5838  5859 D BluetoothAdapterProperties: Scan Mode:21
04-03 13:13:39.943  5838  5879 D HeadsetPhoneState: sendDeviceStateChanged. mService=0 mIsSimStateLoaded=false mSignal=0 mRoam=0 mBatteryCharge=4
04-03 13:19:28.686  5838  5875 W bt_btif : bta_dm_acl_change info: 0x10
04-03 13:19:28.686  5838  5859 D bt_btif_dm: remote version info [a0:a4:c5:68:0f:dc]: 0, 0, 0
04-03 13:19:28.689  5838  5859 E BluetoothRemoteDevices: aclStateChangeCallback: device is NULL, address=A0:A4:C5:68:0F:DC, newState=0
04-03 13:19:29.025  5838  5859 D bt_btif_config: btif_get_device_type: Device [a0:a4:c5:68:0f:dc] type 1
04-03 13:19:29.026  5838  5859 I bt_btif_dm: get_cod remote_cod = 0x000c010c
04-03 13:19:29.027  5838  5859 I BluetoothBondStateMachine: bondStateChangeCallback: Status: 0 Address: A0:A4:C5:68:0F:DC newState: 1
04-03 13:19:29.027  5838  5859 I bt_btif_dm: get_cod remote_cod = 0x000c010c
04-03 13:19:29.032  5838  5865 I BluetoothBondStateMachine: Bond State Change Intent:A0:A4:C5:68:0F:DC OldState: 10 NewState: 11
04-03 13:19:29.032  5838  5865 I BluetoothBondStateMachine: Entering PendingCommandState State
04-03 13:19:29.987  5838  5859 D bt_btif_config: btif_get_device_type: Device [a0:a4:c5:68:0f:dc] type 1
04-03 13:19:29.988  5838  5859 I bt_btif_dm: get_cod remote_cod = 0x000c010c
04-03 13:19:29.988  5838  5859 I BluetoothBondStateMachine: bondStateChangeCallback: Status: 0 Address: A0:A4:C5:68:0F:DC newState: 0
04-03 13:19:29.991  5838  5865 D BluetoothAdapterProperties: Failed to remove device: A0:A4:C5:68:0F:DC
04-03 13:19:29.992  5838  5865 I BluetoothBondStateMachine: Bond State Change Intent:A0:A4:C5:68:0F:DC OldState: 11 NewState: 10
04-03 13:19:29.995  5838  5865 D HidService: getHidService(): returning com.android.bluetooth.hid.HidService@1a10e7e
04-03 13:19:29.995  5838  5865 D A2dpSinkService: getA2dpSinkService(): service is NULL
04-03 13:19:29.997  5838  5865 D HidService: Saved priority A0:A4:C5:68:0F:DC = -1
04-03 13:19:30.005  5838  5865 I BluetoothBondStateMachine: StableState(): Entering Off State
04-03 13:20:13.351  5838  5875 I bt_btm_sec: btm_sec_disconnected clearing pending flag handle:1 reason:19
04-03 13:20:13.352  5838  5859 W bt_btif : btif_av_move_idle: ACL Disconnected state 0 bd_addr=a0:a4:c5:68:0f:dc peer_bda=00:00:00:00:00:00
04-03 13:20:13.359  5838  5838 D BluetoothMapService: onReceive
04-03 13:20:13.360  5838  5838 D BluetoothMapService: onReceive: android.bluetooth.device.action.ACL_DISCONNECTED
04-03 13:20:13.360  5838  5838 D BluetoothPbapService: action: android.bluetooth.device.action.ACL_DISCONNECTED
04-03 13:20:13.361  5838  5838 D BluetoothPbapService: state: -2147483648
04-03 13:20:13.361  5838  5838 W BluetoothPbapService: Unrecognized intent!
04-03 15:03:46.338  5838  5896 D vndksupport: Loading libutils.so from current namespace instead of sphal namespace.
04-03 15:04:21.624  5838  5859 D BluetoothAdapterProperties: Discoverable Timeout:120
04-03 15:04:21.626  5838  5859 D BluetoothAdapterProperties: Scan Mode:23
04-03 15:04:26.459  5838  5859 D BluetoothAdapterProperties: Discoverable Timeout:120
04-03 15:04:26.462  5838  5859 D BluetoothAdapterProperties: Scan Mode:21
04-03 15:05:37.406  5838  5859 D BluetoothAdapterProperties: Discoverable Timeout:120
04-03 15:05:37.413  5838  5859 D BluetoothAdapterProperties: Scan Mode:23
04-03 15:05:45.947  5838  5859 D BluetoothAdapterProperties: Discoverable Timeout:120
04-03 15:05:45.949  5838  5859 D BluetoothAdapterProperties: Scan Mode:21
04-03 15:20:29.606  5838  5879 D HeadsetPhoneState: sendDeviceStateChanged. mService=0 mIsSimStateLoaded=false mSignal=0 mRoam=0 mBatteryCharge=5
04-03 18:32:44.952  5838  5879 D HeadsetPhoneState: sendDeviceStateChanged. mService=0 mIsSimStateLoaded=false mSignal=0 mRoam=0 mBatteryCharge=4
04-03 18:32:46.427  5838  5879 D HeadsetPhoneState: sendDeviceStateChanged. mService=0 mIsSimStateLoaded=false mSignal=0 mRoam=0 mBatteryCharge=5
04-03 18:58:32.430  5838  5879 D HeadsetPhoneState: sendDeviceStateChanged. mService=0 mIsSimStateLoaded=false mSignal=0 mRoam=0 mBatteryCharge=4
04-03 21:43:44.680  5838  5859 D BluetoothAdapterProperties: Discoverable Timeout:120
04-03 21:43:44.685  5838  5859 D BluetoothAdapterProperties: Scan Mode:23
04-03 21:43:50.480  5838  5850 D BluetoothAdapterService: startDiscovery
04-03 21:43:50.481  5838  5875 W bt_btif : bta_dm_check_av:0
04-03 21:43:50.486  5838  5875 E bt_btif : bte_scan_filt_param_cfg_evt, 23
04-03 21:43:50.882  5838  5859 D BluetoothAdapterProperties: Discoverable Timeout:120
04-03 21:43:50.883  5838  5859 D BluetoothAdapterProperties: Scan Mode:21
04-03 21:43:50.917  5838  5859 D BluetoothAdapterProperties: Discoverable Timeout:120
04-03 21:43:50.919  5838  5859 D BluetoothAdapterProperties: Scan Mode:23
04-03 21:43:51.718  5838  5859 D bt_btif_config: btif_get_device_type: Device [60:ab:67:66:49:d5] type 1
04-03 21:43:56.246  5838  5897 D BluetoothAdapterService: cancelDiscovery
04-03 21:43:56.270  5838  5865 I BluetoothBondStateMachine: Bond address is:30:C0:1B:21:62:1E
04-03 21:43:56.270  5838  5865 D bt_btif_config: btif_get_device_type: Device [30:c0:1b:21:62:1e] type 1
04-03 21:43:56.271  5838  5865 I bt_btif_dm: get_cod remote_cod = 0x00240414
04-03 21:43:56.271  5838  5865 I BluetoothBondStateMachine: Entering PendingCommandState State
04-03 21:43:56.272  5838  5859 I bt_btif_dm: get_cod remote_cod = 0x00240414
04-03 21:43:56.273  5838  5859 D bt_btif_config: btif_get_device_type: Device [30:c0:1b:21:62:1e] type 1
04-03 21:43:56.273  5838  5859 I bt_btif_dm: get_cod remote_cod = 0x00240414
04-03 21:43:56.274  5838  5859 I BluetoothBondStateMachine: bondStateChangeCallback: Status: 0 Address: 30:C0:1B:21:62:1E newState: 1
04-03 21:43:56.280  5838  5865 I BluetoothBondStateMachine: Bond State Change Intent:30:C0:1B:21:62:1E OldState: 10 NewState: 11
04-03 21:43:56.285  5838  5875 E bt_btif : bte_scan_filt_param_cfg_evt, 23
04-03 21:43:58.973  5838  5875 W bt_btif : bta_dm_acl_change info: 0x10
04-03 21:43:58.973  5838  5859 D bt_btif_dm: remote version info [30:c0:1b:21:62:1e]: 8, a, 307e
04-03 21:43:59.282  5838  5859 D bt_btif_config: btif_get_device_type: Device [30:c0:1b:21:62:1e] type 1
04-03 21:43:59.298  5838  5859 D bt_btif_config: btif_get_device_type: Device [30:c0:1b:21:62:1e] type 1
04-03 21:43:59.298  5838  5859 I bt_btif_dm: get_cod remote_cod = 0x00240414
04-03 21:43:59.580  5838  5875 I bt_bta_dm: bta_dm_find_services services_to_search=7fffffff
04-03 21:43:59.580  5838  5875 I bt_bta_dm: bta_dm_find_services search UUID = 1200
04-03 21:43:59.584  5838  5875 E bt_btif : bte_scan_filt_param_cfg_evt, 23
04-03 21:43:59.611  5838  5875 W bt_sdp  : process_service_search_attr_rsp
04-03 21:43:59.611  5838  5875 W bt_sdp  : sdp_copy_raw_data: list_len:54 cpy_len:54 p:0x7f247ad00b p_ccb:0x7f16c67d08 p_db:0x7f247a3008 raw_size:4096 raw_used:0 raw_data:0x7f16b77520
04-03 21:43:59.618  5838  5875 I bt_bta_dm: bta_dm_find_services services_to_search=7ffffffe
04-03 21:43:59.619  5838  5875 I bt_bta_dm: bta_dm_find_services search UUID = 0100
04-03 21:43:59.720  5838  5875 W bt_sdp  : process_service_search_attr_rsp
04-03 21:43:59.720  5838  5875 W bt_sdp  : sdp_copy_raw_data: list_len:358 cpy_len:358 p:0x7f247ad00b p_ccb:0x7f16c67d08 p_db:0x7f247a3008 raw_size:4096 raw_used:0 raw_data:0x7f16b77520
04-03 21:43:59.727  5838  5859 I bt_btif_dm: btif_dm_search_services_evt index:0 uuid:00001108-0000-1000-8000-00805f9b34fb
04-03 21:43:59.727  5838  5859 I bt_btif_dm: btif_dm_search_services_evt index:1 uuid:0000111e-0000-1000-8000-00805f9b34fb
04-03 21:43:59.727  5838  5859 I bt_btif_dm: btif_dm_search_services_evt index:2 uuid:0000110b-0000-1000-8000-00805f9b34fb
04-03 21:43:59.727  5838  5859 I bt_btif_dm: btif_dm_search_services_evt index:3 uuid:0000110e-0000-1000-8000-00805f9b34fb
04-03 21:43:59.727  5838  5859 I bt_btif_dm: btif_dm_search_services_evt index:4 uuid:00000000-0000-1000-8000-00805f9b34fb
04-03 21:43:59.727  5838  5859 I bt_btif_dm: btif_dm_search_services_evt index:5 uuid:00000000-0000-1000-8000-00805f9b34fb
04-03 21:43:59.727  5838  5859 D bt_btif_config: btif_get_device_type: Device [30:c0:1b:21:62:1e] type 1
04-03 21:43:59.727  5838  5859 I bt_btif_dm: get_cod remote_cod = 0x00240414
04-03 21:43:59.728  5838  5859 I BluetoothBondStateMachine: bondStateChangeCallback: Status: 0 Address: 30:C0:1B:21:62:1E newState: 2
04-03 21:43:59.729  5838  5865 D BluetoothAdapterProperties: Adding bonded device:30:C0:1B:21:62:1E
04-03 21:43:59.733  5838  5865 I BluetoothBondStateMachine: Bond State Change Intent:30:C0:1B:21:62:1E OldState: 11 NewState: 12
04-03 21:43:59.733  5838  5865 I BluetoothBondStateMachine: StableState(): Entering Off State
04-03 21:43:59.754  5838  5838 D BluetoothPhonePolicy: Received ACTION_UUID for device 30:C0:1B:21:62:1E
04-03 21:43:59.755  5838  5838 D BluetoothPhonePolicy: index=0uuid=00001108-0000-1000-8000-00805f9b34fb
04-03 21:43:59.755  5838  5838 D BluetoothPhonePolicy: index=1uuid=0000111e-0000-1000-8000-00805f9b34fb
04-03 21:43:59.755  5838  5838 D BluetoothPhonePolicy: index=2uuid=0000110b-0000-1000-8000-00805f9b34fb
04-03 21:43:59.755  5838  5838 D BluetoothPhonePolicy: index=3uuid=0000110e-0000-1000-8000-00805f9b34fb
04-03 21:43:59.755  5838  5838 D BluetoothPhonePolicy: index=4uuid=00000000-0000-1000-8000-00805f9b34fb
04-03 21:43:59.755  5838  5838 D BluetoothPhonePolicy: index=5uuid=00000000-0000-1000-8000-00805f9b34fb
04-03 21:43:59.755  5838  5838 D BluetoothPhonePolicy: processInitProfilePriorities() - device 30:C0:1B:21:62:1E
04-03 21:43:59.755  5838  5838 D HidService: getHidService(): returning com.android.bluetooth.hid.HidService@1a10e7e
04-03 21:43:59.805  5838  5864 I zygote64: Deoptimizing boolean com.android.bluetooth.Utils.checkCallerAllowManagedProfiles(android.content.Context) due to JIT inline cache
04-03 21:43:59.821  5838  5864 D HeadsetService: connect: device=30:C0:1B:21:62:1E
04-03 21:43:59.822  5838  5879 D HeadsetStateMachine: Disconnected: connecting to device=30:C0:1B:21:62:1E
04-03 21:43:59.823  5838  5896 D HeadsetService: connect: device=30:C0:1B:21:62:1E
04-03 21:43:59.825  5838  5879 I BluetoothHeadsetServiceJni: connectHfpNative: sBluetoothHfpInterface: 0x7f16b70b48
04-03 21:43:59.825  5838  5859 I bt_btif_queue: queue_int_add: allocating profile queue
04-03 21:43:59.825  5838  5859 I bt_btif_queue: queue_int_add: adding connection request UUID=111F, bd_addr=30:c0:1b:21:62:1e, busy=0
04-03 21:43:59.825  5838  5859 I bt_btif_queue: btif_queue_connect_next: executing connection request UUID=111F, bd_addr=30:c0:1b:21:62:1e, busy=0
04-03 21:43:59.826  5838  5838 D BluetoothAdapterProperties: PROFILE_CONNECTION_STATE_CHANGE: profile=1, device=30:C0:1B:21:62:1E, 0 -> 1
04-03 21:43:59.826  5838  5838 D BluetoothAdapterProperties: ADAPTER_CONNECTION_STATE_CHANGE: 30:C0:1B:21:62:1E: 0 -> 1
04-03 21:43:59.829  5838  5838 D BluetoothPhonePolicy: processProfileStateChanged, device=30:C0:1B:21:62:1E, profile=1, 0 -> 1
04-03 21:43:59.846  5838  5881 D A2dpStateMachine: Disconnected process message: 1
04-03 21:43:59.856  5838  5881 I BluetoothA2dpServiceJni: connectA2dpNative: sBluetoothA2dpInterface: 0x7f16b70610
04-03 21:43:59.856  5838  5859 I bt_btif_queue: queue_int_add: adding connection request UUID=110A, bd_addr=30:c0:1b:21:62:1e, busy=0
04-03 21:43:59.856  5838  5881 D A2dpStateMachine: Exit Disconnected: 1
04-03 21:43:59.857  5838  5859 I bt_btif_queue: btif_queue_connect_next: executing connection request UUID=111F, bd_addr=30:c0:1b:21:62:1e, busy=1
04-03 21:43:59.857  5838  5881 D A2dpStateMachine: Enter Pending: 1
04-03 21:43:59.857  5838  5881 D A2dpStateMachine: Pending process message: 1
04-03 21:43:59.858  5838  5875 W bt_sdp  : process_service_search_attr_rsp
04-03 21:43:59.858  5838  5838 D A2dpStateMachine: Connection state 30:C0:1B:21:62:1E: 0->1
04-03 21:43:59.861  5838  5838 D BluetoothAdapterProperties: PROFILE_CONNECTION_STATE_CHANGE: profile=2, device=30:C0:1B:21:62:1E, 0 -> 1
04-03 21:43:59.861  5838  5838 D BluetoothPhonePolicy: processProfileStateChanged, device=30:C0:1B:21:62:1E, profile=2, 0 -> 1
04-03 21:43:59.865  5838  5875 I bt_stack: [INFO:port_api.cc(123)] RFCOMM_CreateConnection BDA: 30:c0:1b:21:62:1e
04-03 21:43:59.976  5838  5875 W bt_btif : new conn_srvc id:5, app_id:0
04-03 21:43:59.976  5838  5875 W bt_btif : bta_dm_pm_ssr conn_srvc id:5, app_id:0
04-03 21:43:59.976  5838  5875 W bt_btif : bta_dm_pm_ssr ssr:2, lat:1200
04-03 21:43:59.976  5838  5859 I BluetoothHeadsetServiceJni: connection_state_callback
04-03 21:43:59.977  5838  5879 D HeadsetStateMachine: Pending: processConnectionEvent, state=2, device=30:C0:1B:21:62:1E
04-03 21:44:00.018  5838  5879 I BluetoothHeadsetServiceJni: cindResponseNative: sBluetoothHfpInterface: 0x7f16b70b48
04-03 21:44:00.043  5838  5859 I BluetoothHeadsetServiceJni: connection_state_callback
04-03 21:44:00.043  5838  5879 D HeadsetStateMachine: Pending: processConnectionEvent, state=3, device=30:C0:1B:21:62:1E
04-03 21:44:00.044  5838  5879 D HeadsetStateMachine: Pending: added 30:C0:1B:21:62:1E to mConnectedDevicesList, requested by us
04-03 21:44:00.044  5838  5859 I bt_btif_queue: queue_int_advance: removing connection request UUID=111F, bd_addr=30:c0:1b:21:62:1e, busy=1
04-03 21:44:00.044  5838  5859 I bt_btif_queue: btif_queue_connect_next: executing connection request UUID=110A, bd_addr=30:c0:1b:21:62:1e, busy=0
04-03 21:44:00.044  5838  5875 E bt_btif : bta_av_save_addr: reset flags
04-03 21:44:00.044  5838  5859 I BluetoothA2dpServiceJni: bta2dp_connection_state_callback
04-03 21:44:00.045  5838  5881 D A2dpStateMachine: Pending process message: 101
04-03 21:44:00.045  5838  5881 D A2dpStateMachine: Stack and target device are connecting
04-03 21:44:00.059  5838  5879 D HeadsetStateMachine: configAudioParameters for device:30:C0:1B:21:62:1E are: nrec = 1
04-03 21:44:00.072  5838  5879 D HeadsetStateMachine: Pending: removed CONNECT_TIMEOUT for device=30:C0:1B:21:62:1E
04-03 21:44:00.072  5838  5838 D BluetoothAdapterProperties: PROFILE_CONNECTION_STATE_CHANGE: profile=1, device=30:C0:1B:21:62:1E, 1 -> 2
04-03 21:44:00.073  5838  5838 D BluetoothAdapterProperties: ADAPTER_CONNECTION_STATE_CHANGE: 30:C0:1B:21:62:1E: 1 -> 2
04-03 21:44:00.075  5838  5838 D BluetoothPhonePolicy: processProfileStateChanged, device=30:C0:1B:21:62:1E, profile=1, 1 -> 2
04-03 21:44:00.075  5838  5838 D BluetoothAdapterService: isQuetModeEnabled() - Enabled = false
04-03 21:44:00.090  5838  5879 E HeadsetStateMachine: Connected: unexpected message 7
04-03 21:44:00.096  5838  5875 W bt_sdp  : process_service_search_attr_rsp
04-03 21:44:00.110  5838  5879 D HeadsetStateMachine: Starting CLCC response timeout for device: 30:C0:1B:21:62:1E
04-03 21:44:00.128  5838  5875 E bt_btif : bta_av_rc_create ACP handle exist for shdl:0
04-03 21:44:00.139  5838  5879 E HeadsetStateMachine: processVendorSpecificAt: unsupported command: +CSRSF=0,0,0,1,0,0,0
04-03 21:44:00.162  5838  5875 E a2dp_sbc: A2DP_DumpCodecInfoSbc: A2DP_ParseInfoSbc fail:13
04-03 21:44:00.162  5838  5859 I BluetoothA2dpServiceJni: bta2dp_audio_config_callback
04-03 21:44:00.162  5838  5859 D A2dpStateMachine: A2DP Codec Config: {codecName:SBC,mCodecType:0,mCodecPriority:0,mSampleRate:0x0(NONE),mBitsPerSample:0x0(NONE),mChannelMode:0x0(NONE),mCodecSpecific1:0,mCodecSpecific2:0,mCodecSpecific3:0,mCodecSpecific4:0}->{codecName:SBC,mCodecType:0,mCodecPriority:1001,mSampleRate:0x1(44100),mBitsPerSample:0x1(16),mChannelMode:0x2(STEREO),mCodecSpecific1:0,mCodecSpecific2:0,mCodecSpecific3:0,mCodecSpecific4:0}
04-03 21:44:00.163  5838  5859 D A2dpStateMachine: A2DP Codec Local Capability: {codecName:LDAC,mCodecType:4,mCodecPriority:5001,mSampleRate:0xf(44100|48000|88200|96000),mBitsPerSample:0x7(16|24|32),mChannelMode:0x2(STEREO),mCodecSpecific1:0,mCodecSpecific2:0,mCodecSpecific3:0,mCodecSpecific4:0}
04-03 21:44:00.163  5838  5859 D A2dpStateMachine: A2DP Codec Local Capability: {codecName:AAC,mCodecType:1,mCodecPriority:2001,mSampleRate:0x1(44100),mBitsPerSample:0x1(16),mChannelMode:0x2(STEREO),mCodecSpecific1:0,mCodecSpecific2:0,mCodecSpecific3:0,mCodecSpecific4:0}
04-03 21:44:00.163  5838  5859 D A2dpStateMachine: A2DP Codec Local Capability: {codecName:SBC,mCodecType:0,mCodecPriority:1001,mSampleRate:0x1(44100),mBitsPerSample:0x1(16),mChannelMode:0x3(MONO|STEREO),mCodecSpecific1:0,mCodecSpecific2:0,mCodecSpecific3:0,mCodecSpecific4:0}
04-03 21:44:00.163  5838  5859 D A2dpStateMachine: A2DP Codec Selectable Capability: {codecName:SBC,mCodecType:0,mCodecPriority:1001,mSampleRate:0x1(44100),mBitsPerSample:0x1(16),mChannelMode:0x3(MONO|STEREO),mCodecSpecific1:0,mCodecSpecific2:0,mCodecSpecific3:0,mCodecSpecific4:0}
04-03 21:44:00.229  5838  5875 W bt_btif : bta_dm_rm_cback:0, status:0
04-03 21:44:00.229  5838  5875 W bt_btif : new conn_srvc id:18, app_id:0
04-03 21:44:00.229  5838  5875 W bt_btif : bta_dm_pm_ssr conn_srvc id:5, app_id:0
04-03 21:44:00.229  5838  5875 W bt_btif : bta_dm_pm_ssr conn_srvc id:18, app_id:0
04-03 21:44:00.229  5838  5875 W bt_btif : bta_dm_pm_ssr ssr:2, lat:1200
04-03 21:44:00.229  5838  5859 W bt_btif : btif_av_state_opening_handler: BTA_AV_OPEN_EVT status=0, edr=0x3
04-03 21:44:00.229  5838  5859 I BluetoothA2dpServiceJni: bta2dp_connection_state_callback
04-03 21:44:00.230  5838  5859 E bt_btif : btif_rc_get_device_by_bda: device not found, returning NULL!
04-03 21:44:00.230  5838  5859 E bt_btif : btif_rc_check_handle_pending_play: p_dev NULL
04-03 21:44:00.230  5838  5859 I bt_btif_queue: queue_int_advance: removing connection request UUID=110A, bd_addr=30:c0:1b:21:62:1e, busy=1
04-03 21:44:00.230  5838  5881 D A2dpStateMachine: Pending process message: 101
04-03 21:44:00.237  5838  5881 D A2dpStateMachine: Enter Connected: 101
04-03 21:44:00.240  5838  5838 D A2dpStateMachine: Connection state 30:C0:1B:21:62:1E: 1->2
04-03 21:44:00.240  5838  5881 D A2dpStateMachine: A2DP Playing state : device: 30:C0:1B:21:62:1E State:10->11
04-03 21:44:00.241  5838  5883 W bt_btif : btif_a2dp_ctrl_cb: A2DP-CTRL-CHANNEL EVENT UIPC_OPEN_EVT
04-03 21:44:00.242  5838  5883 W bt_btif : btif_a2dp_ctrl_cb: A2DP-CTRL-CHANNEL EVENT UIPC_RX_DATA_READY_EVT
04-03 21:44:00.242  5838  5883 W bt_btif : btif_a2dp_recv_ctrl_data: a2dp-ctrl-cmd : A2DP_CTRL_CMD_CHECK_READY
04-03 21:44:00.242  5838  5883 W bt_btif : btif_a2dp_command_ack: ## a2dp ack : A2DP_CTRL_CMD_CHECK_READY, status 0 ##
04-03 21:44:00.242  5838  5883 W bt_btif : btif_a2dp_recv_ctrl_data: a2dp-ctrl-cmd : A2DP_CTRL_CMD_CHECK_READY DONE
