--------- beginning of main
04-03 13:03:08.200  5838  5838 D BluetoothOppFileProvider: Initialized
04-03 13:03:08.221  5838  5838 D AdapterServiceConfig: Adding HeadsetService
04-03 13:03:08.222  5838  5838 D AdapterServiceConfig: Adding A2dpService
04-03 13:03:08.222  5838  5838 D AdapterServiceConfig: Adding HidService
04-03 13:03:08.222  5838  5838 D AdapterServiceConfig: Adding HealthService
04-03 13:03:08.222  5838  5838 D AdapterServiceConfig: Adding PanService
04-03 13:03:08.222  5838  5838 D AdapterServiceConfig: Adding GattService
04-03 13:03:08.223  5838  5838 D AdapterServiceConfig: Adding BluetoothMapService
04-03 13:03:08.223  5838  5838 D AdapterServiceConfig: Adding HeadsetClientService
04-03 13:03:08.223  5838  5838 D AdapterServiceConfig: Adding AvrcpControllerService
04-03 13:03:08.223  5838  5838 D AdapterServiceConfig: Adding SapService
04-03 13:03:08.223  5838  5838 W AdapterServiceConfig: Could not find profile bit mask
04-03 13:03:08.223  5838  5838 D AdapterServiceConfig: Adding BluetoothOppService
04-03 13:03:08.223  5838  5838 W AdapterServiceConfig: Could not find profile bit mask
04-03 13:03:08.223  5838  5838 D AdapterServiceConfig: Adding BluetoothPbapService
04-03 13:03:08.244  5838  5838 D BluetoothAdapterService: onCreate()
04-03 13:03:08.249  5838  5838 D BluetoothAdapterState: make() - Creating AdapterState
04-03 13:03:08.253  5838  5838 I bt_btif : init
04-03 13:03:08.253  5838  5853 I BluetoothAdapterState: Entering OffState
04-03 13:03:08.253  5838  5838 D bt_osi_allocation_tracker: canary initialized
04-03 13:03:08.255  5838  5854 I bt_osi_thread: run_thread: thread id 5854, thread name stack_manager started
04-03 13:03:08.256  5838  5854 I bt_stack_manager: event_init_stack is initializing the stack
04-03 13:03:08.258  5838  5857 I bt_osi_thread: run_thread: thread id 5857, thread name alarm_default_ca started
04-03 13:03:08.258  5838  5858 I bt_osi_thread: run_thread: thread id 5858, thread name alarm_dispatcher started
04-03 13:03:08.260  5838  5854 I bt_btif_core: btif_init_bluetooth entered
04-03 13:03:08.261  5838  5854 I bt_stack_config: init attempt to load stack conf from /etc/bluetooth/bt_stack.conf
04-03 13:03:08.263  5838  5859 I bt_osi_thread: run_thread: thread id 5859, thread name bt_jni_workqueue started
04-03 13:03:08.263  5838  5854 I bt_btif_core: btif_init_bluetooth finished
04-03 13:03:08.263  5838  5854 I bt_stack_manager: event_init_stack finished
04-03 13:03:08.263  5838  5859 I bt_btif_core: run_message_loop entered
04-03 13:03:08.263  5838  5838 I bt_osi_wakelock: wakelock_set_os_callouts set to non-native
04-03 13:03:08.263  5838  5838 I bt_btif : get_profile_interface: id = socket
04-03 13:03:08.265  5838  5859 E bt_btif_storage: btif_storage_get_adapter_property: Controller not ready! Unable to return Bluetooth Address
04-03 13:03:08.265  5838  5859 E BluetoothServiceJni: adapter_properties_callback: Status 1 is incorrect
04-03 13:03:08.266  5838  5838 I bt_btif : get_profile_interface: id = sdp
04-03 13:03:08.267  5838  5859 D BluetoothAdapterProperties: Name is: LeEco Le 2
04-03 13:03:08.270  5838  5838 I BluetoothAdapterService: Phone policy enabled
04-03 13:03:08.273  5838  5838 D BluetoothAdapterService: setAdapterService() - set to: null
04-03 13:03:08.274  5838  5838 D BluetoothAdapterService: onBind()
04-03 13:03:08.284  5838  5838 I BtGatt.JNI: classInitNative(L871): classInitNative: Success!
04-03 13:03:08.293  5838  5850 D BluetoothAdapterService: enable() - Enable called with quiet mode status =  false
04-03 13:03:08.295  5838  5853 D BluetoothAdapterState: Current state: OFF, message: 0
04-03 13:03:08.295  5838  5853 D BluetoothAdapterProperties: Setting state to 14
04-03 13:03:08.295  5838  5853 I BluetoothAdapterState: Bluetooth adapter state changed: 10-> 14
04-03 13:03:08.295  5838  5853 D BluetoothAdapterService: updateAdapterState() - Broadcasting state to 1 receivers.
04-03 13:03:08.296  5838  5853 D BluetoothAdapterService: BleOnProcessStart()
04-03 13:03:08.301  5838  5853 D BluetoothAdapterService: BleOnProcessStart() - Make Bond State Machine
04-03 13:03:08.301  5838  5853 D BluetoothBondStateMachine: make
04-03 13:03:08.302  5838  5865 I BluetoothBondStateMachine: StableState(): Entering Off State
04-03 13:03:08.303  5838  5853 D BluetoothAdapterService: setProfileServiceState() - Starting service com.android.bluetooth.gatt.GattService
04-03 13:03:08.305  5838  5853 I BluetoothAdapterState: Entering PendingCommandState
04-03 13:03:08.306  5838  5838 D BtGatt.DebugUtils: handleDebugAction() action=null
04-03 13:03:08.306  5838  5838 D BluetoothAdapterService: getAdapterService() - returning com.android.bluetooth.btservice.AdapterService@ee6ea1a
04-03 13:03:08.307  5838  5838 D BtGatt.GattService: Received start request. Starting profile...
04-03 13:03:08.307  5838  5838 I bt_btif : get_profile_interface: id = gatt
04-03 13:03:08.308  5838  5838 D BluetoothAdapterService: getAdapterService() - returning com.android.bluetooth.btservice.AdapterService@ee6ea1a
04-03 13:03:08.315  5838  5838 I chatty  : uid=1002(bluetooth) com.android.bluetooth identical 1 line
04-03 13:03:08.315  5838  5838 D BluetoothAdapterService: getAdapterService() - returning com.android.bluetooth.btservice.AdapterService@ee6ea1a
04-03 13:03:08.317  5838  5838 D BluetoothAdapterService: handleMessage() - Message: 1
04-03 13:03:08.317  5838  5838 D BluetoothAdapterService: handleMessage() - MESSAGE_PROFILE_SERVICE_STATE_CHANGED
04-03 13:03:08.317  5838  5838 D BluetoothAdapterService: processProfileServiceStateChanged() - serviceName=com.android.bluetooth.gatt.GattService isTurningOn=false isTurningOff=false isBleTurningOn=true isBleTurningOff=false
04-03 13:03:08.317  5838  5838 D BluetoothAdapterService: GattService is started
04-03 13:03:08.318  5838  5853 V BluetoothAdapterState: PendingCommand - transient state(s): isBleTurningOn
04-03 13:03:08.319  5838  5853 D BluetoothAdapterState: Current state: PENDING_COMMAND, message: 4
04-03 13:03:08.321  5838  5853 I bt_btif : enable: start restricted = 0
04-03 13:03:08.322  5838  5854 I bt_stack_manager: event_start_up_stack is bringing up the stack
04-03 13:03:08.322  5838  5854 I bt_core_module: module_start_up Starting module "btif_config_module"
04-03 13:03:08.322  5838  5854 I bt_core_module: module_start_up Started module "btif_config_module"
04-03 13:03:08.324  5838  5854 I bt_core_module: module_start_up Starting module "btsnoop_module"
04-03 13:03:08.324  5838  5854 I bt_core_module: module_start_up Started module "btsnoop_module"
04-03 13:03:08.324  5838  5854 I bt_core_module: module_start_up Starting module "hci_module"
04-03 13:03:08.324  5838  5854 I bt_hci  : hci_module_start_up
04-03 13:03:08.325  5838  5869 I bt_osi_thread: run_thread: thread id 5869, thread name hci_thread started
04-03 13:03:08.326  5838  5854 D bt_hci  : hci_module_start_up starting async portion
04-03 13:03:08.327  5838  5869 I bt_hci  : hci_initialize
04-03 13:03:08.329  5838  5869 I bt_hci  : hci_initialize: IBluetoothHci::getService() returned 0x7f2463d3a0 (remote)
04-03 13:03:08.438  5838  5869 I bt_hci  : event_finish_startup
04-03 13:03:08.438  5838  5854 I bt_core_module: module_start_up Started module "hci_module"
04-03 13:03:08.441  5838  5874 I bt_osi_thread: run_thread: thread id 5874, thread name bt_workqueue started
04-03 13:03:08.442  5838  5874 I         : [0403/130308:INFO:btu_task.cc(107)] Bluetooth chip preload is complete
04-03 13:03:08.443  5838  5874 I         : [0403/130308:INFO:gatt_api.cc(1004)] GATT_Register
04-03 13:03:08.443  5838  5874 I         : [0403/130308:INFO:gatt_api.cc(1027)] allocated gatt_if=1
04-03 13:03:08.444  5838  5874 I         : [0403/130308:INFO:gatt_api.cc(207)] GATTS_AddService
04-03 13:03:08.444  5838  5874 I         : [0403/130308:INFO:gatt_api.cc(317)] GATTS_AddService: service parsed correctly, now starting
04-03 13:03:08.444  5838  5874 E         : [0403/130308:ERROR:gatt_attr.cc(301)] gatt_profile_db_init:  gatt_if=1
04-03 13:03:08.444  5838  5874 I         : [0403/130308:INFO:gatt_api.cc(1004)] GATT_Register
04-03 13:03:08.445  5838  5874 I         : [0403/130308:INFO:gatt_api.cc(1027)] allocated gatt_if=2
04-03 13:03:08.445  5838  5874 I         : [0403/130308:INFO:gatt_api.cc(207)] GATTS_AddService
04-03 13:03:08.445  5838  5874 I         : [0403/130308:INFO:gatt_api.cc(317)] GATTS_AddService: service parsed correctly, now starting
04-03 13:03:08.446  5838  5875 I bt_osi_thread: run_thread: thread id 5875, thread name btu message loop started
04-03 13:03:08.448  5838  5876 I bt_osi_thread: run_thread: thread id 5876, thread name module_wrapper started
04-03 13:03:08.449  5838  5876 I bt_core_module: module_start_up Starting module "controller_module"
04-03 13:03:08.678  5838  5876 I bt_core_module: module_start_up Started module "controller_module"
04-03 13:03:08.679  5838  5876 W bt_osi_thread: run_thread: thread id 5876, thread name module_wrapper exited
04-03 13:03:08.680  5838  5874 W bt_btm  : btm_decode_ext_features_page: feature page 1 ignored
04-03 13:03:08.680  5838  5874 W bt_btm  : btm_decode_ext_features_page: feature page 2 ignored
04-03 13:03:08.680  5838  5875 I bt_btm_sec: BTM_SecRegister p_cb_info->p_le_callback == 0x0x7f16916d2c
04-03 13:03:08.680  5838  5875 I bt_btm_sec: BTM_SecRegister btm_cb.api.p_le_callback = 0x0x7f16916d2c 
04-03 13:03:08.684  5838  5875 I bt_stack: [INFO:gatt_api.cc(1004)] GATT_Register
04-03 13:03:08.684  5838  5875 I bt_stack: [INFO:gatt_api.cc(1027)] allocated gatt_if=3
04-03 13:03:08.734  5838  5875 I bt_stack: [INFO:ble_advertiser_hci_interface.cc(708)] VSC advertising will be in use
04-03 13:03:08.734  5838  5875 I bt_stack: [INFO:ble_advertiser_hci_interface.cc(259)] QuirkAdvertiserZeroHandle in use
04-03 13:03:08.735  5838  5859 D BluetoothAdapterProperties: BT_PROPERTY_LOCAL_LE_FEATURES: update from BT controller mNumOfAdvertisementInstancesSupported = 10 mRpaOffloadSupported = true mNumOfOffloadedIrkSupported = 8 mNumOfOffloadedScanFilterSupported = 16 mOffloadedScanResultStorageBytes= 10240 mIsActivityAndEnergyReporting = true mVersSupported = 96 mTotNumOfTrackableAdv = 32 mIsExtendedScanSupported = true mIsDebugLogSupported = true mIsLe2MPhySupported = false mIsLeCodedPhySupported = false mIsLeExtendedAdvertisingSupported = false mIsLePeriodicAdvertisingSupported = false mLeMaximumAdvertisingDataLength = 31
04-03 13:03:08.743  5838  5859 E bt_btif_storage: btif_storage_get_adapter_property: Controller ready!
04-03 13:03:08.744  5838  5859 I bt_btif_storage: btif_storage_get_adapter_property service_mask:0x20000000
04-03 13:03:08.746  5838  5859 D BluetoothAdapterProperties: Address is:80:1D:00:33:D8:82
04-03 13:03:08.755  5838  5859 D BluetoothAdapterProperties: Name is: LeEco Le 2
04-03 13:03:08.757  5838  5859 D BluetoothAdapterProperties: Scan Mode:20
04-03 13:03:08.757  5838  5859 D BluetoothAdapterProperties: Discoverable Timeout:120
04-03 13:03:08.758  5838  5859 I bt_btif_core: btif_enable_bluetooth_evt entered: status 0
04-03 13:03:08.762  5838  5878 I bt_osi_thread: run_thread: thread id 5878, thread name btif_sock started
04-03 13:03:08.763  5838  5859 D bt_bte_conf: Device ID record 1 : primary
04-03 13:03:08.763  5838  5859 D bt_bte_conf:   vendorId            = 000f
04-03 13:03:08.763  5838  5859 D bt_bte_conf:   vendorIdSource      = 0001
04-03 13:03:08.763  5838  5859 D bt_bte_conf:   product             = 1200
04-03 13:03:08.763  5838  5859 D bt_bte_conf:   version             = 1436
04-03 13:03:08.763  5838  5859 D bt_bte_conf:   clientExecutableURL = 
04-03 13:03:08.763  5838  5859 D bt_bte_conf:   serviceDescription  = 
04-03 13:03:08.763  5838  5859 D bt_bte_conf:   documentationURL    = 
04-03 13:03:08.763  5838  5859 D bt_bte_conf: bte_load_did_conf no section named DID2.
04-03 13:03:08.764  5838  5859 I bt_btif_core: btif_enable_bluetooth_evt finished
04-03 13:03:08.764  5838  5854 I bt_stack_manager: event_start_up_stack finished
04-03 13:03:08.765  5838  5853 V BluetoothAdapterState: PendingCommand - transient state(s): isBleTurningOn
04-03 13:03:08.765  5838  5853 D BluetoothAdapterState: Current state: PENDING_COMMAND, message: 3
04-03 13:03:08.765  5838  5853 D BluetoothAdapterProperties: Setting state to 15
04-03 13:03:08.766  5838  5853 I BluetoothAdapterState: Bluetooth adapter state changed: 14-> 15
04-03 13:03:08.766  5838  5853 D BluetoothAdapterService: updateAdapterState() - Broadcasting state to 1 receivers.
04-03 13:03:08.767  5838  5853 I BluetoothAdapterState: Entering BleOnState
04-03 13:03:08.771  5838  5853 D BluetoothAdapterState: Current state: BLE ON, message: 1
04-03 13:03:08.772  5838  5853 D BluetoothAdapterProperties: Setting state to 11
04-03 13:03:08.772  5838  5853 I BluetoothAdapterState: Bluetooth adapter state changed: 15-> 11
04-03 13:03:08.772  5838  5853 D BluetoothAdapterService: updateAdapterState() - Broadcasting state to 1 receivers.
04-03 13:03:08.772  5838  5853 D BluetoothAdapterService: startCoreServices()
04-03 13:03:08.773  5838  5853 D BluetoothAdapterService: setProfileServiceState() - Starting service com.android.bluetooth.hfp.HeadsetService
04-03 13:03:08.776  5838  5853 D BluetoothAdapterService: setProfileServiceState() - Starting service com.android.bluetooth.a2dp.A2dpService
04-03 13:03:08.776  5838  5838 D BluetoothAdapterService: getAdapterService() - returning com.android.bluetooth.btservice.AdapterService@ee6ea1a
04-03 13:03:08.777  5838  5838 D HeadsetService: Received start request. Starting profile...
04-03 13:03:08.779  5838  5838 I BluetoothHeadsetServiceJni: classInitNative: succeeds
04-03 13:03:08.780  5838  5838 D HeadsetStateMachine: make
04-03 13:03:08.782  5838  5853 D BluetoothAdapterService: setProfileServiceState() - Starting service com.android.bluetooth.hid.HidService
04-03 13:03:08.788  5838  5838 D HeadsetStateMachine: max_hf_connections = 1
04-03 13:03:08.789  5838  5853 D BluetoothAdapterService: setProfileServiceState() - Starting service com.android.bluetooth.hdp.HealthService
04-03 13:03:08.789  5838  5838 D HeadsetStateMachine: in-band_ringing_support = true
04-03 13:03:08.789  5838  5838 I bt_btif : get_profile_interface: id = handsfree
04-03 13:03:08.791  5838  5875 I bt_stack: [INFO:port_api.cc(123)] RFCOMM_CreateConnection BDA: ff:ff:ff:ff:ff:ff
04-03 13:03:08.791  5838  5875 I bt_stack: [INFO:port_api.cc(123)] RFCOMM_CreateConnection BDA: ff:ff:ff:ff:ff:ff
04-03 13:03:08.791  5838  5859 I bt_btif_storage: btif_storage_get_adapter_property service_mask:0x20000040
04-03 13:03:08.792  5838  5859 E bt_btif : btif_hf_upstreams_evt: Invalid index 27401
04-03 13:03:08.793  5838  5853 D BluetoothAdapterService: setProfileServiceState() - Starting service com.android.bluetooth.pan.PanService
04-03 13:03:08.799  5838  5838 D BluetoothAdapterService: getAdapterService() - returning com.android.bluetooth.btservice.AdapterService@ee6ea1a
04-03 13:03:08.800  5838  5853 D BluetoothAdapterService: setProfileServiceState() - Starting service com.android.bluetooth.map.BluetoothMapService
04-03 13:03:08.802  5838  5838 D BluetoothAdapterService: getAdapterService() - returning com.android.bluetooth.btservice.AdapterService@ee6ea1a
04-03 13:03:08.804  5838  5838 D A2dpService: Received start request. Starting profile...
04-03 13:03:08.805  5838  5838 I BluetoothAvrcpServiceJni: classInitNative: succeeds
04-03 13:03:08.805  5838  5838 V Avrcp   : make
04-03 13:03:08.805  5838  5853 D BluetoothAdapterService: setProfileServiceState() - Starting service com.android.bluetooth.hfpclient.HeadsetClientService
04-03 13:03:08.807  5838  5838 I bt_btif : get_profile_interface: id = avrcp
04-03 13:03:08.809  5838  5853 D BluetoothAdapterService: setProfileServiceState() - Starting service com.android.bluetooth.avrcpcontroller.AvrcpControllerService
04-03 13:03:08.812  5838  5853 D BluetoothAdapterService: setProfileServiceState() - Starting service com.android.bluetooth.sap.SapService
04-03 13:03:08.815  5838  5853 D BluetoothAdapterService: setProfileServiceState() - Starting service com.android.bluetooth.opp.BluetoothOppService
04-03 13:03:08.819  5838  5853 D BluetoothAdapterService: setProfileServiceState() - Starting service com.android.bluetooth.pbap.BluetoothPbapService
04-03 13:03:08.822  5838  5838 V Avrcp   : initMediaPlayerInfoList: 0 controllers
04-03 13:03:08.822  5838  5853 I BluetoothAdapterState: Entering PendingCommandState
04-03 13:03:08.824  5838  5838 V Avrcp   : updatePlaybackState (1): -1➡0(PlaybackState {state=0, position=-1, buffered position=0, speed=0.0, updated=162092803, actions=0, custom actions=[], active item id=-1, error=null})
04-03 13:03:08.824  5838  5838 I Avrcp   : Skipping update due to invalid playback state
04-03 13:03:08.824  5838  5838 E Avrcp   : play status change -1➡0 mPlayStatusChangedNT: 1
04-03 13:03:08.824  5838  5838 E bt_btif : register_notification_rsp: Avrcp device is not connected, handle: 0x0
04-03 13:03:08.825  5838  5838 D Avrcp   : sendPlayPosNotificationRsp: Not registered or requesting.
04-03 13:03:08.826  5838  5838 D Avrcp   : User already unlocked, initializing player lists
04-03 13:03:08.828  5838  5838 V Avrcp   : updatePlaybackState (1): 0➡0(PlaybackState {state=0, position=-1, buffered position=0, speed=0.0, updated=162092808, actions=0, custom actions=[], active item id=-1, error=null})
04-03 13:03:08.828  5838  5838 I Avrcp   : Skipping update due to invalid playback state
04-03 13:03:08.828  5838  5838 E Avrcp   : play status change 0➡0 mPlayStatusChangedNT: 1
04-03 13:03:08.828  5838  5838 D Avrcp   : sendPlayPosNotificationRsp: Not registered or requesting.
04-03 13:03:08.830  5838  5838 I BluetoothA2dpServiceJni: classInitNative: succeeds
04-03 13:03:08.831  5838  5838 D A2dpStateMachine: make
04-03 13:03:08.832  5838  5838 I bt_btif : get_profile_interface: id = a2dp
04-03 13:03:08.833  5838  5882 I bt_osi_thread: run_thread: thread id 5882, thread name btif_a2dp_source started
04-03 13:03:08.834  5838  5838 D a2dp_codec: init
04-03 13:03:08.834  5838  5838 D a2dp_codec: createCodec: codec SBC
04-03 13:03:08.834  5838  5838 I a2dp_codec: init: updated SBC codec priority to 1001
04-03 13:03:08.834  5838  5875 I bt_bta_av: AVRCP version used for sdp: "avrcp14"
04-03 13:03:08.834  5838  5838 D a2dp_codec: createCodec: codec AAC
04-03 13:03:08.834  5838  5838 I a2dp_codec: init: updated AAC codec priority to 2001
04-03 13:03:08.834  5838  5838 D a2dp_codec: createCodec: codec aptX
04-03 13:03:08.835  5838  5859 I bt_btif_storage: btif_storage_get_adapter_property service_mask:0x20000048
04-03 13:03:08.836  5838  5838 E a2dp_vendor_aptx_encoder: A2DP_VendorLoadEncoderAptx: cannot open aptX encoder library libaptX_encoder.so: dlopen failed: library "libaptX_encoder.so" not found
04-03 13:03:08.836  5838  5838 E a2dp_vendor_aptx: init: cannot load the encoder
04-03 13:03:08.836  5838  5838 D a2dp_codec: createCodec: codec aptX-HD
04-03 13:03:08.837  5838  5838 E a2dp_vendor_aptx_hd_encoder: A2DP_VendorLoadEncoderAptxHd: cannot open aptX-HD encoder library libaptXHD_encoder.so: dlopen failed: library "libaptXHD_encoder.so" not found
04-03 13:03:08.837  5838  5838 E a2dp_vendor_aptx_hd: init: cannot load the encoder
04-03 13:03:08.837  5838  5838 D a2dp_codec: createCodec: codec LDAC
04-03 13:03:08.837  5838  5859 E bt_btif : btif_sm_dispatch : Invalid handle
04-03 13:03:08.837  5838  5859 E bt_btif : btif_sm_dispatch : Invalid handle
04-03 13:03:08.841  5838  5838 I a2dp_codec: init: updated LDAC codec priority to 5001
04-03 13:03:08.841  5838  5838 D a2dp_codec: createCodec: codec SBC SINK
04-03 13:03:08.841  5838  5838 I a2dp_codec: init: initialized Source codec LDAC
04-03 13:03:08.842  5838  5838 I a2dp_codec: init: initialized Source codec AAC
04-03 13:03:08.842  5838  5838 I a2dp_codec: init: initialized Source codec SBC
04-03 13:03:08.842  5838  5838 I a2dp_codec: init: initialized Sink codec SBC(Sink)
04-03 13:03:08.842  5838  5838 W bt_btif : ## ON A2DP IDLE ## peer_sep = 0
04-03 13:03:08.842  5838  5859 I BluetoothA2dpServiceJni: bta2dp_audio_config_callback
04-03 13:03:08.843  5838  5859 D A2dpStateMachine: A2DP Codec Config: null->{codecName:SBC,mCodecType:0,mCodecPriority:0,mSampleRate:0x0(NONE),mBitsPerSample:0x0(NONE),mChannelMode:0x0(NONE),mCodecSpecific1:0,mCodecSpecific2:0,mCodecSpecific3:0,mCodecSpecific4:0}
04-03 13:03:08.843  5838  5881 D A2dpStateMachine: Enter Disconnected: -2
04-03 13:03:08.844  5838  5859 D A2dpStateMachine: A2DP Codec Local Capability: {codecName:LDAC,mCodecType:4,mCodecPriority:5001,mSampleRate:0xf(44100|48000|88200|96000),mBitsPerSample:0x7(16|24|32),mChannelMode:0x2(STEREO),mCodecSpecific1:0,mCodecSpecific2:0,mCodecSpecific3:0,mCodecSpecific4:0}
04-03 13:03:08.844  5838  5859 D A2dpStateMachine: A2DP Codec Local Capability: {codecName:AAC,mCodecType:1,mCodecPriority:2001,mSampleRate:0x1(44100),mBitsPerSample:0x1(16),mChannelMode:0x2(STEREO),mCodecSpecific1:0,mCodecSpecific2:0,mCodecSpecific3:0,mCodecSpecific4:0}
04-03 13:03:08.844  5838  5859 D A2dpStateMachine: A2DP Codec Local Capability: {codecName:SBC,mCodecType:0,mCodecPriority:1001,mSampleRate:0x1(44100),mBitsPerSample:0x1(16),mChannelMode:0x3(MONO|STEREO),mCodecSpecific1:0,mCodecSpecific2:0,mCodecSpecific3:0,mCodecSpecific4:0}
04-03 13:03:08.845  5838  5838 D BluetoothAdapterService: getAdapterService() - returning com.android.bluetooth.btservice.AdapterService@ee6ea1a
04-03 13:03:08.853  5838  5838 I BluetoothHidServiceJni: classInitNative: succeeds
04-03 13:03:08.855  5838  5838 D BluetoothAdapterService: getAdapterService() - returning com.android.bluetooth.btservice.AdapterService@ee6ea1a
04-03 13:03:08.855  5838  5838 D HidService: Received start request. Starting profile...
04-03 13:03:08.855  5838  5838 I bt_btif : get_profile_interface: id = hidhost
04-03 13:03:08.856  5838  5838 D HidService: setHidService(): set to: null
04-03 13:03:08.856  5838  5859 I bt_bta_hh: BTA_HhEnable sec_mask:0x36 p_cback:0x7f1697c448
04-03 13:03:08.856  5838  5838 D BluetoothAdapterService: getAdapterService() - returning com.android.bluetooth.btservice.AdapterService@ee6ea1a
04-03 13:03:08.856  5838  5859 I bt_btif_storage: btif_storage_get_adapter_property service_mask:0x20100048
04-03 13:03:08.856  5838  5875 I bt_stack: [INFO:gatt_api.cc(1004)] GATT_Register
04-03 13:03:08.856  5838  5875 I bt_stack: [INFO:gatt_api.cc(1027)] allocated gatt_if=4
04-03 13:03:08.857  5838  5838 I BluetoothHealthServiceJni: classInitNative: succeeds
04-03 13:03:08.859  5838  5838 D BluetoothAdapterService: getAdapterService() - returning com.android.bluetooth.btservice.AdapterService@ee6ea1a
04-03 13:03:08.860  5838  5838 D HealthService: Received start request. Starting profile...
04-03 13:03:08.861  5838  5838 I bt_btif : get_profile_interface: id = health
04-03 13:03:08.862  5838  5838 D BluetoothAdapterService: getAdapterService() - returning com.android.bluetooth.btservice.AdapterService@ee6ea1a
04-03 13:03:08.863  5838  5838 I BluetoothPanServiceJni: classInitNative(L111): succeeds
04-03 13:03:08.863  5838  5879 D HeadsetPhoneState: sendDeviceStateChanged. mService=0 mIsSimStateLoaded=false mSignal=0 mRoam=0 mBatteryCharge=3
04-03 13:03:08.864  5838  5838 D BluetoothAdapterService: getAdapterService() - returning com.android.bluetooth.btservice.AdapterService@ee6ea1a
04-03 13:03:08.865  5838  5838 D PanService: Received start request. Starting profile...
04-03 13:03:08.866  5838  5838 D BluetoothPanServiceJni: initializeNative(L116): pan
04-03 13:03:08.866  5838  5838 I bt_btif : get_profile_interface: id = pan
04-03 13:03:08.866  5838  5838 D BluetoothAdapterService: getAdapterService() - returning com.android.bluetooth.btservice.AdapterService@ee6ea1a
04-03 13:03:08.866  5838  5859 D BluetoothPanServiceJni: control_state_callback(L63): state:0, local_role:3, ifname:bt-pan
04-03 13:03:08.867  5838  5838 D BluetoothAdapterService: handleMessage() - Message: 1
04-03 13:03:08.867  5838  5838 D BluetoothAdapterService: handleMessage() - MESSAGE_PROFILE_SERVICE_STATE_CHANGED
04-03 13:03:08.867  5838  5838 D BluetoothAdapterService: processProfileServiceStateChanged() - serviceName=com.android.bluetooth.hfp.HeadsetService isTurningOn=true isTurningOff=false isBleTurningOn=false isBleTurningOff=false
04-03 13:03:08.868  5838  5838 D BluetoothAdapterService: onProfileServiceStateChange() - Profile still not running:com.android.bluetooth.a2dp.A2dpService
04-03 13:03:08.871  5838  5838 D BluetoothAdapterService: getAdapterService() - returning com.android.bluetooth.btservice.AdapterService@ee6ea1a
04-03 13:03:08.872  5838  5838 D BluetoothMapService: Received start request. Starting profile...
04-03 13:03:08.872  5838  5838 D BluetoothMapService: start()
04-03 13:03:08.880  5838  5838 D BluetoothMapAccountLoader: Found 0 application(s) with intent android.bluetooth.action.BLUETOOTH_MAP_PROVIDER
04-03 13:03:08.881  5838  5838 D BluetoothMapAccountLoader: Found 0 application(s) with intent android.bluetooth.action.BLUETOOTH_MAP_IM_PROVIDER
04-03 13:03:08.881  5838  5838 D BluetoothMapAppObserver: createReceiver()
04-03 13:03:08.884  5838  5838 D BluetoothMapAppObserver: initObservers()
04-03 13:03:08.884  5838  5838 D BluetoothMapAppObserver: getEnabledAccountItems()
04-03 13:03:08.885  5838  5838 D BluetoothAdapterService: getAdapterService() - returning com.android.bluetooth.btservice.AdapterService@ee6ea1a
04-03 13:03:08.886  5838  5838 I BluetoothHeadsetClientServiceJni: classInitNative succeeds
04-03 13:03:08.888  5838  5838 D BluetoothAdapterService: getAdapterService() - returning com.android.bluetooth.btservice.AdapterService@ee6ea1a
04-03 13:03:08.889  5838  5838 D HeadsetClientService: Received start request. Starting profile...
04-03 13:03:08.889  5838  5838 D BluetoothHeadsetClientServiceJni: initializeNative: HfpClient
04-03 13:03:08.889  5838  5838 I bt_btif : get_profile_interface: id = handsfree_client
04-03 13:03:08.890  5838  5859 I bt_stack: [INFO:port_api.cc(123)] RFCOMM_CreateConnection BDA: ff:ff:ff:ff:ff:ff
04-03 13:03:08.891  5838  5859 I bt_btif_storage: btif_storage_get_adapter_property service_mask:0x21100048
04-03 13:03:08.896  5838  5838 D BluetoothHeadsetClientServiceJni: initializeNative: HfpClient
04-03 13:03:08.896  5838  5838 W BluetoothHeadsetClientServiceJni: Cleaning up Bluetooth HFP Client Interface before initializing
04-03 13:03:08.897  5838  5838 W BluetoothHeadsetClientServiceJni: Cleaning up Bluetooth HFP Client callback object
04-03 13:03:08.897  5838  5838 I bt_btif : get_profile_interface: id = handsfree_client
04-03 13:03:08.897  5838  5859 I bt_btif_queue: queue_int_cleanup: UUID=111E
04-03 13:03:08.897  5838  5838 D BluetoothAdapterService: getAdapterService() - returning com.android.bluetooth.btservice.AdapterService@ee6ea1a
04-03 13:03:08.898  5838  5838 I BluetoothAvrcpControllerJni: classInitNative: succeeds
04-03 13:03:08.899  5838  5838 I bt_btif : get_profile_interface: id = avrcp_ctrl
04-03 13:03:08.899  5838  5859 I bt_btif_storage: btif_storage_get_adapter_property service_mask:0x21100048
04-03 13:03:08.900  5838  5859 I bt_stack: [INFO:port_api.cc(123)] RFCOMM_CreateConnection BDA: ff:ff:ff:ff:ff:ff
04-03 13:03:08.900  5838  5859 I bt_btif_storage: btif_storage_get_adapter_property service_mask:0x21100048
04-03 13:03:08.900  5838  5838 D BluetoothAdapterService: getAdapterService() - returning com.android.bluetooth.btservice.AdapterService@ee6ea1a
04-03 13:03:08.901  5838  5838 D AvrcpControllerService: Received start request. Starting profile...
04-03 13:03:08.910  5838  5838 D AvrcpControllerService: setAvrcpControllerService(): set to: null
04-03 13:03:08.911  5838  5838 D BluetoothAdapterService: getAdapterService() - returning com.android.bluetooth.btservice.AdapterService@ee6ea1a
04-03 13:03:08.912  5838  5838 V SapService: SapBinder()
04-03 13:03:08.913  5838  5838 D BluetoothAdapterService: getAdapterService() - returning com.android.bluetooth.btservice.AdapterService@ee6ea1a
04-03 13:03:08.914  5838  5838 D SapService: Received start request. Starting profile...
04-03 13:03:08.914  5838  5838 V SapService: start()
04-03 13:03:08.916  5838  5838 D BluetoothAdapterService: getAdapterService() - returning com.android.bluetooth.btservice.AdapterService@ee6ea1a
04-03 13:03:08.932  5838  5838 D BluetoothAdapterService: getAdapterService() - returning com.android.bluetooth.btservice.AdapterService@ee6ea1a
04-03 13:03:08.940  5838  5838 D BluetoothOppService: Received start request. Starting profile...
04-03 13:03:08.940  5838  5838 D BluetoothAdapterService: getAdapterService() - returning com.android.bluetooth.btservice.AdapterService@ee6ea1a
04-03 13:03:08.945  5838  5838 V BluetoothPbapService: PbapBinder()
04-03 13:03:08.946  5838  5838 D BluetoothAdapterService: getAdapterService() - returning com.android.bluetooth.btservice.AdapterService@ee6ea1a
04-03 13:03:08.948  5838  5838 D BluetoothPbapService: Received start request. Starting profile...
04-03 13:03:08.948  5838  5838 V BluetoothPbapService: start()
04-03 13:03:08.954  5838  5838 D BluetoothPbapService: Registering observer
04-03 13:03:08.961  5838  5838 D BluetoothAdapterService: getAdapterService() - returning com.android.bluetooth.btservice.AdapterService@ee6ea1a
04-03 13:03:08.962  5838  5838 D BluetoothAdapterService: handleMessage() - Message: 1
04-03 13:03:08.962  5838  5838 D BluetoothAdapterService: handleMessage() - MESSAGE_PROFILE_SERVICE_STATE_CHANGED
04-03 13:03:08.962  5838  5838 D BluetoothAdapterService: processProfileServiceStateChanged() - serviceName=com.android.bluetooth.a2dp.A2dpService isTurningOn=true isTurningOff=false isBleTurningOn=false isBleTurningOff=false
04-03 13:03:08.962  5838  5838 D BluetoothAdapterService: onProfileServiceStateChange() - Profile still not running:com.android.bluetooth.map.BluetoothMapService
04-03 13:03:08.963  5838  5838 D BluetoothAdapterService: handleMessage() - Message: 1
04-03 13:03:08.963  5838  5838 D BluetoothAdapterService: handleMessage() - MESSAGE_PROFILE_SERVICE_STATE_CHANGED
04-03 13:03:08.963  5838  5838 D BluetoothAdapterService: processProfileServiceStateChanged() - serviceName=com.android.bluetooth.hid.HidService isTurningOn=true isTurningOff=false isBleTurningOn=false isBleTurningOff=false
04-03 13:03:08.963  5838  5838 D BluetoothAdapterService: onProfileServiceStateChange() - Profile still not running:com.android.bluetooth.map.BluetoothMapService
04-03 13:03:08.963  5838  5838 D BluetoothAdapterService: handleMessage() - Message: 1
04-03 13:03:08.963  5838  5838 D BluetoothAdapterService: handleMessage() - MESSAGE_PROFILE_SERVICE_STATE_CHANGED
04-03 13:03:08.963  5838  5838 D BluetoothAdapterService: processProfileServiceStateChanged() - serviceName=com.android.bluetooth.hdp.HealthService isTurningOn=true isTurningOff=false isBleTurningOn=false isBleTurningOff=false
04-03 13:03:08.964  5838  5838 D BluetoothAdapterService: onProfileServiceStateChange() - Profile still not running:com.android.bluetooth.map.BluetoothMapService
04-03 13:03:08.964  5838  5838 D BluetoothAdapterService: handleMessage() - Message: 1
04-03 13:03:08.964  5838  5838 D BluetoothAdapterService: handleMessage() - MESSAGE_PROFILE_SERVICE_STATE_CHANGED
04-03 13:03:08.964  5838  5838 D BluetoothAdapterService: processProfileServiceStateChanged() - serviceName=com.android.bluetooth.pan.PanService isTurningOn=true isTurningOff=false isBleTurningOn=false isBleTurningOff=false
04-03 13:03:08.964  5838  5838 D BluetoothAdapterService: onProfileServiceStateChange() - Profile still not running:com.android.bluetooth.map.BluetoothMapService
04-03 13:03:08.965  5838  5838 D BluetoothAdapterService: handleMessage() - Message: 1
04-03 13:03:08.965  5838  5838 D BluetoothAdapterService: handleMessage() - MESSAGE_PROFILE_SERVICE_STATE_CHANGED
04-03 13:03:08.965  5838  5838 D BluetoothAdapterService: processProfileServiceStateChanged() - serviceName=com.android.bluetooth.map.BluetoothMapService isTurningOn=true isTurningOff=false isBleTurningOn=false isBleTurningOff=false
04-03 13:03:08.966  5838  5838 D BluetoothAdapterService: onProfileServiceStateChange() - Profile still not running:com.android.bluetooth.avrcpcontroller.AvrcpControllerService
04-03 13:03:08.966  5838  5838 D BluetoothAdapterService: handleMessage() - Message: 1
04-03 13:03:08.966  5838  5838 D BluetoothAdapterService: handleMessage() - MESSAGE_PROFILE_SERVICE_STATE_CHANGED
04-03 13:03:08.966  5838  5838 D BluetoothAdapterService: processProfileServiceStateChanged() - serviceName=com.android.bluetooth.hfpclient.HeadsetClientService isTurningOn=true isTurningOff=false isBleTurningOn=false isBleTurningOff=false
04-03 13:03:08.967  5838  5838 D BluetoothAdapterService: onProfileServiceStateChange() - Profile still not running:com.android.bluetooth.avrcpcontroller.AvrcpControllerService
04-03 13:03:08.967  5838  5838 D BluetoothAdapterService: handleMessage() - Message: 1
04-03 13:03:08.967  5838  5838 D BluetoothAdapterService: handleMessage() - MESSAGE_PROFILE_SERVICE_STATE_CHANGED
04-03 13:03:08.967  5838  5838 D BluetoothAdapterService: processProfileServiceStateChanged() - serviceName=com.android.bluetooth.avrcpcontroller.AvrcpControllerService isTurningOn=true isTurningOff=false isBleTurningOn=false isBleTurningOff=false
04-03 13:03:08.967  5838  5838 D BluetoothAdapterService: onProfileServiceStateChange() - Profile still not running:com.android.bluetooth.sap.SapService
04-03 13:03:08.968  5838  5838 D BluetoothAdapterService: handleMessage() - Message: 1
04-03 13:03:08.968  5838  5838 D BluetoothAdapterService: handleMessage() - MESSAGE_PROFILE_SERVICE_STATE_CHANGED
04-03 13:03:08.968  5838  5838 D BluetoothAdapterService: processProfileServiceStateChanged() - serviceName=com.android.bluetooth.sap.SapService isTurningOn=true isTurningOff=false isBleTurningOn=false isBleTurningOff=false
04-03 13:03:08.969  5838  5838 D BluetoothAdapterService: onProfileServiceStateChange() - Profile still not running:com.android.bluetooth.pbap.BluetoothPbapService
04-03 13:03:08.973  5838  5838 D BluetoothAdapterService: handleMessage() - Message: 1
04-03 13:03:08.973  5838  5838 D BluetoothAdapterService: handleMessage() - MESSAGE_PROFILE_SERVICE_STATE_CHANGED
04-03 13:03:08.973  5838  5838 D BluetoothAdapterService: processProfileServiceStateChanged() - serviceName=com.android.bluetooth.opp.BluetoothOppService isTurningOn=true isTurningOff=false isBleTurningOn=false isBleTurningOff=false
04-03 13:03:08.973  5838  5838 D BluetoothAdapterService: onProfileServiceStateChange() - Profile still not running:com.android.bluetooth.pbap.BluetoothPbapService
04-03 13:03:08.978  5838  5838 D BluetoothAdapterService: handleMessage() - Message: 1
04-03 13:03:08.978  5838  5838 D BluetoothAdapterService: handleMessage() - MESSAGE_PROFILE_SERVICE_STATE_CHANGED
04-03 13:03:08.979  5838  5838 D BluetoothAdapterService: processProfileServiceStateChanged() - serviceName=com.android.bluetooth.pbap.BluetoothPbapService isTurningOn=true isTurningOff=false isBleTurningOn=false isBleTurningOff=false
04-03 13:03:08.979  5838  5838 D BluetoothAdapterService: onProfileServiceStateChange() - All profile services started.
04-03 13:03:08.980  5838  5853 V BluetoothAdapterState: PendingCommand - transient state(s): isTurningOn
04-03 13:03:08.980  5838  5853 D BluetoothAdapterState: Current state: PENDING_COMMAND, message: 2
04-03 13:03:08.980  5838  5853 D BluetoothAdapterProperties: onBluetoothReady, state=11, ScanMode=20
04-03 13:03:08.981  5838  5853 D BluetoothAdapterProperties: Setting state to 12
04-03 13:03:08.982  5838  5853 I BluetoothAdapterState: Bluetooth adapter state changed: 11-> 12
04-03 13:03:08.982  5838  5853 D BluetoothAdapterService: updateAdapterState() - Broadcasting state to 1 receivers.
04-03 13:03:08.982  5838  5853 I BluetoothAdapterState: Entering OnState
04-03 13:03:08.982  5838  5853 D BluetoothAdapterService: updateUuids() - Updating UUIDs for bonded devices
04-03 13:03:08.985  5838  5859 D BluetoothAdapterProperties: Scan Mode:21
04-03 13:03:08.986  5838  5859 D BluetoothAdapterProperties: Discoverable Timeout:120
04-03 13:03:09.012  5838  5838 D BluetoothMapService: onReceive
04-03 13:03:09.013  5838  5838 D BluetoothMapService: onReceive: android.bluetooth.adapter.action.STATE_CHANGED
04-03 13:03:09.013  5838  5838 D BluetoothMapService: STATE_ON
04-03 13:03:09.018  5838  5838 D BluetoothPbapService: action: android.bluetooth.adapter.action.STATE_CHANGED
04-03 13:03:09.018  5838  5838 D BluetoothPbapService: state: 12
04-03 13:03:09.019  5838  5859 D BluetoothAdapterProperties: Discoverable Timeout:120
04-03 13:03:09.021  5838  5859 D BluetoothAdapterProperties: Scan Mode:23
04-03 13:03:09.021  5838  5838 D BluetoothAdapterService: isQuetModeEnabled() - Enabled = false
04-03 13:03:09.022  5838  5838 D BluetoothPhonePolicy: autoConnect() - Initiate auto connection on BT on...
04-03 13:03:09.031  5838  5838 D BtOppService: start Socket Listeners
04-03 13:03:09.031  5838  5838 D BtOppService: stopListeners   mServerSocket :null
04-03 13:03:09.031  5838  5838 D ObexServerSockets: create(rfcomm = -2, l2capPsm = -2)
04-03 13:03:09.033  5838  5838 W BluetoothAdapter: getBluetoothService() called with no BluetoothManagerCallback
04-03 13:03:09.033  5838  5899 W BluetoothAdapter: getBluetoothService() called with no BluetoothManagerCallback
04-03 13:03:09.034  5838  5886 D BluetoothMapMasInstance0: Map Service startRfcommSocketListener
04-03 13:03:09.034  5838  5886 D ObexServerSockets: create(rfcomm = -2, l2capPsm = -2)
04-03 13:03:09.036  5838  5886 W BluetoothAdapter: getBluetoothService() called with no BluetoothManagerCallback
04-03 13:03:09.037  5838  5875 I bt_stack: [INFO:port_api.cc(123)] RFCOMM_CreateConnection BDA: ff:ff:ff:ff:ff:ff
04-03 13:03:09.037  5838  5875 I bt_stack: [INFO:port_api.cc(123)] RFCOMM_CreateConnection BDA: ff:ff:ff:ff:ff:ff
04-03 13:03:09.038  5838  5899 D BluetoothSdpJni: sdpCreateSapsRecordNative
04-03 13:03:09.038  5838  5899 D BluetoothSdpJni: SDP Create record success - handle: 0
04-03 13:03:09.038  5838  5875 I bt_stack: [INFO:port_api.cc(123)] RFCOMM_CreateConnection BDA: ff:ff:ff:ff:ff:ff
04-03 13:03:09.039  5838  5838 W BluetoothAdapter: getBluetoothService() called with no BluetoothManagerCallback
04-03 13:03:09.039  5838  5886 W BluetoothAdapter: getBluetoothService() called with no BluetoothManagerCallback
04-03 13:03:09.040  5838  5838 D ObexServerSockets: Succeed to create listening sockets 
04-03 13:03:09.040  5838  5838 D ObexServerSockets0: startAccept()
04-03 13:03:09.040  5838  5838 D ObexServerSockets0: prepareForNewConnect()
04-03 13:03:09.042  5838  5886 D ObexServerSockets: Succeed to create listening sockets 
04-03 13:03:09.042  5838  5886 D ObexServerSockets1: startAccept()
04-03 13:03:09.042  5838  5886 D ObexServerSockets1: prepareForNewConnect()
04-03 13:03:09.042  5838  5838 D BluetoothSdpJni: sdpCreateOppOpsRecordNative
04-03 13:03:09.042  5838  5838 D BluetoothSdpJni: SDP Create record success - handle: 1
04-03 13:03:09.042  5838  5838 D BtOppService: mOppSdpHandle :1
04-03 13:03:09.043  5838  5838 D BluetoothPbapService: startsocketListener
04-03 13:03:09.043  5838  5838 D ObexServerSockets: create(rfcomm = -2, l2capPsm = -2)
04-03 13:03:09.043  5838  5838 W BluetoothAdapter: getBluetoothService() called with no BluetoothManagerCallback
04-03 13:03:09.045  5838  5875 I bt_stack: [INFO:port_api.cc(123)] RFCOMM_CreateConnection BDA: ff:ff:ff:ff:ff:ff
04-03 13:03:09.046  5838  5900 D ObexServerSockets0: Accepting socket connection...
04-03 13:03:09.046  5838  5838 W BluetoothAdapter: getBluetoothService() called with no BluetoothManagerCallback
04-03 13:03:09.048  5838  5838 D ObexServerSockets: Succeed to create listening sockets 
04-03 13:03:09.048  5838  5838 D ObexServerSockets2: startAccept()
04-03 13:03:09.048  5838  5838 D ObexServerSockets2: prepareForNewConnect()
04-03 13:03:09.050  5838  5902 D ObexServerSockets1: Accepting socket connection...
04-03 13:03:09.051  5838  5886 D BluetoothSdpJni: sdpCreateMapMasRecordNative
04-03 13:03:09.051  5838  5886 D BluetoothSdpJni: SDP Create record success - handle: 2
04-03 13:03:09.052  5838  5901 D ObexServerSockets0: Accepting socket connection...
04-03 13:03:09.053  5838  5903 D ObexServerSockets1: Accepting socket connection...
04-03 13:03:09.064  5838  5904 D ObexServerSockets2: Accepting socket connection...
04-03 13:03:09.064  5838  5838 D BluetoothSdpJni: sdpCreatePbapPseRecordNative
04-03 13:03:09.064  5838  5838 D BluetoothSdpJni: SDP Create record success - handle: 3
04-03 13:03:09.068  5838  5905 D ObexServerSockets2: Accepting socket connection...
04-03 13:03:09.074  5838  5838 D BluetoothPbapService: PBAP server with handle:3
04-03 13:03:47.390  5838  5859 D BluetoothAdapterProperties: Discoverable Timeout:120
04-03 13:03:47.392  5838  5859 D BluetoothAdapterProperties: Scan Mode:21
04-03 13:04:18.102  5838  5859 D BluetoothAdapterProperties: Discoverable Timeout:120
04-03 13:04:18.104  5838  5859 D BluetoothAdapterProperties: Scan Mode:23
04-03 13:04:18.673  5838  5859 D BluetoothAdapterProperties: Discoverable Timeout:120
04-03 13:04:18.675  5838  5859 D BluetoothAdapterProperties: Scan Mode:21
04-03 13:05:06.496  5838  5859 D BluetoothAdapterProperties: Discoverable Timeout:120
04-03 13:05:06.502  5838  5859 D BluetoothAdapterProperties: Scan Mode:23
04-03 13:05:12.665  5838  5859 D BluetoothAdapterProperties: Discoverable Timeout:120
04-03 13:05:12.668  5838  5859 D BluetoothAdapterProperties: Scan Mode:21
04-03 13:05:13.969  5838  5859 D BluetoothAdapterProperties: Discoverable Timeout:120
04-03 13:05:13.974  5838  5859 D BluetoothAdapterProperties: Scan Mode:23
04-03 13:06:44.078  5838  5859 D BluetoothAdapterProperties: Discoverable Timeout:120
04-03 13:06:44.081  5838  5859 D BluetoothAdapterProperties: Scan Mode:21
04-03 13:06:57.536  5838  5859 D BluetoothAdapterProperties: Discoverable Timeout:120
04-03 13:06:57.545  5838  5859 D BluetoothAdapterProperties: Scan Mode:23
04-03 13:06:57.987  5838  5859 D BluetoothAdapterProperties: Discoverable Timeout:120
04-03 13:06:57.991  5838  5859 D BluetoothAdapterProperties: Scan Mode:21
04-03 13:13:39.943  5838  5879 D HeadsetPhoneState: sendDeviceStateChanged. mService=0 mIsSimStateLoaded=false mSignal=0 mRoam=0 mBatteryCharge=4
04-03 13:19:28.686  5838  5875 W bt_btif : bta_dm_acl_change info: 0x10
04-03 13:19:28.686  5838  5859 D bt_btif_dm: remote version info [a0:a4:c5:68:0f:dc]: 0, 0, 0
04-03 13:19:28.689  5838  5859 E BluetoothRemoteDevices: aclStateChangeCallback: device is NULL, address=A0:A4:C5:68:0F:DC, newState=0
04-03 13:19:29.025  5838  5859 D bt_btif_config: btif_get_device_type: Device [a0:a4:c5:68:0f:dc] type 1
04-03 13:19:29.026  5838  5859 I bt_btif_dm: get_cod remote_cod = 0x000c010c
04-03 13:19:29.027  5838  5859 I BluetoothBondStateMachine: bondStateChangeCallback: Status: 0 Address: A0:A4:C5:68:0F:DC newState: 1
04-03 13:19:29.027  5838  5859 I bt_btif_dm: get_cod remote_cod = 0x000c010c
04-03 13:19:29.032  5838  5865 I BluetoothBondStateMachine: Bond State Change Intent:A0:A4:C5:68:0F:DC OldState: 10 NewState: 11
04-03 13:19:29.032  5838  5865 I BluetoothBondStateMachine: Entering PendingCommandState State
04-03 13:19:29.987  5838  5859 D bt_btif_config: btif_get_device_type: Device [a0:a4:c5:68:0f:dc] type 1
04-03 13:19:29.988  5838  5859 I bt_btif_dm: get_cod remote_cod = 0x000c010c
04-03 13:19:29.988  5838  5859 I BluetoothBondStateMachine: bondStateChangeCallback: Status: 0 Address: A0:A4:C5:68:0F:DC newState: 0
04-03 13:19:29.991  5838  5865 D BluetoothAdapterProperties: Failed to remove device: A0:A4:C5:68:0F:DC
04-03 13:19:29.992  5838  5865 I BluetoothBondStateMachine: Bond State Change Intent:A0:A4:C5:68:0F:DC OldState: 11 NewState: 10
04-03 13:19:29.995  5838  5865 D HidService: getHidService(): returning com.android.bluetooth.hid.HidService@1a10e7e
04-03 13:19:29.995  5838  5865 D A2dpSinkService: getA2dpSinkService(): service is NULL
04-03 13:19:29.997  5838  5865 D HidService: Saved priority A0:A4:C5:68:0F:DC = -1
04-03 13:19:30.005  5838  5865 I BluetoothBondStateMachine: StableState(): Entering Off State
