--------- beginning of main
04-01 18:08:13.294  5596  5596 D BluetoothOppFileProvider: Initialized
04-01 18:08:13.319  5596  5596 D AdapterServiceConfig: Adding HeadsetService
04-01 18:08:13.320  5596  5596 D AdapterServiceConfig: Adding A2dpService
04-01 18:08:13.321  5596  5596 D AdapterServiceConfig: Adding HidService
04-01 18:08:13.321  5596  5596 D AdapterServiceConfig: Adding HealthService
04-01 18:08:13.321  5596  5596 D AdapterServiceConfig: Adding PanService
04-01 18:08:13.321  5596  5596 D AdapterServiceConfig: Adding GattService
04-01 18:08:13.321  5596  5596 D AdapterServiceConfig: Adding BluetoothMapService
04-01 18:08:13.321  5596  5596 D AdapterServiceConfig: Adding HeadsetClientService
04-01 18:08:13.322  5596  5596 D AdapterServiceConfig: Adding AvrcpControllerService
04-01 18:08:13.322  5596  5596 D AdapterServiceConfig: Adding SapService
04-01 18:08:13.322  5596  5596 W AdapterServiceConfig: Could not find profile bit mask
04-01 18:08:13.322  5596  5596 D AdapterServiceConfig: Adding BluetoothOppService
04-01 18:08:13.322  5596  5596 W AdapterServiceConfig: Could not find profile bit mask
04-01 18:08:13.322  5596  5596 D AdapterServiceConfig: Adding BluetoothPbapService
04-01 18:08:13.351  5596  5596 D BluetoothAdapterService: onCreate()
04-01 18:08:13.355  5596  5596 D BluetoothAdapterState: make() - Creating AdapterState
04-01 18:08:13.357  5596  5596 I bt_btif : init
04-01 18:08:13.357  5596  5611 I BluetoothAdapterState: Entering OffState
04-01 18:08:13.357  5596  5596 D bt_osi_allocation_tracker: canary initialized
04-01 18:08:13.358  5596  5612 I bt_osi_thread: run_thread: thread id 5612, thread name stack_manager started
04-01 18:08:13.358  5596  5612 I bt_stack_manager: event_init_stack is initializing the stack
04-01 18:08:13.361  5596  5615 I bt_osi_thread: run_thread: thread id 5615, thread name alarm_default_ca started
04-01 18:08:13.361  5596  5616 I bt_osi_thread: run_thread: thread id 5616, thread name alarm_dispatcher started
04-01 18:08:13.364  5596  5612 I bt_btif_core: btif_init_bluetooth entered
04-01 18:08:13.365  5596  5612 I bt_stack_config: init attempt to load stack conf from /etc/bluetooth/bt_stack.conf
04-01 18:08:13.366  5596  5617 I bt_osi_thread: run_thread: thread id 5617, thread name bt_jni_workqueue started
04-01 18:08:13.366  5596  5612 I bt_btif_core: btif_init_bluetooth finished
04-01 18:08:13.366  5596  5612 I bt_stack_manager: event_init_stack finished
04-01 18:08:13.366  5596  5617 I bt_btif_core: run_message_loop entered
04-01 18:08:13.367  5596  5596 I bt_osi_wakelock: wakelock_set_os_callouts set to non-native
04-01 18:08:13.367  5596  5596 I bt_btif : get_profile_interface: id = socket
04-01 18:08:13.367  5596  5617 E bt_btif_storage: btif_storage_get_adapter_property: Controller not ready! Unable to return Bluetooth Address
04-01 18:08:13.367  5596  5617 E BluetoothServiceJni: adapter_properties_callback: Status 1 is incorrect
04-01 18:08:13.369  5596  5596 I bt_btif : get_profile_interface: id = sdp
04-01 18:08:13.369  5596  5617 D BluetoothAdapterProperties: Name is: LeEco Le 2
04-01 18:08:13.372  5596  5596 I BluetoothAdapterService: Phone policy enabled
04-01 18:08:13.374  5596  5596 D BluetoothAdapterService: setAdapterService() - set to: null
04-01 18:08:13.375  5596  5596 D BluetoothAdapterService: onBind()
04-01 18:08:13.381  5596  5596 I BtGatt.JNI: classInitNative(L871): classInitNative: Success!
04-01 18:08:13.386  5596  5609 D BluetoothAdapterService: enable() - Enable called with quiet mode status =  false
04-01 18:08:13.387  5596  5611 D BluetoothAdapterState: Current state: OFF, message: 0
04-01 18:08:13.387  5596  5611 D BluetoothAdapterProperties: Setting state to 14
04-01 18:08:13.387  5596  5611 I BluetoothAdapterState: Bluetooth adapter state changed: 10-> 14
04-01 18:08:13.387  5596  5611 D BluetoothAdapterService: updateAdapterState() - Broadcasting state to 1 receivers.
04-01 18:08:13.388  5596  5611 D BluetoothAdapterService: BleOnProcessStart()
04-01 18:08:13.389  5596  5611 D BluetoothAdapterService: BleOnProcessStart() - Make Bond State Machine
04-01 18:08:13.389  5596  5611 D BluetoothBondStateMachine: make
04-01 18:08:13.391  5596  5623 I BluetoothBondStateMachine: StableState(): Entering Off State
04-01 18:08:13.391  5596  5611 D BluetoothAdapterService: setProfileServiceState() - Starting service com.android.bluetooth.gatt.GattService
04-01 18:08:13.393  5596  5611 I BluetoothAdapterState: Entering PendingCommandState
04-01 18:08:13.393  5596  5596 D BtGatt.DebugUtils: handleDebugAction() action=null
04-01 18:08:13.393  5596  5596 D BluetoothAdapterService: getAdapterService() - returning com.android.bluetooth.btservice.AdapterService@bbca5
04-01 18:08:13.394  5596  5596 D BtGatt.GattService: Received start request. Starting profile...
04-01 18:08:13.394  5596  5596 I bt_btif : get_profile_interface: id = gatt
04-01 18:08:13.395  5596  5596 D BluetoothAdapterService: getAdapterService() - returning com.android.bluetooth.btservice.AdapterService@bbca5
04-01 18:08:13.399  5596  5596 I chatty  : uid=1002(bluetooth) com.android.bluetooth identical 1 line
04-01 18:08:13.399  5596  5596 D BluetoothAdapterService: getAdapterService() - returning com.android.bluetooth.btservice.AdapterService@bbca5
04-01 18:08:13.400  5596  5596 D BluetoothAdapterService: handleMessage() - Message: 1
04-01 18:08:13.401  5596  5596 D BluetoothAdapterService: handleMessage() - MESSAGE_PROFILE_SERVICE_STATE_CHANGED
04-01 18:08:13.401  5596  5596 D BluetoothAdapterService: processProfileServiceStateChanged() - serviceName=com.android.bluetooth.gatt.GattService isTurningOn=false isTurningOff=false isBleTurningOn=true isBleTurningOff=false
04-01 18:08:13.401  5596  5596 D BluetoothAdapterService: GattService is started
04-01 18:08:13.401  5596  5611 V BluetoothAdapterState: PendingCommand - transient state(s): isBleTurningOn
04-01 18:08:13.401  5596  5611 D BluetoothAdapterState: Current state: PENDING_COMMAND, message: 4
04-01 18:08:13.402  5596  5611 I bt_btif : enable: start restricted = 0
04-01 18:08:13.402  5596  5612 I bt_stack_manager: event_start_up_stack is bringing up the stack
04-01 18:08:13.403  5596  5612 I bt_core_module: module_start_up Starting module "btif_config_module"
04-01 18:08:13.403  5596  5612 I bt_core_module: module_start_up Started module "btif_config_module"
04-01 18:08:13.403  5596  5612 I bt_core_module: module_start_up Starting module "btsnoop_module"
04-01 18:08:13.403  5596  5612 I bt_core_module: module_start_up Started module "btsnoop_module"
04-01 18:08:13.403  5596  5612 I bt_core_module: module_start_up Starting module "hci_module"
04-01 18:08:13.403  5596  5612 I bt_hci  : hci_module_start_up
04-01 18:08:13.404  5596  5627 I bt_osi_thread: run_thread: thread id 5627, thread name hci_thread started
04-01 18:08:13.404  5596  5612 D bt_hci  : hci_module_start_up starting async portion
04-01 18:08:13.404  5596  5627 I bt_hci  : hci_initialize
04-01 18:08:13.407  5596  5627 I bt_hci  : hci_initialize: IBluetoothHci::getService() returned 0x7f0283d560 (remote)
04-01 18:08:13.502  5596  5627 I bt_hci  : event_finish_startup
04-01 18:08:13.502  5596  5612 I bt_core_module: module_start_up Started module "hci_module"
04-01 18:08:13.503  5596  5632 I bt_osi_thread: run_thread: thread id 5632, thread name bt_workqueue started
04-01 18:08:13.504  5596  5632 I         : [0401/180813:INFO:btu_task.cc(107)] Bluetooth chip preload is complete
04-01 18:08:13.505  5596  5632 I         : [0401/180813:INFO:gatt_api.cc(1004)] GATT_Register
04-01 18:08:13.505  5596  5632 I         : [0401/180813:INFO:gatt_api.cc(1027)] allocated gatt_if=1
04-01 18:08:13.505  5596  5632 I         : [0401/180813:INFO:gatt_api.cc(207)] GATTS_AddService
04-01 18:08:13.506  5596  5632 I         : [0401/180813:INFO:gatt_api.cc(317)] GATTS_AddService: service parsed correctly, now starting
04-01 18:08:13.506  5596  5632 E         : [0401/180813:ERROR:gatt_attr.cc(301)] gatt_profile_db_init:  gatt_if=1
04-01 18:08:13.506  5596  5632 I         : [0401/180813:INFO:gatt_api.cc(1004)] GATT_Register
04-01 18:08:13.506  5596  5632 I         : [0401/180813:INFO:gatt_api.cc(1027)] allocated gatt_if=2
04-01 18:08:13.507  5596  5632 I         : [0401/180813:INFO:gatt_api.cc(207)] GATTS_AddService
04-01 18:08:13.507  5596  5632 I         : [0401/180813:INFO:gatt_api.cc(317)] GATTS_AddService: service parsed correctly, now starting
04-01 18:08:13.508  5596  5633 I bt_osi_thread: run_thread: thread id 5633, thread name btu message loop started
04-01 18:08:13.511  5596  5634 I bt_osi_thread: run_thread: thread id 5634, thread name module_wrapper started
04-01 18:08:13.511  5596  5634 I bt_core_module: module_start_up Starting module "controller_module"
04-01 18:08:13.729  5596  5634 I bt_core_module: module_start_up Started module "controller_module"
04-01 18:08:13.729  5596  5634 W bt_osi_thread: run_thread: thread id 5634, thread name module_wrapper exited
04-01 18:08:13.730  5596  5632 W bt_btm  : btm_decode_ext_features_page: feature page 1 ignored
04-01 18:08:13.730  5596  5632 W bt_btm  : btm_decode_ext_features_page: feature page 2 ignored
04-01 18:08:13.731  5596  5633 I bt_btm_sec: BTM_SecRegister p_cb_info->p_le_callback == 0x0x7ef4961d2c
04-01 18:08:13.731  5596  5633 I bt_btm_sec: BTM_SecRegister btm_cb.api.p_le_callback = 0x0x7ef4961d2c 
04-01 18:08:13.735  5596  5633 I bt_stack: [INFO:gatt_api.cc(1004)] GATT_Register
04-01 18:08:13.735  5596  5633 I bt_stack: [INFO:gatt_api.cc(1027)] allocated gatt_if=3
04-01 18:08:13.766  5596  5633 I bt_stack: [INFO:ble_advertiser_hci_interface.cc(708)] VSC advertising will be in use
04-01 18:08:13.766  5596  5633 I bt_stack: [INFO:ble_advertiser_hci_interface.cc(259)] QuirkAdvertiserZeroHandle in use
04-01 18:08:13.767  5596  5617 D BluetoothAdapterProperties: BT_PROPERTY_LOCAL_LE_FEATURES: update from BT controller mNumOfAdvertisementInstancesSupported = 10 mRpaOffloadSupported = true mNumOfOffloadedIrkSupported = 8 mNumOfOffloadedScanFilterSupported = 16 mOffloadedScanResultStorageBytes= 10240 mIsActivityAndEnergyReporting = true mVersSupported = 96 mTotNumOfTrackableAdv = 32 mIsExtendedScanSupported = true mIsDebugLogSupported = true mIsLe2MPhySupported = false mIsLeCodedPhySupported = false mIsLeExtendedAdvertisingSupported = false mIsLePeriodicAdvertisingSupported = false mLeMaximumAdvertisingDataLength = 31
04-01 18:08:13.773  5596  5617 E bt_btif_storage: btif_storage_get_adapter_property: Controller ready!
04-01 18:08:13.773  5596  5617 I bt_btif_storage: btif_storage_get_adapter_property service_mask:0x20000000
04-01 18:08:13.775  5596  5617 D BluetoothAdapterProperties: Address is:80:1D:00:33:D8:82
04-01 18:08:13.780  5596  5617 D BluetoothAdapterProperties: Name is: LeEco Le 2
04-01 18:08:13.784  5596  5617 D BluetoothAdapterProperties: Scan Mode:20
04-01 18:08:13.785  5596  5617 D BluetoothAdapterProperties: Discoverable Timeout:120
04-01 18:08:13.790  5596  5617 D BluetoothAdapterProperties: Adding bonded device:30:C0:1B:21:62:1E
04-01 18:08:13.806  5596  5617 I bt_btif_core: btif_enable_bluetooth_evt entered: status 0
04-01 18:08:13.807  5596  5636 I bt_osi_thread: run_thread: thread id 5636, thread name btif_sock started
04-01 18:08:13.808  5596  5617 D bt_bte_conf: Device ID record 1 : primary
04-01 18:08:13.808  5596  5617 D bt_bte_conf:   vendorId            = 000f
04-01 18:08:13.808  5596  5617 D bt_bte_conf:   vendorIdSource      = 0001
04-01 18:08:13.808  5596  5617 D bt_bte_conf:   product             = 1200
04-01 18:08:13.808  5596  5617 D bt_bte_conf:   version             = 1436
04-01 18:08:13.808  5596  5617 D bt_bte_conf:   clientExecutableURL = 
04-01 18:08:13.808  5596  5617 D bt_bte_conf:   serviceDescription  = 
04-01 18:08:13.808  5596  5617 D bt_bte_conf:   documentationURL    = 
04-01 18:08:13.808  5596  5617 D bt_bte_conf: bte_load_did_conf no section named DID2.
04-01 18:08:13.809  5596  5617 I bt_btif_core: btif_enable_bluetooth_evt finished
04-01 18:08:13.809  5596  5612 I bt_stack_manager: event_start_up_stack finished
04-01 18:08:13.809  5596  5611 V BluetoothAdapterState: PendingCommand - transient state(s): isBleTurningOn
04-01 18:08:13.809  5596  5611 D BluetoothAdapterState: Current state: PENDING_COMMAND, message: 3
04-01 18:08:13.810  5596  5611 D BluetoothAdapterProperties: Setting state to 15
04-01 18:08:13.810  5596  5611 I BluetoothAdapterState: Bluetooth adapter state changed: 14-> 15
04-01 18:08:13.810  5596  5611 D BluetoothAdapterService: updateAdapterState() - Broadcasting state to 1 receivers.
04-01 18:08:13.810  5596  5611 I BluetoothAdapterState: Entering BleOnState
04-01 18:08:13.812  5596  5611 D BluetoothAdapterState: Current state: BLE ON, message: 1
04-01 18:08:13.812  5596  5611 D BluetoothAdapterProperties: Setting state to 11
04-01 18:08:13.812  5596  5611 I BluetoothAdapterState: Bluetooth adapter state changed: 15-> 11
04-01 18:08:13.812  5596  5611 D BluetoothAdapterService: updateAdapterState() - Broadcasting state to 1 receivers.
04-01 18:08:13.813  5596  5611 D BluetoothAdapterService: startCoreServices()
04-01 18:08:13.813  5596  5611 D BluetoothAdapterService: setProfileServiceState() - Starting service com.android.bluetooth.hfp.HeadsetService
04-01 18:08:13.817  5596  5611 D BluetoothAdapterService: setProfileServiceState() - Starting service com.android.bluetooth.a2dp.A2dpService
04-01 18:08:13.817  5596  5596 D BluetoothAdapterService: getAdapterService() - returning com.android.bluetooth.btservice.AdapterService@bbca5
04-01 18:08:13.819  5596  5596 D HeadsetService: Received start request. Starting profile...
04-01 18:08:13.819  5596  5611 D BluetoothAdapterService: setProfileServiceState() - Starting service com.android.bluetooth.hid.HidService
04-01 18:08:13.821  5596  5596 I BluetoothHeadsetServiceJni: classInitNative: succeeds
04-01 18:08:13.821  5596  5596 D HeadsetStateMachine: make
04-01 18:08:13.821  5596  5611 D BluetoothAdapterService: setProfileServiceState() - Starting service com.android.bluetooth.hdp.HealthService
04-01 18:08:13.824  5596  5611 D BluetoothAdapterService: setProfileServiceState() - Starting service com.android.bluetooth.pan.PanService
04-01 18:08:13.827  5596  5611 D BluetoothAdapterService: setProfileServiceState() - Starting service com.android.bluetooth.map.BluetoothMapService
04-01 18:08:13.829  5596  5611 D BluetoothAdapterService: setProfileServiceState() - Starting service com.android.bluetooth.hfpclient.HeadsetClientService
04-01 18:08:13.830  5596  5596 D HeadsetStateMachine: max_hf_connections = 1
04-01 18:08:13.830  5596  5596 D HeadsetStateMachine: in-band_ringing_support = true
04-01 18:08:13.830  5596  5596 I bt_btif : get_profile_interface: id = handsfree
04-01 18:08:13.831  5596  5633 I bt_stack: [INFO:port_api.cc(123)] RFCOMM_CreateConnection BDA: ff:ff:ff:ff:ff:ff
04-01 18:08:13.831  5596  5633 I bt_stack: [INFO:port_api.cc(123)] RFCOMM_CreateConnection BDA: ff:ff:ff:ff:ff:ff
04-01 18:08:13.833  5596  5617 I bt_btif_storage: btif_storage_get_adapter_property service_mask:0x20000040
04-01 18:08:13.833  5596  5617 E bt_btif : btif_hf_upstreams_evt: Invalid index 58719
04-01 18:08:13.834  5596  5611 D BluetoothAdapterService: setProfileServiceState() - Starting service com.android.bluetooth.avrcpcontroller.AvrcpControllerService
04-01 18:08:13.835  5596  5596 D BluetoothAdapterService: getAdapterService() - returning com.android.bluetooth.btservice.AdapterService@bbca5
04-01 18:08:13.837  5596  5596 D BluetoothAdapterService: getAdapterService() - returning com.android.bluetooth.btservice.AdapterService@bbca5
04-01 18:08:13.837  5596  5611 D BluetoothAdapterService: setProfileServiceState() - Starting service com.android.bluetooth.sap.SapService
04-01 18:08:13.838  5596  5596 D A2dpService: Received start request. Starting profile...
04-01 18:08:13.839  5596  5596 I BluetoothAvrcpServiceJni: classInitNative: succeeds
04-01 18:08:13.839  5596  5596 V Avrcp   : make
04-01 18:08:13.842  5596  5611 D BluetoothAdapterService: setProfileServiceState() - Starting service com.android.bluetooth.opp.BluetoothOppService
04-01 18:08:13.842  5596  5596 I bt_btif : get_profile_interface: id = avrcp
04-01 18:08:13.849  5596  5611 D BluetoothAdapterService: setProfileServiceState() - Starting service com.android.bluetooth.pbap.BluetoothPbapService
04-01 18:08:13.852  5596  5611 I BluetoothAdapterState: Entering PendingCommandState
04-01 18:08:13.860  5596  5596 V Avrcp   : initMediaPlayerInfoList: 1 controllers
04-01 18:08:13.861  5596  5596 W Avrcp   : playState object null, sending STOPPED
04-01 18:08:13.861  5596  5596 V Avrcp   : isBrowseSupported for code.name.monkey.retromusic.debug: false
04-01 18:08:13.868  5596  5596 D Avrcp   : add #1:MediaPlayerInfo code.name.monkey.retromusic.debug (as 'Music') Type = 1, SubType = 0, Status = 0 Feature Bits [40 41 42 44 45 47 48 58] Controller: MediaController (code.name.monkey.retromusic.debug@ed3a101) null
04-01 18:08:13.870  5596  5596 V Avrcp   : updatePlaybackState (1): -1➡0(PlaybackState {state=0, position=-1, buffered position=0, speed=0.0, updated=7598221, actions=0, custom actions=[], active item id=-1, error=null})
04-01 18:08:13.870  5596  5596 I Avrcp   : Skipping update due to invalid playback state
04-01 18:08:13.870  5596  5596 E Avrcp   : play status change -1➡0 mPlayStatusChangedNT: 1
04-01 18:08:13.870  5596  5596 E bt_btif : register_notification_rsp: Avrcp device is not connected, handle: 0x0
04-01 18:08:13.870  5596  5596 D Avrcp   : sendPlayPosNotificationRsp: Not registered or requesting.
04-01 18:08:13.871  5596  5596 V Avrcp   : updateNewIds: Addressed:0 to 1, Browse:0 to -1
04-01 18:08:13.872  5596  5596 D Avrcp   : updateCurrentController: null to MediaController (code.name.monkey.retromusic.debug@ed3a101) null
04-01 18:08:13.874  5596  5596 V Avrcp   : updatePlaybackState (1): 0➡0(PlaybackState {state=0, position=-1, buffered position=0, speed=0.0, updated=7598225, actions=0, custom actions=[], active item id=-1, error=null})
04-01 18:08:13.875  5596  5596 I Avrcp   : Skipping update due to invalid playback state
04-01 18:08:13.875  5596  5596 E Avrcp   : play status change 0➡0 mPlayStatusChangedNT: 1
04-01 18:08:13.875  5596  5596 D Avrcp   : sendPlayPosNotificationRsp: Not registered or requesting.
04-01 18:08:13.876  5596  5596 D Avrcp   : User already unlocked, initializing player lists
04-01 18:08:13.877  5596  5596 V Avrcp   : updatePlaybackState (1): 0➡0(PlaybackState {state=0, position=-1, buffered position=0, speed=0.0, updated=7598229, actions=0, custom actions=[], active item id=-1, error=null})
04-01 18:08:13.878  5596  5596 I Avrcp   : Skipping update due to invalid playback state
04-01 18:08:13.878  5596  5596 E Avrcp   : play status change 0➡0 mPlayStatusChangedNT: 1
04-01 18:08:13.878  5596  5596 D Avrcp   : sendPlayPosNotificationRsp: Not registered or requesting.
04-01 18:08:13.880  5596  5596 I BluetoothA2dpServiceJni: classInitNative: succeeds
04-01 18:08:13.880  5596  5596 D A2dpStateMachine: make
04-01 18:08:13.882  5596  5596 I bt_btif : get_profile_interface: id = a2dp
04-01 18:08:13.882  5596  5640 I bt_osi_thread: run_thread: thread id 5640, thread name btif_a2dp_source started
04-01 18:08:13.883  5596  5596 D a2dp_codec: init
04-01 18:08:13.883  5596  5617 I bt_btif_storage: btif_storage_get_adapter_property service_mask:0x20000048
04-01 18:08:13.883  5596  5596 D a2dp_codec: createCodec: codec SBC
04-01 18:08:13.883  5596  5596 I a2dp_codec: init: updated SBC codec priority to 1001
04-01 18:08:13.883  5596  5633 I bt_bta_av: AVRCP version used for sdp: "avrcp14"
04-01 18:08:13.883  5596  5596 D a2dp_codec: createCodec: codec AAC
04-01 18:08:13.883  5596  5596 I a2dp_codec: init: updated AAC codec priority to 2001
04-01 18:08:13.883  5596  5596 D a2dp_codec: createCodec: codec aptX
04-01 18:08:13.883  5596  5617 E bt_btif : btif_sm_dispatch : Invalid handle
04-01 18:08:13.884  5596  5617 E bt_btif : btif_sm_dispatch : Invalid handle
04-01 18:08:13.885  5596  5596 E a2dp_vendor_aptx_encoder: A2DP_VendorLoadEncoderAptx: cannot open aptX encoder library libaptX_encoder.so: dlopen failed: library "libaptX_encoder.so" not found
04-01 18:08:13.885  5596  5596 E a2dp_vendor_aptx: init: cannot load the encoder
04-01 18:08:13.885  5596  5596 D a2dp_codec: createCodec: codec aptX-HD
04-01 18:08:13.886  5596  5596 E a2dp_vendor_aptx_hd_encoder: A2DP_VendorLoadEncoderAptxHd: cannot open aptX-HD encoder library libaptXHD_encoder.so: dlopen failed: library "libaptXHD_encoder.so" not found
04-01 18:08:13.886  5596  5596 E a2dp_vendor_aptx_hd: init: cannot load the encoder
04-01 18:08:13.886  5596  5596 D a2dp_codec: createCodec: codec LDAC
04-01 18:08:13.889  5596  5596 I a2dp_codec: init: updated LDAC codec priority to 5001
04-01 18:08:13.889  5596  5596 D a2dp_codec: createCodec: codec SBC SINK
04-01 18:08:13.889  5596  5596 I a2dp_codec: init: initialized Source codec LDAC
04-01 18:08:13.889  5596  5596 I a2dp_codec: init: initialized Source codec AAC
04-01 18:08:13.889  5596  5596 I a2dp_codec: init: initialized Source codec SBC
04-01 18:08:13.889  5596  5596 I a2dp_codec: init: initialized Sink codec SBC(Sink)
04-01 18:08:13.889  5596  5596 W bt_btif : ## ON A2DP IDLE ## peer_sep = 0
04-01 18:08:13.889  5596  5617 I BluetoothA2dpServiceJni: bta2dp_audio_config_callback
04-01 18:08:13.890  5596  5617 D A2dpStateMachine: A2DP Codec Config: null->{codecName:SBC,mCodecType:0,mCodecPriority:0,mSampleRate:0x0(NONE),mBitsPerSample:0x0(NONE),mChannelMode:0x0(NONE),mCodecSpecific1:0,mCodecSpecific2:0,mCodecSpecific3:0,mCodecSpecific4:0}
04-01 18:08:13.890  5596  5617 D A2dpStateMachine: A2DP Codec Local Capability: {codecName:LDAC,mCodecType:4,mCodecPriority:5001,mSampleRate:0xf(44100|48000|88200|96000),mBitsPerSample:0x7(16|24|32),mChannelMode:0x2(STEREO),mCodecSpecific1:0,mCodecSpecific2:0,mCodecSpecific3:0,mCodecSpecific4:0}
04-01 18:08:13.890  5596  5617 D A2dpStateMachine: A2DP Codec Local Capability: {codecName:AAC,mCodecType:1,mCodecPriority:2001,mSampleRate:0x1(44100),mBitsPerSample:0x1(16),mChannelMode:0x2(STEREO),mCodecSpecific1:0,mCodecSpecific2:0,mCodecSpecific3:0,mCodecSpecific4:0}
04-01 18:08:13.890  5596  5617 D A2dpStateMachine: A2DP Codec Local Capability: {codecName:SBC,mCodecType:0,mCodecPriority:1001,mSampleRate:0x1(44100),mBitsPerSample:0x1(16),mChannelMode:0x3(MONO|STEREO),mCodecSpecific1:0,mCodecSpecific2:0,mCodecSpecific3:0,mCodecSpecific4:0}
04-01 18:08:13.892  5596  5639 D A2dpStateMachine: Enter Disconnected: -2
04-01 18:08:13.893  5596  5596 D BluetoothAdapterService: getAdapterService() - returning com.android.bluetooth.btservice.AdapterService@bbca5
04-01 18:08:13.894  5596  5596 I BluetoothHidServiceJni: classInitNative: succeeds
04-01 18:08:13.895  5596  5596 D BluetoothAdapterService: getAdapterService() - returning com.android.bluetooth.btservice.AdapterService@bbca5
04-01 18:08:13.896  5596  5596 D HidService: Received start request. Starting profile...
04-01 18:08:13.896  5596  5596 I bt_btif : get_profile_interface: id = hidhost
04-01 18:08:13.896  5596  5617 I bt_bta_hh: BTA_HhEnable sec_mask:0x36 p_cback:0x7ef49c7448
04-01 18:08:13.896  5596  5596 D HidService: setHidService(): set to: null
04-01 18:08:13.896  5596  5617 I bt_btif_storage: btif_storage_get_adapter_property service_mask:0x20100048
04-01 18:08:13.896  5596  5596 D BluetoothAdapterService: getAdapterService() - returning com.android.bluetooth.btservice.AdapterService@bbca5
04-01 18:08:13.896  5596  5633 I bt_stack: [INFO:gatt_api.cc(1004)] GATT_Register
04-01 18:08:13.896  5596  5633 I bt_stack: [INFO:gatt_api.cc(1027)] allocated gatt_if=4
04-01 18:08:13.897  5596  5596 I BluetoothHealthServiceJni: classInitNative: succeeds
04-01 18:08:13.898  5596  5596 D BluetoothAdapterService: getAdapterService() - returning com.android.bluetooth.btservice.AdapterService@bbca5
04-01 18:08:13.899  5596  5596 D HealthService: Received start request. Starting profile...
04-01 18:08:13.900  5596  5596 I bt_btif : get_profile_interface: id = health
04-01 18:08:13.901  5596  5596 D BluetoothAdapterService: getAdapterService() - returning com.android.bluetooth.btservice.AdapterService@bbca5
04-01 18:08:13.907  5596  5596 I BluetoothPanServiceJni: classInitNative(L111): succeeds
04-01 18:08:13.908  5596  5596 D BluetoothAdapterService: getAdapterService() - returning com.android.bluetooth.btservice.AdapterService@bbca5
04-01 18:08:13.909  5596  5596 D PanService: Received start request. Starting profile...
04-01 18:08:13.909  5596  5596 D BluetoothPanServiceJni: initializeNative(L116): pan
04-01 18:08:13.909  5596  5596 I bt_btif : get_profile_interface: id = pan
04-01 18:08:13.910  5596  5596 D BluetoothAdapterService: getAdapterService() - returning com.android.bluetooth.btservice.AdapterService@bbca5
04-01 18:08:13.910  5596  5617 D BluetoothPanServiceJni: control_state_callback(L63): state:0, local_role:3, ifname:bt-pan
04-01 18:08:13.913  5596  5596 D BluetoothAdapterService: getAdapterService() - returning com.android.bluetooth.btservice.AdapterService@bbca5
04-01 18:08:13.914  5596  5596 D BluetoothMapService: Received start request. Starting profile...
04-01 18:08:13.914  5596  5596 D BluetoothMapService: start()
04-01 18:08:13.919  5596  5596 D BluetoothMapAccountLoader: Found 0 application(s) with intent android.bluetooth.action.BLUETOOTH_MAP_PROVIDER
04-01 18:08:13.920  5596  5596 D BluetoothMapAccountLoader: Found 0 application(s) with intent android.bluetooth.action.BLUETOOTH_MAP_IM_PROVIDER
04-01 18:08:13.920  5596  5596 D BluetoothMapAppObserver: createReceiver()
04-01 18:08:13.922  5596  5596 D BluetoothMapAppObserver: initObservers()
04-01 18:08:13.922  5596  5596 D BluetoothMapAppObserver: getEnabledAccountItems()
04-01 18:08:13.923  5596  5596 D BluetoothAdapterService: getAdapterService() - returning com.android.bluetooth.btservice.AdapterService@bbca5
04-01 18:08:13.925  5596  5596 I BluetoothHeadsetClientServiceJni: classInitNative succeeds
04-01 18:08:13.927  5596  5596 D BluetoothAdapterService: getAdapterService() - returning com.android.bluetooth.btservice.AdapterService@bbca5
04-01 18:08:13.928  5596  5596 D HeadsetClientService: Received start request. Starting profile...
04-01 18:08:13.928  5596  5596 D BluetoothHeadsetClientServiceJni: initializeNative: HfpClient
04-01 18:08:13.928  5596  5596 I bt_btif : get_profile_interface: id = handsfree_client
04-01 18:08:13.930  5596  5617 I bt_stack: [INFO:port_api.cc(123)] RFCOMM_CreateConnection BDA: ff:ff:ff:ff:ff:ff
04-01 18:08:13.930  5596  5617 I bt_btif_storage: btif_storage_get_adapter_property service_mask:0x21100048
04-01 18:08:13.935  5596  5596 D BluetoothHeadsetClientServiceJni: initializeNative: HfpClient
04-01 18:08:13.935  5596  5596 W BluetoothHeadsetClientServiceJni: Cleaning up Bluetooth HFP Client Interface before initializing
04-01 18:08:13.935  5596  5596 W BluetoothHeadsetClientServiceJni: Cleaning up Bluetooth HFP Client callback object
04-01 18:08:13.935  5596  5617 I bt_btif_queue: queue_int_cleanup: UUID=111E
04-01 18:08:13.935  5596  5596 I bt_btif : get_profile_interface: id = handsfree_client
04-01 18:08:13.936  5596  5596 D BluetoothAdapterService: getAdapterService() - returning com.android.bluetooth.btservice.AdapterService@bbca5
04-01 18:08:13.936  5596  5617 I bt_btif_storage: btif_storage_get_adapter_property service_mask:0x21100048
04-01 18:08:13.936  5596  5596 D BluetoothAdapterService: handleMessage() - Message: 1
04-01 18:08:13.936  5596  5596 D BluetoothAdapterService: handleMessage() - MESSAGE_PROFILE_SERVICE_STATE_CHANGED
04-01 18:08:13.936  5596  5596 D BluetoothAdapterService: processProfileServiceStateChanged() - serviceName=com.android.bluetooth.hfp.HeadsetService isTurningOn=true isTurningOff=false isBleTurningOn=false isBleTurningOff=false
04-01 18:08:13.936  5596  5617 I bt_stack: [INFO:port_api.cc(123)] RFCOMM_CreateConnection BDA: ff:ff:ff:ff:ff:ff
04-01 18:08:13.936  5596  5617 I bt_btif_storage: btif_storage_get_adapter_property service_mask:0x21100048
04-01 18:08:13.938  5596  5596 D BluetoothAdapterService: onProfileServiceStateChange() - Profile still not running:com.android.bluetooth.a2dp.A2dpService
04-01 18:08:13.938  5596  5596 I BluetoothAvrcpControllerJni: classInitNative: succeeds
04-01 18:08:13.940  5596  5596 I bt_btif : get_profile_interface: id = avrcp_ctrl
04-01 18:08:13.942  5596  5596 D BluetoothAdapterService: getAdapterService() - returning com.android.bluetooth.btservice.AdapterService@bbca5
04-01 18:08:13.943  5596  5596 D AvrcpControllerService: Received start request. Starting profile...
04-01 18:08:13.949  5596  5596 D AvrcpControllerService: setAvrcpControllerService(): set to: null
04-01 18:08:13.950  5596  5596 D BluetoothAdapterService: getAdapterService() - returning com.android.bluetooth.btservice.AdapterService@bbca5
04-01 18:08:13.951  5596  5637 D HeadsetPhoneState: sendDeviceStateChanged. mService=0 mIsSimStateLoaded=false mSignal=0 mRoam=0 mBatteryCharge=5
04-01 18:08:13.951  5596  5596 V SapService: SapBinder()
04-01 18:08:13.952  5596  5596 D BluetoothAdapterService: getAdapterService() - returning com.android.bluetooth.btservice.AdapterService@bbca5
04-01 18:08:13.953  5596  5596 D SapService: Received start request. Starting profile...
04-01 18:08:13.953  5596  5596 V SapService: start()
04-01 18:08:13.956  5596  5596 D BluetoothAdapterService: getAdapterService() - returning com.android.bluetooth.btservice.AdapterService@bbca5
04-01 18:08:13.965  5596  5596 D BluetoothAdapterService: getAdapterService() - returning com.android.bluetooth.btservice.AdapterService@bbca5
04-01 18:08:13.965  5596  5596 D BluetoothOppService: Received start request. Starting profile...
04-01 18:08:13.966  5596  5596 D BluetoothAdapterService: getAdapterService() - returning com.android.bluetooth.btservice.AdapterService@bbca5
04-01 18:08:13.967  5596  5596 V BluetoothPbapService: PbapBinder()
04-01 18:08:13.968  5596  5596 D BluetoothAdapterService: getAdapterService() - returning com.android.bluetooth.btservice.AdapterService@bbca5
04-01 18:08:13.968  5596  5596 D BluetoothPbapService: Received start request. Starting profile...
04-01 18:08:13.968  5596  5596 V BluetoothPbapService: start()
04-01 18:08:13.970  5596  5596 D BluetoothPbapService: Registering observer
04-01 18:08:13.975  5596  5596 D BluetoothAdapterService: getAdapterService() - returning com.android.bluetooth.btservice.AdapterService@bbca5
04-01 18:08:13.975  5596  5596 D BluetoothAdapterService: handleMessage() - Message: 1
04-01 18:08:13.975  5596  5596 D BluetoothAdapterService: handleMessage() - MESSAGE_PROFILE_SERVICE_STATE_CHANGED
04-01 18:08:13.975  5596  5596 D BluetoothAdapterService: processProfileServiceStateChanged() - serviceName=com.android.bluetooth.a2dp.A2dpService isTurningOn=true isTurningOff=false isBleTurningOn=false isBleTurningOff=false
04-01 18:08:13.976  5596  5596 D BluetoothAdapterService: onProfileServiceStateChange() - Profile still not running:com.android.bluetooth.map.BluetoothMapService
04-01 18:08:13.976  5596  5596 D BluetoothAdapterService: handleMessage() - Message: 1
04-01 18:08:13.976  5596  5596 D BluetoothAdapterService: handleMessage() - MESSAGE_PROFILE_SERVICE_STATE_CHANGED
04-01 18:08:13.976  5596  5596 D BluetoothAdapterService: processProfileServiceStateChanged() - serviceName=com.android.bluetooth.hid.HidService isTurningOn=true isTurningOff=false isBleTurningOn=false isBleTurningOff=false
04-01 18:08:13.976  5596  5596 D BluetoothAdapterService: onProfileServiceStateChange() - Profile still not running:com.android.bluetooth.map.BluetoothMapService
04-01 18:08:13.977  5596  5596 D BluetoothAdapterService: handleMessage() - Message: 1
04-01 18:08:13.977  5596  5596 D BluetoothAdapterService: handleMessage() - MESSAGE_PROFILE_SERVICE_STATE_CHANGED
04-01 18:08:13.977  5596  5596 D BluetoothAdapterService: processProfileServiceStateChanged() - serviceName=com.android.bluetooth.hdp.HealthService isTurningOn=true isTurningOff=false isBleTurningOn=false isBleTurningOff=false
04-01 18:08:13.977  5596  5596 D BluetoothAdapterService: onProfileServiceStateChange() - Profile still not running:com.android.bluetooth.map.BluetoothMapService
04-01 18:08:13.977  5596  5596 D BluetoothAdapterService: handleMessage() - Message: 1
04-01 18:08:13.977  5596  5596 D BluetoothAdapterService: handleMessage() - MESSAGE_PROFILE_SERVICE_STATE_CHANGED
04-01 18:08:13.978  5596  5596 D BluetoothAdapterService: processProfileServiceStateChanged() - serviceName=com.android.bluetooth.pan.PanService isTurningOn=true isTurningOff=false isBleTurningOn=false isBleTurningOff=false
04-01 18:08:13.978  5596  5596 D BluetoothAdapterService: onProfileServiceStateChange() - Profile still not running:com.android.bluetooth.map.BluetoothMapService
04-01 18:08:13.978  5596  5596 D BluetoothAdapterService: handleMessage() - Message: 1
04-01 18:08:13.978  5596  5596 D BluetoothAdapterService: handleMessage() - MESSAGE_PROFILE_SERVICE_STATE_CHANGED
04-01 18:08:13.978  5596  5596 D BluetoothAdapterService: processProfileServiceStateChanged() - serviceName=com.android.bluetooth.map.BluetoothMapService isTurningOn=true isTurningOff=false isBleTurningOn=false isBleTurningOff=false
04-01 18:08:13.978  5596  5596 D BluetoothAdapterService: onProfileServiceStateChange() - Profile still not running:com.android.bluetooth.avrcpcontroller.AvrcpControllerService
04-01 18:08:13.978  5596  5596 D BluetoothAdapterService: handleMessage() - Message: 1
04-01 18:08:13.978  5596  5596 D BluetoothAdapterService: handleMessage() - MESSAGE_PROFILE_SERVICE_STATE_CHANGED
04-01 18:08:13.979  5596  5596 D BluetoothAdapterService: processProfileServiceStateChanged() - serviceName=com.android.bluetooth.hfpclient.HeadsetClientService isTurningOn=true isTurningOff=false isBleTurningOn=false isBleTurningOff=false
04-01 18:08:13.979  5596  5596 D BluetoothAdapterService: onProfileServiceStateChange() - Profile still not running:com.android.bluetooth.avrcpcontroller.AvrcpControllerService
04-01 18:08:13.979  5596  5596 D BluetoothAdapterService: handleMessage() - Message: 1
04-01 18:08:13.979  5596  5596 D BluetoothAdapterService: handleMessage() - MESSAGE_PROFILE_SERVICE_STATE_CHANGED
04-01 18:08:13.979  5596  5596 D BluetoothAdapterService: processProfileServiceStateChanged() - serviceName=com.android.bluetooth.avrcpcontroller.AvrcpControllerService isTurningOn=true isTurningOff=false isBleTurningOn=false isBleTurningOff=false
04-01 18:08:13.979  5596  5596 D BluetoothAdapterService: onProfileServiceStateChange() - Profile still not running:com.android.bluetooth.sap.SapService
04-01 18:08:13.980  5596  5596 D BluetoothAdapterService: handleMessage() - Message: 1
04-01 18:08:13.980  5596  5596 D BluetoothAdapterService: handleMessage() - MESSAGE_PROFILE_SERVICE_STATE_CHANGED
04-01 18:08:13.980  5596  5596 D BluetoothAdapterService: processProfileServiceStateChanged() - serviceName=com.android.bluetooth.sap.SapService isTurningOn=true isTurningOff=false isBleTurningOn=false isBleTurningOff=false
04-01 18:08:13.980  5596  5596 D BluetoothAdapterService: onProfileServiceStateChange() - Profile still not running:com.android.bluetooth.pbap.BluetoothPbapService
04-01 18:08:13.982  5596  5596 D BluetoothAdapterService: handleMessage() - Message: 1
04-01 18:08:13.982  5596  5596 D BluetoothAdapterService: handleMessage() - MESSAGE_PROFILE_SERVICE_STATE_CHANGED
04-01 18:08:13.982  5596  5596 D BluetoothAdapterService: processProfileServiceStateChanged() - serviceName=com.android.bluetooth.opp.BluetoothOppService isTurningOn=true isTurningOff=false isBleTurningOn=false isBleTurningOff=false
04-01 18:08:13.982  5596  5596 D BluetoothAdapterService: onProfileServiceStateChange() - Profile still not running:com.android.bluetooth.pbap.BluetoothPbapService
04-01 18:08:13.983  5596  5596 D BluetoothAdapterService: handleMessage() - Message: 1
04-01 18:08:13.983  5596  5596 D BluetoothAdapterService: handleMessage() - MESSAGE_PROFILE_SERVICE_STATE_CHANGED
04-01 18:08:13.984  5596  5596 D BluetoothAdapterService: processProfileServiceStateChanged() - serviceName=com.android.bluetooth.pbap.BluetoothPbapService isTurningOn=true isTurningOff=false isBleTurningOn=false isBleTurningOff=false
04-01 18:08:13.984  5596  5596 D BluetoothAdapterService: onProfileServiceStateChange() - All profile services started.
04-01 18:08:13.985  5596  5611 V BluetoothAdapterState: PendingCommand - transient state(s): isTurningOn
04-01 18:08:13.986  5596  5611 D BluetoothAdapterState: Current state: PENDING_COMMAND, message: 2
04-01 18:08:13.987  5596  5611 D BluetoothAdapterProperties: onBluetoothReady, state=11, ScanMode=20
04-01 18:08:13.989  5596  5611 D BluetoothAdapterProperties: Setting state to 12
04-01 18:08:13.989  5596  5611 I BluetoothAdapterState: Bluetooth adapter state changed: 11-> 12
04-01 18:08:13.990  5596  5611 D BluetoothAdapterService: updateAdapterState() - Broadcasting state to 1 receivers.
04-01 18:08:13.990  5596  5611 I BluetoothAdapterState: Entering OnState
04-01 18:08:13.990  5596  5617 D BluetoothAdapterProperties: Scan Mode:21
04-01 18:08:13.990  5596  5611 D BluetoothAdapterService: updateUuids() - Updating UUIDs for bonded devices
04-01 18:08:13.992  5596  5617 D BluetoothAdapterProperties: Discoverable Timeout:120
04-01 18:08:14.017  5596  5617 D BluetoothAdapterProperties: Discoverable Timeout:120
04-01 18:08:14.018  5596  5596 D BluetoothMapService: onReceive
04-01 18:08:14.020  5596  5596 D BluetoothMapService: onReceive: android.bluetooth.adapter.action.STATE_CHANGED
04-01 18:08:14.020  5596  5596 D BluetoothMapService: STATE_ON
04-01 18:08:14.021  5596  5617 D BluetoothAdapterProperties: Scan Mode:23
04-01 18:08:14.034  5596  5596 D BluetoothPbapService: action: android.bluetooth.adapter.action.STATE_CHANGED
04-01 18:08:14.034  5596  5596 D BluetoothPbapService: state: 12
04-01 18:08:14.035  5596  5596 D BluetoothAdapterService: isQuetModeEnabled() - Enabled = false
04-01 18:08:14.036  5596  5596 D BluetoothPhonePolicy: autoConnect() - Initiate auto connection on BT on...
04-01 18:08:14.036  5596  5596 D BluetoothPhonePolicy: autoConnectHeadset, attempt auto-connect with device 30:C0:1B:21:62:1E
04-01 18:08:14.038  5596  5596 D BluetoothPhonePolicy: autoConnectHeadset, Connecting HFP with 30:C0:1B:21:62:1E
04-01 18:08:14.039  5596  5596 D HeadsetService: connect: device=30:C0:1B:21:62:1E
04-01 18:08:14.040  5596  5596 D BluetoothPhonePolicy: autoConnectA2dp, attempt auto-connect with device 30:C0:1B:21:62:1E
04-01 18:08:14.040  5596  5637 D HeadsetStateMachine: Disconnected: connecting to device=30:C0:1B:21:62:1E
04-01 18:08:14.042  5596  5596 D BluetoothPhonePolicy: autoConnectA2dp, connecting A2DP with 30:C0:1B:21:62:1E
04-01 18:08:14.042  5596  5637 I BluetoothHeadsetServiceJni: connectHfpNative: sBluetoothHfpInterface: 0x7ef4bbbb48
04-01 18:08:14.042  5596  5617 I bt_btif_queue: queue_int_add: allocating profile queue
04-01 18:08:14.042  5596  5617 I bt_btif_queue: queue_int_add: adding connection request UUID=111F, bd_addr=30:c0:1b:21:62:1e, busy=0
04-01 18:08:14.042  5596  5617 I bt_btif_queue: btif_queue_connect_next: executing connection request UUID=111F, bd_addr=30:c0:1b:21:62:1e, busy=0
04-01 18:08:14.043  5596  5644 D BluetoothMapMasInstance0: Map Service startRfcommSocketListener
04-01 18:08:14.043  5596  5644 D ObexServerSockets: create(rfcomm = -2, l2capPsm = -2)
04-01 18:08:14.045  5596  5639 D A2dpStateMachine: Disconnected process message: 1
04-01 18:08:14.047  5596  5644 W BluetoothAdapter: getBluetoothService() called with no BluetoothManagerCallback
04-01 18:08:14.048  5596  5596 D BtOppService: start Socket Listeners
04-01 18:08:14.048  5596  5596 D BtOppService: stopListeners   mServerSocket :null
04-01 18:08:14.048  5596  5596 D ObexServerSockets: create(rfcomm = -2, l2capPsm = -2)
04-01 18:08:14.048  5596  5659 W BluetoothAdapter: getBluetoothService() called with no BluetoothManagerCallback
04-01 18:08:14.048  5596  5596 W BluetoothAdapter: getBluetoothService() called with no BluetoothManagerCallback
04-01 18:08:14.050  5596  5639 I BluetoothA2dpServiceJni: connectA2dpNative: sBluetoothA2dpInterface: 0x7ef4bbb610
04-01 18:08:14.050  5596  5633 I bt_stack: [INFO:port_api.cc(123)] RFCOMM_CreateConnection BDA: ff:ff:ff:ff:ff:ff
04-01 18:08:14.050  5596  5617 I bt_btif_queue: queue_int_add: adding connection request UUID=110A, bd_addr=30:c0:1b:21:62:1e, busy=0
04-01 18:08:14.050  5596  5617 I bt_btif_queue: btif_queue_connect_next: executing connection request UUID=111F, bd_addr=30:c0:1b:21:62:1e, busy=1
04-01 18:08:14.050  5596  5639 D A2dpStateMachine: Exit Disconnected: 1
04-01 18:08:14.050  5596  5639 D A2dpStateMachine: Enter Pending: 1
04-01 18:08:14.051  5596  5633 I bt_stack: [INFO:port_api.cc(123)] RFCOMM_CreateConnection BDA: ff:ff:ff:ff:ff:ff
04-01 18:08:14.051  5596  5659 D BluetoothSdpJni: sdpCreateSapsRecordNative
04-01 18:08:14.051  5596  5659 D BluetoothSdpJni: SDP Create record success - handle: 0
04-01 18:08:14.053  5596  5633 I bt_stack: [INFO:port_api.cc(123)] RFCOMM_CreateConnection BDA: ff:ff:ff:ff:ff:ff
04-01 18:08:14.054  5596  5644 W BluetoothAdapter: getBluetoothService() called with no BluetoothManagerCallback
04-01 18:08:14.054  5596  5596 W BluetoothAdapter: getBluetoothService() called with no BluetoothManagerCallback
04-01 18:08:14.056  5596  5596 D ObexServerSockets: Succeed to create listening sockets 
04-01 18:08:14.056  5596  5596 D ObexServerSockets0: startAccept()
04-01 18:08:14.057  5596  5644 D ObexServerSockets: Succeed to create listening sockets 
04-01 18:08:14.057  5596  5596 D ObexServerSockets0: prepareForNewConnect()
04-01 18:08:14.057  5596  5644 D ObexServerSockets1: startAccept()
04-01 18:08:14.057  5596  5644 D ObexServerSockets1: prepareForNewConnect()
04-01 18:08:14.058  5596  5596 D BluetoothSdpJni: sdpCreateOppOpsRecordNative
04-01 18:08:14.058  5596  5596 D BluetoothSdpJni: SDP Create record success - handle: 1
04-01 18:08:14.058  5596  5644 D BluetoothSdpJni: sdpCreateMapMasRecordNative
04-01 18:08:14.058  5596  5644 D BluetoothSdpJni: SDP Create record success - handle: 2
04-01 18:08:14.058  5596  5596 D BtOppService: mOppSdpHandle :1
04-01 18:08:14.059  5596  5660 D ObexServerSockets0: Accepting socket connection...
04-01 18:08:14.059  5596  5596 D BluetoothPbapService: startsocketListener
04-01 18:08:14.060  5596  5596 D ObexServerSockets: create(rfcomm = -2, l2capPsm = -2)
04-01 18:08:14.060  5596  5596 W BluetoothAdapter: getBluetoothService() called with no BluetoothManagerCallback
04-01 18:08:14.061  5596  5661 D ObexServerSockets1: Accepting socket connection...
04-01 18:08:14.061  5596  5663 D ObexServerSockets1: Accepting socket connection...
04-01 18:08:14.063  5596  5633 I bt_stack: [INFO:port_api.cc(123)] RFCOMM_CreateConnection BDA: ff:ff:ff:ff:ff:ff
04-01 18:08:14.063  5596  5596 W BluetoothAdapter: getBluetoothService() called with no BluetoothManagerCallback
04-01 18:08:14.064  5596  5662 D ObexServerSockets0: Accepting socket connection...
04-01 18:08:14.066  5596  5596 D ObexServerSockets: Succeed to create listening sockets 
04-01 18:08:14.066  5596  5596 D ObexServerSockets2: startAccept()
04-01 18:08:14.066  5596  5596 D ObexServerSockets2: prepareForNewConnect()
04-01 18:08:14.067  5596  5596 D BluetoothSdpJni: sdpCreatePbapPseRecordNative
04-01 18:08:14.067  5596  5596 D BluetoothSdpJni: SDP Create record success - handle: 3
04-01 18:08:14.075  5596  5665 D ObexServerSockets2: Accepting socket connection...
04-01 18:08:14.076  5596  5664 D ObexServerSockets2: Accepting socket connection...
04-01 18:08:14.076  5596  5596 D BluetoothPbapService: PBAP server with handle:3
04-01 18:08:14.076  5596  5596 D BluetoothPhonePolicy: Received ACTION_UUID for device 30:C0:1B:21:62:1E
04-01 18:08:14.077  5596  5596 D BluetoothPhonePolicy: index=0uuid=00001108-0000-1000-8000-00805f9b34fb
04-01 18:08:14.077  5596  5596 D BluetoothPhonePolicy: index=1uuid=0000111e-0000-1000-8000-00805f9b34fb
04-01 18:08:14.077  5596  5596 D BluetoothPhonePolicy: index=2uuid=0000110b-0000-1000-8000-00805f9b34fb
04-01 18:08:14.077  5596  5596 D BluetoothPhonePolicy: index=3uuid=0000110e-0000-1000-8000-00805f9b34fb
04-01 18:08:14.077  5596  5596 D BluetoothPhonePolicy: index=4uuid=00000000-0000-1000-8000-00805f9b34fb
04-01 18:08:14.077  5596  5596 D BluetoothPhonePolicy: index=5uuid=00000000-0000-1000-8000-00805f9b34fb
04-01 18:08:14.077  5596  5596 D BluetoothPhonePolicy: processInitProfilePriorities() - device 30:C0:1B:21:62:1E
04-01 18:08:14.077  5596  5596 D HidService: getHidService(): returning com.android.bluetooth.hid.HidService@87c58bf
04-01 18:08:14.079  5596  5596 D BluetoothAdapterProperties: PROFILE_CONNECTION_STATE_CHANGE: profile=1, device=30:C0:1B:21:62:1E, 0 -> 1
04-01 18:08:14.079  5596  5596 D BluetoothAdapterProperties: ADAPTER_CONNECTION_STATE_CHANGE: 30:C0:1B:21:62:1E: 0 -> 1
04-01 18:08:14.081  5596  5596 D A2dpStateMachine: Connection state 30:C0:1B:21:62:1E: 0->1
04-01 18:08:14.082  5596  5596 D BluetoothPhonePolicy: processProfileStateChanged, device=30:C0:1B:21:62:1E, profile=1, 0 -> 1
04-01 18:08:14.083  5596  5596 D BluetoothAdapterProperties: PROFILE_CONNECTION_STATE_CHANGE: profile=2, device=30:C0:1B:21:62:1E, 0 -> 1
04-01 18:08:14.083  5596  5596 D BluetoothPhonePolicy: processProfileStateChanged, device=30:C0:1B:21:62:1E, profile=2, 0 -> 1
04-01 18:08:19.346  5596  5633 W bt_sdp  : SDP - Rcvd conn cnf with error: 0x4  CID 0x40
04-01 18:08:19.347  5596  5633 I bt_stack: [INFO:port_api.cc(123)] RFCOMM_CreateConnection BDA: ff:ff:ff:ff:ff:ff
04-01 18:08:19.347  5596  5633 I bt_stack: [INFO:port_api.cc(123)] RFCOMM_CreateConnection BDA: ff:ff:ff:ff:ff:ff
04-01 18:08:19.348  5596  5617 I BluetoothHeadsetServiceJni: connection_state_callback
04-01 18:08:19.349  5596  5617 I bt_btif_queue: queue_int_advance: removing connection request UUID=111F, bd_addr=30:c0:1b:21:62:1e, busy=1
04-01 18:08:19.349  5596  5617 I bt_btif_queue: btif_queue_connect_next: executing connection request UUID=110A, bd_addr=30:c0:1b:21:62:1e, busy=0
04-01 18:08:19.349  5596  5633 E bt_btif : bta_av_save_addr: reset flags
04-01 18:08:19.349  5596  5637 D HeadsetStateMachine: Pending: processConnectionEvent, state=0, device=30:C0:1B:21:62:1E
04-01 18:08:19.352  5596  5617 I BluetoothA2dpServiceJni: bta2dp_connection_state_callback
04-01 18:08:19.353  5596  5639 D A2dpStateMachine: Pending process message: 101
04-01 18:08:19.353  5596  5639 D A2dpStateMachine: Stack and target device are connecting
04-01 18:08:19.354  5596  5637 D HeadsetStateMachine: Pending: removed CONNECT_TIMEOUT for device=30:C0:1B:21:62:1E
04-01 18:08:19.356  5596  5596 D BluetoothAdapterProperties: PROFILE_CONNECTION_STATE_CHANGE: profile=1, device=30:C0:1B:21:62:1E, 1 -> 0
04-01 18:08:19.357  5596  5596 D BluetoothPhonePolicy: processProfileStateChanged, device=30:C0:1B:21:62:1E, profile=1, 1 -> 0
04-01 18:08:24.656  5596  5633 W bt_sdp  : SDP - Rcvd conn cnf with error: 0x4  CID 0x41
04-01 18:08:29.951  5596  5633 E bt_btif : bta_av_conn_failed: peer_addr=30:c0:1b:21:62:1e open_status=0
04-01 18:08:29.952  5596  5633 W bt_btif : bta_av_str_closed: peer_addr=30:c0:1b:21:62:1e open_status=3 chnl=64 hndl=65 co_started=0
04-01 18:08:29.952  5596  5633 W bt_btif : bta_dm_rm_cback:0, status:1
04-01 18:08:29.952  5596  5633 W bt_btif : bta_dm_act no entry for connected service cbs
04-01 18:08:29.952  5596  5617 W bt_btif : btif_av_state_opening_handler: BTA_AV_OPEN_EVT status=3, edr=0x32
04-01 18:08:29.952  5596  5617 W bt_btif : btif_av_state_opening_handler: BTA_AV_OPEN_EVT::FAILED status: 3
04-01 18:08:29.952  5596  5617 E bt_btif : get_connected_device: returning NULL
04-01 18:08:29.952  5596  5617 I BluetoothA2dpServiceJni: bta2dp_connection_state_callback
04-01 18:08:29.953  5596  5617 D a2dp_codec: init
04-01 18:08:29.953  5596  5617 D a2dp_codec: createCodec: codec SBC
04-01 18:08:29.953  5596  5617 I a2dp_codec: init: updated SBC codec priority to 1001
04-01 18:08:29.953  5596  5617 D a2dp_codec: createCodec: codec AAC
04-01 18:08:29.953  5596  5617 I a2dp_codec: init: updated AAC codec priority to 2001
04-01 18:08:29.953  5596  5617 D a2dp_codec: createCodec: codec aptX
04-01 18:08:29.955  5596  5617 E a2dp_vendor_aptx_encoder: A2DP_VendorLoadEncoderAptx: cannot open aptX encoder library libaptX_encoder.so: dlopen failed: library "libaptX_encoder.so" not found
04-01 18:08:29.955  5596  5617 E a2dp_vendor_aptx: init: cannot load the encoder
04-01 18:08:29.955  5596  5617 D a2dp_codec: createCodec: codec aptX-HD
04-01 18:08:29.956  5596  5617 E a2dp_vendor_aptx_hd_encoder: A2DP_VendorLoadEncoderAptxHd: cannot open aptX-HD encoder library libaptXHD_encoder.so: dlopen failed: library "libaptXHD_encoder.so" not found
04-01 18:08:29.956  5596  5617 E a2dp_vendor_aptx_hd: init: cannot load the encoder
04-01 18:08:29.956  5596  5639 D A2dpStateMachine: Pending process message: 101
04-01 18:08:29.956  5596  5617 D a2dp_codec: createCodec: codec LDAC
04-01 18:08:29.956  5596  5617 I a2dp_codec: init: updated LDAC codec priority to 5001
04-01 18:08:29.956  5596  5617 D a2dp_codec: createCodec: codec SBC SINK
04-01 18:08:29.956  5596  5617 I a2dp_codec: init: initialized Source codec LDAC
04-01 18:08:29.956  5596  5617 I a2dp_codec: init: initialized Source codec AAC
04-01 18:08:29.956  5596  5617 I a2dp_codec: init: initialized Source codec SBC
04-01 18:08:29.956  5596  5617 I a2dp_codec: init: initialized Sink codec SBC(Sink)
04-01 18:08:29.963  5596  5639 D A2dpStateMachine: Enter Disconnected: 101
04-01 18:08:29.966  5596  5596 D A2dpStateMachine: Connection state 30:C0:1B:21:62:1E: 1->0
04-01 18:08:29.967  5596  5617 W bt_btif : ## ON A2DP IDLE ## peer_sep = 0
04-01 18:08:29.967  5596  5617 I BluetoothA2dpServiceJni: bta2dp_audio_config_callback
