04-01 18:08:29.969  5596  5596 D BluetoothAdapterProperties: PROFILE_CONNECTION_STATE_CHANGE: profile=2, device=30:C0:1B:21:62:1E, 1 -> 0
04-01 18:08:29.969  5596  5596 D BluetoothAdapterProperties: ADAPTER_CONNECTION_STATE_CHANGE: 30:C0:1B:21:62:1E: 1 -> 0
04-01 18:08:29.970  5596  5617 D A2dpStateMachine: A2DP Codec Config: {codecName:SBC,mCodecType:0,mCodecPriority:0,mSampleRate:0x0(NONE),mBitsPerSample:0x0(NONE),mChannelMode:0x0(NONE),mCodecSpecific1:0,mCodecSpecific2:0,mCodecSpecific3:0,mCodecSpecific4:0}->{codecName:SBC,mCodecType:0,mCodecPriority:0,mSampleRate:0x0(NONE),mBitsPerSample:0x0(NONE),mChannelMode:0x0(NONE),mCodecSpecific1:0,mCodecSpecific2:0,mCodecSpecific3:0,mCodecSpecific4:0}
04-01 18:08:29.971  5596  5617 D A2dpStateMachine: A2DP Codec Local Capability: {codecName:LDAC,mCodecType:4,mCodecPriority:5001,mSampleRate:0xf(44100|48000|88200|96000),mBitsPerSample:0x7(16|24|32),mChannelMode:0x2(STEREO),mCodecSpecific1:0,mCodecSpecific2:0,mCodecSpecific3:0,mCodecSpecific4:0}
04-01 18:08:29.971  5596  5617 D A2dpStateMachine: A2DP Codec Local Capability: {codecName:AAC,mCodecType:1,mCodecPriority:2001,mSampleRate:0x1(44100),mBitsPerSample:0x1(16),mChannelMode:0x2(STEREO),mCodecSpecific1:0,mCodecSpecific2:0,mCodecSpecific3:0,mCodecSpecific4:0}
04-01 18:08:29.971  5596  5617 D A2dpStateMachine: A2DP Codec Local Capability: {codecName:SBC,mCodecType:0,mCodecPriority:1001,mSampleRate:0x1(44100),mBitsPerSample:0x1(16),mChannelMode:0x3(MONO|STEREO),mCodecSpecific1:0,mCodecSpecific2:0,mCodecSpecific3:0,mCodecSpecific4:0}
04-01 18:08:29.973  5596  5596 D BluetoothPhonePolicy: processProfileStateChanged, device=30:C0:1B:21:62:1E, profile=2, 1 -> 0
04-01 18:08:29.974  5596  5617 I bt_btif_queue: queue_int_advance: removing connection request UUID=110A, bd_addr=30:c0:1b:21:62:1e, busy=1
04-01 18:09:01.949  5596  5633 W bt_btif : bta_dm_acl_change info: 0x10
04-01 18:09:01.950  5596  5617 D bt_btif_dm: remote version info [a0:a4:c5:68:0f:dc]: 8, 2, 100
04-01 18:09:01.952  5596  5617 E BluetoothRemoteDevices: aclStateChangeCallback: device is NULL, address=A0:A4:C5:68:0F:DC, newState=0
04-01 18:09:02.299  5596  5617 D bt_btif_config: btif_get_device_type: Device [a0:a4:c5:68:0f:dc] type 1
04-01 18:09:02.299  5596  5617 I bt_btif_dm: get_cod remote_cod = 0x000c010c
04-01 18:09:02.300  5596  5617 I BluetoothBondStateMachine: bondStateChangeCallback: Status: 0 Address: A0:A4:C5:68:0F:DC newState: 1
04-01 18:09:02.300  5596  5617 I bt_btif_dm: get_cod remote_cod = 0x000c010c
04-01 18:09:02.304  5596  5623 I BluetoothBondStateMachine: Bond State Change Intent:A0:A4:C5:68:0F:DC OldState: 10 NewState: 11
04-01 18:09:02.304  5596  5623 I BluetoothBondStateMachine: Entering PendingCommandState State
04-01 18:09:03.251  5596  5617 D bt_btif_config: btif_get_device_type: Device [a0:a4:c5:68:0f:dc] type 1
04-01 18:09:03.251  5596  5617 I bt_btif_dm: get_cod remote_cod = 0x000c010c
04-01 18:09:03.252  5596  5617 I BluetoothBondStateMachine: bondStateChangeCallback: Status: 0 Address: A0:A4:C5:68:0F:DC newState: 0
04-01 18:09:03.253  5596  5623 D BluetoothAdapterProperties: Failed to remove device: A0:A4:C5:68:0F:DC
04-01 18:09:03.256  5596  5623 I BluetoothBondStateMachine: Bond State Change Intent:A0:A4:C5:68:0F:DC OldState: 11 NewState: 10
04-01 18:09:03.259  5596  5623 D HidService: getHidService(): returning com.android.bluetooth.hid.HidService@87c58bf
04-01 18:09:03.259  5596  5623 D A2dpSinkService: getA2dpSinkService(): service is NULL
04-01 18:09:03.261  5596  5623 D HidService: Saved priority A0:A4:C5:68:0F:DC = -1
04-01 18:09:03.270  5596  5623 I BluetoothBondStateMachine: StableState(): Entering Off State
04-01 18:09:47.703  5596  5633 I bt_btm_sec: btm_sec_disconnected clearing pending flag handle:1 reason:19
04-01 18:09:47.703  5596  5617 W bt_btif : btif_av_move_idle: ACL Disconnected state 0 bd_addr=a0:a4:c5:68:0f:dc peer_bda=00:00:00:00:00:00
04-01 18:09:47.710  5596  5596 D BluetoothMapService: onReceive
04-01 18:09:47.710  5596  5596 D BluetoothMapService: onReceive: android.bluetooth.device.action.ACL_DISCONNECTED
04-01 18:09:47.711  5596  5596 D BluetoothPbapService: action: android.bluetooth.device.action.ACL_DISCONNECTED
04-01 18:09:47.711  5596  5596 D BluetoothPbapService: state: -2147483648
04-01 18:09:47.711  5596  5596 W BluetoothPbapService: Unrecognized intent!
04-01 18:12:39.529  5596  5633 W bt_btif : bta_dm_acl_change info: 0x10
04-01 18:12:39.529  5596  5617 D bt_btif_dm: remote version info [a0:a4:c5:68:0f:dc]: 0, 0, 0
04-01 18:12:39.875  5596  5617 D bt_btif_config: btif_get_device_type: Device [a0:a4:c5:68:0f:dc] type 1
04-01 18:12:39.884  5596  5617 D bt_btif_config: btif_get_device_type: Device [a0:a4:c5:68:0f:dc] type 1
04-01 18:12:39.884  5596  5617 I bt_btif_dm: get_cod remote_cod = 0x000c010c
04-01 18:12:39.885  5596  5617 I BluetoothBondStateMachine: bondStateChangeCallback: Status: 0 Address: A0:A4:C5:68:0F:DC newState: 1
04-01 18:12:39.887  5596  5617 I bt_btif_dm: get_cod remote_cod = 0x000c010c
04-01 18:12:39.891  5596  5623 I BluetoothBondStateMachine: Bond State Change Intent:A0:A4:C5:68:0F:DC OldState: 10 NewState: 11
04-01 18:12:39.891  5596  5623 I BluetoothBondStateMachine: Entering PendingCommandState State
04-01 18:12:40.820  5596  5617 D bt_btif_config: btif_get_device_type: Device [a0:a4:c5:68:0f:dc] type 1
04-01 18:12:40.820  5596  5617 I bt_btif_dm: get_cod remote_cod = 0x000c010c
04-01 18:12:40.821  5596  5617 I BluetoothBondStateMachine: bondStateChangeCallback: Status: 0 Address: A0:A4:C5:68:0F:DC newState: 0
04-01 18:12:40.822  5596  5623 D BluetoothAdapterProperties: Failed to remove device: A0:A4:C5:68:0F:DC
04-01 18:12:40.823  5596  5623 I BluetoothBondStateMachine: Bond State Change Intent:A0:A4:C5:68:0F:DC OldState: 11 NewState: 10
04-01 18:12:40.827  5596  5623 D HidService: getHidService(): returning com.android.bluetooth.hid.HidService@87c58bf
04-01 18:12:40.827  5596  5623 D A2dpSinkService: getA2dpSinkService(): service is NULL
04-01 18:12:40.831  5596  5623 D HidService: Saved priority A0:A4:C5:68:0F:DC = -1
04-01 18:12:40.837  5596  5623 I BluetoothBondStateMachine: StableState(): Entering Off State
04-01 18:13:08.404  5596  5633 I bt_btm_sec: btm_sec_disconnected clearing pending flag handle:2 reason:19
04-01 18:13:08.404  5596  5617 W bt_btif : btif_av_move_idle: ACL Disconnected state 0 bd_addr=a0:a4:c5:68:0f:dc peer_bda=00:00:00:00:00:00
04-01 18:13:08.413  5596  5596 D BluetoothMapService: onReceive
04-01 18:13:08.413  5596  5596 D BluetoothMapService: onReceive: android.bluetooth.device.action.ACL_DISCONNECTED
04-01 18:13:08.414  5596  5596 D BluetoothPbapService: action: android.bluetooth.device.action.ACL_DISCONNECTED
04-01 18:13:08.414  5596  5596 D BluetoothPbapService: state: -2147483648
04-01 18:13:08.414  5596  5596 W BluetoothPbapService: Unrecognized intent!
04-01 18:13:51.228  5596  5633 W bt_btif : bta_dm_acl_change info: 0x10
04-01 18:13:51.229  5596  5617 D bt_btif_dm: remote version info [a0:a4:c5:68:0f:dc]: 0, 0, 0
04-01 18:13:51.574  5596  5617 D bt_btif_config: btif_get_device_type: Device [a0:a4:c5:68:0f:dc] type 1
04-01 18:13:51.582  5596  5617 D bt_btif_config: btif_get_device_type: Device [a0:a4:c5:68:0f:dc] type 1
04-01 18:13:51.583  5596  5617 I bt_btif_dm: get_cod remote_cod = 0x000c010c
04-01 18:13:51.584  5596  5617 I BluetoothBondStateMachine: bondStateChangeCallback: Status: 0 Address: A0:A4:C5:68:0F:DC newState: 1
04-01 18:13:51.585  5596  5617 I bt_btif_dm: get_cod remote_cod = 0x000c010c
04-01 18:13:51.590  5596  5623 I BluetoothBondStateMachine: Bond State Change Intent:A0:A4:C5:68:0F:DC OldState: 10 NewState: 11
04-01 18:13:51.590  5596  5623 I BluetoothBondStateMachine: Entering PendingCommandState State
04-01 18:13:52.432  5596  5633 W bt_smp  : for SMP over BR max_key_size: 0x10, local_i_key: 0x07, local_r_key: 0x07, p_cb->loc_auth_req: 0x21
04-01 18:13:52.432  5596  5633 W bt_smp  : AES128_CMAC started, allocate buffer size = 16
04-01 18:13:52.432  5596  5633 W bt_smp  : flag = 1 round = 1
04-01 18:13:52.432  5596  5633 W bt_smp  : AES128_CMAC started, allocate buffer size = 16
04-01 18:13:52.432  5596  5633 W bt_smp  : flag = 0 round = 1
04-01 18:13:52.433  5596  5633 W bt_smp  : smp_send_id_info
04-01 18:13:52.433  5596  5633 W bt_l2cap: L2CAP ignoring duplicate echo request (0)
04-01 18:13:52.436  5596  5628 W bt_hci_packet_fragmenter: reassemble_and_dispatch got packet which would exceed expected length of 84. Truncating.
04-01 18:13:52.436  5596  5633 F bt_stack: [FATAL:allocation_tracker.cc(161)] Check failed: end_canary[i] == canary[i]. 
--------- beginning of crash
04-01 18:13:52.437  5596  5633 F libc    : Fatal signal 6 (SIGABRT), code -6 in tid 5633 (btu message loo), pid 5596 (droid.bluetooth)
