--------- beginning of main
04-01 16:01:46.234  2847  2847 D AdapterServiceConfig: Adding HeadsetService
04-01 16:01:46.234  2847  2847 D AdapterServiceConfig: Adding A2dpService
04-01 16:01:46.234  2847  2847 D AdapterServiceConfig: Adding HidService
04-01 16:01:46.234  2847  2847 D AdapterServiceConfig: Adding HealthService
04-01 16:01:46.234  2847  2847 D AdapterServiceConfig: Adding PanService
04-01 16:01:46.234  2847  2847 D AdapterServiceConfig: Adding GattService
04-01 16:01:46.235  2847  2847 D AdapterServiceConfig: Adding BluetoothMapService
04-01 16:01:46.235  2847  2847 D AdapterServiceConfig: Adding HeadsetClientService
04-01 16:01:46.235  2847  2847 D AdapterServiceConfig: Adding AvrcpControllerService
04-01 16:01:46.235  2847  2847 D AdapterServiceConfig: Adding SapService
04-01 16:01:46.235  2847  2847 W AdapterServiceConfig: Could not find profile bit mask
04-01 16:01:46.235  2847  2847 D AdapterServiceConfig: Adding BluetoothOppService
04-01 16:01:46.235  2847  2847 W AdapterServiceConfig: Could not find profile bit mask
04-01 16:01:46.235  2847  2847 D AdapterServiceConfig: Adding BluetoothPbapService
04-01 16:01:46.310  2847  2847 D BluetoothAdapterService: onCreate()
04-01 16:01:46.313  2847  2847 D BluetoothAdapterState: make() - Creating AdapterState
04-01 16:01:46.316  2847  2847 I bt_btif : init
04-01 16:01:46.316  2847  2958 I BluetoothAdapterState: Entering OffState
04-01 16:01:46.316  2847  2847 D bt_osi_allocation_tracker: canary initialized
04-01 16:01:46.317  2847  2959 I bt_osi_thread: run_thread: thread id 2959, thread name stack_manager started
04-01 16:01:46.317  2847  2959 I bt_stack_manager: event_init_stack is initializing the stack
04-01 16:01:46.334  2847  2962 I bt_osi_thread: run_thread: thread id 2962, thread name alarm_default_ca started
04-01 16:01:46.335  2847  2963 I bt_osi_thread: run_thread: thread id 2963, thread name alarm_dispatcher started
04-01 16:01:46.336  2847  2959 I bt_btif_core: btif_init_bluetooth entered
04-01 16:01:46.336  2847  2959 I bt_stack_config: init attempt to load stack conf from /etc/bluetooth/bt_stack.conf
04-01 16:01:46.357  2847  2969 I bt_osi_thread: run_thread: thread id 2969, thread name bt_jni_workqueue started
04-01 16:01:46.357  2847  2959 I bt_btif_core: btif_init_bluetooth finished
04-01 16:01:46.357  2847  2969 I bt_btif_core: run_message_loop entered
04-01 16:01:46.357  2847  2959 I bt_stack_manager: event_init_stack finished
04-01 16:01:46.357  2847  2847 I bt_osi_wakelock: wakelock_set_os_callouts set to non-native
04-01 16:01:46.357  2847  2847 I bt_btif : get_profile_interface: id = socket
04-01 16:01:46.359  2847  2969 E bt_btif_storage: btif_storage_get_adapter_property: Controller not ready! Unable to return Bluetooth Address
04-01 16:01:46.359  2847  2969 E BluetoothServiceJni: adapter_properties_callback: Status 1 is incorrect
04-01 16:01:46.360  2847  2969 D BluetoothAdapterProperties: Name is: LeEco Le 2
04-01 16:01:46.362  2847  2847 I bt_btif : get_profile_interface: id = sdp
04-01 16:01:46.364  2847  2847 I BluetoothAdapterService: Phone policy enabled
04-01 16:01:46.365  2847  2847 D BluetoothAdapterService: setAdapterService() - set to: null
04-01 16:01:46.366  2847  2847 D BluetoothAdapterService: onBind()
04-01 16:01:46.927  2847  2859 D BluetoothAdapterService: enable() - Enable called with quiet mode status =  false
04-01 16:01:46.927  2847  2958 D BluetoothAdapterState: Current state: OFF, message: 0
04-01 16:01:46.927  2847  2958 D BluetoothAdapterProperties: Setting state to 14
04-01 16:01:46.927  2847  2958 I BluetoothAdapterState: Bluetooth adapter state changed: 10-> 14
04-01 16:01:46.927  2847  2958 D BluetoothAdapterService: updateAdapterState() - Broadcasting state to 1 receivers.
04-01 16:01:46.928  2847  2958 D BluetoothAdapterService: BleOnProcessStart()
04-01 16:01:46.929  2847  2958 D BluetoothAdapterService: BleOnProcessStart() - Make Bond State Machine
04-01 16:01:46.929  2847  2958 D BluetoothBondStateMachine: make
04-01 16:01:46.930  2847  2958 D BluetoothAdapterService: setProfileServiceState() - Starting service com.android.bluetooth.gatt.GattService
04-01 16:01:46.931  2847  3224 I BluetoothBondStateMachine: StableState(): Entering Off State
04-01 16:01:46.933  2847  2847 I BtGatt.JNI: classInitNative(L871): classInitNative: Success!
04-01 16:01:46.933  2847  2958 I BluetoothAdapterState: Entering PendingCommandState
04-01 16:01:46.934  2847  2847 D BtGatt.DebugUtils: handleDebugAction() action=null
04-01 16:01:46.934  2847  2847 D BluetoothAdapterService: getAdapterService() - returning com.android.bluetooth.btservice.AdapterService@818a9c
04-01 16:01:46.935  2847  2847 D BtGatt.GattService: Received start request. Starting profile...
04-01 16:01:46.935  2847  2847 I bt_btif : get_profile_interface: id = gatt
04-01 16:01:46.935  2847  2847 D BluetoothAdapterService: getAdapterService() - returning com.android.bluetooth.btservice.AdapterService@818a9c
04-01 16:01:46.941  2847  2847 D BluetoothAdapterService: getAdapterService() - returning com.android.bluetooth.btservice.AdapterService@818a9c
04-01 16:01:46.941  2847  2847 D BluetoothAdapterService: getAdapterService() - returning com.android.bluetooth.btservice.AdapterService@818a9c
04-01 16:01:46.943  2847  2847 D BluetoothAdapterService: handleMessage() - Message: 1
04-01 16:01:46.943  2847  2847 D BluetoothAdapterService: handleMessage() - MESSAGE_PROFILE_SERVICE_STATE_CHANGED
04-01 16:01:46.943  2847  2847 D BluetoothAdapterService: processProfileServiceStateChanged() - serviceName=com.android.bluetooth.gatt.GattService isTurningOn=false isTurningOff=false isBleTurningOn=true isBleTurningOff=false
04-01 16:01:46.943  2847  2847 D BluetoothAdapterService: GattService is started
04-01 16:01:46.944  2847  2958 V BluetoothAdapterState: PendingCommand - transient state(s): isBleTurningOn
04-01 16:01:46.944  2847  2958 D BluetoothAdapterState: Current state: PENDING_COMMAND, message: 4
04-01 16:01:46.945  2847  2958 I bt_btif : enable: start restricted = 0
04-01 16:01:46.945  2847  2959 I bt_stack_manager: event_start_up_stack is bringing up the stack
04-01 16:01:46.945  2847  2959 I bt_core_module: module_start_up Starting module "btif_config_module"
04-01 16:01:46.945  2847  2959 I bt_core_module: module_start_up Started module "btif_config_module"
04-01 16:01:46.945  2847  2959 I bt_core_module: module_start_up Starting module "btsnoop_module"
04-01 16:01:46.946  2847  2959 I bt_core_module: module_start_up Started module "btsnoop_module"
04-01 16:01:46.946  2847  2959 I bt_core_module: module_start_up Starting module "hci_module"
04-01 16:01:46.946  2847  2959 I bt_hci  : hci_module_start_up
04-01 16:01:46.946  2847  3234 I bt_osi_thread: run_thread: thread id 3234, thread name hci_thread started
04-01 16:01:46.946  2847  2959 D bt_hci  : hci_module_start_up starting async portion
04-01 16:01:46.946  2847  3234 I bt_hci  : hci_initialize
04-01 16:01:46.949  2847  3234 I bt_hci  : hci_initialize: IBluetoothHci::getService() returned 0x7f0283d3a0 (remote)
04-01 16:01:47.028  2847  3234 I bt_hci  : event_finish_startup
04-01 16:01:47.028  2847  2959 I bt_core_module: module_start_up Started module "hci_module"
04-01 16:01:47.028  2847  3290 I bt_osi_thread: run_thread: thread id 3290, thread name bt_workqueue started
04-01 16:01:47.028  2847  3290 I         : [0401/160147:INFO:btu_task.cc(107)] Bluetooth chip preload is complete
04-01 16:01:47.029  2847  3290 I         : [0401/160147:INFO:gatt_api.cc(1004)] GATT_Register
04-01 16:01:47.029  2847  3290 I         : [0401/160147:INFO:gatt_api.cc(1027)] allocated gatt_if=1
04-01 16:01:47.029  2847  3290 I         : [0401/160147:INFO:gatt_api.cc(207)] GATTS_AddService
04-01 16:01:47.029  2847  3290 I         : [0401/160147:INFO:gatt_api.cc(317)] GATTS_AddService: service parsed correctly, now starting
04-01 16:01:47.029  2847  3290 E         : [0401/160147:ERROR:gatt_attr.cc(301)] gatt_profile_db_init:  gatt_if=1
04-01 16:01:47.029  2847  3290 I         : [0401/160147:INFO:gatt_api.cc(1004)] GATT_Register
04-01 16:01:47.029  2847  3290 I         : [0401/160147:INFO:gatt_api.cc(1027)] allocated gatt_if=2
04-01 16:01:47.029  2847  3290 I         : [0401/160147:INFO:gatt_api.cc(207)] GATTS_AddService
04-01 16:01:47.030  2847  3290 I         : [0401/160147:INFO:gatt_api.cc(317)] GATTS_AddService: service parsed correctly, now starting
04-01 16:01:47.030  2847  3291 I bt_osi_thread: run_thread: thread id 3291, thread name btu message loop started
04-01 16:01:47.031  2847  3292 I bt_osi_thread: run_thread: thread id 3292, thread name module_wrapper started
04-01 16:01:47.031  2847  3292 I bt_core_module: module_start_up Starting module "controller_module"
04-01 16:01:47.139  2847  3292 I bt_core_module: module_start_up Started module "controller_module"
04-01 16:01:47.139  2847  3292 W bt_osi_thread: run_thread: thread id 3292, thread name module_wrapper exited
04-01 16:01:47.139  2847  3290 W bt_btm  : btm_decode_ext_features_page: feature page 1 ignored
04-01 16:01:47.139  2847  3290 W bt_btm  : btm_decode_ext_features_page: feature page 2 ignored
04-01 16:01:47.140  2847  3291 I bt_btm_sec: BTM_SecRegister p_cb_info->p_le_callback == 0x0x7ef4b5dd2c
04-01 16:01:47.140  2847  3291 I bt_btm_sec: BTM_SecRegister btm_cb.api.p_le_callback = 0x0x7ef4b5dd2c 
04-01 16:01:47.140  2847  3291 I bt_stack: [INFO:gatt_api.cc(1004)] GATT_Register
04-01 16:01:47.140  2847  3291 I bt_stack: [INFO:gatt_api.cc(1027)] allocated gatt_if=3
04-01 16:01:47.144  2847  3291 I bt_stack: [INFO:ble_advertiser_hci_interface.cc(708)] VSC advertising will be in use
04-01 16:01:47.144  2847  3291 I bt_stack: [INFO:ble_advertiser_hci_interface.cc(259)] QuirkAdvertiserZeroHandle in use
04-01 16:01:47.145  2847  2969 D BluetoothAdapterProperties: BT_PROPERTY_LOCAL_LE_FEATURES: update from BT controller mNumOfAdvertisementInstancesSupported = 10 mRpaOffloadSupported = true mNumOfOffloadedIrkSupported = 8 mNumOfOffloadedScanFilterSupported = 16 mOffloadedScanResultStorageBytes= 10240 mIsActivityAndEnergyReporting = true mVersSupported = 96 mTotNumOfTrackableAdv = 32 mIsExtendedScanSupported = true mIsDebugLogSupported = true mIsLe2MPhySupported = false mIsLeCodedPhySupported = false mIsLeExtendedAdvertisingSupported = false mIsLePeriodicAdvertisingSupported = false mLeMaximumAdvertisingDataLength = 31
04-01 16:01:47.146  2847  2969 E bt_btif_storage: btif_storage_get_adapter_property: Controller ready!
04-01 16:01:47.146  2847  2969 I bt_btif_storage: btif_storage_get_adapter_property service_mask:0x20000000
04-01 16:01:47.146  2847  2969 D BluetoothAdapterProperties: Address is:80:1D:00:33:D8:82
04-01 16:01:47.149  2847  2969 D BluetoothAdapterProperties: Name is: LeEco Le 2
04-01 16:01:47.150  2847  2969 D BluetoothAdapterProperties: Scan Mode:20
04-01 16:01:47.150  2847  2969 D BluetoothAdapterProperties: Discoverable Timeout:120
04-01 16:01:47.151  2847  2969 D BluetoothAdapterProperties: Adding bonded device:30:C0:1B:21:62:1E
04-01 16:01:47.156  2847  2969 I bt_btif_core: btif_enable_bluetooth_evt entered: status 0
04-01 16:01:47.157  2847  3335 I bt_osi_thread: run_thread: thread id 3335, thread name btif_sock started
04-01 16:01:47.158  2847  2969 D bt_bte_conf: Device ID record 1 : primary
04-01 16:01:47.158  2847  2969 D bt_bte_conf:   vendorId            = 000f
04-01 16:01:47.158  2847  2969 D bt_bte_conf:   vendorIdSource      = 0001
04-01 16:01:47.158  2847  2969 D bt_bte_conf:   product             = 1200
04-01 16:01:47.158  2847  2969 D bt_bte_conf:   version             = 1436
04-01 16:01:47.158  2847  2969 D bt_bte_conf:   clientExecutableURL = 
04-01 16:01:47.158  2847  2969 D bt_bte_conf:   serviceDescription  = 
04-01 16:01:47.158  2847  2969 D bt_bte_conf:   documentationURL    = 
04-01 16:01:47.158  2847  2969 D bt_bte_conf: bte_load_did_conf no section named DID2.
04-01 16:01:47.158  2847  2969 I bt_btif_core: btif_enable_bluetooth_evt finished
04-01 16:01:47.158  2847  2959 I bt_stack_manager: event_start_up_stack finished
04-01 16:01:47.159  2847  2958 V BluetoothAdapterState: PendingCommand - transient state(s): isBleTurningOn
04-01 16:01:47.159  2847  2958 D BluetoothAdapterState: Current state: PENDING_COMMAND, message: 3
04-01 16:01:47.159  2847  2958 D BluetoothAdapterProperties: Setting state to 15
04-01 16:01:47.159  2847  2958 I BluetoothAdapterState: Bluetooth adapter state changed: 14-> 15
04-01 16:01:47.159  2847  2958 D BluetoothAdapterService: updateAdapterState() - Broadcasting state to 1 receivers.
04-01 16:01:47.160  2847  2958 I BluetoothAdapterState: Entering BleOnState
04-01 16:01:47.163  2847  2958 D BluetoothAdapterState: Current state: BLE ON, message: 1
04-01 16:01:47.163  2847  2958 D BluetoothAdapterProperties: Setting state to 11
04-01 16:01:47.163  2847  2958 I BluetoothAdapterState: Bluetooth adapter state changed: 15-> 11
04-01 16:01:47.163  2847  2958 D BluetoothAdapterService: updateAdapterState() - Broadcasting state to 1 receivers.
04-01 16:01:47.163  2847  2958 D BluetoothAdapterService: startCoreServices()
04-01 16:01:47.163  2847  2958 D BluetoothAdapterService: setProfileServiceState() - Starting service com.android.bluetooth.hfp.HeadsetService
04-01 16:01:47.165  2847  2958 D BluetoothAdapterService: setProfileServiceState() - Starting service com.android.bluetooth.a2dp.A2dpService
04-01 16:01:47.167  2847  2847 D BluetoothAdapterService: getAdapterService() - returning com.android.bluetooth.btservice.AdapterService@818a9c
04-01 16:01:47.167  2847  2958 D BluetoothAdapterService: setProfileServiceState() - Starting service com.android.bluetooth.hid.HidService
04-01 16:01:47.167  2847  2847 D HeadsetService: Received start request. Starting profile...
04-01 16:01:47.168  2847  2847 I BluetoothHeadsetServiceJni: classInitNative: succeeds
04-01 16:01:47.168  2847  2847 D HeadsetStateMachine: make
04-01 16:01:47.168  2847  2958 D BluetoothAdapterService: setProfileServiceState() - Starting service com.android.bluetooth.hdp.HealthService
04-01 16:01:47.170  2847  2958 D BluetoothAdapterService: setProfileServiceState() - Starting service com.android.bluetooth.pan.PanService
04-01 16:01:47.171  2847  2958 D BluetoothAdapterService: setProfileServiceState() - Starting service com.android.bluetooth.map.BluetoothMapService
04-01 16:01:47.172  2847  2958 D BluetoothAdapterService: setProfileServiceState() - Starting service com.android.bluetooth.hfpclient.HeadsetClientService
04-01 16:01:47.174  2847  2958 D BluetoothAdapterService: setProfileServiceState() - Starting service com.android.bluetooth.avrcpcontroller.AvrcpControllerService
04-01 16:01:47.174  2847  2847 D HeadsetStateMachine: max_hf_connections = 1
04-01 16:01:47.174  2847  2847 D HeadsetStateMachine: in-band_ringing_support = true
04-01 16:01:47.175  2847  2847 I bt_btif : get_profile_interface: id = handsfree
04-01 16:01:47.175  2847  2969 I bt_btif_storage: btif_storage_get_adapter_property service_mask:0x20000040
04-01 16:01:47.175  2847  3291 I bt_stack: [INFO:port_api.cc(123)] RFCOMM_CreateConnection BDA: ff:ff:ff:ff:ff:ff
04-01 16:01:47.175  2847  3291 I bt_stack: [INFO:port_api.cc(123)] RFCOMM_CreateConnection BDA: ff:ff:ff:ff:ff:ff
04-01 16:01:47.175  2847  2969 E bt_btif : btif_hf_upstreams_evt: Invalid index 48861
04-01 16:01:47.176  2847  2958 D BluetoothAdapterService: setProfileServiceState() - Starting service com.android.bluetooth.sap.SapService
04-01 16:01:47.177  2847  2847 D BluetoothAdapterService: getAdapterService() - returning com.android.bluetooth.btservice.AdapterService@818a9c
04-01 16:01:47.179  2847  2958 D BluetoothAdapterService: setProfileServiceState() - Starting service com.android.bluetooth.opp.BluetoothOppService
04-01 16:01:47.179  2847  2847 D BluetoothAdapterService: getAdapterService() - returning com.android.bluetooth.btservice.AdapterService@818a9c
04-01 16:01:47.180  2847  2847 D A2dpService: Received start request. Starting profile...
04-01 16:01:47.180  2847  2847 I BluetoothAvrcpServiceJni: classInitNative: succeeds
04-01 16:01:47.180  2847  2847 V Avrcp   : make
04-01 16:01:47.181  2847  2847 I bt_btif : get_profile_interface: id = avrcp
04-01 16:01:47.181  2847  2958 D BluetoothAdapterService: setProfileServiceState() - Starting service com.android.bluetooth.pbap.BluetoothPbapService
04-01 16:01:47.182  2847  2958 I BluetoothAdapterState: Entering PendingCommandState
04-01 16:01:47.191  2847  2847 V Avrcp   : initMediaPlayerInfoList: 0 controllers
04-01 16:01:47.193  2847  2847 V Avrcp   : updatePlaybackState (1): -1➡0(PlaybackState {state=0, position=-1, buffered position=0, speed=0.0, updated=11544, actions=0, custom actions=[], active item id=-1, error=null})
04-01 16:01:47.193  2847  2847 I Avrcp   : Skipping update due to invalid playback state
04-01 16:01:47.193  2847  2847 E Avrcp   : play status change -1➡0 mPlayStatusChangedNT: 1
04-01 16:01:47.193  2847  2847 E bt_btif : register_notification_rsp: Avrcp device is not connected, handle: 0x0
04-01 16:01:47.193  2847  2847 D Avrcp   : sendPlayPosNotificationRsp: Not registered or requesting.
04-01 16:01:47.195  2847  2847 I BluetoothA2dpServiceJni: classInitNative: succeeds
04-01 16:01:47.195  2847  2847 D A2dpStateMachine: make
04-01 16:01:47.196  2847  2847 I bt_btif : get_profile_interface: id = a2dp
04-01 16:01:47.196  2847  3344 I bt_osi_thread: run_thread: thread id 3344, thread name btif_a2dp_source started
04-01 16:01:47.197  2847  2847 D a2dp_codec: init
04-01 16:01:47.197  2847  2969 I bt_btif_storage: btif_storage_get_adapter_property service_mask:0x20000048
04-01 16:01:47.197  2847  2847 D a2dp_codec: createCodec: codec SBC
04-01 16:01:47.197  2847  3291 I bt_bta_av: AVRCP version used for sdp: "avrcp14"
04-01 16:01:47.197  2847  2847 I a2dp_codec: init: updated SBC codec priority to 1001
04-01 16:01:47.197  2847  2847 D a2dp_codec: createCodec: codec AAC
04-01 16:01:47.197  2847  2847 I a2dp_codec: init: updated AAC codec priority to 2001
04-01 16:01:47.197  2847  2847 D a2dp_codec: createCodec: codec aptX
04-01 16:01:47.197  2847  2969 E bt_btif : btif_sm_dispatch : Invalid handle
04-01 16:01:47.198  2847  2969 E bt_btif : btif_sm_dispatch : Invalid handle
04-01 16:01:47.198  2847  2847 E a2dp_vendor_aptx_encoder: A2DP_VendorLoadEncoderAptx: cannot open aptX encoder library libaptX_encoder.so: dlopen failed: library "libaptX_encoder.so" not found
04-01 16:01:47.198  2847  2847 E a2dp_vendor_aptx: init: cannot load the encoder
04-01 16:01:47.198  2847  2847 D a2dp_codec: createCodec: codec aptX-HD
04-01 16:01:47.199  2847  2847 E a2dp_vendor_aptx_hd_encoder: A2DP_VendorLoadEncoderAptxHd: cannot open aptX-HD encoder library libaptXHD_encoder.so: dlopen failed: library "libaptXHD_encoder.so" not found
04-01 16:01:47.199  2847  2847 E a2dp_vendor_aptx_hd: init: cannot load the encoder
04-01 16:01:47.199  2847  2847 D a2dp_codec: createCodec: codec LDAC
04-01 16:01:47.205  2847  2847 I a2dp_codec: init: updated LDAC codec priority to 5001
04-01 16:01:47.205  2847  2847 D a2dp_codec: createCodec: codec SBC SINK
04-01 16:01:47.205  2847  2847 I a2dp_codec: init: initialized Source codec LDAC
04-01 16:01:47.205  2847  2847 I a2dp_codec: init: initialized Source codec AAC
04-01 16:01:47.205  2847  2847 I a2dp_codec: init: initialized Source codec SBC
04-01 16:01:47.205  2847  2847 I a2dp_codec: init: initialized Sink codec SBC(Sink)
04-01 16:01:47.205  2847  2847 W bt_btif : ## ON A2DP IDLE ## peer_sep = 0
04-01 16:01:47.205  2847  2969 E bt_btif : btif_sm_dispatch : Invalid handle
04-01 16:01:47.206  2847  3343 D A2dpStateMachine: Enter Disconnected: -2
04-01 16:01:47.207  2847  2847 D BluetoothAdapterService: getAdapterService() - returning com.android.bluetooth.btservice.AdapterService@818a9c
04-01 16:01:47.207  2847  2847 I BluetoothHidServiceJni: classInitNative: succeeds
04-01 16:01:47.208  2847  2847 D BluetoothAdapterService: getAdapterService() - returning com.android.bluetooth.btservice.AdapterService@818a9c
04-01 16:01:47.209  2847  2847 D HidService: Received start request. Starting profile...
04-01 16:01:47.209  2847  2847 I bt_btif : get_profile_interface: id = hidhost
04-01 16:01:47.209  2847  2969 I bt_bta_hh: BTA_HhEnable sec_mask:0x36 p_cback:0x7ef4bc3448
04-01 16:01:47.209  2847  2847 D HidService: setHidService(): set to: null
04-01 16:01:47.209  2847  2969 I bt_btif_storage: btif_storage_get_adapter_property service_mask:0x20100048
04-01 16:01:47.209  2847  3291 I bt_stack: [INFO:gatt_api.cc(1004)] GATT_Register
04-01 16:01:47.209  2847  3291 I bt_stack: [INFO:gatt_api.cc(1027)] allocated gatt_if=4
04-01 16:01:47.209  2847  2847 D BluetoothAdapterService: getAdapterService() - returning com.android.bluetooth.btservice.AdapterService@818a9c
04-01 16:01:47.210  2847  2847 I BluetoothHealthServiceJni: classInitNative: succeeds
04-01 16:01:47.210  2847  2847 D BluetoothAdapterService: getAdapterService() - returning com.android.bluetooth.btservice.AdapterService@818a9c
04-01 16:01:47.211  2847  2847 D HealthService: Received start request. Starting profile...
04-01 16:01:47.211  2847  2847 I bt_btif : get_profile_interface: id = health
04-01 16:01:47.212  2847  2847 D BluetoothAdapterService: getAdapterService() - returning com.android.bluetooth.btservice.AdapterService@818a9c
04-01 16:01:47.212  2847  2847 I BluetoothPanServiceJni: classInitNative(L111): succeeds
04-01 16:01:47.213  2847  2847 D BluetoothAdapterService: getAdapterService() - returning com.android.bluetooth.btservice.AdapterService@818a9c
04-01 16:01:47.214  2847  2847 D PanService: Received start request. Starting profile...
04-01 16:01:47.214  2847  2847 D BluetoothPanServiceJni: initializeNative(L116): pan
04-01 16:01:47.214  2847  2847 I bt_btif : get_profile_interface: id = pan
04-01 16:01:47.214  2847  2847 D BluetoothAdapterService: getAdapterService() - returning com.android.bluetooth.btservice.AdapterService@818a9c
04-01 16:01:47.214  2847  2969 D BluetoothPanServiceJni: control_state_callback(L63): state:0, local_role:3, ifname:bt-pan
04-01 16:01:47.216  2847  2847 D BluetoothAdapterService: getAdapterService() - returning com.android.bluetooth.btservice.AdapterService@818a9c
04-01 16:01:47.217  2847  2847 D BluetoothMapService: Received start request. Starting profile...
04-01 16:01:47.217  2847  2847 D BluetoothMapService: start()
04-01 16:01:47.219  2847  2847 D BluetoothMapAccountLoader: Found 0 application(s) with intent android.bluetooth.action.BLUETOOTH_MAP_PROVIDER
04-01 16:01:47.221  2847  2847 D BluetoothMapAccountLoader: Found 0 application(s) with intent android.bluetooth.action.BLUETOOTH_MAP_IM_PROVIDER
04-01 16:01:47.221  2847  2847 D BluetoothMapAppObserver: createReceiver()
04-01 16:01:47.222  2847  2847 D BluetoothMapAppObserver: initObservers()
04-01 16:01:47.222  2847  2847 D BluetoothMapAppObserver: getEnabledAccountItems()
04-01 16:01:47.222  2847  2847 D BluetoothAdapterService: getAdapterService() - returning com.android.bluetooth.btservice.AdapterService@818a9c
04-01 16:01:47.223  2847  2847 I BluetoothHeadsetClientServiceJni: classInitNative succeeds
04-01 16:01:47.224  2847  2847 D BluetoothAdapterService: getAdapterService() - returning com.android.bluetooth.btservice.AdapterService@818a9c
04-01 16:01:47.224  2847  2847 D HeadsetClientService: Received start request. Starting profile...
04-01 16:01:47.224  2847  2847 D BluetoothHeadsetClientServiceJni: initializeNative: HfpClient
04-01 16:01:47.224  2847  2847 I bt_btif : get_profile_interface: id = handsfree_client
04-01 16:01:47.225  2847  2969 I bt_stack: [INFO:port_api.cc(123)] RFCOMM_CreateConnection BDA: ff:ff:ff:ff:ff:ff
04-01 16:01:47.225  2847  2969 I bt_btif_storage: btif_storage_get_adapter_property service_mask:0x21100048
04-01 16:01:47.227  2847  2847 D BluetoothHeadsetClientServiceJni: initializeNative: HfpClient
04-01 16:01:47.227  2847  2847 W BluetoothHeadsetClientServiceJni: Cleaning up Bluetooth HFP Client Interface before initializing
04-01 16:01:47.227  2847  2847 W BluetoothHeadsetClientServiceJni: Cleaning up Bluetooth HFP Client callback object
04-01 16:01:47.227  2847  2847 I bt_btif : get_profile_interface: id = handsfree_client
04-01 16:01:47.227  2847  2969 I bt_btif_queue: queue_int_cleanup: UUID=111E
04-01 16:01:47.227  2847  2847 D BluetoothAdapterService: getAdapterService() - returning com.android.bluetooth.btservice.AdapterService@818a9c
04-01 16:01:47.228  2847  2969 I bt_btif_storage: btif_storage_get_adapter_property service_mask:0x21100048
04-01 16:01:47.228  2847  2969 I bt_stack: [INFO:port_api.cc(123)] RFCOMM_CreateConnection BDA: ff:ff:ff:ff:ff:ff
04-01 16:01:47.228  2847  2969 I bt_btif_storage: btif_storage_get_adapter_property service_mask:0x21100048
04-01 16:01:47.228  2847  2847 I BluetoothAvrcpControllerJni: classInitNative: succeeds
04-01 16:01:47.228  2847  2847 I bt_btif : get_profile_interface: id = avrcp_ctrl
04-01 16:01:47.229  2847  2847 D BluetoothAdapterService: getAdapterService() - returning com.android.bluetooth.btservice.AdapterService@818a9c
04-01 16:01:47.229  2847  2847 D AvrcpControllerService: Received start request. Starting profile...
04-01 16:01:47.240  2847  2847 D AvrcpControllerService: setAvrcpControllerService(): set to: null
04-01 16:01:47.240  2847  2847 D BluetoothAdapterService: getAdapterService() - returning com.android.bluetooth.btservice.AdapterService@818a9c
04-01 16:01:47.241  2847  2847 D BluetoothAdapterService: handleMessage() - Message: 1
04-01 16:01:47.241  2847  2847 D BluetoothAdapterService: handleMessage() - MESSAGE_PROFILE_SERVICE_STATE_CHANGED
04-01 16:01:47.241  2847  2847 D BluetoothAdapterService: processProfileServiceStateChanged() - serviceName=com.android.bluetooth.hfp.HeadsetService isTurningOn=true isTurningOff=false isBleTurningOn=false isBleTurningOff=false
04-01 16:01:47.241  2847  3341 D HeadsetPhoneState: sendDeviceStateChanged. mService=0 mIsSimStateLoaded=false mSignal=0 mRoam=0 mBatteryCharge=5
04-01 16:01:47.242  2847  2847 D BluetoothAdapterService: onProfileServiceStateChange() - Profile still not running:com.android.bluetooth.a2dp.A2dpService
04-01 16:01:47.243  2847  2847 V SapService: SapBinder()
04-01 16:01:47.243  2847  2847 D BluetoothAdapterService: getAdapterService() - returning com.android.bluetooth.btservice.AdapterService@818a9c
04-01 16:01:47.243  2847  2847 D SapService: Received start request. Starting profile...
04-01 16:01:47.243  2847  2847 V SapService: start()
04-01 16:01:47.244  2847  2847 D BluetoothAdapterService: getAdapterService() - returning com.android.bluetooth.btservice.AdapterService@818a9c
04-01 16:01:47.255  2847  2847 D BluetoothAdapterService: getAdapterService() - returning com.android.bluetooth.btservice.AdapterService@818a9c
04-01 16:01:47.256  2847  2847 D BluetoothOppService: Received start request. Starting profile...
04-01 16:01:47.256  2847  2847 D BluetoothAdapterService: getAdapterService() - returning com.android.bluetooth.btservice.AdapterService@818a9c
04-01 16:01:47.258  2847  2847 V BluetoothPbapService: PbapBinder()
04-01 16:01:47.260  2847  2847 D BluetoothAdapterService: getAdapterService() - returning com.android.bluetooth.btservice.AdapterService@818a9c
04-01 16:01:47.261  2847  2847 D BluetoothPbapService: Received start request. Starting profile...
04-01 16:01:47.261  2847  2847 V BluetoothPbapService: start()
04-01 16:01:47.262  2847  2847 D BluetoothPbapService: Registering observer
04-01 16:01:47.266  2847  2847 D BluetoothAdapterService: getAdapterService() - returning com.android.bluetooth.btservice.AdapterService@818a9c
04-01 16:01:47.267  2847  2847 D BluetoothAdapterService: handleMessage() - Message: 1
04-01 16:01:47.267  2847  2847 D BluetoothAdapterService: handleMessage() - MESSAGE_PROFILE_SERVICE_STATE_CHANGED
04-01 16:01:47.267  2847  2847 D BluetoothAdapterService: processProfileServiceStateChanged() - serviceName=com.android.bluetooth.a2dp.A2dpService isTurningOn=true isTurningOff=false isBleTurningOn=false isBleTurningOff=false
04-01 16:01:47.267  2847  2847 D BluetoothAdapterService: onProfileServiceStateChange() - Profile still not running:com.android.bluetooth.map.BluetoothMapService
04-01 16:01:47.268  2847  2847 D BluetoothAdapterService: handleMessage() - Message: 1
04-01 16:01:47.268  2847  2847 D BluetoothAdapterService: handleMessage() - MESSAGE_PROFILE_SERVICE_STATE_CHANGED
04-01 16:01:47.268  2847  2847 D BluetoothAdapterService: processProfileServiceStateChanged() - serviceName=com.android.bluetooth.hid.HidService isTurningOn=true isTurningOff=false isBleTurningOn=false isBleTurningOff=false
04-01 16:01:47.268  2847  2847 D BluetoothAdapterService: onProfileServiceStateChange() - Profile still not running:com.android.bluetooth.map.BluetoothMapService
04-01 16:01:47.269  2847  2847 D BluetoothAdapterService: handleMessage() - Message: 1
04-01 16:01:47.269  2847  2847 D BluetoothAdapterService: handleMessage() - MESSAGE_PROFILE_SERVICE_STATE_CHANGED
04-01 16:01:47.269  2847  2847 D BluetoothAdapterService: processProfileServiceStateChanged() - serviceName=com.android.bluetooth.hdp.HealthService isTurningOn=true isTurningOff=false isBleTurningOn=false isBleTurningOff=false
04-01 16:01:47.269  2847  2847 D BluetoothAdapterService: onProfileServiceStateChange() - Profile still not running:com.android.bluetooth.map.BluetoothMapService
04-01 16:01:47.269  2847  2847 D BluetoothAdapterService: handleMessage() - Message: 1
04-01 16:01:47.269  2847  2847 D BluetoothAdapterService: handleMessage() - MESSAGE_PROFILE_SERVICE_STATE_CHANGED
04-01 16:01:47.269  2847  2847 D BluetoothAdapterService: processProfileServiceStateChanged() - serviceName=com.android.bluetooth.pan.PanService isTurningOn=true isTurningOff=false isBleTurningOn=false isBleTurningOff=false
04-01 16:01:47.270  2847  2847 D BluetoothAdapterService: onProfileServiceStateChange() - Profile still not running:com.android.bluetooth.map.BluetoothMapService
04-01 16:01:47.270  2847  2847 D BluetoothAdapterService: handleMessage() - Message: 1
04-01 16:01:47.270  2847  2847 D BluetoothAdapterService: handleMessage() - MESSAGE_PROFILE_SERVICE_STATE_CHANGED
04-01 16:01:47.270  2847  2847 D BluetoothAdapterService: processProfileServiceStateChanged() - serviceName=com.android.bluetooth.map.BluetoothMapService isTurningOn=true isTurningOff=false isBleTurningOn=false isBleTurningOff=false
04-01 16:01:47.271  2847  2847 D BluetoothAdapterService: onProfileServiceStateChange() - Profile still not running:com.android.bluetooth.avrcpcontroller.AvrcpControllerService
04-01 16:01:47.271  2847  2847 D BluetoothAdapterService: handleMessage() - Message: 1
04-01 16:01:47.271  2847  2847 D BluetoothAdapterService: handleMessage() - MESSAGE_PROFILE_SERVICE_STATE_CHANGED
04-01 16:01:47.272  2847  2847 D BluetoothAdapterService: processProfileServiceStateChanged() - serviceName=com.android.bluetooth.hfpclient.HeadsetClientService isTurningOn=true isTurningOff=false isBleTurningOn=false isBleTurningOff=false
04-01 16:01:47.273  2847  2847 D BluetoothAdapterService: onProfileServiceStateChange() - Profile still not running:com.android.bluetooth.avrcpcontroller.AvrcpControllerService
04-01 16:01:47.273  2847  2847 D BluetoothAdapterService: handleMessage() - Message: 1
04-01 16:01:47.273  2847  2847 D BluetoothAdapterService: handleMessage() - MESSAGE_PROFILE_SERVICE_STATE_CHANGED
04-01 16:01:47.273  2847  2847 D BluetoothAdapterService: processProfileServiceStateChanged() - serviceName=com.android.bluetooth.avrcpcontroller.AvrcpControllerService isTurningOn=true isTurningOff=false isBleTurningOn=false isBleTurningOff=false
04-01 16:01:47.273  2847  2847 D BluetoothAdapterService: onProfileServiceStateChange() - Profile still not running:com.android.bluetooth.sap.SapService
04-01 16:01:47.274  2847  2847 D BluetoothAdapterService: handleMessage() - Message: 1
04-01 16:01:47.274  2847  2847 D BluetoothAdapterService: handleMessage() - MESSAGE_PROFILE_SERVICE_STATE_CHANGED
04-01 16:01:47.274  2847  2847 D BluetoothAdapterService: processProfileServiceStateChanged() - serviceName=com.android.bluetooth.sap.SapService isTurningOn=true isTurningOff=false isBleTurningOn=false isBleTurningOff=false
04-01 16:01:47.274  2847  2847 D BluetoothAdapterService: onProfileServiceStateChange() - Profile still not running:com.android.bluetooth.pbap.BluetoothPbapService
04-01 16:01:47.277  2847  2847 D BluetoothAdapterService: handleMessage() - Message: 1
04-01 16:01:47.277  2847  2847 D BluetoothAdapterService: handleMessage() - MESSAGE_PROFILE_SERVICE_STATE_CHANGED
04-01 16:01:47.278  2847  2847 D BluetoothAdapterService: processProfileServiceStateChanged() - serviceName=com.android.bluetooth.opp.BluetoothOppService isTurningOn=true isTurningOff=false isBleTurningOn=false isBleTurningOff=false
04-01 16:01:47.278  2847  2847 D BluetoothAdapterService: onProfileServiceStateChange() - Profile still not running:com.android.bluetooth.pbap.BluetoothPbapService
04-01 16:01:47.279  2847  2847 D BluetoothAdapterService: handleMessage() - Message: 1
04-01 16:01:47.279  2847  2847 D BluetoothAdapterService: handleMessage() - MESSAGE_PROFILE_SERVICE_STATE_CHANGED
04-01 16:01:47.280  2847  2847 D BluetoothAdapterService: processProfileServiceStateChanged() - serviceName=com.android.bluetooth.pbap.BluetoothPbapService isTurningOn=true isTurningOff=false isBleTurningOn=false isBleTurningOff=false
04-01 16:01:47.280  2847  2847 D BluetoothAdapterService: onProfileServiceStateChange() - All profile services started.
04-01 16:01:47.281  2847  2958 V BluetoothAdapterState: PendingCommand - transient state(s): isTurningOn
04-01 16:01:47.281  2847  2958 D BluetoothAdapterState: Current state: PENDING_COMMAND, message: 2
04-01 16:01:47.281  2847  2958 D BluetoothAdapterProperties: onBluetoothReady, state=11, ScanMode=20
04-01 16:01:47.281  2847  2958 D BluetoothAdapterProperties: Setting state to 12
04-01 16:01:47.281  2847  2958 I BluetoothAdapterState: Bluetooth adapter state changed: 11-> 12
04-01 16:01:47.282  2847  2958 D BluetoothAdapterService: updateAdapterState() - Broadcasting state to 1 receivers.
04-01 16:01:47.282  2847  2969 D BluetoothAdapterProperties: Scan Mode:21
04-01 16:01:47.283  2847  2969 D BluetoothAdapterProperties: Discoverable Timeout:120
04-01 16:01:47.283  2847  2958 I BluetoothAdapterState: Entering OnState
04-01 16:01:47.283  2847  2958 D BluetoothAdapterService: updateUuids() - Updating UUIDs for bonded devices
04-01 16:01:47.285  2847  2847 D BluetoothMapService: onReceive
04-01 16:01:47.285  2847  2847 D BluetoothMapService: onReceive: android.bluetooth.adapter.action.STATE_CHANGED
04-01 16:01:47.285  2847  2847 D BluetoothMapService: STATE_ON
04-01 16:01:47.300  2847  2847 D BluetoothPbapService: action: android.bluetooth.adapter.action.STATE_CHANGED
04-01 16:01:47.300  2847  2847 D BluetoothPbapService: state: 12
04-01 16:01:47.301  2847  2847 D BluetoothAdapterService: isQuetModeEnabled() - Enabled = false
04-01 16:01:47.301  2847  2847 D BluetoothPhonePolicy: autoConnect() - Initiate auto connection on BT on...
04-01 16:01:47.301  2847  2847 D BluetoothPhonePolicy: autoConnectHeadset, attempt auto-connect with device 30:C0:1B:21:62:1E
04-01 16:01:47.303  2847  2847 D BluetoothPhonePolicy: autoConnectHeadset, Connecting HFP with 30:C0:1B:21:62:1E
04-01 16:01:47.303  2847  2847 D HeadsetService: connect: device=30:C0:1B:21:62:1E
04-01 16:01:47.304  2847  3341 D HeadsetStateMachine: Disconnected: connecting to device=30:C0:1B:21:62:1E
04-01 16:01:47.305  2847  2847 D BluetoothPhonePolicy: autoConnectA2dp, attempt auto-connect with device 30:C0:1B:21:62:1E
04-01 16:01:47.305  2847  3341 I BluetoothHeadsetServiceJni: connectHfpNative: sBluetoothHfpInterface: 0x7ef4db7b48
04-01 16:01:47.306  2847  2969 I bt_btif_queue: queue_int_add: allocating profile queue
04-01 16:01:47.306  2847  2969 I bt_btif_queue: queue_int_add: adding connection request UUID=111F, bd_addr=30:c0:1b:21:62:1e, busy=0
04-01 16:01:47.306  2847  2969 I bt_btif_queue: btif_queue_connect_next: executing connection request UUID=111F, bd_addr=30:c0:1b:21:62:1e, busy=0
04-01 16:01:47.306  2847  3353 D BluetoothMapMasInstance0: Map Service startRfcommSocketListener
04-01 16:01:47.307  2847  3353 D ObexServerSockets: create(rfcomm = -2, l2capPsm = -2)
04-01 16:01:47.307  2847  2847 D BluetoothPhonePolicy: autoConnectA2dp, connecting A2DP with 30:C0:1B:21:62:1E
04-01 16:01:47.309  2847  3353 W BluetoothAdapter: getBluetoothService() called with no BluetoothManagerCallback
04-01 16:01:47.311  2847  3343 D A2dpStateMachine: Disconnected process message: 1
04-01 16:01:47.311  2847  3291 I bt_stack: [INFO:port_api.cc(123)] RFCOMM_CreateConnection BDA: ff:ff:ff:ff:ff:ff
04-01 16:01:47.311  2847  3353 W BluetoothAdapter: getBluetoothService() called with no BluetoothManagerCallback
04-01 16:01:47.314  2847  3343 I BluetoothA2dpServiceJni: connectA2dpNative: sBluetoothA2dpInterface: 0x7ef4db7610
04-01 16:01:47.315  2847  3353 D ObexServerSockets: Succeed to create listening sockets 
04-01 16:01:47.315  2847  2969 I bt_btif_queue: queue_int_add: adding connection request UUID=110A, bd_addr=30:c0:1b:21:62:1e, busy=0
04-01 16:01:47.315  2847  2969 I bt_btif_queue: btif_queue_connect_next: executing connection request UUID=111F, bd_addr=30:c0:1b:21:62:1e, busy=1
04-01 16:01:47.315  2847  3343 D A2dpStateMachine: Exit Disconnected: 1
04-01 16:01:47.315  2847  3353 D ObexServerSockets0: startAccept()
04-01 16:01:47.315  2847  3353 D ObexServerSockets0: prepareForNewConnect()
04-01 16:01:47.315  2847  3343 D A2dpStateMachine: Enter Pending: 1
04-01 16:01:47.315  2847  2847 D BtOppService: start Socket Listeners
04-01 16:01:47.315  2847  2847 D BtOppService: stopListeners   mServerSocket :null
04-01 16:01:47.315  2847  2847 D ObexServerSockets: create(rfcomm = -2, l2capPsm = -2)
04-01 16:01:47.316  2847  2847 W BluetoothAdapter: getBluetoothService() called with no BluetoothManagerCallback
04-01 16:01:47.316  2847  3376 W BluetoothAdapter: getBluetoothService() called with no BluetoothManagerCallback
04-01 16:01:47.317  2847  3291 I bt_stack: [INFO:port_api.cc(123)] RFCOMM_CreateConnection BDA: ff:ff:ff:ff:ff:ff
04-01 16:01:47.317  2847  3353 D BluetoothSdpJni: sdpCreateMapMasRecordNative
04-01 16:01:47.317  2847  3353 D BluetoothSdpJni: SDP Create record success - handle: 0
04-01 16:01:47.317  2847  2847 W BluetoothAdapter: getBluetoothService() called with no BluetoothManagerCallback
04-01 16:01:47.318  2847  3377 D ObexServerSockets0: Accepting socket connection...
04-01 16:01:47.318  2847  3378 D ObexServerSockets0: Accepting socket connection...
04-01 16:01:47.318  2847  3291 I bt_stack: [INFO:port_api.cc(123)] RFCOMM_CreateConnection BDA: ff:ff:ff:ff:ff:ff
04-01 16:01:47.319  2847  3376 D BluetoothSdpJni: sdpCreateSapsRecordNative
04-01 16:01:47.319  2847  3376 D BluetoothSdpJni: SDP Create record success - handle: 1
04-01 16:01:47.319  2847  2847 D ObexServerSockets: Succeed to create listening sockets 
04-01 16:01:47.319  2847  2847 D ObexServerSockets1: startAccept()
04-01 16:01:47.319  2847  2847 D ObexServerSockets1: prepareForNewConnect()
04-01 16:01:47.319  2847  3379 D ObexServerSockets1: Accepting socket connection...
04-01 16:01:47.319  2847  2847 D BluetoothSdpJni: sdpCreateOppOpsRecordNative
04-01 16:01:47.320  2847  2847 D BluetoothSdpJni: SDP Create record success - handle: 2
04-01 16:01:47.320  2847  2847 D BtOppService: mOppSdpHandle :2
04-01 16:01:47.321  2847  2847 D BluetoothPbapService: startsocketListener
04-01 16:01:47.321  2847  2847 D ObexServerSockets: create(rfcomm = -2, l2capPsm = -2)
04-01 16:01:47.322  2847  2847 W BluetoothAdapter: getBluetoothService() called with no BluetoothManagerCallback
04-01 16:01:47.322  2847  3380 D ObexServerSockets1: Accepting socket connection...
04-01 16:01:47.324  2847  3291 I bt_stack: [INFO:port_api.cc(123)] RFCOMM_CreateConnection BDA: ff:ff:ff:ff:ff:ff
04-01 16:01:47.325  2847  2847 W BluetoothAdapter: getBluetoothService() called with no BluetoothManagerCallback
04-01 16:01:47.326  2847  2847 D ObexServerSockets: Succeed to create listening sockets 
04-01 16:01:47.326  2847  2847 D ObexServerSockets2: startAccept()
04-01 16:01:47.326  2847  2847 D ObexServerSockets2: prepareForNewConnect()
04-01 16:01:47.327  2847  2847 D BluetoothSdpJni: sdpCreatePbapPseRecordNative
04-01 16:01:47.327  2847  3382 D ObexServerSockets2: Accepting socket connection...
04-01 16:01:47.327  2847  2847 D BluetoothSdpJni: SDP Create record success - handle: 3
04-01 16:01:47.328  2847  3381 D ObexServerSockets2: Accepting socket connection...
04-01 16:01:47.329  2847  2847 D BluetoothPbapService: PBAP server with handle:3
04-01 16:01:47.329  2847  2847 D BluetoothPhonePolicy: Received ACTION_UUID for device 30:C0:1B:21:62:1E
04-01 16:01:47.330  2847  2847 D BluetoothPhonePolicy: index=0uuid=00001108-0000-1000-8000-00805f9b34fb
04-01 16:01:47.330  2847  2847 D BluetoothPhonePolicy: index=1uuid=0000111e-0000-1000-8000-00805f9b34fb
04-01 16:01:47.330  2847  2847 D BluetoothPhonePolicy: index=2uuid=0000110b-0000-1000-8000-00805f9b34fb
04-01 16:01:47.330  2847  2847 D BluetoothPhonePolicy: index=3uuid=0000110e-0000-1000-8000-00805f9b34fb
04-01 16:01:47.330  2847  2847 D BluetoothPhonePolicy: index=4uuid=00000000-0000-1000-8000-00805f9b34fb
04-01 16:01:47.330  2847  2847 D BluetoothPhonePolicy: index=5uuid=00000000-0000-1000-8000-00805f9b34fb
04-01 16:01:47.330  2847  2847 D BluetoothPhonePolicy: processInitProfilePriorities() - device 30:C0:1B:21:62:1E
04-01 16:01:47.330  2847  2847 D HidService: getHidService(): returning com.android.bluetooth.hid.HidService@1d3fe19
04-01 16:01:47.331  2847  2847 D BluetoothAdapterProperties: PROFILE_CONNECTION_STATE_CHANGE: profile=1, device=30:C0:1B:21:62:1E, 0 -> 1
04-01 16:01:47.331  2847  2847 D BluetoothAdapterProperties: ADAPTER_CONNECTION_STATE_CHANGE: 30:C0:1B:21:62:1E: 0 -> 1
04-01 16:01:47.332  2847  2847 D A2dpStateMachine: Connection state 30:C0:1B:21:62:1E: 0->1
04-01 16:01:47.333  2847  2847 D BluetoothPhonePolicy: processProfileStateChanged, device=30:C0:1B:21:62:1E, profile=1, 0 -> 1
04-01 16:01:47.333  2847  2847 D BluetoothAdapterProperties: PROFILE_CONNECTION_STATE_CHANGE: profile=2, device=30:C0:1B:21:62:1E, 0 -> 1
04-01 16:01:47.334  2847  2847 D BluetoothPhonePolicy: processProfileStateChanged, device=30:C0:1B:21:62:1E, profile=2, 0 -> 1
04-01 16:01:48.021  2847  3291 W bt_btif : bta_dm_acl_change info: 0x10
04-01 16:01:48.022  2847  2969 D bt_btif_dm: remote version info [30:c0:1b:21:62:1e]: 8, a, 307e
04-01 16:01:48.077  2847  3291 W bt_sdp  : process_service_search_attr_rsp
04-01 16:01:48.081  2847  3291 I bt_stack: [INFO:port_api.cc(123)] RFCOMM_CreateConnection BDA: 30:c0:1b:21:62:1e
04-01 16:01:48.205  2847  3291 W bt_btif : new conn_srvc id:5, app_id:0
04-01 16:01:48.205  2847  3291 W bt_btif : bta_dm_pm_ssr conn_srvc id:5, app_id:0
04-01 16:01:48.205  2847  3291 W bt_btif : bta_dm_pm_ssr ssr:2, lat:1200
04-01 16:01:48.205  2847  2969 I BluetoothHeadsetServiceJni: connection_state_callback
04-01 16:01:48.205  2847  3341 D HeadsetStateMachine: Pending: processConnectionEvent, state=2, device=30:C0:1B:21:62:1E
04-01 16:01:48.240  2847  3341 I BluetoothHeadsetServiceJni: cindResponseNative: sBluetoothHfpInterface: 0x7ef4db7b48
04-01 16:01:48.260  2847  2969 I BluetoothHeadsetServiceJni: connection_state_callback
04-01 16:01:48.260  2847  2969 I bt_btif_queue: queue_int_advance: removing connection request UUID=111F, bd_addr=30:c0:1b:21:62:1e, busy=1
04-01 16:01:48.260  2847  2969 I bt_btif_queue: btif_queue_connect_next: executing connection request UUID=110A, bd_addr=30:c0:1b:21:62:1e, busy=0
04-01 16:01:48.260  2847  3341 D HeadsetStateMachine: Pending: processConnectionEvent, state=3, device=30:C0:1B:21:62:1E
04-01 16:01:48.260  2847  2969 I BluetoothA2dpServiceJni: bta2dp_connection_state_callback
04-01 16:01:48.260  2847  3291 E bt_btif : bta_av_save_addr: reset flags
04-01 16:01:48.261  2847  3343 D A2dpStateMachine: Pending process message: 101
04-01 16:01:48.261  2847  3343 D A2dpStateMachine: Stack and target device are connecting
04-01 16:01:48.261  2847  3341 D HeadsetStateMachine: Pending: added 30:C0:1B:21:62:1E to mConnectedDevicesList, requested by us
04-01 16:01:48.263  2847  3341 D HeadsetStateMachine: configAudioParameters for device:30:C0:1B:21:62:1E are: nrec = 1
04-01 16:01:48.265  2847  3341 D HeadsetStateMachine: Pending: removed CONNECT_TIMEOUT for device=30:C0:1B:21:62:1E
04-01 16:01:48.266  2847  2847 D BluetoothAdapterProperties: PROFILE_CONNECTION_STATE_CHANGE: profile=1, device=30:C0:1B:21:62:1E, 1 -> 2
04-01 16:01:48.266  2847  2847 D BluetoothAdapterProperties: ADAPTER_CONNECTION_STATE_CHANGE: 30:C0:1B:21:62:1E: 1 -> 2
04-01 16:01:48.266  2847  2847 D BluetoothPhonePolicy: processProfileStateChanged, device=30:C0:1B:21:62:1E, profile=1, 1 -> 2
04-01 16:01:48.266  2847  2847 D BluetoothAdapterService: isQuetModeEnabled() - Enabled = false
04-01 16:01:48.297  2847  3291 E bt_btif : bta_av_rc_create ACP handle exist for shdl:0
04-01 16:01:48.297  2847  3291 W bt_btif : bta_dm_rm_cback:0, status:0
04-01 16:01:48.297  2847  3291 W bt_btif : new conn_srvc id:18, app_id:0
04-01 16:01:48.297  2847  2969 W bt_btif : btif_av_state_opening_handler: device 30:c0:1b:21:62:1e is already connecting, ignore incoming request
04-01 16:01:48.297  2847  3291 W bt_btif : bta_dm_pm_ssr conn_srvc id:5, app_id:0
04-01 16:01:48.297  2847  3291 W bt_btif : bta_dm_pm_ssr conn_srvc id:18, app_id:0
04-01 16:01:48.297  2847  3291 W bt_btif : bta_dm_pm_ssr ssr:2, lat:1200
04-01 16:01:48.314  2847  3291 W bt_sdp  : process_service_search_attr_rsp
04-01 16:01:48.320  2847  3341 D HeadsetStateMachine: Starting CLCC response timeout for device: 30:C0:1B:21:62:1E
04-01 16:01:48.374  2847  3341 E HeadsetStateMachine: processVendorSpecificAt: unsupported command: +CSRSF=0,0,0,1,0,0,0
04-01 16:01:50.343  2847  3291 E a2dp_sbc: A2DP_DumpCodecInfoSbc: A2DP_ParseInfoSbc fail:13
04-01 16:01:50.343  2847  2969 I BluetoothA2dpServiceJni: bta2dp_audio_config_callback
04-01 16:01:50.344  2847  2969 D A2dpStateMachine: A2DP Codec Config: null->{codecName:SBC,mCodecType:0,mCodecPriority:1001,mSampleRate:0x1(44100),mBitsPerSample:0x1(16),mChannelMode:0x2(STEREO),mCodecSpecific1:0,mCodecSpecific2:0,mCodecSpecific3:0,mCodecSpecific4:0}
04-01 16:01:50.344  2847  2969 D A2dpStateMachine: A2DP Codec Local Capability: {codecName:LDAC,mCodecType:4,mCodecPriority:5001,mSampleRate:0xf(44100|48000|88200|96000),mBitsPerSample:0x7(16|24|32),mChannelMode:0x2(STEREO),mCodecSpecific1:0,mCodecSpecific2:0,mCodecSpecific3:0,mCodecSpecific4:0}
04-01 16:01:50.344  2847  2969 D A2dpStateMachine: A2DP Codec Local Capability: {codecName:AAC,mCodecType:1,mCodecPriority:2001,mSampleRate:0x1(44100),mBitsPerSample:0x1(16),mChannelMode:0x2(STEREO),mCodecSpecific1:0,mCodecSpecific2:0,mCodecSpecific3:0,mCodecSpecific4:0}
04-01 16:01:50.345  2847  2969 D A2dpStateMachine: A2DP Codec Local Capability: {codecName:SBC,mCodecType:0,mCodecPriority:1001,mSampleRate:0x1(44100),mBitsPerSample:0x1(16),mChannelMode:0x3(MONO|STEREO),mCodecSpecific1:0,mCodecSpecific2:0,mCodecSpecific3:0,mCodecSpecific4:0}
04-01 16:01:50.345  2847  2969 D A2dpStateMachine: A2DP Codec Selectable Capability: {codecName:SBC,mCodecType:0,mCodecPriority:1001,mSampleRate:0x1(44100),mBitsPerSample:0x1(16),mChannelMode:0x3(MONO|STEREO),mCodecSpecific1:0,mCodecSpecific2:0,mCodecSpecific3:0,mCodecSpecific4:0}
04-01 16:01:50.357  2847  3291 I bt_bta_av: bta_av_rc_opened allow incoming AVRCP connections:1
04-01 16:01:50.357  2847  3291 E bt_btif : bta_av_rc_opened rcb[0] shdl:1 lidx:3/0
04-01 16:01:50.357  2847  2969 I BluetoothAvrcpControllerJni: btavrcp_connection_state_callback: conn state: rc: 1 br: 0
04-01 16:01:50.358  2847  2969 D AvrcpControllerService: onConnectionStateChanged true false30:C0:1B:21:62:1E conn device null
04-01 16:01:50.358  2847  2969 V BluetoothAvrcpControllerJni: btavrcp_get_rcfeatures_callback
04-01 16:01:50.358  2847  3357 D AvrcpControllerSM:  HandleMessage: CB_CONN_CHANGED
04-01 16:01:50.359  2847  3357 D AvrcpControllerSM:  HandleMessage: CB_RC_FEATURES
04-01 16:01:50.359  2847  3357 D A2dpSinkService: getA2dpSinkService(): service is NULL
04-01 16:01:50.361  2847  2847 D BluetoothAdapterProperties: PROFILE_CONNECTION_STATE_CHANGE: profile=12, device=30:C0:1B:21:62:1E, 0 -> 2
04-01 16:01:50.361  2847  2847 W BluetoothAdapterProperties: PROFILE_CONNECTION_STATE_CHANGE: unexpected transition for profile=12, device=30:C0:1B:21:62:1E, 0 -> 2
04-01 16:01:50.381  2847  3291 W bt_btif : bta_dm_rm_cback:0, status:0
04-01 16:01:50.381  2847  3291 W bt_btif : bta_dm_pm_ssr conn_srvc id:5, app_id:0
04-01 16:01:50.381  2847  3291 W bt_btif : bta_dm_pm_ssr conn_srvc id:18, app_id:0
04-01 16:01:50.381  2847  3291 W bt_btif : bta_dm_pm_ssr ssr:2, lat:1200
04-01 16:01:50.381  2847  2969 W bt_btif : btif_av_state_opening_handler: BTA_AV_OPEN_EVT status=0, edr=0x3
04-01 16:01:50.381  2847  2969 I BluetoothA2dpServiceJni: bta2dp_connection_state_callback
04-01 16:01:50.382  2847  3343 D A2dpStateMachine: Pending process message: 101
04-01 16:01:50.382  2847  2969 I bt_btif_queue: queue_int_advance: removing connection request UUID=110A, bd_addr=30:c0:1b:21:62:1e, busy=1
04-01 16:01:50.383  2847  3343 D A2dpStateMachine: Enter Connected: 101
04-01 16:01:50.384  2847  2847 D A2dpStateMachine: Connection state 30:C0:1B:21:62:1E: 1->2
04-01 16:01:50.384  2847  2847 D BluetoothAdapterProperties: PROFILE_CONNECTION_STATE_CHANGE: profile=2, device=30:C0:1B:21:62:1E, 1 -> 2
04-01 16:01:50.385  2847  3343 D A2dpStateMachine: A2DP Playing state : device: 30:C0:1B:21:62:1E State:10->11
04-01 16:01:50.386  2847  2847 D BluetoothPhonePolicy: processProfileStateChanged, device=30:C0:1B:21:62:1E, profile=2, 1 -> 2
04-01 16:01:50.387  2847  3345 W bt_btif : btif_a2dp_ctrl_cb: A2DP-CTRL-CHANNEL EVENT UIPC_OPEN_EVT
