04-01 16:01:50.387  2847  3345 W bt_btif : btif_a2dp_ctrl_cb: A2DP-CTRL-CHANNEL EVENT UIPC_RX_DATA_READY_EVT
04-01 16:01:50.387  2847  3345 W bt_btif : btif_a2dp_recv_ctrl_data: a2dp-ctrl-cmd : A2DP_CTRL_CMD_CHECK_READY
04-01 16:01:50.387  2847  3345 W bt_btif : btif_a2dp_command_ack: ## a2dp ack : A2DP_CTRL_CMD_CHECK_READY, status 0 ##
04-01 16:01:50.387  2847  3345 W bt_btif : btif_a2dp_recv_ctrl_data: a2dp-ctrl-cmd : A2DP_CTRL_CMD_CHECK_READY DONE
04-01 16:01:50.387  2847  3345 W bt_btif : btif_a2dp_ctrl_cb: A2DP-CTRL-CHANNEL EVENT UIPC_RX_DATA_READY_EVT
04-01 16:01:50.387  2847  3345 W bt_btif : btif_a2dp_recv_ctrl_data: a2dp-ctrl-cmd : A2DP_CTRL_GET_OUTPUT_AUDIO_CONFIG
04-01 16:01:50.387  2847  3345 W bt_btif : btif_a2dp_command_ack: ## a2dp ack : A2DP_CTRL_GET_OUTPUT_AUDIO_CONFIG, status 0 ##
04-01 16:01:50.387  2847  3345 W bt_btif : btif_a2dp_recv_ctrl_data: a2dp-ctrl-cmd : A2DP_CTRL_GET_OUTPUT_AUDIO_CONFIG DONE
04-01 16:01:50.387  2847  3345 W bt_btif : btif_a2dp_ctrl_cb: A2DP-CTRL-CHANNEL EVENT UIPC_RX_DATA_READY_EVT
04-01 16:01:50.387  2847  3345 W bt_btif : btif_a2dp_recv_ctrl_data: a2dp-ctrl-cmd : A2DP_CTRL_SET_OUTPUT_AUDIO_CONFIG
04-01 16:01:50.387  2847  3345 W bt_btif : btif_a2dp_command_ack: ## a2dp ack : A2DP_CTRL_SET_OUTPUT_AUDIO_CONFIG, status 0 ##
04-01 16:01:50.388  2847  3345 W bt_btif : btif_a2dp_recv_ctrl_data: a2dp-ctrl-cmd : A2DP_CTRL_SET_OUTPUT_AUDIO_CONFIG DONE
04-01 16:01:50.388  2847  3344 D a2dp_sbc_encoder: a2dp_sbc_encoder_update: sample_rate=44100 bits_per_sample=16 channel_count=2
04-01 16:01:50.388  2847  3345 W bt_btif : btif_a2dp_ctrl_cb: A2DP-CTRL-CHANNEL EVENT UIPC_RX_DATA_READY_EVT
04-01 16:01:50.388  2847  3344 D a2dp_sbc_encoder: a2dp_sbc_encoder_update: MTU=883, peer_mtu=883 min_bitpool=2 max_bitpool=53
04-01 16:01:50.388  2847  3345 W bt_btif : btif_a2dp_recv_ctrl_data: a2dp-ctrl-cmd : A2DP_CTRL_GET_OUTPUT_AUDIO_CONFIG
04-01 16:01:50.388  2847  3344 D a2dp_sbc_encoder: a2dp_sbc_encoder_update: ChannelMode=3, NumOfSubBands=8, NumOfBlocks=16, AllocationMethod=0, BitRate=328, SamplingFreq=44100 BitPool=0
04-01 16:01:50.388  2847  3344 D a2dp_sbc_encoder: a2dp_sbc_encoder_update: bitpool candidate: 53 (328 kbps)
04-01 16:01:50.388  2847  3344 D a2dp_sbc_encoder: a2dp_sbc_encoder_update: final bit rate 328, final bit pool 53
04-01 16:01:50.388  2847  3345 W bt_btif : btif_a2dp_command_ack: ## a2dp ack : A2DP_CTRL_GET_OUTPUT_AUDIO_CONFIG, status 0 ##
04-01 16:01:50.388  2847  3345 W bt_btif : btif_a2dp_recv_ctrl_data: a2dp-ctrl-cmd : A2DP_CTRL_GET_OUTPUT_AUDIO_CONFIG DONE
04-01 16:01:50.388  2847  3342 V Avrcp   : MSG_NATIVE_REQ_GET_RC_FEATURES: address=30:C0:1B:21:62:1E, features=0, mFeatures=0
04-01 16:01:50.544  2847  3291 E bt_btm  : tBTM_SEC_DEV:0x2866e88 rs_disc_pending=0
04-01 16:01:50.544  2847  3291 W bt_btif : bta_dm_check_av:0
04-01 16:01:50.544  2847  2969 W bt_btif : btif_dm_cback : unhandled event (14)
04-01 16:01:50.638  2847  3345 W bt_btif : btif_a2dp_ctrl_cb: A2DP-CTRL-CHANNEL EVENT UIPC_RX_DATA_READY_EVT
04-01 16:01:50.638  2847  3345 W bt_btif : btif_a2dp_recv_ctrl_data: a2dp-ctrl-cmd : A2DP_CTRL_GET_OUTPUT_AUDIO_CONFIG
04-01 16:01:50.638  2847  3345 W bt_btif : btif_a2dp_command_ack: ## a2dp ack : A2DP_CTRL_GET_OUTPUT_AUDIO_CONFIG, status 0 ##
04-01 16:01:50.639  2847  3345 W bt_btif : btif_a2dp_recv_ctrl_data: a2dp-ctrl-cmd : A2DP_CTRL_GET_OUTPUT_AUDIO_CONFIG DONE
04-01 16:01:50.639  2847  3345 W bt_btif : btif_a2dp_ctrl_cb: A2DP-CTRL-CHANNEL EVENT UIPC_RX_DATA_READY_EVT
04-01 16:01:50.639  2847  3345 W bt_btif : btif_a2dp_recv_ctrl_data: a2dp-ctrl-cmd : A2DP_CTRL_CMD_SUSPEND
04-01 16:01:50.639  2847  3345 W bt_btif : btif_av_stream_started_ready: sm_handle=234160424 state=2 flags=0x0 ready=0
04-01 16:01:50.639  2847  3345 W bt_btif : btif_a2dp_command_ack: ## a2dp ack : A2DP_CTRL_CMD_SUSPEND, status 0 ##
04-01 16:01:50.639  2847  3345 W bt_btif : btif_a2dp_recv_ctrl_data: a2dp-ctrl-cmd : A2DP_CTRL_CMD_SUSPEND DONE
04-01 16:01:50.640  2847  3345 W bt_btif : btif_a2dp_ctrl_cb: A2DP-CTRL-CHANNEL EVENT UIPC_RX_DATA_READY_EVT
04-01 16:01:50.640  2847  3345 W bt_btif : btif_a2dp_recv_ctrl_data: a2dp-ctrl-cmd : A2DP_CTRL_GET_OUTPUT_AUDIO_CONFIG
04-01 16:01:50.640  2847  3345 W bt_btif : btif_a2dp_command_ack: ## a2dp ack : A2DP_CTRL_GET_OUTPUT_AUDIO_CONFIG, status 0 ##
04-01 16:01:50.640  2847  3345 W bt_btif : btif_a2dp_recv_ctrl_data: a2dp-ctrl-cmd : A2DP_CTRL_GET_OUTPUT_AUDIO_CONFIG DONE
04-01 16:01:50.640  2847  3345 W bt_btif : btif_a2dp_ctrl_cb: A2DP-CTRL-CHANNEL EVENT UIPC_RX_DATA_READY_EVT
04-01 16:01:50.640  2847  3345 W bt_btif : btif_a2dp_recv_ctrl_data: a2dp-ctrl-cmd : A2DP_CTRL_GET_OUTPUT_AUDIO_CONFIG
04-01 16:01:50.640  2847  3345 W bt_btif : btif_a2dp_command_ack: ## a2dp ack : A2DP_CTRL_GET_OUTPUT_AUDIO_CONFIG, status 0 ##
04-01 16:01:50.640  2847  3345 W bt_btif : btif_a2dp_recv_ctrl_data: a2dp-ctrl-cmd : A2DP_CTRL_GET_OUTPUT_AUDIO_CONFIG DONE
04-01 16:01:50.640  2847  3345 W bt_btif : btif_a2dp_ctrl_cb: A2DP-CTRL-CHANNEL EVENT UIPC_RX_DATA_READY_EVT
04-01 16:01:50.640  2847  3345 W bt_btif : btif_a2dp_recv_ctrl_data: a2dp-ctrl-cmd : A2DP_CTRL_GET_OUTPUT_AUDIO_CONFIG
04-01 16:01:50.640  2847  3345 W bt_btif : btif_a2dp_command_ack: ## a2dp ack : A2DP_CTRL_GET_OUTPUT_AUDIO_CONFIG, status 0 ##
04-01 16:01:50.640  2847  3345 W bt_btif : btif_a2dp_recv_ctrl_data: a2dp-ctrl-cmd : A2DP_CTRL_GET_OUTPUT_AUDIO_CONFIG DONE
04-01 16:01:50.641  2847  3345 W bt_btif : btif_a2dp_ctrl_cb: A2DP-CTRL-CHANNEL EVENT UIPC_RX_DATA_READY_EVT
04-01 16:01:50.641  2847  3345 W bt_btif : poll : channel detached remotely
04-01 16:01:50.641  2847  3345 W bt_btif : btif_a2dp_recv_ctrl_data: CTRL CH DETACHED
04-01 16:01:50.641  2847  3345 W bt_btif : btif_a2dp_ctrl_cb: A2DP-CTRL-CHANNEL EVENT UIPC_CLOSE_EVT
04-01 16:01:50.641  2847  3345 W bt_btif : btif_a2dp_ctrl_cb: A2DP-CTRL-CHANNEL EVENT UIPC_OPEN_EVT
04-01 16:01:50.641  2847  3345 W bt_btif : btif_a2dp_ctrl_cb: A2DP-CTRL-CHANNEL EVENT UIPC_RX_DATA_READY_EVT
04-01 16:01:50.641  2847  3345 W bt_btif : btif_a2dp_recv_ctrl_data: a2dp-ctrl-cmd : A2DP_CTRL_CMD_CHECK_READY
04-01 16:01:50.641  2847  3345 W bt_btif : btif_a2dp_command_ack: ## a2dp ack : A2DP_CTRL_CMD_CHECK_READY, status 0 ##
04-01 16:01:50.641  2847  3345 W bt_btif : btif_a2dp_recv_ctrl_data: a2dp-ctrl-cmd : A2DP_CTRL_CMD_CHECK_READY DONE
04-01 16:01:50.641  2847  3345 W bt_btif : btif_a2dp_ctrl_cb: A2DP-CTRL-CHANNEL EVENT UIPC_RX_DATA_READY_EVT
04-01 16:01:50.641  2847  3345 W bt_btif : btif_a2dp_recv_ctrl_data: a2dp-ctrl-cmd : A2DP_CTRL_GET_OUTPUT_AUDIO_CONFIG
04-01 16:01:50.641  2847  3345 W bt_btif : btif_a2dp_command_ack: ## a2dp ack : A2DP_CTRL_GET_OUTPUT_AUDIO_CONFIG, status 0 ##
04-01 16:01:50.641  2847  3345 W bt_btif : btif_a2dp_recv_ctrl_data: a2dp-ctrl-cmd : A2DP_CTRL_GET_OUTPUT_AUDIO_CONFIG DONE
04-01 16:01:50.641  2847  3345 W bt_btif : btif_a2dp_ctrl_cb: A2DP-CTRL-CHANNEL EVENT UIPC_RX_DATA_READY_EVT
04-01 16:01:50.641  2847  3345 W bt_btif : btif_a2dp_recv_ctrl_data: a2dp-ctrl-cmd : A2DP_CTRL_SET_OUTPUT_AUDIO_CONFIG
04-01 16:01:50.641  2847  3345 W bt_btif : btif_a2dp_command_ack: ## a2dp ack : A2DP_CTRL_SET_OUTPUT_AUDIO_CONFIG, status 0 ##
04-01 16:01:50.642  2847  3345 W bt_btif : btif_a2dp_recv_ctrl_data: a2dp-ctrl-cmd : A2DP_CTRL_SET_OUTPUT_AUDIO_CONFIG DONE
04-01 16:01:50.642  2847  3345 W bt_btif : btif_a2dp_ctrl_cb: A2DP-CTRL-CHANNEL EVENT UIPC_RX_DATA_READY_EVT
04-01 16:01:50.642  2847  3344 D a2dp_sbc_encoder: a2dp_sbc_encoder_update: sample_rate=44100 bits_per_sample=16 channel_count=2
04-01 16:01:50.642  2847  3345 W bt_btif : btif_a2dp_recv_ctrl_data: a2dp-ctrl-cmd : A2DP_CTRL_GET_OUTPUT_AUDIO_CONFIG
04-01 16:01:50.642  2847  3344 D a2dp_sbc_encoder: a2dp_sbc_encoder_update: MTU=883, peer_mtu=883 min_bitpool=2 max_bitpool=53
04-01 16:01:50.642  2847  3344 D a2dp_sbc_encoder: a2dp_sbc_encoder_update: ChannelMode=3, NumOfSubBands=8, NumOfBlocks=16, AllocationMethod=0, BitRate=328, SamplingFreq=44100 BitPool=53
04-01 16:01:50.642  2847  3344 D a2dp_sbc_encoder: a2dp_sbc_encoder_update: bitpool candidate: 53 (328 kbps)
04-01 16:01:50.642  2847  3344 D a2dp_sbc_encoder: a2dp_sbc_encoder_update: final bit rate 328, final bit pool 53
04-01 16:01:50.642  2847  3345 W bt_btif : btif_a2dp_command_ack: ## a2dp ack : A2DP_CTRL_GET_OUTPUT_AUDIO_CONFIG, status 0 ##
04-01 16:01:50.642  2847  3345 W bt_btif : btif_a2dp_recv_ctrl_data: a2dp-ctrl-cmd : A2DP_CTRL_GET_OUTPUT_AUDIO_CONFIG DONE
04-01 16:01:50.731  2847  3291 E bt_btm  : tBTM_SEC_DEV:0x2866e88 rs_disc_pending=0
04-01 16:01:50.731  2847  3291 W bt_btif : bta_dm_check_av:0
04-01 16:01:50.731  2847  2969 W bt_btif : btif_dm_cback : unhandled event (14)
04-01 16:01:50.813  2847  3291 W bt_sdp  : process_service_search_attr_rsp
04-01 16:01:50.817  2847  2969 V BluetoothAvrcpControllerJni: btavrcp_get_rcfeatures_callback
04-01 16:01:50.817  2847  3357 D AvrcpControllerSM:  HandleMessage: CB_RC_FEATURES
04-01 16:01:50.818  2847  3357 D A2dpSinkService: getA2dpSinkService(): service is NULL
04-01 16:01:50.818  2847  3342 V Avrcp   : MSG_NATIVE_REQ_GET_RC_FEATURES: address=30:C0:1B:21:62:1E, features=3, mFeatures=3
04-01 16:01:50.853  2847  3342 V Avrcp   : MSG_NATIVE_REQ_VOLUME_CHANGE: volume=59 ctype=15
04-01 16:01:50.892  2847  3345 W bt_btif : btif_a2dp_ctrl_cb: A2DP-CTRL-CHANNEL EVENT UIPC_RX_DATA_READY_EVT
04-01 16:01:50.892  2847  3345 W bt_btif : btif_a2dp_recv_ctrl_data: a2dp-ctrl-cmd : A2DP_CTRL_GET_OUTPUT_AUDIO_CONFIG
04-01 16:01:50.892  2847  3345 W bt_btif : btif_a2dp_command_ack: ## a2dp ack : A2DP_CTRL_GET_OUTPUT_AUDIO_CONFIG, status 0 ##
04-01 16:01:50.892  2847  3345 W bt_btif : btif_a2dp_recv_ctrl_data: a2dp-ctrl-cmd : A2DP_CTRL_GET_OUTPUT_AUDIO_CONFIG DONE
04-01 16:01:50.893  2847  3345 W bt_btif : btif_a2dp_ctrl_cb: A2DP-CTRL-CHANNEL EVENT UIPC_RX_DATA_READY_EVT
04-01 16:01:50.893  2847  3345 W bt_btif : btif_a2dp_recv_ctrl_data: a2dp-ctrl-cmd : A2DP_CTRL_CMD_SUSPEND
04-01 16:01:50.893  2847  3345 W bt_btif : btif_av_stream_started_ready: sm_handle=234160424 state=2 flags=0x0 ready=0
04-01 16:01:50.893  2847  3345 W bt_btif : btif_a2dp_command_ack: ## a2dp ack : A2DP_CTRL_CMD_SUSPEND, status 0 ##
04-01 16:01:50.893  2847  3345 W bt_btif : btif_a2dp_recv_ctrl_data: a2dp-ctrl-cmd : A2DP_CTRL_CMD_SUSPEND DONE
04-01 16:01:50.894  2847  3345 W bt_btif : btif_a2dp_ctrl_cb: A2DP-CTRL-CHANNEL EVENT UIPC_RX_DATA_READY_EVT
04-01 16:01:50.894  2847  3345 W bt_btif : btif_a2dp_recv_ctrl_data: a2dp-ctrl-cmd : A2DP_CTRL_GET_OUTPUT_AUDIO_CONFIG
04-01 16:01:50.894  2847  3345 W bt_btif : btif_a2dp_command_ack: ## a2dp ack : A2DP_CTRL_GET_OUTPUT_AUDIO_CONFIG, status 0 ##
04-01 16:01:50.894  2847  3345 W bt_btif : btif_a2dp_recv_ctrl_data: a2dp-ctrl-cmd : A2DP_CTRL_GET_OUTPUT_AUDIO_CONFIG DONE
04-01 16:01:50.904  2847  3342 E Avrcp   : percent volume changed: 46%
04-01 16:01:50.904  2847  3342 V Avrcp   : MSG_NATIVE_REQ_REGISTER_NOTIFICATION:event=1 param=0
04-01 16:01:50.904  2847  3342 V Avrcp   : updatePlaybackState (1): 0➡0(PlaybackState {state=0, position=-1, buffered position=0, speed=0.0, updated=15256, actions=0, custom actions=[], active item id=-1, error=null})
04-01 16:01:50.932  2847  3342 V Avrcp   : MSG_NATIVE_REQ_REGISTER_NOTIFICATION:event=5 param=1
04-01 16:01:50.933  2847  3342 D Avrcp   : sendPlayPosNotificationRsp: (true) -1 <=? -1 <=? -1 State: 0
04-01 16:01:52.874  2847  2847 D BluetoothOppFileProvider: Initialized
04-01 16:01:52.941  2847  2847 D Avrcp   : User unlocked, initializing player lists
04-01 16:01:52.942  2847  2847 V Avrcp   : updatePlaybackState (0): 0➡0(PlaybackState {state=0, position=-1, buffered position=0, speed=0.0, updated=17294, actions=0, custom actions=[], active item id=-1, error=null})
04-01 16:01:52.942  2847  2847 I Avrcp   : Skipping update due to invalid playback state
04-01 16:01:52.942  2847  2847 E Avrcp   : play status change 0➡0 mPlayStatusChangedNT: 0
04-01 16:01:52.944  2847  2847 D Avrcp   : sendPlayPosNotificationRsp: (false) -1 <=? -1 <=? -1 State: 0
04-01 16:01:52.980  2847  3342 V Avrcp   : MSG_NATIVE_REQ_REGISTER_NOTIFICATION:event=1 param=0
04-01 16:01:52.980  2847  3342 V Avrcp   : updatePlaybackState (1): 0➡0(PlaybackState {state=0, position=-1, buffered position=0, speed=0.0, updated=17332, actions=0, custom actions=[], active item id=-1, error=null})
04-01 16:01:53.012  2847  3342 V Avrcp   : MSG_NATIVE_REQ_REGISTER_NOTIFICATION:event=5 param=1
04-01 16:01:53.013  2847  3342 D Avrcp   : sendPlayPosNotificationRsp: (true) -1 <=? -1 <=? -1 State: 0
04-01 16:01:54.269  2847  2847 D BluetoothPhonePolicy: processConnectOtherProfiles, device=30:C0:1B:21:62:1E
04-01 16:02:03.423  2847  3341 D HeadsetPhoneState: sendDeviceStateChanged. mService=0 mIsSimStateLoaded=false mSignal=0 mRoam=0 mBatteryCharge=4
04-01 16:05:49.836  2847  3291 W bt_btif : bta_dm_acl_change info: 0x10
04-01 16:05:49.837  2847  2969 D bt_btif_dm: remote version info [a0:a4:c5:68:0f:dc]: 8, 2, 100
04-01 16:05:49.840  2847  2969 E BluetoothRemoteDevices: aclStateChangeCallback: device is NULL, address=A0:A4:C5:68:0F:DC, newState=0
04-01 16:05:50.188  2847  2969 D bt_btif_config: btif_get_device_type: Device [a0:a4:c5:68:0f:dc] type 1
04-01 16:05:50.188  2847  2969 I bt_btif_dm: get_cod remote_cod = 0x000c010c
04-01 16:05:50.189  2847  2969 I BluetoothBondStateMachine: bondStateChangeCallback: Status: 0 Address: A0:A4:C5:68:0F:DC newState: 1
04-01 16:05:50.190  2847  2969 I bt_btif_dm: get_cod remote_cod = 0x000c010c
04-01 16:05:50.194  2847  3224 I BluetoothBondStateMachine: Bond State Change Intent:A0:A4:C5:68:0F:DC OldState: 10 NewState: 11
04-01 16:05:50.195  2847  3224 I BluetoothBondStateMachine: Entering PendingCommandState State
04-01 16:05:51.320  2847  2969 D bt_btif_config: btif_get_device_type: Device [a0:a4:c5:68:0f:dc] type 1
04-01 16:05:51.320  2847  2969 I bt_btif_dm: get_cod remote_cod = 0x000c010c
04-01 16:05:51.321  2847  2969 I BluetoothBondStateMachine: bondStateChangeCallback: Status: 0 Address: A0:A4:C5:68:0F:DC newState: 0
04-01 16:05:51.321  2847  3224 D BluetoothAdapterProperties: Failed to remove device: A0:A4:C5:68:0F:DC
04-01 16:05:51.324  2847  3224 I BluetoothBondStateMachine: Bond State Change Intent:A0:A4:C5:68:0F:DC OldState: 11 NewState: 10
04-01 16:05:51.326  2847  3224 D HidService: getHidService(): returning com.android.bluetooth.hid.HidService@1d3fe19
04-01 16:05:51.326  2847  3224 D A2dpSinkService: getA2dpSinkService(): service is NULL
04-01 16:05:51.328  2847  3224 D HidService: Saved priority A0:A4:C5:68:0F:DC = -1
04-01 16:05:51.334  2847  3224 I BluetoothBondStateMachine: StableState(): Entering Off State
04-01 16:06:04.600  2847  3341 D HeadsetPhoneState: sendDeviceStateChanged. mService=0 mIsSimStateLoaded=false mSignal=0 mRoam=0 mBatteryCharge=5
04-01 16:06:35.466  2847  3291 I bt_btm_sec: btm_sec_disconnected clearing pending flag handle:3 reason:19
04-01 16:06:35.467  2847  2969 W bt_btif : btif_av_move_idle: ACL Disconnected state 2 bd_addr=a0:a4:c5:68:0f:dc peer_bda=30:c0:1b:21:62:1e
04-01 16:06:35.476  2847  2847 D BluetoothMapService: onReceive
04-01 16:06:35.477  2847  2847 D BluetoothMapService: onReceive: android.bluetooth.device.action.ACL_DISCONNECTED
04-01 16:06:35.477  2847  2847 D BluetoothPbapService: action: android.bluetooth.device.action.ACL_DISCONNECTED
04-01 16:06:35.478  2847  2847 D BluetoothPbapService: state: -2147483648
04-01 16:06:35.478  2847  2847 W BluetoothPbapService: Unrecognized intent!
04-01 16:07:52.707  2847  3291 W bt_btif : bta_dm_acl_change info: 0x10
04-01 16:07:52.709  2847  2969 D bt_btif_dm: remote version info [a0:a4:c5:68:0f:dc]: 0, 0, 0
04-01 16:07:53.053  2847  2969 D bt_btif_config: btif_get_device_type: Device [a0:a4:c5:68:0f:dc] type 1
04-01 16:07:53.061  2847  2969 D bt_btif_config: btif_get_device_type: Device [a0:a4:c5:68:0f:dc] type 1
04-01 16:07:53.061  2847  2969 I bt_btif_dm: get_cod remote_cod = 0x000c010c
04-01 16:07:53.064  2847  2969 I BluetoothBondStateMachine: bondStateChangeCallback: Status: 0 Address: A0:A4:C5:68:0F:DC newState: 1
04-01 16:07:53.069  2847  3224 I BluetoothBondStateMachine: Bond State Change Intent:A0:A4:C5:68:0F:DC OldState: 10 NewState: 11
04-01 16:07:53.069  2847  3224 I BluetoothBondStateMachine: Entering PendingCommandState State
04-01 16:07:53.070  2847  2969 I bt_btif_dm: get_cod remote_cod = 0x000c010c
04-01 16:07:54.182  2847  2969 D bt_btif_config: btif_get_device_type: Device [a0:a4:c5:68:0f:dc] type 1
04-01 16:07:54.182  2847  2969 I bt_btif_dm: get_cod remote_cod = 0x000c010c
04-01 16:07:54.183  2847  2969 I BluetoothBondStateMachine: bondStateChangeCallback: Status: 0 Address: A0:A4:C5:68:0F:DC newState: 0
04-01 16:07:54.184  2847  3224 D BluetoothAdapterProperties: Failed to remove device: A0:A4:C5:68:0F:DC
04-01 16:07:54.185  2847  3224 I BluetoothBondStateMachine: Bond State Change Intent:A0:A4:C5:68:0F:DC OldState: 11 NewState: 10
04-01 16:07:54.188  2847  3224 D HidService: getHidService(): returning com.android.bluetooth.hid.HidService@1d3fe19
04-01 16:07:54.188  2847  3224 D A2dpSinkService: getA2dpSinkService(): service is NULL
04-01 16:07:54.190  2847  3224 D HidService: Saved priority A0:A4:C5:68:0F:DC = -1
04-01 16:07:54.198  2847  3224 I BluetoothBondStateMachine: StableState(): Entering Off State
04-01 16:08:27.597  2847  3291 I bt_btm_sec: btm_sec_disconnected clearing pending flag handle:4 reason:19
04-01 16:08:27.597  2847  2969 W bt_btif : btif_av_move_idle: ACL Disconnected state 2 bd_addr=a0:a4:c5:68:0f:dc peer_bda=30:c0:1b:21:62:1e
04-01 16:08:27.606  2847  2847 D BluetoothMapService: onReceive
04-01 16:08:27.606  2847  2847 D BluetoothMapService: onReceive: android.bluetooth.device.action.ACL_DISCONNECTED
04-01 16:08:27.607  2847  2847 D BluetoothPbapService: action: android.bluetooth.device.action.ACL_DISCONNECTED
04-01 16:08:27.607  2847  2847 D BluetoothPbapService: state: -2147483648
04-01 16:08:27.607  2847  2847 W BluetoothPbapService: Unrecognized intent!
04-01 16:08:59.258  2847  3291 W bt_btif : bta_dm_acl_change info: 0x10
04-01 16:08:59.259  2847  2969 D bt_btif_dm: remote version info [a0:a4:c5:68:0f:dc]: 0, 0, 0
04-01 16:08:59.616  2847  2969 D bt_btif_config: btif_get_device_type: Device [a0:a4:c5:68:0f:dc] type 1
04-01 16:08:59.625  2847  2969 D bt_btif_config: btif_get_device_type: Device [a0:a4:c5:68:0f:dc] type 1
04-01 16:08:59.625  2847  2969 I bt_btif_dm: get_cod remote_cod = 0x000c010c
04-01 16:08:59.626  2847  2969 I BluetoothBondStateMachine: bondStateChangeCallback: Status: 0 Address: A0:A4:C5:68:0F:DC newState: 1
04-01 16:08:59.628  2847  2969 I bt_btif_dm: get_cod remote_cod = 0x000c010c
04-01 16:08:59.631  2847  3224 I BluetoothBondStateMachine: Bond State Change Intent:A0:A4:C5:68:0F:DC OldState: 10 NewState: 11
04-01 16:08:59.631  2847  3224 I BluetoothBondStateMachine: Entering PendingCommandState State
04-01 16:09:00.665  2847  3291 W bt_l2cap: L2CAP ignoring duplicate echo request (0)
04-01 16:09:00.667  2847  3236 W bt_hci_packet_fragmenter: reassemble_and_dispatch got packet which would exceed expected length of 84. Truncating.
04-01 16:09:00.668  2847  3291 F bt_stack: [FATAL:allocation_tracker.cc(161)] Check failed: end_canary[i] == canary[i]. 
--------- beginning of crash
04-01 16:09:00.668  2847  3291 F libc    : Fatal signal 6 (SIGABRT), code -6 in tid 3291 (btu message loo), pid 2847 (droid.bluetooth)
