--------- beginning of main
04-01 16:56:43.913  5305  5305 D BluetoothOppFileProvider: Initialized
04-01 16:56:43.929  5305  5305 D AdapterServiceConfig: Adding HeadsetService
04-01 16:56:43.930  5305  5305 D AdapterServiceConfig: Adding A2dpService
04-01 16:56:43.930  5305  5305 D AdapterServiceConfig: Adding HidService
04-01 16:56:43.930  5305  5305 D AdapterServiceConfig: Adding HealthService
04-01 16:56:43.930  5305  5305 D AdapterServiceConfig: Adding PanService
04-01 16:56:43.930  5305  5305 D AdapterServiceConfig: Adding GattService
04-01 16:56:43.930  5305  5305 D AdapterServiceConfig: Adding BluetoothMapService
04-01 16:56:43.930  5305  5305 D AdapterServiceConfig: Adding HeadsetClientService
04-01 16:56:43.931  5305  5305 D AdapterServiceConfig: Adding AvrcpControllerService
04-01 16:56:43.931  5305  5305 D AdapterServiceConfig: Adding SapService
04-01 16:56:43.931  5305  5305 W AdapterServiceConfig: Could not find profile bit mask
04-01 16:56:43.931  5305  5305 D AdapterServiceConfig: Adding BluetoothOppService
04-01 16:56:43.931  5305  5305 W AdapterServiceConfig: Could not find profile bit mask
04-01 16:56:43.931  5305  5305 D AdapterServiceConfig: Adding BluetoothPbapService
04-01 16:56:43.946  5305  5305 D BluetoothAdapterService: onCreate()
04-01 16:56:43.950  5305  5305 D BluetoothAdapterState: make() - Creating AdapterState
04-01 16:56:43.952  5305  5305 I bt_btif : init
04-01 16:56:43.952  5305  5320 I BluetoothAdapterState: Entering OffState
04-01 16:56:43.952  5305  5305 D bt_osi_allocation_tracker: canary initialized
04-01 16:56:43.953  5305  5321 I bt_osi_thread: run_thread: thread id 5321, thread name stack_manager started
04-01 16:56:43.953  5305  5321 I bt_stack_manager: event_init_stack is initializing the stack
04-01 16:56:43.954  5305  5324 I bt_osi_thread: run_thread: thread id 5324, thread name alarm_default_ca started
04-01 16:56:43.955  5305  5325 I bt_osi_thread: run_thread: thread id 5325, thread name alarm_dispatcher started
04-01 16:56:43.957  5305  5321 I bt_btif_core: btif_init_bluetooth entered
04-01 16:56:43.957  5305  5321 I bt_stack_config: init attempt to load stack conf from /etc/bluetooth/bt_stack.conf
04-01 16:56:43.958  5305  5326 I bt_osi_thread: run_thread: thread id 5326, thread name bt_jni_workqueue started
04-01 16:56:43.958  5305  5321 I bt_btif_core: btif_init_bluetooth finished
04-01 16:56:43.958  5305  5321 I bt_stack_manager: event_init_stack finished
04-01 16:56:43.958  5305  5326 I bt_btif_core: run_message_loop entered
04-01 16:56:43.958  5305  5305 I bt_osi_wakelock: wakelock_set_os_callouts set to non-native
04-01 16:56:43.958  5305  5305 I bt_btif : get_profile_interface: id = socket
04-01 16:56:43.959  5305  5326 E bt_btif_storage: btif_storage_get_adapter_property: Controller not ready! Unable to return Bluetooth Address
04-01 16:56:43.959  5305  5326 E BluetoothServiceJni: adapter_properties_callback: Status 1 is incorrect
04-01 16:56:43.960  5305  5305 I bt_btif : get_profile_interface: id = sdp
04-01 16:56:43.961  5305  5326 D BluetoothAdapterProperties: Name is: LeEco Le 2
04-01 16:56:43.963  5305  5305 I BluetoothAdapterService: Phone policy enabled
04-01 16:56:43.965  5305  5305 D BluetoothAdapterService: setAdapterService() - set to: null
04-01 16:56:43.966  5305  5305 D BluetoothAdapterService: onBind()
04-01 16:56:43.973  5305  5305 I BtGatt.JNI: classInitNative(L871): classInitNative: Success!
04-01 16:56:43.981  5305  5318 D BluetoothAdapterService: enable() - Enable called with quiet mode status =  false
04-01 16:56:43.981  5305  5320 D BluetoothAdapterState: Current state: OFF, message: 0
04-01 16:56:43.981  5305  5320 D BluetoothAdapterProperties: Setting state to 14
04-01 16:56:43.981  5305  5320 I BluetoothAdapterState: Bluetooth adapter state changed: 10-> 14
04-01 16:56:43.981  5305  5320 D BluetoothAdapterService: updateAdapterState() - Broadcasting state to 1 receivers.
04-01 16:56:43.982  5305  5320 D BluetoothAdapterService: BleOnProcessStart()
04-01 16:56:43.984  5305  5320 D BluetoothAdapterService: BleOnProcessStart() - Make Bond State Machine
04-01 16:56:43.984  5305  5320 D BluetoothBondStateMachine: make
04-01 16:56:43.985  5305  5332 I BluetoothBondStateMachine: StableState(): Entering Off State
04-01 16:56:43.986  5305  5320 D BluetoothAdapterService: setProfileServiceState() - Starting service com.android.bluetooth.gatt.GattService
04-01 16:56:43.987  5305  5320 I BluetoothAdapterState: Entering PendingCommandState
04-01 16:56:43.987  5305  5305 D BtGatt.DebugUtils: handleDebugAction() action=null
04-01 16:56:43.988  5305  5305 D BluetoothAdapterService: getAdapterService() - returning com.android.bluetooth.btservice.AdapterService@d5ffa7f
04-01 16:56:43.988  5305  5305 D BtGatt.GattService: Received start request. Starting profile...
04-01 16:56:43.988  5305  5305 I bt_btif : get_profile_interface: id = gatt
04-01 16:56:43.989  5305  5305 D BluetoothAdapterService: getAdapterService() - returning com.android.bluetooth.btservice.AdapterService@d5ffa7f
04-01 16:56:43.993  5305  5305 I chatty  : uid=1002(bluetooth) com.android.bluetooth identical 1 line
04-01 16:56:43.993  5305  5305 D BluetoothAdapterService: getAdapterService() - returning com.android.bluetooth.btservice.AdapterService@d5ffa7f
04-01 16:56:43.994  5305  5305 D BluetoothAdapterService: handleMessage() - Message: 1
04-01 16:56:43.994  5305  5305 D BluetoothAdapterService: handleMessage() - MESSAGE_PROFILE_SERVICE_STATE_CHANGED
04-01 16:56:43.995  5305  5305 D BluetoothAdapterService: processProfileServiceStateChanged() - serviceName=com.android.bluetooth.gatt.GattService isTurningOn=false isTurningOff=false isBleTurningOn=true isBleTurningOff=false
04-01 16:56:43.995  5305  5305 D BluetoothAdapterService: GattService is started
04-01 16:56:43.995  5305  5320 V BluetoothAdapterState: PendingCommand - transient state(s): isBleTurningOn
04-01 16:56:43.995  5305  5320 D BluetoothAdapterState: Current state: PENDING_COMMAND, message: 4
04-01 16:56:43.997  5305  5320 I bt_btif : enable: start restricted = 0
04-01 16:56:43.997  5305  5321 I bt_stack_manager: event_start_up_stack is bringing up the stack
04-01 16:56:43.997  5305  5321 I bt_core_module: module_start_up Starting module "btif_config_module"
04-01 16:56:43.997  5305  5321 I bt_core_module: module_start_up Started module "btif_config_module"
04-01 16:56:43.998  5305  5321 I bt_core_module: module_start_up Starting module "btsnoop_module"
04-01 16:56:43.998  5305  5321 I bt_core_module: module_start_up Started module "btsnoop_module"
04-01 16:56:43.998  5305  5321 I bt_core_module: module_start_up Starting module "hci_module"
04-01 16:56:43.998  5305  5321 I bt_hci  : hci_module_start_up
04-01 16:56:43.998  5305  5336 I bt_osi_thread: run_thread: thread id 5336, thread name hci_thread started
04-01 16:56:43.999  5305  5321 D bt_hci  : hci_module_start_up starting async portion
04-01 16:56:43.999  5305  5336 I bt_hci  : hci_initialize
04-01 16:56:44.002  5305  5336 I bt_hci  : hci_initialize: IBluetoothHci::getService() returned 0x7ef6a3d480 (remote)
04-01 16:56:44.101  5305  5336 I bt_hci  : event_finish_startup
04-01 16:56:44.101  5305  5321 I bt_core_module: module_start_up Started module "hci_module"
04-01 16:56:44.101  5305  5342 I bt_osi_thread: run_thread: thread id 5342, thread name bt_workqueue started
04-01 16:56:44.102  5305  5342 I         : [0401/165644:INFO:btu_task.cc(107)] Bluetooth chip preload is complete
04-01 16:56:44.103  5305  5342 I         : [0401/165644:INFO:gatt_api.cc(1004)] GATT_Register
04-01 16:56:44.103  5305  5342 I         : [0401/165644:INFO:gatt_api.cc(1027)] allocated gatt_if=1
04-01 16:56:44.103  5305  5342 I         : [0401/165644:INFO:gatt_api.cc(207)] GATTS_AddService
04-01 16:56:44.103  5305  5342 I         : [0401/165644:INFO:gatt_api.cc(317)] GATTS_AddService: service parsed correctly, now starting
04-01 16:56:44.103  5305  5342 E         : [0401/165644:ERROR:gatt_attr.cc(301)] gatt_profile_db_init:  gatt_if=1
04-01 16:56:44.103  5305  5342 I         : [0401/165644:INFO:gatt_api.cc(1004)] GATT_Register
04-01 16:56:44.103  5305  5342 I         : [0401/165644:INFO:gatt_api.cc(1027)] allocated gatt_if=2
04-01 16:56:44.104  5305  5342 I         : [0401/165644:INFO:gatt_api.cc(207)] GATTS_AddService
04-01 16:56:44.104  5305  5342 I         : [0401/165644:INFO:gatt_api.cc(317)] GATTS_AddService: service parsed correctly, now starting
04-01 16:56:44.104  5305  5343 I bt_osi_thread: run_thread: thread id 5343, thread name btu message loop started
04-01 16:56:44.106  5305  5344 I bt_osi_thread: run_thread: thread id 5344, thread name module_wrapper started
04-01 16:56:44.107  5305  5344 I bt_core_module: module_start_up Starting module "controller_module"
04-01 16:56:44.317  5305  5344 I bt_core_module: module_start_up Started module "controller_module"
04-01 16:56:44.318  5305  5344 W bt_osi_thread: run_thread: thread id 5344, thread name module_wrapper exited
04-01 16:56:44.318  5305  5342 W bt_btm  : btm_decode_ext_features_page: feature page 1 ignored
04-01 16:56:44.318  5305  5342 W bt_btm  : btm_decode_ext_features_page: feature page 2 ignored
04-01 16:56:44.319  5305  5343 I bt_btm_sec: BTM_SecRegister p_cb_info->p_le_callback == 0x0x7ee8dbbd2c
04-01 16:56:44.319  5305  5343 I bt_btm_sec: BTM_SecRegister btm_cb.api.p_le_callback = 0x0x7ee8dbbd2c 
04-01 16:56:44.321  5305  5343 I bt_stack: [INFO:gatt_api.cc(1004)] GATT_Register
04-01 16:56:44.321  5305  5343 I bt_stack: [INFO:gatt_api.cc(1027)] allocated gatt_if=3
04-01 16:56:44.353  5305  5343 I bt_stack: [INFO:ble_advertiser_hci_interface.cc(708)] VSC advertising will be in use
04-01 16:56:44.353  5305  5343 I bt_stack: [INFO:ble_advertiser_hci_interface.cc(259)] QuirkAdvertiserZeroHandle in use
04-01 16:56:44.354  5305  5326 D BluetoothAdapterProperties: BT_PROPERTY_LOCAL_LE_FEATURES: update from BT controller mNumOfAdvertisementInstancesSupported = 10 mRpaOffloadSupported = true mNumOfOffloadedIrkSupported = 8 mNumOfOffloadedScanFilterSupported = 16 mOffloadedScanResultStorageBytes= 10240 mIsActivityAndEnergyReporting = true mVersSupported = 96 mTotNumOfTrackableAdv = 32 mIsExtendedScanSupported = true mIsDebugLogSupported = true mIsLe2MPhySupported = false mIsLeCodedPhySupported = false mIsLeExtendedAdvertisingSupported = false mIsLePeriodicAdvertisingSupported = false mLeMaximumAdvertisingDataLength = 31
04-01 16:56:44.360  5305  5326 E bt_btif_storage: btif_storage_get_adapter_property: Controller ready!
04-01 16:56:44.360  5305  5326 I bt_btif_storage: btif_storage_get_adapter_property service_mask:0x20000000
04-01 16:56:44.361  5305  5326 D BluetoothAdapterProperties: Address is:80:1D:00:33:D8:82
04-01 16:56:44.366  5305  5326 D BluetoothAdapterProperties: Name is: LeEco Le 2
04-01 16:56:44.367  5305  5326 D BluetoothAdapterProperties: Scan Mode:20
04-01 16:56:44.368  5305  5326 D BluetoothAdapterProperties: Discoverable Timeout:120
04-01 16:56:44.368  5305  5326 I bt_btif_core: btif_enable_bluetooth_evt entered: status 0
04-01 16:56:44.371  5305  5346 I bt_osi_thread: run_thread: thread id 5346, thread name btif_sock started
04-01 16:56:44.372  5305  5326 D bt_bte_conf: Device ID record 1 : primary
04-01 16:56:44.372  5305  5326 D bt_bte_conf:   vendorId            = 000f
04-01 16:56:44.372  5305  5326 D bt_bte_conf:   vendorIdSource      = 0001
04-01 16:56:44.372  5305  5326 D bt_bte_conf:   product             = 1200
04-01 16:56:44.372  5305  5326 D bt_bte_conf:   version             = 1436
04-01 16:56:44.372  5305  5326 D bt_bte_conf:   clientExecutableURL = 
04-01 16:56:44.372  5305  5326 D bt_bte_conf:   serviceDescription  = 
04-01 16:56:44.372  5305  5326 D bt_bte_conf:   documentationURL    = 
04-01 16:56:44.372  5305  5326 D bt_bte_conf: bte_load_did_conf no section named DID2.
04-01 16:56:44.372  5305  5326 I bt_btif_core: btif_enable_bluetooth_evt finished
04-01 16:56:44.373  5305  5321 I bt_stack_manager: event_start_up_stack finished
04-01 16:56:44.373  5305  5320 V BluetoothAdapterState: PendingCommand - transient state(s): isBleTurningOn
04-01 16:56:44.373  5305  5320 D BluetoothAdapterState: Current state: PENDING_COMMAND, message: 3
04-01 16:56:44.373  5305  5320 D BluetoothAdapterProperties: Setting state to 15
04-01 16:56:44.373  5305  5320 I BluetoothAdapterState: Bluetooth adapter state changed: 14-> 15
04-01 16:56:44.373  5305  5320 D BluetoothAdapterService: updateAdapterState() - Broadcasting state to 1 receivers.
04-01 16:56:44.374  5305  5320 I BluetoothAdapterState: Entering BleOnState
04-01 16:56:44.377  5305  5320 D BluetoothAdapterState: Current state: BLE ON, message: 1
04-01 16:56:44.377  5305  5320 D BluetoothAdapterProperties: Setting state to 11
04-01 16:56:44.377  5305  5320 I BluetoothAdapterState: Bluetooth adapter state changed: 15-> 11
04-01 16:56:44.377  5305  5320 D BluetoothAdapterService: updateAdapterState() - Broadcasting state to 1 receivers.
04-01 16:56:44.379  5305  5320 D BluetoothAdapterService: startCoreServices()
04-01 16:56:44.379  5305  5320 D BluetoothAdapterService: setProfileServiceState() - Starting service com.android.bluetooth.hfp.HeadsetService
04-01 16:56:44.381  5305  5320 D BluetoothAdapterService: setProfileServiceState() - Starting service com.android.bluetooth.a2dp.A2dpService
04-01 16:56:44.382  5305  5305 D BluetoothAdapterService: getAdapterService() - returning com.android.bluetooth.btservice.AdapterService@d5ffa7f
04-01 16:56:44.383  5305  5305 D HeadsetService: Received start request. Starting profile...
04-01 16:56:44.385  5305  5305 I BluetoothHeadsetServiceJni: classInitNative: succeeds
04-01 16:56:44.385  5305  5305 D HeadsetStateMachine: make
04-01 16:56:44.388  5305  5320 D BluetoothAdapterService: setProfileServiceState() - Starting service com.android.bluetooth.hid.HidService
04-01 16:56:44.391  5305  5320 D BluetoothAdapterService: setProfileServiceState() - Starting service com.android.bluetooth.hdp.HealthService
04-01 16:56:44.394  5305  5320 D BluetoothAdapterService: setProfileServiceState() - Starting service com.android.bluetooth.pan.PanService
04-01 16:56:44.397  5305  5305 D HeadsetStateMachine: max_hf_connections = 1
04-01 16:56:44.397  5305  5305 D HeadsetStateMachine: in-band_ringing_support = true
04-01 16:56:44.397  5305  5320 D BluetoothAdapterService: setProfileServiceState() - Starting service com.android.bluetooth.map.BluetoothMapService
04-01 16:56:44.397  5305  5305 I bt_btif : get_profile_interface: id = handsfree
04-01 16:56:44.397  5305  5326 I bt_btif_storage: btif_storage_get_adapter_property service_mask:0x20000040
04-01 16:56:44.398  5305  5343 I bt_stack: [INFO:port_api.cc(123)] RFCOMM_CreateConnection BDA: ff:ff:ff:ff:ff:ff
04-01 16:56:44.398  5305  5326 E bt_btif : btif_hf_upstreams_evt: Invalid index 32078
04-01 16:56:44.398  5305  5343 I bt_stack: [INFO:port_api.cc(123)] RFCOMM_CreateConnection BDA: ff:ff:ff:ff:ff:ff
04-01 16:56:44.401  5305  5320 D BluetoothAdapterService: setProfileServiceState() - Starting service com.android.bluetooth.hfpclient.HeadsetClientService
04-01 16:56:44.403  5305  5305 D BluetoothAdapterService: getAdapterService() - returning com.android.bluetooth.btservice.AdapterService@d5ffa7f
04-01 16:56:44.404  5305  5305 D BluetoothAdapterService: getAdapterService() - returning com.android.bluetooth.btservice.AdapterService@d5ffa7f
04-01 16:56:44.405  5305  5305 D A2dpService: Received start request. Starting profile...
04-01 16:56:44.405  5305  5320 D BluetoothAdapterService: setProfileServiceState() - Starting service com.android.bluetooth.avrcpcontroller.AvrcpControllerService
04-01 16:56:44.405  5305  5305 I BluetoothAvrcpServiceJni: classInitNative: succeeds
04-01 16:56:44.405  5305  5305 V Avrcp   : make
04-01 16:56:44.408  5305  5305 I bt_btif : get_profile_interface: id = avrcp
04-01 16:56:44.408  5305  5320 D BluetoothAdapterService: setProfileServiceState() - Starting service com.android.bluetooth.sap.SapService
04-01 16:56:44.412  5305  5320 D BluetoothAdapterService: setProfileServiceState() - Starting service com.android.bluetooth.opp.BluetoothOppService
04-01 16:56:44.415  5305  5320 D BluetoothAdapterService: setProfileServiceState() - Starting service com.android.bluetooth.pbap.BluetoothPbapService
04-01 16:56:44.417  5305  5320 I BluetoothAdapterState: Entering PendingCommandState
04-01 16:56:44.421  5305  5305 V Avrcp   : initMediaPlayerInfoList: 0 controllers
04-01 16:56:44.423  5305  5305 V Avrcp   : updatePlaybackState (1): -1➡0(PlaybackState {state=0, position=-1, buffered position=0, speed=0.0, updated=3308502, actions=0, custom actions=[], active item id=-1, error=null})
04-01 16:56:44.423  5305  5305 I Avrcp   : Skipping update due to invalid playback state
04-01 16:56:44.423  5305  5305 E Avrcp   : play status change -1➡0 mPlayStatusChangedNT: 1
04-01 16:56:44.423  5305  5305 E bt_btif : register_notification_rsp: Avrcp device is not connected, handle: 0x0
04-01 16:56:44.424  5305  5305 D Avrcp   : sendPlayPosNotificationRsp: Not registered or requesting.
04-01 16:56:44.425  5305  5305 D Avrcp   : User already unlocked, initializing player lists
04-01 16:56:44.426  5305  5305 V Avrcp   : updatePlaybackState (1): 0➡0(PlaybackState {state=0, position=-1, buffered position=0, speed=0.0, updated=3308506, actions=0, custom actions=[], active item id=-1, error=null})
04-01 16:56:44.426  5305  5305 I Avrcp   : Skipping update due to invalid playback state
04-01 16:56:44.426  5305  5305 E Avrcp   : play status change 0➡0 mPlayStatusChangedNT: 1
04-01 16:56:44.426  5305  5305 D Avrcp   : sendPlayPosNotificationRsp: Not registered or requesting.
04-01 16:56:44.428  5305  5305 I BluetoothA2dpServiceJni: classInitNative: succeeds
04-01 16:56:44.428  5305  5305 D A2dpStateMachine: make
04-01 16:56:44.430  5305  5305 I bt_btif : get_profile_interface: id = a2dp
04-01 16:56:44.432  5305  5350 I bt_osi_thread: run_thread: thread id 5350, thread name btif_a2dp_source started
04-01 16:56:44.432  5305  5305 D a2dp_codec: init
04-01 16:56:44.433  5305  5305 D a2dp_codec: createCodec: codec SBC
04-01 16:56:44.433  5305  5305 I a2dp_codec: init: updated SBC codec priority to 1001
04-01 16:56:44.433  5305  5305 D a2dp_codec: createCodec: codec AAC
04-01 16:56:44.433  5305  5326 I bt_btif_storage: btif_storage_get_adapter_property service_mask:0x20000048
04-01 16:56:44.433  5305  5305 I a2dp_codec: init: updated AAC codec priority to 2001
04-01 16:56:44.433  5305  5305 D a2dp_codec: createCodec: codec aptX
04-01 16:56:44.433  5305  5343 I bt_bta_av: AVRCP version used for sdp: "avrcp14"
04-01 16:56:44.433  5305  5326 E bt_btif : btif_sm_dispatch : Invalid handle
04-01 16:56:44.434  5305  5326 E bt_btif : btif_sm_dispatch : Invalid handle
04-01 16:56:44.436  5305  5305 E a2dp_vendor_aptx_encoder: A2DP_VendorLoadEncoderAptx: cannot open aptX encoder library libaptX_encoder.so: dlopen failed: library "libaptX_encoder.so" not found
04-01 16:56:44.436  5305  5305 E a2dp_vendor_aptx: init: cannot load the encoder
04-01 16:56:44.436  5305  5305 D a2dp_codec: createCodec: codec aptX-HD
04-01 16:56:44.436  5305  5305 E a2dp_vendor_aptx_hd_encoder: A2DP_VendorLoadEncoderAptxHd: cannot open aptX-HD encoder library libaptXHD_encoder.so: dlopen failed: library "libaptXHD_encoder.so" not found
04-01 16:56:44.437  5305  5305 E a2dp_vendor_aptx_hd: init: cannot load the encoder
04-01 16:56:44.437  5305  5305 D a2dp_codec: createCodec: codec LDAC
04-01 16:56:44.439  5305  5305 I a2dp_codec: init: updated LDAC codec priority to 5001
04-01 16:56:44.439  5305  5305 D a2dp_codec: createCodec: codec SBC SINK
04-01 16:56:44.439  5305  5305 I a2dp_codec: init: initialized Source codec LDAC
04-01 16:56:44.439  5305  5305 I a2dp_codec: init: initialized Source codec AAC
04-01 16:56:44.439  5305  5305 I a2dp_codec: init: initialized Source codec SBC
04-01 16:56:44.439  5305  5305 I a2dp_codec: init: initialized Sink codec SBC(Sink)
04-01 16:56:44.439  5305  5305 W bt_btif : ## ON A2DP IDLE ## peer_sep = 0
04-01 16:56:44.440  5305  5326 I BluetoothA2dpServiceJni: bta2dp_audio_config_callback
04-01 16:56:44.440  5305  5326 D A2dpStateMachine: A2DP Codec Config: null->{codecName:SBC,mCodecType:0,mCodecPriority:0,mSampleRate:0x0(NONE),mBitsPerSample:0x0(NONE),mChannelMode:0x0(NONE),mCodecSpecific1:0,mCodecSpecific2:0,mCodecSpecific3:0,mCodecSpecific4:0}
04-01 16:56:44.440  5305  5326 D A2dpStateMachine: A2DP Codec Local Capability: {codecName:LDAC,mCodecType:4,mCodecPriority:5001,mSampleRate:0xf(44100|48000|88200|96000),mBitsPerSample:0x7(16|24|32),mChannelMode:0x2(STEREO),mCodecSpecific1:0,mCodecSpecific2:0,mCodecSpecific3:0,mCodecSpecific4:0}
04-01 16:56:44.440  5305  5326 D A2dpStateMachine: A2DP Codec Local Capability: {codecName:AAC,mCodecType:1,mCodecPriority:2001,mSampleRate:0x1(44100),mBitsPerSample:0x1(16),mChannelMode:0x2(STEREO),mCodecSpecific1:0,mCodecSpecific2:0,mCodecSpecific3:0,mCodecSpecific4:0}
04-01 16:56:44.441  5305  5326 D A2dpStateMachine: A2DP Codec Local Capability: {codecName:SBC,mCodecType:0,mCodecPriority:1001,mSampleRate:0x1(44100),mBitsPerSample:0x1(16),mChannelMode:0x3(MONO|STEREO),mCodecSpecific1:0,mCodecSpecific2:0,mCodecSpecific3:0,mCodecSpecific4:0}
04-01 16:56:44.441  5305  5349 D A2dpStateMachine: Enter Disconnected: -2
04-01 16:56:44.442  5305  5305 D BluetoothAdapterService: getAdapterService() - returning com.android.bluetooth.btservice.AdapterService@d5ffa7f
04-01 16:56:44.443  5305  5305 I BluetoothHidServiceJni: classInitNative: succeeds
04-01 16:56:44.444  5305  5305 D BluetoothAdapterService: getAdapterService() - returning com.android.bluetooth.btservice.AdapterService@d5ffa7f
04-01 16:56:44.445  5305  5305 D HidService: Received start request. Starting profile...
04-01 16:56:44.445  5305  5305 I bt_btif : get_profile_interface: id = hidhost
04-01 16:56:44.445  5305  5326 I bt_bta_hh: BTA_HhEnable sec_mask:0x36 p_cback:0x7ee8e21448
04-01 16:56:44.445  5305  5305 D HidService: setHidService(): set to: null
04-01 16:56:44.445  5305  5305 D BluetoothAdapterService: getAdapterService() - returning com.android.bluetooth.btservice.AdapterService@d5ffa7f
04-01 16:56:44.446  5305  5343 I bt_stack: [INFO:gatt_api.cc(1004)] GATT_Register
04-01 16:56:44.446  5305  5343 I bt_stack: [INFO:gatt_api.cc(1027)] allocated gatt_if=4
04-01 16:56:44.446  5305  5326 I bt_btif_storage: btif_storage_get_adapter_property service_mask:0x20100048
04-01 16:56:44.452  5305  5305 I BluetoothHealthServiceJni: classInitNative: succeeds
04-01 16:56:44.453  5305  5305 D BluetoothAdapterService: getAdapterService() - returning com.android.bluetooth.btservice.AdapterService@d5ffa7f
04-01 16:56:44.453  5305  5305 D HealthService: Received start request. Starting profile...
04-01 16:56:44.455  5305  5305 I bt_btif : get_profile_interface: id = health
04-01 16:56:44.455  5305  5305 D BluetoothAdapterService: getAdapterService() - returning com.android.bluetooth.btservice.AdapterService@d5ffa7f
04-01 16:56:44.457  5305  5305 I BluetoothPanServiceJni: classInitNative(L111): succeeds
04-01 16:56:44.459  5305  5305 D BluetoothAdapterService: getAdapterService() - returning com.android.bluetooth.btservice.AdapterService@d5ffa7f
04-01 16:56:44.459  5305  5305 D PanService: Received start request. Starting profile...
04-01 16:56:44.459  5305  5305 D BluetoothPanServiceJni: initializeNative(L116): pan
04-01 16:56:44.459  5305  5305 I bt_btif : get_profile_interface: id = pan
04-01 16:56:44.460  5305  5305 D BluetoothAdapterService: getAdapterService() - returning com.android.bluetooth.btservice.AdapterService@d5ffa7f
04-01 16:56:44.460  5305  5326 D BluetoothPanServiceJni: control_state_callback(L63): state:0, local_role:3, ifname:bt-pan
04-01 16:56:44.462  5305  5305 D BluetoothAdapterService: getAdapterService() - returning com.android.bluetooth.btservice.AdapterService@d5ffa7f
04-01 16:56:44.463  5305  5305 D BluetoothMapService: Received start request. Starting profile...
04-01 16:56:44.463  5305  5305 D BluetoothMapService: start()
04-01 16:56:44.468  5305  5305 D BluetoothMapAccountLoader: Found 0 application(s) with intent android.bluetooth.action.BLUETOOTH_MAP_PROVIDER
04-01 16:56:44.470  5305  5305 D BluetoothMapAccountLoader: Found 0 application(s) with intent android.bluetooth.action.BLUETOOTH_MAP_IM_PROVIDER
04-01 16:56:44.470  5305  5305 D BluetoothMapAppObserver: createReceiver()
04-01 16:56:44.472  5305  5305 D BluetoothMapAppObserver: initObservers()
04-01 16:56:44.472  5305  5305 D BluetoothMapAppObserver: getEnabledAccountItems()
04-01 16:56:44.472  5305  5305 D BluetoothAdapterService: getAdapterService() - returning com.android.bluetooth.btservice.AdapterService@d5ffa7f
04-01 16:56:44.473  5305  5305 D BluetoothAdapterService: handleMessage() - Message: 1
04-01 16:56:44.473  5305  5305 D BluetoothAdapterService: handleMessage() - MESSAGE_PROFILE_SERVICE_STATE_CHANGED
04-01 16:56:44.473  5305  5305 D BluetoothAdapterService: processProfileServiceStateChanged() - serviceName=com.android.bluetooth.hfp.HeadsetService isTurningOn=true isTurningOff=false isBleTurningOn=false isBleTurningOff=false
04-01 16:56:44.474  5305  5347 D HeadsetPhoneState: sendDeviceStateChanged. mService=0 mIsSimStateLoaded=false mSignal=0 mRoam=0 mBatteryCharge=3
04-01 16:56:44.474  5305  5305 D BluetoothAdapterService: onProfileServiceStateChange() - Profile still not running:com.android.bluetooth.a2dp.A2dpService
04-01 16:56:44.475  5305  5305 I BluetoothHeadsetClientServiceJni: classInitNative succeeds
04-01 16:56:44.477  5305  5305 D BluetoothAdapterService: getAdapterService() - returning com.android.bluetooth.btservice.AdapterService@d5ffa7f
04-01 16:56:44.477  5305  5305 D HeadsetClientService: Received start request. Starting profile...
04-01 16:56:44.478  5305  5305 D BluetoothHeadsetClientServiceJni: initializeNative: HfpClient
04-01 16:56:44.478  5305  5305 I bt_btif : get_profile_interface: id = handsfree_client
04-01 16:56:44.478  5305  5326 I bt_stack: [INFO:port_api.cc(123)] RFCOMM_CreateConnection BDA: ff:ff:ff:ff:ff:ff
04-01 16:56:44.478  5305  5326 I bt_btif_storage: btif_storage_get_adapter_property service_mask:0x21100048
04-01 16:56:44.484  5305  5305 D BluetoothHeadsetClientServiceJni: initializeNative: HfpClient
04-01 16:56:44.485  5305  5305 W BluetoothHeadsetClientServiceJni: Cleaning up Bluetooth HFP Client Interface before initializing
04-01 16:56:44.485  5305  5305 W BluetoothHeadsetClientServiceJni: Cleaning up Bluetooth HFP Client callback object
04-01 16:56:44.485  5305  5305 I bt_btif : get_profile_interface: id = handsfree_client
04-01 16:56:44.485  5305  5326 I bt_btif_queue: queue_int_cleanup: UUID=111E
04-01 16:56:44.485  5305  5305 D BluetoothAdapterService: getAdapterService() - returning com.android.bluetooth.btservice.AdapterService@d5ffa7f
04-01 16:56:44.485  5305  5326 I bt_btif_storage: btif_storage_get_adapter_property service_mask:0x21100048
04-01 16:56:44.485  5305  5326 I bt_stack: [INFO:port_api.cc(123)] RFCOMM_CreateConnection BDA: ff:ff:ff:ff:ff:ff
04-01 16:56:44.488  5305  5326 I bt_btif_storage: btif_storage_get_adapter_property service_mask:0x21100048
04-01 16:56:44.488  5305  5305 I BluetoothAvrcpControllerJni: classInitNative: succeeds
04-01 16:56:44.491  5305  5305 I bt_btif : get_profile_interface: id = avrcp_ctrl
04-01 16:56:44.492  5305  5305 D BluetoothAdapterService: getAdapterService() - returning com.android.bluetooth.btservice.AdapterService@d5ffa7f
04-01 16:56:44.493  5305  5305 D AvrcpControllerService: Received start request. Starting profile...
04-01 16:56:44.499  5305  5305 D AvrcpControllerService: setAvrcpControllerService(): set to: null
04-01 16:56:44.499  5305  5305 D BluetoothAdapterService: getAdapterService() - returning com.android.bluetooth.btservice.AdapterService@d5ffa7f
04-01 16:56:44.501  5305  5305 V SapService: SapBinder()
04-01 16:56:44.502  5305  5305 D BluetoothAdapterService: getAdapterService() - returning com.android.bluetooth.btservice.AdapterService@d5ffa7f
04-01 16:56:44.503  5305  5305 D SapService: Received start request. Starting profile...
04-01 16:56:44.503  5305  5305 V SapService: start()
04-01 16:56:44.505  5305  5305 D BluetoothAdapterService: getAdapterService() - returning com.android.bluetooth.btservice.AdapterService@d5ffa7f
04-01 16:56:44.523  5305  5305 D BluetoothAdapterService: getAdapterService() - returning com.android.bluetooth.btservice.AdapterService@d5ffa7f
04-01 16:56:44.524  5305  5305 D BluetoothOppService: Received start request. Starting profile...
04-01 16:56:44.525  5305  5305 D BluetoothAdapterService: getAdapterService() - returning com.android.bluetooth.btservice.AdapterService@d5ffa7f
04-01 16:56:44.526  5305  5305 V BluetoothPbapService: PbapBinder()
04-01 16:56:44.526  5305  5305 D BluetoothAdapterService: getAdapterService() - returning com.android.bluetooth.btservice.AdapterService@d5ffa7f
04-01 16:56:44.528  5305  5305 D BluetoothPbapService: Received start request. Starting profile...
04-01 16:56:44.528  5305  5305 V BluetoothPbapService: start()
04-01 16:56:44.530  5305  5305 D BluetoothPbapService: Registering observer
04-01 16:56:44.535  5305  5305 D BluetoothAdapterService: getAdapterService() - returning com.android.bluetooth.btservice.AdapterService@d5ffa7f
04-01 16:56:44.535  5305  5305 D BluetoothAdapterService: handleMessage() - Message: 1
04-01 16:56:44.535  5305  5305 D BluetoothAdapterService: handleMessage() - MESSAGE_PROFILE_SERVICE_STATE_CHANGED
04-01 16:56:44.535  5305  5305 D BluetoothAdapterService: processProfileServiceStateChanged() - serviceName=com.android.bluetooth.a2dp.A2dpService isTurningOn=true isTurningOff=false isBleTurningOn=false isBleTurningOff=false
04-01 16:56:44.536  5305  5305 D BluetoothAdapterService: onProfileServiceStateChange() - Profile still not running:com.android.bluetooth.map.BluetoothMapService
04-01 16:56:44.536  5305  5305 D BluetoothAdapterService: handleMessage() - Message: 1
04-01 16:56:44.536  5305  5305 D BluetoothAdapterService: handleMessage() - MESSAGE_PROFILE_SERVICE_STATE_CHANGED
04-01 16:56:44.536  5305  5305 D BluetoothAdapterService: processProfileServiceStateChanged() - serviceName=com.android.bluetooth.hid.HidService isTurningOn=true isTurningOff=false isBleTurningOn=false isBleTurningOff=false
04-01 16:56:44.536  5305  5305 D BluetoothAdapterService: onProfileServiceStateChange() - Profile still not running:com.android.bluetooth.map.BluetoothMapService
04-01 16:56:44.537  5305  5305 D BluetoothAdapterService: handleMessage() - Message: 1
04-01 16:56:44.537  5305  5305 D BluetoothAdapterService: handleMessage() - MESSAGE_PROFILE_SERVICE_STATE_CHANGED
04-01 16:56:44.537  5305  5305 D BluetoothAdapterService: processProfileServiceStateChanged() - serviceName=com.android.bluetooth.hdp.HealthService isTurningOn=true isTurningOff=false isBleTurningOn=false isBleTurningOff=false
04-01 16:56:44.537  5305  5305 D BluetoothAdapterService: onProfileServiceStateChange() - Profile still not running:com.android.bluetooth.map.BluetoothMapService
04-01 16:56:44.537  5305  5305 D BluetoothAdapterService: handleMessage() - Message: 1
04-01 16:56:44.537  5305  5305 D BluetoothAdapterService: handleMessage() - MESSAGE_PROFILE_SERVICE_STATE_CHANGED
04-01 16:56:44.538  5305  5305 D BluetoothAdapterService: processProfileServiceStateChanged() - serviceName=com.android.bluetooth.pan.PanService isTurningOn=true isTurningOff=false isBleTurningOn=false isBleTurningOff=false
04-01 16:56:44.538  5305  5305 D BluetoothAdapterService: onProfileServiceStateChange() - Profile still not running:com.android.bluetooth.map.BluetoothMapService
04-01 16:56:44.538  5305  5305 D BluetoothAdapterService: handleMessage() - Message: 1
04-01 16:56:44.538  5305  5305 D BluetoothAdapterService: handleMessage() - MESSAGE_PROFILE_SERVICE_STATE_CHANGED
04-01 16:56:44.538  5305  5305 D BluetoothAdapterService: processProfileServiceStateChanged() - serviceName=com.android.bluetooth.map.BluetoothMapService isTurningOn=true isTurningOff=false isBleTurningOn=false isBleTurningOff=false
04-01 16:56:44.538  5305  5305 D BluetoothAdapterService: onProfileServiceStateChange() - Profile still not running:com.android.bluetooth.avrcpcontroller.AvrcpControllerService
04-01 16:56:44.538  5305  5305 D BluetoothAdapterService: handleMessage() - Message: 1
04-01 16:56:44.538  5305  5305 D BluetoothAdapterService: handleMessage() - MESSAGE_PROFILE_SERVICE_STATE_CHANGED
04-01 16:56:44.538  5305  5305 D BluetoothAdapterService: processProfileServiceStateChanged() - serviceName=com.android.bluetooth.hfpclient.HeadsetClientService isTurningOn=true isTurningOff=false isBleTurningOn=false isBleTurningOff=false
04-01 16:56:44.539  5305  5305 D BluetoothAdapterService: onProfileServiceStateChange() - Profile still not running:com.android.bluetooth.avrcpcontroller.AvrcpControllerService
04-01 16:56:44.539  5305  5305 D BluetoothAdapterService: handleMessage() - Message: 1
04-01 16:56:44.539  5305  5305 D BluetoothAdapterService: handleMessage() - MESSAGE_PROFILE_SERVICE_STATE_CHANGED
04-01 16:56:44.539  5305  5305 D BluetoothAdapterService: processProfileServiceStateChanged() - serviceName=com.android.bluetooth.avrcpcontroller.AvrcpControllerService isTurningOn=true isTurningOff=false isBleTurningOn=false isBleTurningOff=false
04-01 16:56:44.539  5305  5305 D BluetoothAdapterService: onProfileServiceStateChange() - Profile still not running:com.android.bluetooth.sap.SapService
04-01 16:56:44.540  5305  5305 D BluetoothAdapterService: handleMessage() - Message: 1
04-01 16:56:44.540  5305  5305 D BluetoothAdapterService: handleMessage() - MESSAGE_PROFILE_SERVICE_STATE_CHANGED
04-01 16:56:44.541  5305  5305 D BluetoothAdapterService: processProfileServiceStateChanged() - serviceName=com.android.bluetooth.sap.SapService isTurningOn=true isTurningOff=false isBleTurningOn=false isBleTurningOff=false
04-01 16:56:44.542  5305  5305 D BluetoothAdapterService: onProfileServiceStateChange() - Profile still not running:com.android.bluetooth.pbap.BluetoothPbapService
04-01 16:56:44.543  5305  5305 D BluetoothAdapterService: handleMessage() - Message: 1
04-01 16:56:44.544  5305  5305 D BluetoothAdapterService: handleMessage() - MESSAGE_PROFILE_SERVICE_STATE_CHANGED
04-01 16:56:44.544  5305  5305 D BluetoothAdapterService: processProfileServiceStateChanged() - serviceName=com.android.bluetooth.opp.BluetoothOppService isTurningOn=true isTurningOff=false isBleTurningOn=false isBleTurningOff=false
04-01 16:56:44.544  5305  5305 D BluetoothAdapterService: onProfileServiceStateChange() - Profile still not running:com.android.bluetooth.pbap.BluetoothPbapService
04-01 16:56:44.546  5305  5305 D BluetoothAdapterService: handleMessage() - Message: 1
04-01 16:56:44.546  5305  5305 D BluetoothAdapterService: handleMessage() - MESSAGE_PROFILE_SERVICE_STATE_CHANGED
04-01 16:56:44.546  5305  5305 D BluetoothAdapterService: processProfileServiceStateChanged() - serviceName=com.android.bluetooth.pbap.BluetoothPbapService isTurningOn=true isTurningOff=false isBleTurningOn=false isBleTurningOff=false
04-01 16:56:44.547  5305  5305 D BluetoothAdapterService: onProfileServiceStateChange() - All profile services started.
04-01 16:56:44.549  5305  5320 V BluetoothAdapterState: PendingCommand - transient state(s): isTurningOn
04-01 16:56:44.549  5305  5320 D BluetoothAdapterState: Current state: PENDING_COMMAND, message: 2
04-01 16:56:44.549  5305  5320 D BluetoothAdapterProperties: onBluetoothReady, state=11, ScanMode=20
04-01 16:56:44.550  5305  5320 D BluetoothAdapterProperties: Setting state to 12
04-01 16:56:44.550  5305  5320 I BluetoothAdapterState: Bluetooth adapter state changed: 11-> 12
04-01 16:56:44.550  5305  5320 D BluetoothAdapterService: updateAdapterState() - Broadcasting state to 1 receivers.
04-01 16:56:44.552  5305  5320 I BluetoothAdapterState: Entering OnState
04-01 16:56:44.552  5305  5320 D BluetoothAdapterService: updateUuids() - Updating UUIDs for bonded devices
04-01 16:56:44.553  5305  5326 D BluetoothAdapterProperties: Scan Mode:21
04-01 16:56:44.553  5305  5326 D BluetoothAdapterProperties: Discoverable Timeout:120
04-01 16:56:44.577  5305  5305 D BluetoothMapService: onReceive
04-01 16:56:44.577  5305  5305 D BluetoothMapService: onReceive: android.bluetooth.adapter.action.STATE_CHANGED
04-01 16:56:44.577  5305  5305 D BluetoothMapService: STATE_ON
04-01 16:56:44.583  5305  5305 D BluetoothPbapService: action: android.bluetooth.adapter.action.STATE_CHANGED
04-01 16:56:44.583  5305  5305 D BluetoothPbapService: state: 12
04-01 16:56:44.584  5305  5305 D BluetoothAdapterService: isQuetModeEnabled() - Enabled = false
04-01 16:56:44.584  5305  5305 D BluetoothPhonePolicy: autoConnect() - Initiate auto connection on BT on...
04-01 16:56:44.587  5305  5305 D BtOppService: start Socket Listeners
04-01 16:56:44.587  5305  5305 D BtOppService: stopListeners   mServerSocket :null
04-01 16:56:44.588  5305  5305 D ObexServerSockets: create(rfcomm = -2, l2capPsm = -2)
04-01 16:56:44.595  5305  5305 W BluetoothAdapter: getBluetoothService() called with no BluetoothManagerCallback
04-01 16:56:44.595  5305  5368 W BluetoothAdapter: getBluetoothService() called with no BluetoothManagerCallback
04-01 16:56:44.597  5305  5343 I bt_stack: [INFO:port_api.cc(123)] RFCOMM_CreateConnection BDA: ff:ff:ff:ff:ff:ff
04-01 16:56:44.597  5305  5343 I bt_stack: [INFO:port_api.cc(123)] RFCOMM_CreateConnection BDA: ff:ff:ff:ff:ff:ff
04-01 16:56:44.598  5305  5368 D BluetoothSdpJni: sdpCreateSapsRecordNative
04-01 16:56:44.598  5305  5305 W BluetoothAdapter: getBluetoothService() called with no BluetoothManagerCallback
04-01 16:56:44.598  5305  5368 D BluetoothSdpJni: SDP Create record success - handle: 0
04-01 16:56:44.598  5305  5354 D BluetoothMapMasInstance0: Map Service startRfcommSocketListener
04-01 16:56:44.598  5305  5354 D ObexServerSockets: create(rfcomm = -2, l2capPsm = -2)
04-01 16:56:44.599  5305  5354 W BluetoothAdapter: getBluetoothService() called with no BluetoothManagerCallback
04-01 16:56:44.601  5305  5343 I bt_stack: [INFO:port_api.cc(123)] RFCOMM_CreateConnection BDA: ff:ff:ff:ff:ff:ff
04-01 16:56:44.603  5305  5354 W BluetoothAdapter: getBluetoothService() called with no BluetoothManagerCallback
04-01 16:56:44.603  5305  5305 D ObexServerSockets: Succeed to create listening sockets 
04-01 16:56:44.603  5305  5305 D ObexServerSockets0: startAccept()
04-01 16:56:44.603  5305  5305 D ObexServerSockets0: prepareForNewConnect()
04-01 16:56:44.605  5305  5354 D ObexServerSockets: Succeed to create listening sockets 
04-01 16:56:44.605  5305  5354 D ObexServerSockets1: startAccept()
04-01 16:56:44.605  5305  5354 D ObexServerSockets1: prepareForNewConnect()
04-01 16:56:44.607  5305  5305 D BluetoothSdpJni: sdpCreateOppOpsRecordNative
04-01 16:56:44.607  5305  5305 D BluetoothSdpJni: SDP Create record success - handle: 1
04-01 16:56:44.607  5305  5305 D BtOppService: mOppSdpHandle :1
04-01 16:56:44.608  5305  5305 D BluetoothPbapService: startsocketListener
04-01 16:56:44.609  5305  5305 D ObexServerSockets: create(rfcomm = -2, l2capPsm = -2)
04-01 16:56:44.609  5305  5305 W BluetoothAdapter: getBluetoothService() called with no BluetoothManagerCallback
04-01 16:56:44.611  5305  5370 D ObexServerSockets0: Accepting socket connection...
04-01 16:56:44.613  5305  5343 I bt_stack: [INFO:port_api.cc(123)] RFCOMM_CreateConnection BDA: ff:ff:ff:ff:ff:ff
04-01 16:56:44.614  5305  5369 D ObexServerSockets0: Accepting socket connection...
04-01 16:56:44.614  5305  5305 W BluetoothAdapter: getBluetoothService() called with no BluetoothManagerCallback
04-01 16:56:44.614  5305  5354 D BluetoothSdpJni: sdpCreateMapMasRecordNative
04-01 16:56:44.614  5305  5354 D BluetoothSdpJni: SDP Create record success - handle: 2
04-01 16:56:44.616  5305  5371 D ObexServerSockets1: Accepting socket connection...
04-01 16:56:44.617  5305  5305 D ObexServerSockets: Succeed to create listening sockets 
04-01 16:56:44.617  5305  5305 D ObexServerSockets2: startAccept()
04-01 16:56:44.617  5305  5305 D ObexServerSockets2: prepareForNewConnect()
04-01 16:56:44.618  5305  5372 D ObexServerSockets1: Accepting socket connection...
04-01 16:56:44.623  5305  5305 D BluetoothSdpJni: sdpCreatePbapPseRecordNative
04-01 16:56:44.623  5305  5305 D BluetoothSdpJni: SDP Create record success - handle: 3
04-01 16:56:44.624  5305  5374 D ObexServerSockets2: Accepting socket connection...
04-01 16:56:44.632  5305  5373 D ObexServerSockets2: Accepting socket connection...
04-01 16:56:44.634  5305  5305 D BluetoothPbapService: PBAP server with handle:3
04-01 16:58:03.376  5305  5343 W bt_btif : bta_dm_acl_change info: 0x10
04-01 16:58:03.376  5305  5326 D bt_btif_dm: remote version info [a0:a4:c5:68:0f:dc]: 0, 0, 0
04-01 16:58:03.378  5305  5326 E BluetoothRemoteDevices: aclStateChangeCallback: device is NULL, address=A0:A4:C5:68:0F:DC, newState=0
04-01 16:58:03.727  5305  5326 D bt_btif_config: btif_get_device_type: Device [a0:a4:c5:68:0f:dc] type 1
04-01 16:58:03.728  5305  5326 I bt_btif_dm: get_cod remote_cod = 0x000c010c
04-01 16:58:03.729  5305  5326 I BluetoothBondStateMachine: bondStateChangeCallback: Status: 0 Address: A0:A4:C5:68:0F:DC newState: 1
04-01 16:58:03.729  5305  5326 I bt_btif_dm: get_cod remote_cod = 0x000c010c
04-01 16:58:03.735  5305  5332 I BluetoothBondStateMachine: Bond State Change Intent:A0:A4:C5:68:0F:DC OldState: 10 NewState: 11
04-01 16:58:03.735  5305  5332 I BluetoothBondStateMachine: Entering PendingCommandState State
04-01 16:58:04.658  5305  5326 D bt_btif_config: btif_get_device_type: Device [a0:a4:c5:68:0f:dc] type 1
04-01 16:58:04.658  5305  5326 I bt_btif_dm: get_cod remote_cod = 0x000c010c
04-01 16:58:04.659  5305  5326 I BluetoothBondStateMachine: bondStateChangeCallback: Status: 0 Address: A0:A4:C5:68:0F:DC newState: 0
04-01 16:58:04.661  5305  5332 D BluetoothAdapterProperties: Failed to remove device: A0:A4:C5:68:0F:DC
04-01 16:58:04.664  5305  5332 I BluetoothBondStateMachine: Bond State Change Intent:A0:A4:C5:68:0F:DC OldState: 11 NewState: 10
04-01 16:58:04.667  5305  5332 D HidService: getHidService(): returning com.android.bluetooth.hid.HidService@ee18909
04-01 16:58:04.667  5305  5332 D A2dpSinkService: getA2dpSinkService(): service is NULL
04-01 16:58:04.670  5305  5332 D HidService: Saved priority A0:A4:C5:68:0F:DC = -1
04-01 16:58:04.678  5305  5332 I BluetoothBondStateMachine: StableState(): Entering Off State
***04-01 16:59:09.335  5305  5343 I bt_btm_sec: btm_sec_disconnected clearing pending flag handle:1 reason:19
04-01 16:59:09.335  5305  5326 W bt_btif : btif_av_move_idle: ACL Disconnected state 0 bd_addr=a0:a4:c5:68:0f:dc peer_bda=00:00:00:00:00:00
04-01 16:59:09.343  5305  5305 D BluetoothMapService: onReceive
04-01 16:59:09.343  5305  5305 D BluetoothMapService: onReceive: android.bluetooth.device.action.ACL_DISCONNECTED
04-01 16:59:09.344  5305  5305 D BluetoothPbapService: action: android.bluetooth.device.action.ACL_DISCONNECTED
04-01 16:59:09.344  5305  5305 D BluetoothPbapService: state: -2147483648
04-01 16:59:09.344  5305  5305 W BluetoothPbapService: Unrecognized intent!
04-01 16:59:13.776  5305  5343 W bt_btif : bta_dm_acl_change info: 0x10
04-01 16:59:13.776  5305  5326 D bt_btif_dm: remote version info [a0:a4:c5:68:0f:dc]: 0, 0, 0
04-01 16:59:14.121  5305  5326 D bt_btif_config: btif_get_device_type: Device [a0:a4:c5:68:0f:dc] type 1
04-01 16:59:14.130  5305  5326 D bt_btif_config: btif_get_device_type: Device [a0:a4:c5:68:0f:dc] type 1
04-01 16:59:14.130  5305  5326 I bt_btif_dm: get_cod remote_cod = 0x000c010c
04-01 16:59:14.132  5305  5326 I BluetoothBondStateMachine: bondStateChangeCallback: Status: 0 Address: A0:A4:C5:68:0F:DC newState: 1
04-01 16:59:14.132  5305  5326 I bt_btif_dm: get_cod remote_cod = 0x000c010c
04-01 16:59:14.138  5305  5332 I BluetoothBondStateMachine: Bond State Change Intent:A0:A4:C5:68:0F:DC OldState: 10 NewState: 11
04-01 16:59:14.138  5305  5332 I BluetoothBondStateMachine: Entering PendingCommandState State
04-01 16:59:14.952  5305  5326 D bt_btif_config: btif_get_device_type: Device [a0:a4:c5:68:0f:dc] type 1
04-01 16:59:14.952  5305  5326 I bt_btif_dm: get_cod remote_cod = 0x000c010c
04-01 16:59:14.953  5305  5326 I BluetoothBondStateMachine: bondStateChangeCallback: Status: 0 Address: A0:A4:C5:68:0F:DC newState: 0
04-01 16:59:14.955  5305  5332 D BluetoothAdapterProperties: Failed to remove device: A0:A4:C5:68:0F:DC
04-01 16:59:14.958  5305  5332 I BluetoothBondStateMachine: Bond State Change Intent:A0:A4:C5:68:0F:DC OldState: 11 NewState: 10
04-01 16:59:14.963  5305  5332 D HidService: getHidService(): returning com.android.bluetooth.hid.HidService@ee18909
04-01 16:59:14.964  5305  5332 D A2dpSinkService: getA2dpSinkService(): service is NULL
04-01 16:59:14.967  5305  5332 D HidService: Saved priority A0:A4:C5:68:0F:DC = -1
04-01 16:59:14.975  5305  5332 I BluetoothBondStateMachine: StableState(): Entering Off State
