ls--------- beginning of main
04-01 18:17:23.222  6190  6190 D BluetoothOppFileProvider: Initialized
04-01 18:17:23.246  6190  6190 D AdapterServiceConfig: Adding HeadsetService
04-01 18:17:23.248  6190  6190 D AdapterServiceConfig: Adding A2dpService
04-01 18:17:23.248  6190  6190 D AdapterServiceConfig: Adding HidService
04-01 18:17:23.249  6190  6190 D AdapterServiceConfig: Adding HealthService
04-01 18:17:23.249  6190  6190 D AdapterServiceConfig: Adding PanService
04-01 18:17:23.249  6190  6190 D AdapterServiceConfig: Adding GattService
04-01 18:17:23.249  6190  6190 D AdapterServiceConfig: Adding BluetoothMapService
04-01 18:17:23.249  6190  6190 D AdapterServiceConfig: Adding HeadsetClientService
04-01 18:17:23.249  6190  6190 D AdapterServiceConfig: Adding AvrcpControllerService
04-01 18:17:23.250  6190  6190 D AdapterServiceConfig: Adding SapService
04-01 18:17:23.250  6190  6190 W AdapterServiceConfig: Could not find profile bit mask
04-01 18:17:23.250  6190  6190 D AdapterServiceConfig: Adding BluetoothOppService
04-01 18:17:23.250  6190  6190 W AdapterServiceConfig: Could not find profile bit mask
04-01 18:17:23.250  6190  6190 D AdapterServiceConfig: Adding BluetoothPbapService
04-01 18:17:23.277  6190  6190 D BluetoothAdapterService: onCreate()
04-01 18:17:23.285  6190  6190 D BluetoothAdapterState: make() - Creating AdapterState
04-01 18:17:23.288  6190  6190 I bt_btif : init
04-01 18:17:23.288  6190  6205 I BluetoothAdapterState: Entering OffState
04-01 18:17:23.289  6190  6190 D bt_osi_allocation_tracker: canary initialized
04-01 18:17:23.289  6190  6206 I bt_osi_thread: run_thread: thread id 6206, thread name stack_manager started
04-01 18:17:23.289  6190  6206 I bt_stack_manager: event_init_stack is initializing the stack
04-01 18:17:23.292  6190  6209 I bt_osi_thread: run_thread: thread id 6209, thread name alarm_default_ca started
04-01 18:17:23.292  6190  6210 I bt_osi_thread: run_thread: thread id 6210, thread name alarm_dispatcher started
04-01 18:17:23.295  6190  6206 I bt_btif_core: btif_init_bluetooth entered
04-01 18:17:23.296  6190  6206 I bt_stack_config: init attempt to load stack conf from /etc/bluetooth/bt_stack.conf
04-01 18:17:23.297  6190  6211 I bt_osi_thread: run_thread: thread id 6211, thread name bt_jni_workqueue started
04-01 18:17:23.297  6190  6206 I bt_btif_core: btif_init_bluetooth finished
04-01 18:17:23.297  6190  6211 I bt_btif_core: run_message_loop entered
04-01 18:17:23.297  6190  6206 I bt_stack_manager: event_init_stack finished
04-01 18:17:23.297  6190  6190 I bt_osi_wakelock: wakelock_set_os_callouts set to non-native
04-01 18:17:23.297  6190  6190 I bt_btif : get_profile_interface: id = socket
04-01 18:17:23.298  6190  6211 E bt_btif_storage: btif_storage_get_adapter_property: Controller not ready! Unable to return Bluetooth Address
04-01 18:17:23.298  6190  6211 E BluetoothServiceJni: adapter_properties_callback: Status 1 is incorrect
04-01 18:17:23.300  6190  6190 I bt_btif : get_profile_interface: id = sdp
04-01 18:17:23.303  6190  6211 D BluetoothAdapterProperties: Name is: LeEco Le 2
04-01 18:17:23.305  6190  6190 I BluetoothAdapterService: Phone policy enabled
04-01 18:17:23.307  6190  6190 D BluetoothAdapterService: setAdapterService() - set to: null
04-01 18:17:23.309  6190  6190 D BluetoothAdapterService: onBind()
04-01 18:17:23.316  6190  6190 I BtGatt.JNI: classInitNative(L871): classInitNative: Success!
04-01 18:17:23.321  6190  6202 D BluetoothAdapterService: enable() - Enable called with quiet mode status =  false
04-01 18:17:23.322  6190  6205 D BluetoothAdapterState: Current state: OFF, message: 0
04-01 18:17:23.322  6190  6205 D BluetoothAdapterProperties: Setting state to 14
04-01 18:17:23.322  6190  6205 I BluetoothAdapterState: Bluetooth adapter state changed: 10-> 14
04-01 18:17:23.322  6190  6205 D BluetoothAdapterService: updateAdapterState() - Broadcasting state to 1 receivers.
04-01 18:17:23.324  6190  6205 D BluetoothAdapterService: BleOnProcessStart()
04-01 18:17:23.328  6190  6205 D BluetoothAdapterService: BleOnProcessStart() - Make Bond State Machine
04-01 18:17:23.328  6190  6205 D BluetoothBondStateMachine: make
04-01 18:17:23.330  6190  6217 I BluetoothBondStateMachine: StableState(): Entering Off State
04-01 18:17:23.331  6190  6205 D BluetoothAdapterService: setProfileServiceState() - Starting service com.android.bluetooth.gatt.GattService
04-01 18:17:23.333  6190  6190 D BtGatt.DebugUtils: handleDebugAction() action=null
04-01 18:17:23.333  6190  6205 I BluetoothAdapterState: Entering PendingCommandState
04-01 18:17:23.334  6190  6190 D BluetoothAdapterService: getAdapterService() - returning com.android.bluetooth.btservice.AdapterService@d5ffa7f
04-01 18:17:23.334  6190  6190 D BtGatt.GattService: Received start request. Starting profile...
04-01 18:17:23.335  6190  6190 I bt_btif : get_profile_interface: id = gatt
04-01 18:17:23.335  6190  6190 D BluetoothAdapterService: getAdapterService() - returning com.android.bluetooth.btservice.AdapterService@d5ffa7f
04-01 18:17:23.343  6190  6190 I chatty  : uid=1002(bluetooth) com.android.bluetooth identical 1 line
04-01 18:17:23.343  6190  6190 D BluetoothAdapterService: getAdapterService() - returning com.android.bluetooth.btservice.AdapterService@d5ffa7f
04-01 18:17:23.345  6190  6190 D BluetoothAdapterService: handleMessage() - Message: 1
04-01 18:17:23.345  6190  6190 D BluetoothAdapterService: handleMessage() - MESSAGE_PROFILE_SERVICE_STATE_CHANGED
04-01 18:17:23.345  6190  6190 D BluetoothAdapterService: processProfileServiceStateChanged() - serviceName=com.android.bluetooth.gatt.GattService isTurningOn=false isTurningOff=false isBleTurningOn=true isBleTurningOff=false
04-01 18:17:23.345  6190  6190 D BluetoothAdapterService: GattService is started
04-01 18:17:23.346  6190  6205 V BluetoothAdapterState: PendingCommand - transient state(s): isBleTurningOn
04-01 18:17:23.347  6190  6205 D BluetoothAdapterState: Current state: PENDING_COMMAND, message: 4
04-01 18:17:23.348  6190  6205 I bt_btif : enable: start restricted = 0
04-01 18:17:23.349  6190  6206 I bt_stack_manager: event_start_up_stack is bringing up the stack
04-01 18:17:23.350  6190  6206 I bt_core_module: module_start_up Starting module "btif_config_module"
04-01 18:17:23.351  6190  6206 I bt_core_module: module_start_up Started module "btif_config_module"
04-01 18:17:23.351  6190  6206 I bt_core_module: module_start_up Starting module "btsnoop_module"
04-01 18:17:23.351  6190  6206 I bt_core_module: module_start_up Started module "btsnoop_module"
04-01 18:17:23.351  6190  6206 I bt_core_module: module_start_up Starting module "hci_module"
04-01 18:17:23.351  6190  6206 I bt_hci  : hci_module_start_up
04-01 18:17:23.352  6190  6221 I bt_osi_thread: run_thread: thread id 6221, thread name hci_thread started
04-01 18:17:23.353  6190  6206 D bt_hci  : hci_module_start_up starting async portion
04-01 18:17:23.353  6190  6221 I bt_hci  : hci_initialize
04-01 18:17:23.356  6190  6221 I bt_hci  : hci_initialize: IBluetoothHci::getService() returned 0x7ef6a3d480 (remote)
04-01 18:17:23.467  6190  6221 I bt_hci  : event_finish_startup
04-01 18:17:23.467  6190  6206 I bt_core_module: module_start_up Started module "hci_module"
04-01 18:17:23.468  6190  6226 I bt_osi_thread: run_thread: thread id 6226, thread name bt_workqueue started
04-01 18:17:23.469  6190  6226 I         : [0401/181723:INFO:btu_task.cc(107)] Bluetooth chip preload is complete
04-01 18:17:23.470  6190  6226 I         : [0401/181723:INFO:gatt_api.cc(1004)] GATT_Register
04-01 18:17:23.470  6190  6226 I         : [0401/181723:INFO:gatt_api.cc(1027)] allocated gatt_if=1
04-01 18:17:23.470  6190  6226 I         : [0401/181723:INFO:gatt_api.cc(207)] GATTS_AddService
04-01 18:17:23.470  6190  6226 I         : [0401/181723:INFO:gatt_api.cc(317)] GATTS_AddService: service parsed correctly, now starting
04-01 18:17:23.470  6190  6226 E         : [0401/181723:ERROR:gatt_attr.cc(301)] gatt_profile_db_init:  gatt_if=1
04-01 18:17:23.471  6190  6226 I         : [0401/181723:INFO:gatt_api.cc(1004)] GATT_Register
04-01 18:17:23.471  6190  6226 I         : [0401/181723:INFO:gatt_api.cc(1027)] allocated gatt_if=2
04-01 18:17:23.471  6190  6226 I         : [0401/181723:INFO:gatt_api.cc(207)] GATTS_AddService
04-01 18:17:23.471  6190  6226 I         : [0401/181723:INFO:gatt_api.cc(317)] GATTS_AddService: service parsed correctly, now starting
04-01 18:17:23.473  6190  6227 I bt_osi_thread: run_thread: thread id 6227, thread name btu message loop started
04-01 18:17:23.475  6190  6228 I bt_osi_thread: run_thread: thread id 6228, thread name module_wrapper started
04-01 18:17:23.475  6190  6228 I bt_core_module: module_start_up Starting module "controller_module"
04-01 18:17:23.698  6190  6228 I bt_core_module: module_start_up Started module "controller_module"
04-01 18:17:23.699  6190  6228 W bt_osi_thread: run_thread: thread id 6228, thread name module_wrapper exited
04-01 18:17:23.700  6190  6226 W bt_btm  : btm_decode_ext_features_page: feature page 1 ignored
04-01 18:17:23.700  6190  6226 W bt_btm  : btm_decode_ext_features_page: feature page 2 ignored
04-01 18:17:23.700  6190  6227 I bt_btm_sec: BTM_SecRegister p_cb_info->p_le_callback == 0x0x7ee8d74d2c
04-01 18:17:23.701  6190  6227 I bt_btm_sec: BTM_SecRegister btm_cb.api.p_le_callback = 0x0x7ee8d74d2c 
04-01 18:17:23.704  6190  6227 I bt_stack: [INFO:gatt_api.cc(1004)] GATT_Register
04-01 18:17:23.704  6190  6227 I bt_stack: [INFO:gatt_api.cc(1027)] allocated gatt_if=3
04-01 18:17:23.733  6190  6227 I bt_stack: [INFO:ble_advertiser_hci_interface.cc(708)] VSC advertising will be in use
04-01 18:17:23.734  6190  6227 I bt_stack: [INFO:ble_advertiser_hci_interface.cc(259)] QuirkAdvertiserZeroHandle in use
04-01 18:17:23.735  6190  6211 D BluetoothAdapterProperties: BT_PROPERTY_LOCAL_LE_FEATURES: update from BT controller mNumOfAdvertisementInstancesSupported = 10 mRpaOffloadSupported = true mNumOfOffloadedIrkSupported = 8 mNumOfOffloadedScanFilterSupported = 16 mOffloadedScanResultStorageBytes= 10240 mIsActivityAndEnergyReporting = true mVersSupported = 96 mTotNumOfTrackableAdv = 32 mIsExtendedScanSupported = true mIsDebugLogSupported = true mIsLe2MPhySupported = false mIsLeCodedPhySupported = false mIsLeExtendedAdvertisingSupported = false mIsLePeriodicAdvertisingSupported = false mLeMaximumAdvertisingDataLength = 31
04-01 18:17:23.741  6190  6211 E bt_btif_storage: btif_storage_get_adapter_property: Controller ready!
04-01 18:17:23.742  6190  6211 I bt_btif_storage: btif_storage_get_adapter_property service_mask:0x20000000
04-01 18:17:23.744  6190  6211 D BluetoothAdapterProperties: Address is:80:1D:00:33:D8:82
04-01 18:17:23.748  6190  6211 D BluetoothAdapterProperties: Name is: LeEco Le 2
04-01 18:17:23.750  6190  6211 D BluetoothAdapterProperties: Scan Mode:20
04-01 18:17:23.751  6190  6211 D BluetoothAdapterProperties: Discoverable Timeout:120
04-01 18:17:23.752  6190  6211 I bt_btif_core: btif_enable_bluetooth_evt entered: status 0
04-01 18:17:23.754  6190  6230 I bt_osi_thread: run_thread: thread id 6230, thread name btif_sock started
04-01 18:17:23.756  6190  6211 D bt_bte_conf: Device ID record 1 : primary
04-01 18:17:23.756  6190  6211 D bt_bte_conf:   vendorId            = 000f
04-01 18:17:23.756  6190  6211 D bt_bte_conf:   vendorIdSource      = 0001
04-01 18:17:23.756  6190  6211 D bt_bte_conf:   product             = 1200
04-01 18:17:23.756  6190  6211 D bt_bte_conf:   version             = 1436
04-01 18:17:23.756  6190  6211 D bt_bte_conf:   clientExecutableURL = 
04-01 18:17:23.756  6190  6211 D bt_bte_conf:   serviceDescription  = 
04-01 18:17:23.756  6190  6211 D bt_bte_conf:   documentationURL    = 
04-01 18:17:23.757  6190  6211 D bt_bte_conf: bte_load_did_conf no section named DID2.
04-01 18:17:23.757  6190  6211 I bt_btif_core: btif_enable_bluetooth_evt finished
04-01 18:17:23.757  6190  6206 I bt_stack_manager: event_start_up_stack finished
04-01 18:17:23.758  6190  6205 V BluetoothAdapterState: PendingCommand - transient state(s): isBleTurningOn
04-01 18:17:23.758  6190  6205 D BluetoothAdapterState: Current state: PENDING_COMMAND, message: 3
04-01 18:17:23.758  6190  6205 D BluetoothAdapterProperties: Setting state to 15
04-01 18:17:23.759  6190  6205 I BluetoothAdapterState: Bluetooth adapter state changed: 14-> 15
04-01 18:17:23.759  6190  6205 D BluetoothAdapterService: updateAdapterState() - Broadcasting state to 1 receivers.
04-01 18:17:23.760  6190  6205 I BluetoothAdapterState: Entering BleOnState
04-01 18:17:23.761  6190  6205 D BluetoothAdapterState: Current state: BLE ON, message: 1
04-01 18:17:23.761  6190  6205 D BluetoothAdapterProperties: Setting state to 11
04-01 18:17:23.761  6190  6205 I BluetoothAdapterState: Bluetooth adapter state changed: 15-> 11
04-01 18:17:23.761  6190  6205 D BluetoothAdapterService: updateAdapterState() - Broadcasting state to 1 receivers.
04-01 18:17:23.762  6190  6205 D BluetoothAdapterService: startCoreServices()
04-01 18:17:23.762  6190  6205 D BluetoothAdapterService: setProfileServiceState() - Starting service com.android.bluetooth.hfp.HeadsetService
04-01 18:17:23.765  6190  6190 D BluetoothAdapterService: getAdapterService() - returning com.android.bluetooth.btservice.AdapterService@d5ffa7f
04-01 18:17:23.766  6190  6190 D HeadsetService: Received start request. Starting profile...
04-01 18:17:23.766  6190  6205 D BluetoothAdapterService: setProfileServiceState() - Starting service com.android.bluetooth.a2dp.A2dpService
04-01 18:17:23.768  6190  6190 I BluetoothHeadsetServiceJni: classInitNative: succeeds
04-01 18:17:23.768  6190  6190 D HeadsetStateMachine: make
04-01 18:17:23.769  6190  6205 D BluetoothAdapterService: setProfileServiceState() - Starting service com.android.bluetooth.hid.HidService
04-01 18:17:23.772  6190  6205 D BluetoothAdapterService: setProfileServiceState() - Starting service com.android.bluetooth.hdp.HealthService
04-01 18:17:23.774  6190  6205 D BluetoothAdapterService: setProfileServiceState() - Starting service com.android.bluetooth.pan.PanService
04-01 18:17:23.778  6190  6205 D BluetoothAdapterService: setProfileServiceState() - Starting service com.android.bluetooth.map.BluetoothMapService
04-01 18:17:23.779  6190  6190 D HeadsetStateMachine: max_hf_connections = 1
04-01 18:17:23.779  6190  6190 D HeadsetStateMachine: in-band_ringing_support = true
04-01 18:17:23.779  6190  6190 I bt_btif : get_profile_interface: id = handsfree
04-01 18:17:23.780  6190  6227 I bt_stack: [INFO:port_api.cc(123)] RFCOMM_CreateConnection BDA: ff:ff:ff:ff:ff:ff
04-01 18:17:23.780  6190  6205 D BluetoothAdapterService: setProfileServiceState() - Starting service com.android.bluetooth.hfpclient.HeadsetClientService
04-01 18:17:23.780  6190  6227 I bt_stack: [INFO:port_api.cc(123)] RFCOMM_CreateConnection BDA: ff:ff:ff:ff:ff:ff
04-01 18:17:23.781  6190  6211 I bt_btif_storage: btif_storage_get_adapter_property service_mask:0x20000040
04-01 18:17:23.781  6190  6211 E bt_btif : btif_hf_upstreams_evt: Invalid index 3956
04-01 18:17:23.785  6190  6190 D BluetoothAdapterService: getAdapterService() - returning com.android.bluetooth.btservice.AdapterService@d5ffa7f
04-01 18:17:23.785  6190  6205 D BluetoothAdapterService: setProfileServiceState() - Starting service com.android.bluetooth.avrcpcontroller.AvrcpControllerService
04-01 18:17:23.786  6190  6190 D BluetoothAdapterService: getAdapterService() - returning com.android.bluetooth.btservice.AdapterService@d5ffa7f
04-01 18:17:23.787  6190  6190 D A2dpService: Received start request. Starting profile...
04-01 18:17:23.788  6190  6190 I BluetoothAvrcpServiceJni: classInitNative: succeeds
04-01 18:17:23.788  6190  6190 V Avrcp   : make
04-01 18:17:23.788  6190  6205 D BluetoothAdapterService: setProfileServiceState() - Starting service com.android.bluetooth.sap.SapService
04-01 18:17:23.789  6190  6190 I bt_btif : get_profile_interface: id = avrcp
04-01 18:17:23.791  6190  6205 D BluetoothAdapterService: setProfileServiceState() - Starting service com.android.bluetooth.opp.BluetoothOppService
04-01 18:17:23.795  6190  6205 D BluetoothAdapterService: setProfileServiceState() - Starting service com.android.bluetooth.pbap.BluetoothPbapService
04-01 18:17:23.799  6190  6205 I BluetoothAdapterState: Entering PendingCommandState
04-01 18:17:23.805  6190  6190 V Avrcp   : initMediaPlayerInfoList: 0 controllers
04-01 18:17:23.808  6190  6190 V Avrcp   : updatePlaybackState (1): -1➡0(PlaybackState {state=0, position=-1, buffered position=0, speed=0.0, updated=8147886, actions=0, custom actions=[], active item id=-1, error=null})
04-01 18:17:23.808  6190  6190 I Avrcp   : Skipping update due to invalid playback state
04-01 18:17:23.808  6190  6190 E Avrcp   : play status change -1➡0 mPlayStatusChangedNT: 1
04-01 18:17:23.808  6190  6190 E bt_btif : register_notification_rsp: Avrcp device is not connected, handle: 0x0
04-01 18:17:23.808  6190  6190 D Avrcp   : sendPlayPosNotificationRsp: Not registered or requesting.
04-01 18:17:23.810  6190  6190 D Avrcp   : User already unlocked, initializing player lists
04-01 18:17:23.812  6190  6190 V Avrcp   : updatePlaybackState (1): 0➡0(PlaybackState {state=0, position=-1, buffered position=0, speed=0.0, updated=8147892, actions=0, custom actions=[], active item id=-1, error=null})
04-01 18:17:23.812  6190  6190 I Avrcp   : Skipping update due to invalid playback state
04-01 18:17:23.812  6190  6190 E Avrcp   : play status change 0➡0 mPlayStatusChangedNT: 1
04-01 18:17:23.812  6190  6190 D Avrcp   : sendPlayPosNotificationRsp: Not registered or requesting.
04-01 18:17:23.814  6190  6190 I BluetoothA2dpServiceJni: classInitNative: succeeds
04-01 18:17:23.814  6190  6190 D A2dpStateMachine: make
04-01 18:17:23.816  6190  6190 I bt_btif : get_profile_interface: id = a2dp
04-01 18:17:23.816  6190  6234 I bt_osi_thread: run_thread: thread id 6234, thread name btif_a2dp_source started
04-01 18:17:23.817  6190  6190 D a2dp_codec: init
04-01 18:17:23.817  6190  6190 D a2dp_codec: createCodec: codec SBC
04-01 18:17:23.817  6190  6211 I bt_btif_storage: btif_storage_get_adapter_property service_mask:0x20000048
04-01 18:17:23.817  6190  6227 I bt_bta_av: AVRCP version used for sdp: "avrcp14"
04-01 18:17:23.817  6190  6211 E bt_btif : btif_sm_dispatch : Invalid handle
04-01 18:17:23.818  6190  6190 I a2dp_codec: init: updated SBC codec priority to 1001
04-01 18:17:23.818  6190  6190 D a2dp_codec: createCodec: codec AAC
04-01 18:17:23.818  6190  6190 I a2dp_codec: init: updated AAC codec priority to 2001
04-01 18:17:23.818  6190  6190 D a2dp_codec: createCodec: codec aptX
04-01 18:17:23.819  6190  6190 E a2dp_vendor_aptx_encoder: A2DP_VendorLoadEncoderAptx: cannot open aptX encoder library libaptX_encoder.so: dlopen failed: library "libaptX_encoder.so" not found
04-01 18:17:23.819  6190  6190 E a2dp_vendor_aptx: init: cannot load the encoder
04-01 18:17:23.819  6190  6190 D a2dp_codec: createCodec: codec aptX-HD
04-01 18:17:23.820  6190  6190 E a2dp_vendor_aptx_hd_encoder: A2DP_VendorLoadEncoderAptxHd: cannot open aptX-HD encoder library libaptXHD_encoder.so: dlopen failed: library "libaptXHD_encoder.so" not found
04-01 18:17:23.819  6190  6211 E bt_btif : btif_sm_dispatch : Invalid handle
04-01 18:17:23.820  6190  6190 E a2dp_vendor_aptx_hd: init: cannot load the encoder
04-01 18:17:23.820  6190  6190 D a2dp_codec: createCodec: codec LDAC
04-01 18:17:23.823  6190  6190 I a2dp_codec: init: updated LDAC codec priority to 5001
04-01 18:17:23.823  6190  6190 D a2dp_codec: createCodec: codec SBC SINK
04-01 18:17:23.823  6190  6190 I a2dp_codec: init: initialized Source codec LDAC
04-01 18:17:23.823  6190  6190 I a2dp_codec: init: initialized Source codec AAC
04-01 18:17:23.823  6190  6190 I a2dp_codec: init: initialized Source codec SBC
04-01 18:17:23.823  6190  6190 I a2dp_codec: init: initialized Sink codec SBC(Sink)
04-01 18:17:23.824  6190  6190 W bt_btif : ## ON A2DP IDLE ## peer_sep = 0
04-01 18:17:23.824  6190  6211 I BluetoothA2dpServiceJni: bta2dp_audio_config_callback
04-01 18:17:23.826  6190  6233 D A2dpStateMachine: Enter Disconnected: -2
04-01 18:17:23.826  6190  6211 D A2dpStateMachine: A2DP Codec Config: null->{codecName:SBC,mCodecType:0,mCodecPriority:0,mSampleRate:0x0(NONE),mBitsPerSample:0x0(NONE),mChannelMode:0x0(NONE),mCodecSpecific1:0,mCodecSpecific2:0,mCodecSpecific3:0,mCodecSpecific4:0}
04-01 18:17:23.826  6190  6211 D A2dpStateMachine: A2DP Codec Local Capability: {codecName:LDAC,mCodecType:4,mCodecPriority:5001,mSampleRate:0xf(44100|48000|88200|96000),mBitsPerSample:0x7(16|24|32),mChannelMode:0x2(STEREO),mCodecSpecific1:0,mCodecSpecific2:0,mCodecSpecific3:0,mCodecSpecific4:0}
04-01 18:17:23.827  6190  6211 D A2dpStateMachine: A2DP Codec Local Capability: {codecName:AAC,mCodecType:1,mCodecPriority:2001,mSampleRate:0x1(44100),mBitsPerSample:0x1(16),mChannelMode:0x2(STEREO),mCodecSpecific1:0,mCodecSpecific2:0,mCodecSpecific3:0,mCodecSpecific4:0}
04-01 18:17:23.827  6190  6190 D BluetoothAdapterService: getAdapterService() - returning com.android.bluetooth.btservice.AdapterService@d5ffa7f
04-01 18:17:23.827  6190  6211 D A2dpStateMachine: A2DP Codec Local Capability: {codecName:SBC,mCodecType:0,mCodecPriority:1001,mSampleRate:0x1(44100),mBitsPerSample:0x1(16),mChannelMode:0x3(MONO|STEREO),mCodecSpecific1:0,mCodecSpecific2:0,mCodecSpecific3:0,mCodecSpecific4:0}
04-01 18:17:23.827  6190  6190 I BluetoothHidServiceJni: classInitNative: succeeds
04-01 18:17:23.829  6190  6190 D BluetoothAdapterService: getAdapterService() - returning com.android.bluetooth.btservice.AdapterService@d5ffa7f
04-01 18:17:23.830  6190  6190 D HidService: Received start request. Starting profile...
04-01 18:17:23.830  6190  6190 I bt_btif : get_profile_interface: id = hidhost
04-01 18:17:23.830  6190  6190 D HidService: setHidService(): set to: null
04-01 18:17:23.831  6190  6190 D BluetoothAdapterService: getAdapterService() - returning com.android.bluetooth.btservice.AdapterService@d5ffa7f
04-01 18:17:23.831  6190  6211 I bt_bta_hh: BTA_HhEnable sec_mask:0x36 p_cback:0x7ee8dda448
04-01 18:17:23.831  6190  6211 I bt_btif_storage: btif_storage_get_adapter_property service_mask:0x20100048
04-01 18:17:23.831  6190  6227 I bt_stack: [INFO:gatt_api.cc(1004)] GATT_Register
04-01 18:17:23.831  6190  6227 I bt_stack: [INFO:gatt_api.cc(1027)] allocated gatt_if=4
04-01 18:17:23.837  6190  6190 I BluetoothHealthServiceJni: classInitNative: succeeds
04-01 18:17:23.839  6190  6190 D BluetoothAdapterService: getAdapterService() - returning com.android.bluetooth.btservice.AdapterService@d5ffa7f
04-01 18:17:23.840  6190  6190 D HealthService: Received start request. Starting profile...
04-01 18:17:23.841  6190  6190 I bt_btif : get_profile_interface: id = health
04-01 18:17:23.841  6190  6190 D BluetoothAdapterService: getAdapterService() - returning com.android.bluetooth.btservice.AdapterService@d5ffa7f
04-01 18:17:23.842  6190  6190 I BluetoothPanServiceJni: classInitNative(L111): succeeds
04-01 18:17:23.843  6190  6190 D BluetoothAdapterService: getAdapterService() - returning com.android.bluetooth.btservice.AdapterService@d5ffa7f
04-01 18:17:23.844  6190  6190 D PanService: Received start request. Starting profile...
04-01 18:17:23.844  6190  6190 D BluetoothPanServiceJni: initializeNative(L116): pan
04-01 18:17:23.844  6190  6190 I bt_btif : get_profile_interface: id = pan
04-01 18:17:23.844  6190  6190 D BluetoothAdapterService: getAdapterService() - returning com.android.bluetooth.btservice.AdapterService@d5ffa7f
04-01 18:17:23.845  6190  6211 D BluetoothPanServiceJni: control_state_callback(L63): state:0, local_role:3, ifname:bt-pan
04-01 18:17:23.848  6190  6190 D BluetoothAdapterService: getAdapterService() - returning com.android.bluetooth.btservice.AdapterService@d5ffa7f
04-01 18:17:23.848  6190  6190 D BluetoothMapService: Received start request. Starting profile...
04-01 18:17:23.848  6190  6190 D BluetoothMapService: start()
04-01 18:17:23.852  6190  6190 D BluetoothMapAccountLoader: Found 0 application(s) with intent android.bluetooth.action.BLUETOOTH_MAP_PROVIDER
04-01 18:17:23.854  6190  6190 D BluetoothMapAccountLoader: Found 0 application(s) with intent android.bluetooth.action.BLUETOOTH_MAP_IM_PROVIDER
04-01 18:17:23.854  6190  6190 D BluetoothMapAppObserver: createReceiver()
04-01 18:17:23.855  6190  6190 D BluetoothMapAppObserver: initObservers()
04-01 18:17:23.856  6190  6190 D BluetoothMapAppObserver: getEnabledAccountItems()
04-01 18:17:23.856  6190  6190 D BluetoothAdapterService: getAdapterService() - returning com.android.bluetooth.btservice.AdapterService@d5ffa7f
04-01 18:17:23.857  6190  6190 I BluetoothHeadsetClientServiceJni: classInitNative succeeds
04-01 18:17:23.859  6190  6190 D BluetoothAdapterService: getAdapterService() - returning com.android.bluetooth.btservice.AdapterService@d5ffa7f
04-01 18:17:23.860  6190  6190 D HeadsetClientService: Received start request. Starting profile...
04-01 18:17:23.860  6190  6190 D BluetoothHeadsetClientServiceJni: initializeNative: HfpClient
04-01 18:17:23.860  6190  6190 I bt_btif : get_profile_interface: id = handsfree_client
04-01 18:17:23.860  6190  6211 I bt_stack: [INFO:port_api.cc(123)] RFCOMM_CreateConnection BDA: ff:ff:ff:ff:ff:ff
04-01 18:17:23.861  6190  6211 I bt_btif_storage: btif_storage_get_adapter_property service_mask:0x21100048
04-01 18:17:23.865  6190  6190 D BluetoothHeadsetClientServiceJni: initializeNative: HfpClient
04-01 18:17:23.865  6190  6190 W BluetoothHeadsetClientServiceJni: Cleaning up Bluetooth HFP Client Interface before initializing
04-01 18:17:23.865  6190  6190 W BluetoothHeadsetClientServiceJni: Cleaning up Bluetooth HFP Client callback object
04-01 18:17:23.865  6190  6211 I bt_btif_queue: queue_int_cleanup: UUID=111E
04-01 18:17:23.865  6190  6190 I bt_btif : get_profile_interface: id = handsfree_client
04-01 18:17:23.866  6190  6211 I bt_btif_storage: btif_storage_get_adapter_property service_mask:0x21100048
04-01 18:17:23.866  6190  6190 D BluetoothAdapterService: getAdapterService() - returning com.android.bluetooth.btservice.AdapterService@d5ffa7f
04-01 18:17:23.866  6190  6211 I bt_stack: [INFO:port_api.cc(123)] RFCOMM_CreateConnection BDA: ff:ff:ff:ff:ff:ff
04-01 18:17:23.866  6190  6190 D BluetoothAdapterService: handleMessage() - Message: 1
04-01 18:17:23.866  6190  6211 I bt_btif_storage: btif_storage_get_adapter_property service_mask:0x21100048
04-01 18:17:23.866  6190  6190 D BluetoothAdapterService: handleMessage() - MESSAGE_PROFILE_SERVICE_STATE_CHANGED
04-01 18:17:23.867  6190  6190 D BluetoothAdapterService: processProfileServiceStateChanged() - serviceName=com.android.bluetooth.hfp.HeadsetService isTurningOn=true isTurningOff=false isBleTurningOn=false isBleTurningOff=false
04-01 18:17:23.867  6190  6231 D HeadsetPhoneState: sendDeviceStateChanged. mService=0 mIsSimStateLoaded=false mSignal=0 mRoam=0 mBatteryCharge=4
04-01 18:17:23.867  6190  6190 D BluetoothAdapterService: onProfileServiceStateChange() - Profile still not running:com.android.bluetooth.a2dp.A2dpService
04-01 18:17:23.868  6190  6190 I BluetoothAvrcpControllerJni: classInitNative: succeeds
04-01 18:17:23.868  6190  6190 I bt_btif : get_profile_interface: id = avrcp_ctrl
04-01 18:17:23.870  6190  6190 D BluetoothAdapterService: getAdapterService() - returning com.android.bluetooth.btservice.AdapterService@d5ffa7f
04-01 18:17:23.871  6190  6190 D AvrcpControllerService: Received start request. Starting profile...
04-01 18:17:23.876  6190  6190 D AvrcpControllerService: setAvrcpControllerService(): set to: null
04-01 18:17:23.876  6190  6190 D BluetoothAdapterService: getAdapterService() - returning com.android.bluetooth.btservice.AdapterService@d5ffa7f
04-01 18:17:23.878  6190  6190 V SapService: SapBinder()
04-01 18:17:23.879  6190  6190 D BluetoothAdapterService: getAdapterService() - returning com.android.bluetooth.btservice.AdapterService@d5ffa7f
04-01 18:17:23.880  6190  6190 D SapService: Received start request. Starting profile...
04-01 18:17:23.880  6190  6190 V SapService: start()
04-01 18:17:23.881  6190  6190 D BluetoothAdapterService: getAdapterService() - returning com.android.bluetooth.btservice.AdapterService@d5ffa7f
04-01 18:17:23.896  6190  6190 D BluetoothAdapterService: getAdapterService() - returning com.android.bluetooth.btservice.AdapterService@d5ffa7f
04-01 18:17:23.897  6190  6190 D BluetoothOppService: Received start request. Starting profile...
04-01 18:17:23.897  6190  6190 D BluetoothAdapterService: getAdapterService() - returning com.android.bluetooth.btservice.AdapterService@d5ffa7f
04-01 18:17:23.899  6190  6190 V BluetoothPbapService: PbapBinder()
04-01 18:17:23.900  6190  6190 D BluetoothAdapterService: getAdapterService() - returning com.android.bluetooth.btservice.AdapterService@d5ffa7f
04-01 18:17:23.902  6190  6190 D BluetoothPbapService: Received start request. Starting profile...
04-01 18:17:23.902  6190  6190 V BluetoothPbapService: start()
04-01 18:17:23.904  6190  6190 D BluetoothPbapService: Registering observer
04-01 18:17:23.910  6190  6190 D BluetoothAdapterService: getAdapterService() - returning com.android.bluetooth.btservice.AdapterService@d5ffa7f
04-01 18:17:23.910  6190  6190 D BluetoothAdapterService: handleMessage() - Message: 1
04-01 18:17:23.910  6190  6190 D BluetoothAdapterService: handleMessage() - MESSAGE_PROFILE_SERVICE_STATE_CHANGED
04-01 18:17:23.911  6190  6190 D BluetoothAdapterService: processProfileServiceStateChanged() - serviceName=com.android.bluetooth.a2dp.A2dpService isTurningOn=true isTurningOff=false isBleTurningOn=false isBleTurningOff=false
04-01 18:17:23.913  6190  6190 D BluetoothAdapterService: onProfileServiceStateChange() - Profile still not running:com.android.bluetooth.map.BluetoothMapService
04-01 18:17:23.913  6190  6190 D BluetoothAdapterService: handleMessage() - Message: 1
04-01 18:17:23.913  6190  6190 D BluetoothAdapterService: handleMessage() - MESSAGE_PROFILE_SERVICE_STATE_CHANGED
04-01 18:17:23.913  6190  6190 D BluetoothAdapterService: processProfileServiceStateChanged() - serviceName=com.android.bluetooth.hid.HidService isTurningOn=true isTurningOff=false isBleTurningOn=false isBleTurningOff=false
04-01 18:17:23.913  6190  6190 D BluetoothAdapterService: onProfileServiceStateChange() - Profile still not running:com.android.bluetooth.map.BluetoothMapService
04-01 18:17:23.914  6190  6190 D BluetoothAdapterService: handleMessage() - Message: 1
04-01 18:17:23.914  6190  6190 D BluetoothAdapterService: handleMessage() - MESSAGE_PROFILE_SERVICE_STATE_CHANGED
04-01 18:17:23.914  6190  6190 D BluetoothAdapterService: processProfileServiceStateChanged() - serviceName=com.android.bluetooth.hdp.HealthService isTurningOn=true isTurningOff=false isBleTurningOn=false isBleTurningOff=false
04-01 18:17:23.914  6190  6190 D BluetoothAdapterService: onProfileServiceStateChange() - Profile still not running:com.android.bluetooth.map.BluetoothMapService
04-01 18:17:23.914  6190  6190 D BluetoothAdapterService: handleMessage() - Message: 1
04-01 18:17:23.914  6190  6190 D BluetoothAdapterService: handleMessage() - MESSAGE_PROFILE_SERVICE_STATE_CHANGED
04-01 18:17:23.914  6190  6190 D BluetoothAdapterService: processProfileServiceStateChanged() - serviceName=com.android.bluetooth.pan.PanService isTurningOn=true isTurningOff=false isBleTurningOn=false isBleTurningOff=false
04-01 18:17:23.915  6190  6190 D BluetoothAdapterService: onProfileServiceStateChange() - Profile still not running:com.android.bluetooth.map.BluetoothMapService
04-01 18:17:23.915  6190  6190 D BluetoothAdapterService: handleMessage() - Message: 1
04-01 18:17:23.915  6190  6190 D BluetoothAdapterService: handleMessage() - MESSAGE_PROFILE_SERVICE_STATE_CHANGED
04-01 18:17:23.915  6190  6190 D BluetoothAdapterService: processProfileServiceStateChanged() - serviceName=com.android.bluetooth.map.BluetoothMapService isTurningOn=true isTurningOff=false isBleTurningOn=false isBleTurningOff=false
04-01 18:17:23.915  6190  6190 D BluetoothAdapterService: onProfileServiceStateChange() - Profile still not running:com.android.bluetooth.avrcpcontroller.AvrcpControllerService
04-01 18:17:23.916  6190  6190 D BluetoothAdapterService: handleMessage() - Message: 1
04-01 18:17:23.916  6190  6190 D BluetoothAdapterService: handleMessage() - MESSAGE_PROFILE_SERVICE_STATE_CHANGED
04-01 18:17:23.916  6190  6190 D BluetoothAdapterService: processProfileServiceStateChanged() - serviceName=com.android.bluetooth.hfpclient.HeadsetClientService isTurningOn=true isTurningOff=false isBleTurningOn=false isBleTurningOff=false
04-01 18:17:23.916  6190  6190 D BluetoothAdapterService: onProfileServiceStateChange() - Profile still not running:com.android.bluetooth.avrcpcontroller.AvrcpControllerService
04-01 18:17:23.917  6190  6190 D BluetoothAdapterService: handleMessage() - Message: 1
04-01 18:17:23.917  6190  6190 D BluetoothAdapterService: handleMessage() - MESSAGE_PROFILE_SERVICE_STATE_CHANGED
04-01 18:17:23.917  6190  6190 D BluetoothAdapterService: processProfileServiceStateChanged() - serviceName=com.android.bluetooth.avrcpcontroller.AvrcpControllerService isTurningOn=true isTurningOff=false isBleTurningOn=false isBleTurningOff=false
04-01 18:17:23.918  6190  6190 D BluetoothAdapterService: onProfileServiceStateChange() - Profile still not running:com.android.bluetooth.sap.SapService
04-01 18:17:23.919  6190  6190 D BluetoothAdapterService: handleMessage() - Message: 1
04-01 18:17:23.919  6190  6190 D BluetoothAdapterService: handleMessage() - MESSAGE_PROFILE_SERVICE_STATE_CHANGED
04-01 18:17:23.919  6190  6190 D BluetoothAdapterService: processProfileServiceStateChanged() - serviceName=com.android.bluetooth.sap.SapService isTurningOn=true isTurningOff=false isBleTurningOn=false isBleTurningOff=false
04-01 18:17:23.919  6190  6190 D BluetoothAdapterService: onProfileServiceStateChange() - Profile still not running:com.android.bluetooth.pbap.BluetoothPbapService
04-01 18:17:23.920  6190  6190 D BluetoothAdapterService: handleMessage() - Message: 1
04-01 18:17:23.920  6190  6190 D BluetoothAdapterService: handleMessage() - MESSAGE_PROFILE_SERVICE_STATE_CHANGED
04-01 18:17:23.920  6190  6190 D BluetoothAdapterService: processProfileServiceStateChanged() - serviceName=com.android.bluetooth.opp.BluetoothOppService isTurningOn=true isTurningOff=false isBleTurningOn=false isBleTurningOff=false
04-01 18:17:23.921  6190  6190 D BluetoothAdapterService: onProfileServiceStateChange() - Profile still not running:com.android.bluetooth.pbap.BluetoothPbapService
04-01 18:17:23.922  6190  6190 D BluetoothAdapterService: handleMessage() - Message: 1
04-01 18:17:23.922  6190  6190 D BluetoothAdapterService: handleMessage() - MESSAGE_PROFILE_SERVICE_STATE_CHANGED
04-01 18:17:23.923  6190  6190 D BluetoothAdapterService: processProfileServiceStateChanged() - serviceName=com.android.bluetooth.pbap.BluetoothPbapService isTurningOn=true isTurningOff=false isBleTurningOn=false isBleTurningOff=false
04-01 18:17:23.923  6190  6190 D BluetoothAdapterService: onProfileServiceStateChange() - All profile services started.
04-01 18:17:23.926  6190  6205 V BluetoothAdapterState: PendingCommand - transient state(s): isTurningOn
04-01 18:17:23.926  6190  6205 D BluetoothAdapterState: Current state: PENDING_COMMAND, message: 2
04-01 18:17:23.926  6190  6205 D BluetoothAdapterProperties: onBluetoothReady, state=11, ScanMode=20
04-01 18:17:23.927  6190  6205 D BluetoothAdapterProperties: Setting state to 12
04-01 18:17:23.927  6190  6205 I BluetoothAdapterState: Bluetooth adapter state changed: 11-> 12
04-01 18:17:23.927  6190  6205 D BluetoothAdapterService: updateAdapterState() - Broadcasting state to 1 receivers.
04-01 18:17:23.929  6190  6205 I BluetoothAdapterState: Entering OnState
04-01 18:17:23.929  6190  6205 D BluetoothAdapterService: updateUuids() - Updating UUIDs for bonded devices
04-01 18:17:23.935  6190  6211 D BluetoothAdapterProperties: Scan Mode:21
04-01 18:17:23.935  6190  6211 D BluetoothAdapterProperties: Discoverable Timeout:120
04-01 18:17:23.951  6190  6190 D BluetoothMapService: onReceive
04-01 18:17:23.951  6190  6190 D BluetoothMapService: onReceive: android.bluetooth.adapter.action.STATE_CHANGED
04-01 18:17:23.951  6190  6190 D BluetoothMapService: STATE_ON
04-01 18:17:23.963  6190  6190 D BluetoothPbapService: action: android.bluetooth.adapter.action.STATE_CHANGED
04-01 18:17:23.963  6190  6190 D BluetoothPbapService: state: 12
04-01 18:17:23.966  6190  6190 D BluetoothAdapterService: isQuetModeEnabled() - Enabled = false
04-01 18:17:23.967  6190  6190 D BluetoothPhonePolicy: autoConnect() - Initiate auto connection on BT on...
04-01 18:17:23.971  6190  6190 D BtOppService: start Socket Listeners
04-01 18:17:23.971  6190  6190 D BtOppService: stopListeners   mServerSocket :null
04-01 18:17:23.971  6190  6190 D ObexServerSockets: create(rfcomm = -2, l2capPsm = -2)
04-01 18:17:23.972  6190  6238 D BluetoothMapMasInstance0: Map Service startRfcommSocketListener
04-01 18:17:23.973  6190  6190 W BluetoothAdapter: getBluetoothService() called with no BluetoothManagerCallback
04-01 18:17:23.973  6190  6238 D ObexServerSockets: create(rfcomm = -2, l2capPsm = -2)
04-01 18:17:23.973  6190  6254 W BluetoothAdapter: getBluetoothService() called with no BluetoothManagerCallback
04-01 18:17:23.974  6190  6238 W BluetoothAdapter: getBluetoothService() called with no BluetoothManagerCallback
04-01 18:17:23.974  6190  6227 I bt_stack: [INFO:port_api.cc(123)] RFCOMM_CreateConnection BDA: ff:ff:ff:ff:ff:ff
04-01 18:17:23.975  6190  6227 I bt_stack: [INFO:port_api.cc(123)] RFCOMM_CreateConnection BDA: ff:ff:ff:ff:ff:ff
04-01 18:17:23.975  6190  6254 D BluetoothSdpJni: sdpCreateSapsRecordNative
04-01 18:17:23.975  6190  6254 D BluetoothSdpJni: SDP Create record success - handle: 0
04-01 18:17:23.976  6190  6190 W BluetoothAdapter: getBluetoothService() called with no BluetoothManagerCallback
04-01 18:17:23.977  6190  6227 I bt_stack: [INFO:port_api.cc(123)] RFCOMM_CreateConnection BDA: ff:ff:ff:ff:ff:ff
04-01 18:17:23.977  6190  6238 W BluetoothAdapter: getBluetoothService() called with no BluetoothManagerCallback
04-01 18:17:23.978  6190  6190 D ObexServerSockets: Succeed to create listening sockets 
04-01 18:17:23.978  6190  6190 D ObexServerSockets0: startAccept()
04-01 18:17:23.978  6190  6190 D ObexServerSockets0: prepareForNewConnect()
04-01 18:17:23.979  6190  6238 D ObexServerSockets: Succeed to create listening sockets 
04-01 18:17:23.979  6190  6190 D BluetoothSdpJni: sdpCreateOppOpsRecordNative
04-01 18:17:23.979  6190  6238 D ObexServerSockets1: startAccept()
04-01 18:17:23.979  6190  6255 D ObexServerSockets0: Accepting socket connection...
04-01 18:17:23.979  6190  6238 D ObexServerSockets1: prepareForNewConnect()
04-01 18:17:23.979  6190  6190 D BluetoothSdpJni: SDP Create record success - handle: 1
04-01 18:17:23.979  6190  6190 D BtOppService: mOppSdpHandle :1
04-01 18:17:23.979  6190  6256 D ObexServerSockets0: Accepting socket connection...
04-01 18:17:23.980  6190  6190 D BluetoothPbapService: startsocketListener
04-01 18:17:23.980  6190  6190 D ObexServerSockets: create(rfcomm = -2, l2capPsm = -2)
04-01 18:17:23.981  6190  6190 W BluetoothAdapter: getBluetoothService() called with no BluetoothManagerCallback
04-01 18:17:23.982  6190  6238 D BluetoothSdpJni: sdpCreateMapMasRecordNative
04-01 18:17:23.982  6190  6238 D BluetoothSdpJni: SDP Create record success - handle: 2
04-01 18:17:23.985  6190  6227 I bt_stack: [INFO:port_api.cc(123)] RFCOMM_CreateConnection BDA: ff:ff:ff:ff:ff:ff
04-01 18:17:23.987  6190  6190 W BluetoothAdapter: getBluetoothService() called with no BluetoothManagerCallback
04-01 18:17:23.988  6190  6190 D ObexServerSockets: Succeed to create listening sockets 
04-01 18:17:23.988  6190  6190 D ObexServerSockets2: startAccept()
04-01 18:17:23.988  6190  6190 D ObexServerSockets2: prepareForNewConnect()
04-01 18:17:23.991  6190  6258 D ObexServerSockets1: Accepting socket connection...
04-01 18:17:23.994  6190  6257 D ObexServerSockets1: Accepting socket connection...
04-01 18:17:23.996  6190  6259 D ObexServerSockets2: Accepting socket connection...
04-01 18:17:23.996  6190  6190 D BluetoothSdpJni: sdpCreatePbapPseRecordNative
04-01 18:17:23.997  6190  6190 D BluetoothSdpJni: SDP Create record success - handle: 3
04-01 18:17:23.997  6190  6260 D ObexServerSockets2: Accepting socket connection...
04-01 18:17:23.999  6190  6190 D BluetoothPbapService: PBAP server with handle:3
04-01 18:24:38.946  6190  6227 W bt_btif : bta_dm_acl_change info: 0x10
04-01 18:24:38.947  6190  6211 D bt_btif_dm: remote version info [a0:a4:c5:68:0f:dc]: 0, 0, 0
04-01 18:24:38.950  6190  6211 E BluetoothRemoteDevices: aclStateChangeCallback: device is NULL, address=A0:A4:C5:68:0F:DC, newState=0
04-01 18:24:39.285  6190  6211 D bt_btif_config: btif_get_device_type: Device [a0:a4:c5:68:0f:dc] type 1
04-01 18:24:39.286  6190  6211 I bt_btif_dm: get_cod remote_cod = 0x000c010c
04-01 18:24:39.287  6190  6211 I BluetoothBondStateMachine: bondStateChangeCallback: Status: 0 Address: A0:A4:C5:68:0F:DC newState: 1
04-01 18:24:39.287  6190  6211 I bt_btif_dm: get_cod remote_cod = 0x000c010c
04-01 18:24:39.297  6190  6217 I BluetoothBondStateMachine: Bond State Change Intent:A0:A4:C5:68:0F:DC OldState: 10 NewState: 11
04-01 18:24:39.297  6190  6217 I BluetoothBondStateMachine: Entering PendingCommandState State
04-01 18:24:40.245  6190  6211 D bt_btif_config: btif_get_device_type: Device [a0:a4:c5:68:0f:dc] type 1
04-01 18:24:40.245  6190  6211 I bt_btif_dm: get_cod remote_cod = 0x000c010c
04-01 18:24:40.246  6190  6211 I BluetoothBondStateMachine: bondStateChangeCallback: Status: 0 Address: A0:A4:C5:68:0F:DC newState: 0
04-01 18:24:40.247  6190  6217 D BluetoothAdapterProperties: Failed to remove device: A0:A4:C5:68:0F:DC
04-01 18:24:40.249  6190  6217 I BluetoothBondStateMachine: Bond State Change Intent:A0:A4:C5:68:0F:DC OldState: 11 NewState: 10
04-01 18:24:40.252  6190  6217 D HidService: getHidService(): returning com.android.bluetooth.hid.HidService@9ecfed3
04-01 18:24:40.253  6190  6217 D A2dpSinkService: getA2dpSinkService(): service is NULL
04-01 18:24:40.255  6190  6217 D HidService: Saved priority A0:A4:C5:68:0F:DC = -1
04-01 18:24:40.265  6190  6217 I BluetoothBondStateMachine: StableState(): Entering Off State
04-01 18:25:28.764  6190  6227 I bt_btm_sec: btm_sec_disconnected clearing pending flag handle:1 reason:19
04-01 18:25:28.764  6190  6211 W bt_btif : btif_av_move_idle: ACL Disconnected state 0 bd_addr=a0:a4:c5:68:0f:dc peer_bda=00:00:00:00:00:00
04-01 18:25:28.771  6190  6190 D BluetoothMapService: onReceive
04-01 18:25:28.772  6190  6190 D BluetoothMapService: onReceive: android.bluetooth.device.action.ACL_DISCONNECTED
04-01 18:25:28.772  6190  6190 D BluetoothPbapService: action: android.bluetooth.device.action.ACL_DISCONNECTED
04-01 18:25:28.773  6190  6190 D BluetoothPbapService: state: -2147483648
04-01 18:25:28.773  6190  6190 W BluetoothPbapService: Unrecognized intent!
