--------- beginning of main
04-01 19:38:39.169  7531  7531 D BluetoothOppFileProvider: Initialized
04-01 19:38:39.195  7531  7531 D AdapterServiceConfig: Adding HeadsetService
04-01 19:38:39.197  7531  7531 D AdapterServiceConfig: Adding A2dpService
04-01 19:38:39.197  7531  7531 D AdapterServiceConfig: Adding HidService
04-01 19:38:39.198  7531  7531 D AdapterServiceConfig: Adding HealthService
04-01 19:38:39.198  7531  7531 D AdapterServiceConfig: Adding PanService
04-01 19:38:39.198  7531  7531 D AdapterServiceConfig: Adding GattService
04-01 19:38:39.198  7531  7531 D AdapterServiceConfig: Adding BluetoothMapService
04-01 19:38:39.198  7531  7531 D AdapterServiceConfig: Adding HeadsetClientService
04-01 19:38:39.198  7531  7531 D AdapterServiceConfig: Adding AvrcpControllerService
04-01 19:38:39.198  7531  7531 D AdapterServiceConfig: Adding SapService
04-01 19:38:39.199  7531  7531 W AdapterServiceConfig: Could not find profile bit mask
04-01 19:38:39.199  7531  7531 D AdapterServiceConfig: Adding BluetoothOppService
04-01 19:38:39.199  7531  7531 W AdapterServiceConfig: Could not find profile bit mask
04-01 19:38:39.199  7531  7531 D AdapterServiceConfig: Adding BluetoothPbapService
04-01 19:38:39.225  7531  7531 D BluetoothAdapterService: onCreate()
04-01 19:38:39.231  7531  7531 D BluetoothAdapterState: make() - Creating AdapterState
04-01 19:38:39.234  7531  7531 I bt_btif : init
04-01 19:38:39.234  7531  7546 I BluetoothAdapterState: Entering OffState
04-01 19:38:39.234  7531  7531 D bt_osi_allocation_tracker: canary initialized
04-01 19:38:39.235  7531  7547 I bt_osi_thread: run_thread: thread id 7547, thread name stack_manager started
04-01 19:38:39.235  7531  7547 I bt_stack_manager: event_init_stack is initializing the stack
04-01 19:38:39.236  7531  7547 E bt_osi_config: config_new unable to open file '/data/misc/bluedroid/bt_config.conf': No such file or directory
04-01 19:38:39.236  7531  7547 W bt_btif_config: init unable to load config file: /data/misc/bluedroid/bt_config.conf; using backup.
04-01 19:38:39.238  7531  7550 I bt_osi_thread: run_thread: thread id 7550, thread name alarm_default_ca started
04-01 19:38:39.239  7531  7551 I bt_osi_thread: run_thread: thread id 7551, thread name alarm_dispatcher started
04-01 19:38:39.241  7531  7547 I bt_btif_core: btif_init_bluetooth entered
04-01 19:38:39.242  7531  7547 I bt_stack_config: init attempt to load stack conf from /etc/bluetooth/bt_stack.conf
04-01 19:38:39.243  7531  7552 I bt_osi_thread: run_thread: thread id 7552, thread name bt_jni_workqueue started
04-01 19:38:39.243  7531  7547 I bt_btif_core: btif_init_bluetooth finished
04-01 19:38:39.243  7531  7547 I bt_stack_manager: event_init_stack finished
04-01 19:38:39.244  7531  7552 I bt_btif_core: run_message_loop entered
04-01 19:38:39.244  7531  7531 I bt_osi_wakelock: wakelock_set_os_callouts set to non-native
04-01 19:38:39.244  7531  7531 I bt_btif : get_profile_interface: id = socket
04-01 19:38:39.245  7531  7552 E bt_btif_storage: btif_storage_get_adapter_property: Controller not ready! Unable to return Bluetooth Address
04-01 19:38:39.245  7531  7552 E BluetoothServiceJni: adapter_properties_callback: Status 1 is incorrect
04-01 19:38:39.247  7531  7552 D BluetoothAdapterProperties: Name is: LeEco Le 2
04-01 19:38:39.248  7531  7531 I bt_btif : get_profile_interface: id = sdp
04-01 19:38:39.253  7531  7531 I BluetoothAdapterService: Phone policy enabled
04-01 19:38:39.255  7531  7531 D BluetoothAdapterService: setAdapterService() - set to: null
04-01 19:38:39.257  7531  7531 D BluetoothAdapterService: onBind()
04-01 19:38:39.268  7531  7531 I BtGatt.JNI: classInitNative(L871): classInitNative: Success!
04-01 19:38:39.274  7531  7544 D BluetoothAdapterService: enable() - Enable called with quiet mode status =  false
04-01 19:38:39.274  7531  7546 D BluetoothAdapterState: Current state: OFF, message: 0
04-01 19:38:39.274  7531  7546 D BluetoothAdapterProperties: Setting state to 14
04-01 19:38:39.275  7531  7546 I BluetoothAdapterState: Bluetooth adapter state changed: 10-> 14
04-01 19:38:39.275  7531  7546 D BluetoothAdapterService: updateAdapterState() - Broadcasting state to 1 receivers.
04-01 19:38:39.276  7531  7546 D BluetoothAdapterService: BleOnProcessStart()
04-01 19:38:39.278  7531  7546 D BluetoothAdapterService: BleOnProcessStart() - Make Bond State Machine
04-01 19:38:39.278  7531  7546 D BluetoothBondStateMachine: make
04-01 19:38:39.281  7531  7558 I BluetoothBondStateMachine: StableState(): Entering Off State
04-01 19:38:39.282  7531  7546 D BluetoothAdapterService: setProfileServiceState() - Starting service com.android.bluetooth.gatt.GattService
04-01 19:38:39.285  7531  7546 I BluetoothAdapterState: Entering PendingCommandState
04-01 19:38:39.286  7531  7531 D BtGatt.DebugUtils: handleDebugAction() action=null
04-01 19:38:39.286  7531  7531 D BluetoothAdapterService: getAdapterService() - returning com.android.bluetooth.btservice.AdapterService@d5ffa7f
04-01 19:38:39.287  7531  7531 D BtGatt.GattService: Received start request. Starting profile...
04-01 19:38:39.287  7531  7531 I bt_btif : get_profile_interface: id = gatt
04-01 19:38:39.288  7531  7531 D BluetoothAdapterService: getAdapterService() - returning com.android.bluetooth.btservice.AdapterService@d5ffa7f
04-01 19:38:39.298  7531  7531 I chatty  : uid=1002(bluetooth) com.android.bluetooth identical 1 line
04-01 19:38:39.299  7531  7531 D BluetoothAdapterService: getAdapterService() - returning com.android.bluetooth.btservice.AdapterService@d5ffa7f
04-01 19:38:39.302  7531  7531 D BluetoothAdapterService: handleMessage() - Message: 1
04-01 19:38:39.302  7531  7531 D BluetoothAdapterService: handleMessage() - MESSAGE_PROFILE_SERVICE_STATE_CHANGED
04-01 19:38:39.303  7531  7531 D BluetoothAdapterService: processProfileServiceStateChanged() - serviceName=com.android.bluetooth.gatt.GattService isTurningOn=false isTurningOff=false isBleTurningOn=true isBleTurningOff=false
04-01 19:38:39.303  7531  7531 D BluetoothAdapterService: GattService is started
04-01 19:38:39.304  7531  7546 V BluetoothAdapterState: PendingCommand - transient state(s): isBleTurningOn
04-01 19:38:39.304  7531  7546 D BluetoothAdapterState: Current state: PENDING_COMMAND, message: 4
04-01 19:38:39.307  7531  7546 I bt_btif : enable: start restricted = 0
04-01 19:38:39.308  7531  7547 I bt_stack_manager: event_start_up_stack is bringing up the stack
04-01 19:38:39.308  7531  7547 I bt_core_module: module_start_up Starting module "btif_config_module"
04-01 19:38:39.308  7531  7547 I bt_core_module: module_start_up Started module "btif_config_module"
04-01 19:38:39.308  7531  7547 I bt_core_module: module_start_up Starting module "btsnoop_module"
04-01 19:38:39.309  7531  7547 I bt_core_module: module_start_up Started module "btsnoop_module"
04-01 19:38:39.310  7531  7547 I bt_core_module: module_start_up Starting module "hci_module"
04-01 19:38:39.310  7531  7547 I bt_hci  : hci_module_start_up
04-01 19:38:39.311  7531  7563 I bt_osi_thread: run_thread: thread id 7563, thread name hci_thread started
04-01 19:38:39.312  7531  7547 D bt_hci  : hci_module_start_up starting async portion
04-01 19:38:39.313  7531  7563 I bt_hci  : hci_initialize
04-01 19:38:39.317  7531  7563 I bt_hci  : hci_initialize: IBluetoothHci::getService() returned 0x7ef6a3d560 (remote)
04-01 19:38:39.434  7531  7563 I bt_hci  : event_finish_startup
04-01 19:38:39.434  7531  7547 I bt_core_module: module_start_up Started module "hci_module"
04-01 19:38:39.437  7531  7568 I bt_osi_thread: run_thread: thread id 7568, thread name bt_workqueue started
04-01 19:38:39.438  7531  7568 I         : [0401/193839:INFO:btu_task.cc(107)] Bluetooth chip preload is complete
04-01 19:38:39.440  7531  7568 I         : [0401/193839:INFO:gatt_api.cc(1004)] GATT_Register
04-01 19:38:39.440  7531  7568 I         : [0401/193839:INFO:gatt_api.cc(1027)] allocated gatt_if=1
04-01 19:38:39.440  7531  7568 I         : [0401/193839:INFO:gatt_api.cc(207)] GATTS_AddService
04-01 19:38:39.440  7531  7568 I         : [0401/193839:INFO:gatt_api.cc(317)] GATTS_AddService: service parsed correctly, now starting
04-01 19:38:39.440  7531  7568 E         : [0401/193839:ERROR:gatt_attr.cc(301)] gatt_profile_db_init:  gatt_if=1
04-01 19:38:39.441  7531  7568 I         : [0401/193839:INFO:gatt_api.cc(1004)] GATT_Register
04-01 19:38:39.441  7531  7568 I         : [0401/193839:INFO:gatt_api.cc(1027)] allocated gatt_if=2
04-01 19:38:39.441  7531  7568 I         : [0401/193839:INFO:gatt_api.cc(207)] GATTS_AddService
04-01 19:38:39.441  7531  7568 I         : [0401/193839:INFO:gatt_api.cc(317)] GATTS_AddService: service parsed correctly, now starting
04-01 19:38:39.442  7531  7569 I bt_osi_thread: run_thread: thread id 7569, thread name btu message loop started
04-01 19:38:39.445  7531  7570 I bt_osi_thread: run_thread: thread id 7570, thread name module_wrapper started
04-01 19:38:39.445  7531  7570 I bt_core_module: module_start_up Starting module "controller_module"
04-01 19:38:39.660  7531  7570 I bt_core_module: module_start_up Started module "controller_module"
04-01 19:38:39.661  7531  7570 W bt_osi_thread: run_thread: thread id 7570, thread name module_wrapper exited
04-01 19:38:39.662  7531  7568 W bt_btm  : btm_decode_ext_features_page: feature page 1 ignored
04-01 19:38:39.662  7531  7568 W bt_btm  : btm_decode_ext_features_page: feature page 2 ignored
04-01 19:38:39.662  7531  7569 I bt_btm_sec: BTM_SecRegister p_cb_info->p_le_callback == 0x0x7ee8da2d2c
04-01 19:38:39.662  7531  7569 I bt_btm_sec: BTM_SecRegister btm_cb.api.p_le_callback = 0x0x7ee8da2d2c 
04-01 19:38:39.664  7531  7569 I bt_stack: [INFO:gatt_api.cc(1004)] GATT_Register
04-01 19:38:39.664  7531  7569 I bt_stack: [INFO:gatt_api.cc(1027)] allocated gatt_if=3
04-01 19:38:39.686  7531  7569 I bt_stack: [INFO:ble_advertiser_hci_interface.cc(708)] VSC advertising will be in use
04-01 19:38:39.686  7531  7569 I bt_stack: [INFO:ble_advertiser_hci_interface.cc(259)] QuirkAdvertiserZeroHandle in use
04-01 19:38:39.687  7531  7552 D BluetoothAdapterProperties: BT_PROPERTY_LOCAL_LE_FEATURES: update from BT controller mNumOfAdvertisementInstancesSupported = 10 mRpaOffloadSupported = true mNumOfOffloadedIrkSupported = 8 mNumOfOffloadedScanFilterSupported = 16 mOffloadedScanResultStorageBytes= 10240 mIsActivityAndEnergyReporting = true mVersSupported = 96 mTotNumOfTrackableAdv = 32 mIsExtendedScanSupported = true mIsDebugLogSupported = true mIsLe2MPhySupported = false mIsLeCodedPhySupported = false mIsLeExtendedAdvertisingSupported = false mIsLePeriodicAdvertisingSupported = false mLeMaximumAdvertisingDataLength = 31
04-01 19:38:39.690  7531  7552 E bt_btif_storage: btif_storage_get_adapter_property: Controller ready!
04-01 19:38:39.690  7531  7552 I bt_btif_storage: btif_storage_get_adapter_property service_mask:0x20000000
04-01 19:38:39.692  7531  7552 D BluetoothAdapterProperties: Address is:80:1D:00:33:D8:82
04-01 19:38:39.695  7531  7552 D BluetoothAdapterProperties: Name is: LeEco Le 2
04-01 19:38:39.697  7531  7552 D BluetoothAdapterProperties: Scan Mode:20
04-01 19:38:39.697  7531  7552 D BluetoothAdapterProperties: Discoverable Timeout:120
04-01 19:38:39.698  7531  7552 I bt_btif_core: btif_enable_bluetooth_evt entered: status 0
04-01 19:38:39.699  7531  7572 I bt_osi_thread: run_thread: thread id 7572, thread name btif_sock started
04-01 19:38:39.699  7531  7552 D bt_bte_conf: Device ID record 1 : primary
04-01 19:38:39.700  7531  7552 D bt_bte_conf:   vendorId            = 000f
04-01 19:38:39.700  7531  7552 D bt_bte_conf:   vendorIdSource      = 0001
04-01 19:38:39.700  7531  7552 D bt_bte_conf:   product             = 1200
04-01 19:38:39.700  7531  7552 D bt_bte_conf:   version             = 1436
04-01 19:38:39.700  7531  7552 D bt_bte_conf:   clientExecutableURL = 
04-01 19:38:39.700  7531  7552 D bt_bte_conf:   serviceDescription  = 
04-01 19:38:39.700  7531  7552 D bt_bte_conf:   documentationURL    = 
04-01 19:38:39.700  7531  7552 D bt_bte_conf: bte_load_did_conf no section named DID2.
04-01 19:38:39.700  7531  7552 I bt_btif_core: btif_enable_bluetooth_evt finished
04-01 19:38:39.700  7531  7547 I bt_stack_manager: event_start_up_stack finished
04-01 19:38:39.700  7531  7546 V BluetoothAdapterState: PendingCommand - transient state(s): isBleTurningOn
04-01 19:38:39.701  7531  7546 D BluetoothAdapterState: Current state: PENDING_COMMAND, message: 3
04-01 19:38:39.701  7531  7546 D BluetoothAdapterProperties: Setting state to 15
04-01 19:38:39.701  7531  7546 I BluetoothAdapterState: Bluetooth adapter state changed: 14-> 15
04-01 19:38:39.701  7531  7546 D BluetoothAdapterService: updateAdapterState() - Broadcasting state to 1 receivers.
04-01 19:38:39.702  7531  7546 I BluetoothAdapterState: Entering BleOnState
04-01 19:38:39.703  7531  7546 D BluetoothAdapterState: Current state: BLE ON, message: 1
04-01 19:38:39.704  7531  7546 D BluetoothAdapterProperties: Setting state to 11
04-01 19:38:39.704  7531  7546 I BluetoothAdapterState: Bluetooth adapter state changed: 15-> 11
04-01 19:38:39.704  7531  7546 D BluetoothAdapterService: updateAdapterState() - Broadcasting state to 1 receivers.
04-01 19:38:39.705  7531  7546 D BluetoothAdapterService: startCoreServices()
04-01 19:38:39.705  7531  7546 D BluetoothAdapterService: setProfileServiceState() - Starting service com.android.bluetooth.hfp.HeadsetService
04-01 19:38:39.710  7531  7531 D BluetoothAdapterService: getAdapterService() - returning com.android.bluetooth.btservice.AdapterService@d5ffa7f
04-01 19:38:39.710  7531  7546 D BluetoothAdapterService: setProfileServiceState() - Starting service com.android.bluetooth.a2dp.A2dpService
04-01 19:38:39.711  7531  7531 D HeadsetService: Received start request. Starting profile...
04-01 19:38:39.714  7531  7546 D BluetoothAdapterService: setProfileServiceState() - Starting service com.android.bluetooth.hid.HidService
04-01 19:38:39.714  7531  7531 I BluetoothHeadsetServiceJni: classInitNative: succeeds
04-01 19:38:39.714  7531  7531 D HeadsetStateMachine: make
04-01 19:38:39.718  7531  7546 D BluetoothAdapterService: setProfileServiceState() - Starting service com.android.bluetooth.hdp.HealthService
04-01 19:38:39.722  7531  7546 D BluetoothAdapterService: setProfileServiceState() - Starting service com.android.bluetooth.pan.PanService
04-01 19:38:39.723  7531  7531 D HeadsetStateMachine: max_hf_connections = 1
04-01 19:38:39.723  7531  7531 D HeadsetStateMachine: in-band_ringing_support = true
04-01 19:38:39.723  7531  7531 I bt_btif : get_profile_interface: id = handsfree
04-01 19:38:39.724  7531  7569 I bt_stack: [INFO:port_api.cc(123)] RFCOMM_CreateConnection BDA: ff:ff:ff:ff:ff:ff
04-01 19:38:39.724  7531  7569 I bt_stack: [INFO:port_api.cc(123)] RFCOMM_CreateConnection BDA: ff:ff:ff:ff:ff:ff
04-01 19:38:39.725  7531  7552 I bt_btif_storage: btif_storage_get_adapter_property service_mask:0x20000040
04-01 19:38:39.725  7531  7552 E bt_btif : btif_hf_upstreams_evt: Invalid index 1520
04-01 19:38:39.726  7531  7546 D BluetoothAdapterService: setProfileServiceState() - Starting service com.android.bluetooth.map.BluetoothMapService
04-01 19:38:39.727  7531  7531 D BluetoothAdapterService: getAdapterService() - returning com.android.bluetooth.btservice.AdapterService@d5ffa7f
04-01 19:38:39.730  7531  7531 D BluetoothAdapterService: getAdapterService() - returning com.android.bluetooth.btservice.AdapterService@d5ffa7f
04-01 19:38:39.731  7531  7546 D BluetoothAdapterService: setProfileServiceState() - Starting service com.android.bluetooth.hfpclient.HeadsetClientService
04-01 19:38:39.731  7531  7531 D A2dpService: Received start request. Starting profile...
04-01 19:38:39.732  7531  7531 I BluetoothAvrcpServiceJni: classInitNative: succeeds
04-01 19:38:39.732  7531  7531 V Avrcp   : make
04-01 19:38:39.734  7531  7546 D BluetoothAdapterService: setProfileServiceState() - Starting service com.android.bluetooth.avrcpcontroller.AvrcpControllerService
04-01 19:38:39.737  7531  7531 I bt_btif : get_profile_interface: id = avrcp
04-01 19:38:39.742  7531  7546 D BluetoothAdapterService: setProfileServiceState() - Starting service com.android.bluetooth.sap.SapService
04-01 19:38:39.746  7531  7546 D BluetoothAdapterService: setProfileServiceState() - Starting service com.android.bluetooth.opp.BluetoothOppService
04-01 19:38:39.750  7531  7546 D BluetoothAdapterService: setProfileServiceState() - Starting service com.android.bluetooth.pbap.BluetoothPbapService
04-01 19:38:39.756  7531  7546 I BluetoothAdapterState: Entering PendingCommandState
04-01 19:38:39.757  7531  7531 V Avrcp   : initMediaPlayerInfoList: 0 controllers
04-01 19:38:39.759  7531  7531 V Avrcp   : updatePlaybackState (1): -1➡0(PlaybackState {state=0, position=-1, buffered position=0, speed=0.0, updated=13023838, actions=0, custom actions=[], active item id=-1, error=null})
04-01 19:38:39.759  7531  7531 I Avrcp   : Skipping update due to invalid playback state
04-01 19:38:39.759  7531  7531 E Avrcp   : play status change -1➡0 mPlayStatusChangedNT: 1
04-01 19:38:39.759  7531  7531 E bt_btif : register_notification_rsp: Avrcp device is not connected, handle: 0x0
04-01 19:38:39.760  7531  7531 D Avrcp   : sendPlayPosNotificationRsp: Not registered or requesting.
04-01 19:38:39.764  7531  7531 D Avrcp   : User already unlocked, initializing player lists
04-01 19:38:39.766  7531  7531 V Avrcp   : updatePlaybackState (1): 0➡0(PlaybackState {state=0, position=-1, buffered position=0, speed=0.0, updated=13023846, actions=0, custom actions=[], active item id=-1, error=null})
04-01 19:38:39.766  7531  7531 I Avrcp   : Skipping update due to invalid playback state
04-01 19:38:39.766  7531  7531 E Avrcp   : play status change 0➡0 mPlayStatusChangedNT: 1
04-01 19:38:39.766  7531  7531 D Avrcp   : sendPlayPosNotificationRsp: Not registered or requesting.
04-01 19:38:39.768  7531  7531 I BluetoothA2dpServiceJni: classInitNative: succeeds
04-01 19:38:39.768  7531  7531 D A2dpStateMachine: make
04-01 19:38:39.774  7531  7531 I bt_btif : get_profile_interface: id = a2dp
04-01 19:38:39.775  7531  7576 I bt_osi_thread: run_thread: thread id 7576, thread name btif_a2dp_source started
04-01 19:38:39.775  7531  7531 D a2dp_codec: init
04-01 19:38:39.775  7531  7531 D a2dp_codec: createCodec: codec SBC
04-01 19:38:39.775  7531  7531 I a2dp_codec: init: updated SBC codec priority to 1001
04-01 19:38:39.775  7531  7531 D a2dp_codec: createCodec: codec AAC
04-01 19:38:39.775  7531  7531 I a2dp_codec: init: updated AAC codec priority to 2001
04-01 19:38:39.775  7531  7531 D a2dp_codec: createCodec: codec aptX
04-01 19:38:39.776  7531  7552 I bt_btif_storage: btif_storage_get_adapter_property service_mask:0x20000048
04-01 19:38:39.776  7531  7569 I bt_bta_av: AVRCP version used for sdp: "avrcp14"
04-01 19:38:39.776  7531  7552 E bt_btif : btif_sm_dispatch : Invalid handle
04-01 19:38:39.779  7531  7531 E a2dp_vendor_aptx_encoder: A2DP_VendorLoadEncoderAptx: cannot open aptX encoder library libaptX_encoder.so: dlopen failed: library "libaptX_encoder.so" not found
04-01 19:38:39.779  7531  7531 E a2dp_vendor_aptx: init: cannot load the encoder
04-01 19:38:39.779  7531  7531 D a2dp_codec: createCodec: codec aptX-HD
04-01 19:38:39.779  7531  7531 E a2dp_vendor_aptx_hd_encoder: A2DP_VendorLoadEncoderAptxHd: cannot open aptX-HD encoder library libaptXHD_encoder.so: dlopen failed: library "libaptXHD_encoder.so" not found
04-01 19:38:39.778  7531  7552 E bt_btif : btif_sm_dispatch : Invalid handle
04-01 19:38:39.779  7531  7531 E a2dp_vendor_aptx_hd: init: cannot load the encoder
04-01 19:38:39.779  7531  7531 D a2dp_codec: createCodec: codec LDAC
04-01 19:38:39.783  7531  7531 I a2dp_codec: init: updated LDAC codec priority to 5001
04-01 19:38:39.783  7531  7531 D a2dp_codec: createCodec: codec SBC SINK
04-01 19:38:39.783  7531  7531 I a2dp_codec: init: initialized Source codec LDAC
04-01 19:38:39.783  7531  7531 I a2dp_codec: init: initialized Source codec AAC
04-01 19:38:39.783  7531  7531 I a2dp_codec: init: initialized Source codec SBC
04-01 19:38:39.783  7531  7531 I a2dp_codec: init: initialized Sink codec SBC(Sink)
04-01 19:38:39.783  7531  7531 W bt_btif : ## ON A2DP IDLE ## peer_sep = 0
04-01 19:38:39.784  7531  7552 I BluetoothA2dpServiceJni: bta2dp_audio_config_callback
04-01 19:38:39.784  7531  7552 D A2dpStateMachine: A2DP Codec Config: null->{codecName:SBC,mCodecType:0,mCodecPriority:0,mSampleRate:0x0(NONE),mBitsPerSample:0x0(NONE),mChannelMode:0x0(NONE),mCodecSpecific1:0,mCodecSpecific2:0,mCodecSpecific3:0,mCodecSpecific4:0}
04-01 19:38:39.784  7531  7575 D A2dpStateMachine: Enter Disconnected: -2
04-01 19:38:39.785  7531  7552 D A2dpStateMachine: A2DP Codec Local Capability: {codecName:LDAC,mCodecType:4,mCodecPriority:5001,mSampleRate:0xf(44100|48000|88200|96000),mBitsPerSample:0x7(16|24|32),mChannelMode:0x2(STEREO),mCodecSpecific1:0,mCodecSpecific2:0,mCodecSpecific3:0,mCodecSpecific4:0}
04-01 19:38:39.785  7531  7552 D A2dpStateMachine: A2DP Codec Local Capability: {codecName:AAC,mCodecType:1,mCodecPriority:2001,mSampleRate:0x1(44100),mBitsPerSample:0x1(16),mChannelMode:0x2(STEREO),mCodecSpecific1:0,mCodecSpecific2:0,mCodecSpecific3:0,mCodecSpecific4:0}
04-01 19:38:39.785  7531  7552 D A2dpStateMachine: A2DP Codec Local Capability: {codecName:SBC,mCodecType:0,mCodecPriority:1001,mSampleRate:0x1(44100),mBitsPerSample:0x1(16),mChannelMode:0x3(MONO|STEREO),mCodecSpecific1:0,mCodecSpecific2:0,mCodecSpecific3:0,mCodecSpecific4:0}
04-01 19:38:39.786  7531  7531 D BluetoothAdapterService: getAdapterService() - returning com.android.bluetooth.btservice.AdapterService@d5ffa7f
04-01 19:38:39.786  7531  7531 I BluetoothHidServiceJni: classInitNative: succeeds
04-01 19:38:39.788  7531  7531 D BluetoothAdapterService: getAdapterService() - returning com.android.bluetooth.btservice.AdapterService@d5ffa7f
04-01 19:38:39.789  7531  7531 D HidService: Received start request. Starting profile...
04-01 19:38:39.789  7531  7531 I bt_btif : get_profile_interface: id = hidhost
04-01 19:38:39.789  7531  7531 D HidService: setHidService(): set to: null
04-01 19:38:39.789  7531  7531 D BluetoothAdapterService: getAdapterService() - returning com.android.bluetooth.btservice.AdapterService@d5ffa7f
04-01 19:38:39.789  7531  7552 I bt_bta_hh: BTA_HhEnable sec_mask:0x36 p_cback:0x7ee8e08448
04-01 19:38:39.789  7531  7552 I bt_btif_storage: btif_storage_get_adapter_property service_mask:0x20100048
04-01 19:38:39.790  7531  7569 I bt_stack: [INFO:gatt_api.cc(1004)] GATT_Register
04-01 19:38:39.790  7531  7569 I bt_stack: [INFO:gatt_api.cc(1027)] allocated gatt_if=4
04-01 19:38:39.794  7531  7531 I BluetoothHealthServiceJni: classInitNative: succeeds
04-01 19:38:39.796  7531  7531 D BluetoothAdapterService: getAdapterService() - returning com.android.bluetooth.btservice.AdapterService@d5ffa7f
04-01 19:38:39.796  7531  7531 D HealthService: Received start request. Starting profile...
04-01 19:38:39.798  7531  7531 I bt_btif : get_profile_interface: id = health
04-01 19:38:39.798  7531  7531 D BluetoothAdapterService: getAdapterService() - returning com.android.bluetooth.btservice.AdapterService@d5ffa7f
04-01 19:38:39.800  7531  7531 I BluetoothPanServiceJni: classInitNative(L111): succeeds
04-01 19:38:39.801  7531  7531 D BluetoothAdapterService: getAdapterService() - returning com.android.bluetooth.btservice.AdapterService@d5ffa7f
04-01 19:38:39.802  7531  7531 D PanService: Received start request. Starting profile...
04-01 19:38:39.802  7531  7531 D BluetoothPanServiceJni: initializeNative(L116): pan
04-01 19:38:39.802  7531  7531 I bt_btif : get_profile_interface: id = pan
04-01 19:38:39.803  7531  7552 D BluetoothPanServiceJni: control_state_callback(L63): state:0, local_role:3, ifname:bt-pan
04-01 19:38:39.803  7531  7531 D BluetoothAdapterService: getAdapterService() - returning com.android.bluetooth.btservice.AdapterService@d5ffa7f
04-01 19:38:39.803  7531  7531 D BluetoothAdapterService: handleMessage() - Message: 1
04-01 19:38:39.803  7531  7531 D BluetoothAdapterService: handleMessage() - MESSAGE_PROFILE_SERVICE_STATE_CHANGED
04-01 19:38:39.803  7531  7531 D BluetoothAdapterService: processProfileServiceStateChanged() - serviceName=com.android.bluetooth.hfp.HeadsetService isTurningOn=true isTurningOff=false isBleTurningOn=false isBleTurningOff=false
04-01 19:38:39.804  7531  7531 D BluetoothAdapterService: onProfileServiceStateChange() - Profile still not running:com.android.bluetooth.a2dp.A2dpService
04-01 19:38:39.806  7531  7531 D BluetoothAdapterService: getAdapterService() - returning com.android.bluetooth.btservice.AdapterService@d5ffa7f
04-01 19:38:39.807  7531  7531 D BluetoothMapService: Received start request. Starting profile...
04-01 19:38:39.807  7531  7531 D BluetoothMapService: start()
04-01 19:38:39.812  7531  7531 D BluetoothMapAccountLoader: Found 0 application(s) with intent android.bluetooth.action.BLUETOOTH_MAP_PROVIDER
04-01 19:38:39.813  7531  7531 D BluetoothMapAccountLoader: Found 0 application(s) with intent android.bluetooth.action.BLUETOOTH_MAP_IM_PROVIDER
04-01 19:38:39.813  7531  7531 D BluetoothMapAppObserver: createReceiver()
04-01 19:38:39.816  7531  7531 D BluetoothMapAppObserver: initObservers()
04-01 19:38:39.816  7531  7531 D BluetoothMapAppObserver: getEnabledAccountItems()
04-01 19:38:39.816  7531  7531 D BluetoothAdapterService: getAdapterService() - returning com.android.bluetooth.btservice.AdapterService@d5ffa7f
04-01 19:38:39.817  7531  7531 I BluetoothHeadsetClientServiceJni: classInitNative succeeds
04-01 19:38:39.819  7531  7531 D BluetoothAdapterService: getAdapterService() - returning com.android.bluetooth.btservice.AdapterService@d5ffa7f
04-01 19:38:39.819  7531  7531 D HeadsetClientService: Received start request. Starting profile...
04-01 19:38:39.819  7531  7531 D BluetoothHeadsetClientServiceJni: initializeNative: HfpClient
04-01 19:38:39.819  7531  7531 I bt_btif : get_profile_interface: id = handsfree_client
04-01 19:38:39.820  7531  7552 I bt_stack: [INFO:port_api.cc(123)] RFCOMM_CreateConnection BDA: ff:ff:ff:ff:ff:ff
04-01 19:38:39.820  7531  7552 I bt_btif_storage: btif_storage_get_adapter_property service_mask:0x21100048
04-01 19:38:39.826  7531  7531 D BluetoothHeadsetClientServiceJni: initializeNative: HfpClient
04-01 19:38:39.826  7531  7531 W BluetoothHeadsetClientServiceJni: Cleaning up Bluetooth HFP Client Interface before initializing
04-01 19:38:39.826  7531  7531 W BluetoothHeadsetClientServiceJni: Cleaning up Bluetooth HFP Client callback object
04-01 19:38:39.826  7531  7552 I bt_btif_queue: queue_int_cleanup: UUID=111E
04-01 19:38:39.826  7531  7531 I bt_btif : get_profile_interface: id = handsfree_client
04-01 19:38:39.827  7531  7531 D BluetoothAdapterService: getAdapterService() - returning com.android.bluetooth.btservice.AdapterService@d5ffa7f
04-01 19:38:39.827  7531  7552 I bt_btif_storage: btif_storage_get_adapter_property service_mask:0x21100048
04-01 19:38:39.827  7531  7552 I bt_stack: [INFO:port_api.cc(123)] RFCOMM_CreateConnection BDA: ff:ff:ff:ff:ff:ff
04-01 19:38:39.827  7531  7552 I bt_btif_storage: btif_storage_get_adapter_property service_mask:0x21100048
04-01 19:38:39.828  7531  7573 D HeadsetPhoneState: sendDeviceStateChanged. mService=0 mIsSimStateLoaded=false mSignal=0 mRoam=0 mBatteryCharge=5
04-01 19:38:39.828  7531  7531 I BluetoothAvrcpControllerJni: classInitNative: succeeds
04-01 19:38:39.828  7531  7531 I bt_btif : get_profile_interface: id = avrcp_ctrl
04-01 19:38:39.831  7531  7531 D BluetoothAdapterService: getAdapterService() - returning com.android.bluetooth.btservice.AdapterService@d5ffa7f
04-01 19:38:39.832  7531  7531 D AvrcpControllerService: Received start request. Starting profile...
04-01 19:38:39.840  7531  7531 D AvrcpControllerService: setAvrcpControllerService(): set to: null
04-01 19:38:39.840  7531  7531 D BluetoothAdapterService: getAdapterService() - returning com.android.bluetooth.btservice.AdapterService@d5ffa7f
04-01 19:38:39.842  7531  7531 V SapService: SapBinder()
04-01 19:38:39.843  7531  7531 D BluetoothAdapterService: getAdapterService() - returning com.android.bluetooth.btservice.AdapterService@d5ffa7f
04-01 19:38:39.843  7531  7531 D SapService: Received start request. Starting profile...
04-01 19:38:39.843  7531  7531 V SapService: start()
04-01 19:38:39.845  7531  7531 D BluetoothAdapterService: getAdapterService() - returning com.android.bluetooth.btservice.AdapterService@d5ffa7f
04-01 19:38:39.860  7531  7531 D BluetoothAdapterService: getAdapterService() - returning com.android.bluetooth.btservice.AdapterService@d5ffa7f
04-01 19:38:39.861  7531  7531 D BluetoothOppService: Received start request. Starting profile...
04-01 19:38:39.861  7531  7531 D BluetoothAdapterService: getAdapterService() - returning com.android.bluetooth.btservice.AdapterService@d5ffa7f
04-01 19:38:39.864  7531  7531 V BluetoothPbapService: PbapBinder()
04-01 19:38:39.864  7531  7531 D BluetoothAdapterService: getAdapterService() - returning com.android.bluetooth.btservice.AdapterService@d5ffa7f
04-01 19:38:39.865  7531  7531 D BluetoothPbapService: Received start request. Starting profile...
04-01 19:38:39.865  7531  7531 V BluetoothPbapService: start()
04-01 19:38:39.869  7531  7531 D BluetoothPbapService: Registering observer
04-01 19:38:39.877  7531  7531 D BluetoothAdapterService: getAdapterService() - returning com.android.bluetooth.btservice.AdapterService@d5ffa7f
04-01 19:38:39.877  7531  7531 D BluetoothAdapterService: handleMessage() - Message: 1
04-01 19:38:39.878  7531  7531 D BluetoothAdapterService: handleMessage() - MESSAGE_PROFILE_SERVICE_STATE_CHANGED
04-01 19:38:39.878  7531  7531 D BluetoothAdapterService: processProfileServiceStateChanged() - serviceName=com.android.bluetooth.a2dp.A2dpService isTurningOn=true isTurningOff=false isBleTurningOn=false isBleTurningOff=false
04-01 19:38:39.878  7531  7531 D BluetoothAdapterService: onProfileServiceStateChange() - Profile still not running:com.android.bluetooth.map.BluetoothMapService
04-01 19:38:39.878  7531  7531 D BluetoothAdapterService: handleMessage() - Message: 1
04-01 19:38:39.878  7531  7531 D BluetoothAdapterService: handleMessage() - MESSAGE_PROFILE_SERVICE_STATE_CHANGED
04-01 19:38:39.878  7531  7531 D BluetoothAdapterService: processProfileServiceStateChanged() - serviceName=com.android.bluetooth.hid.HidService isTurningOn=true isTurningOff=false isBleTurningOn=false isBleTurningOff=false
04-01 19:38:39.880  7531  7531 D BluetoothAdapterService: onProfileServiceStateChange() - Profile still not running:com.android.bluetooth.map.BluetoothMapService
04-01 19:38:39.880  7531  7531 D BluetoothAdapterService: handleMessage() - Message: 1
04-01 19:38:39.881  7531  7531 D BluetoothAdapterService: handleMessage() - MESSAGE_PROFILE_SERVICE_STATE_CHANGED
04-01 19:38:39.881  7531  7531 D BluetoothAdapterService: processProfileServiceStateChanged() - serviceName=com.android.bluetooth.hdp.HealthService isTurningOn=true isTurningOff=false isBleTurningOn=false isBleTurningOff=false
04-01 19:38:39.882  7531  7531 D BluetoothAdapterService: onProfileServiceStateChange() - Profile still not running:com.android.bluetooth.map.BluetoothMapService
04-01 19:38:39.882  7531  7531 D BluetoothAdapterService: handleMessage() - Message: 1
04-01 19:38:39.882  7531  7531 D BluetoothAdapterService: handleMessage() - MESSAGE_PROFILE_SERVICE_STATE_CHANGED
04-01 19:38:39.883  7531  7531 D BluetoothAdapterService: processProfileServiceStateChanged() - serviceName=com.android.bluetooth.pan.PanService isTurningOn=true isTurningOff=false isBleTurningOn=false isBleTurningOff=false
04-01 19:38:39.883  7531  7531 D BluetoothAdapterService: onProfileServiceStateChange() - Profile still not running:com.android.bluetooth.map.BluetoothMapService
04-01 19:38:39.883  7531  7531 D BluetoothAdapterService: handleMessage() - Message: 1
04-01 19:38:39.883  7531  7531 D BluetoothAdapterService: handleMessage() - MESSAGE_PROFILE_SERVICE_STATE_CHANGED
04-01 19:38:39.884  7531  7531 D BluetoothAdapterService: processProfileServiceStateChanged() - serviceName=com.android.bluetooth.map.BluetoothMapService isTurningOn=true isTurningOff=false isBleTurningOn=false isBleTurningOff=false
04-01 19:38:39.884  7531  7531 D BluetoothAdapterService: onProfileServiceStateChange() - Profile still not running:com.android.bluetooth.avrcpcontroller.AvrcpControllerService
04-01 19:38:39.884  7531  7531 D BluetoothAdapterService: handleMessage() - Message: 1
04-01 19:38:39.884  7531  7531 D BluetoothAdapterService: handleMessage() - MESSAGE_PROFILE_SERVICE_STATE_CHANGED
04-01 19:38:39.885  7531  7531 D BluetoothAdapterService: processProfileServiceStateChanged() - serviceName=com.android.bluetooth.hfpclient.HeadsetClientService isTurningOn=true isTurningOff=false isBleTurningOn=false isBleTurningOff=false
04-01 19:38:39.885  7531  7531 D BluetoothAdapterService: onProfileServiceStateChange() - Profile still not running:com.android.bluetooth.avrcpcontroller.AvrcpControllerService
04-01 19:38:39.886  7531  7531 D BluetoothAdapterService: handleMessage() - Message: 1
04-01 19:38:39.886  7531  7531 D BluetoothAdapterService: handleMessage() - MESSAGE_PROFILE_SERVICE_STATE_CHANGED
04-01 19:38:39.886  7531  7531 D BluetoothAdapterService: processProfileServiceStateChanged() - serviceName=com.android.bluetooth.avrcpcontroller.AvrcpControllerService isTurningOn=true isTurningOff=false isBleTurningOn=false isBleTurningOff=false
04-01 19:38:39.887  7531  7531 D BluetoothAdapterService: onProfileServiceStateChange() - Profile still not running:com.android.bluetooth.sap.SapService
04-01 19:38:39.888  7531  7531 D BluetoothAdapterService: handleMessage() - Message: 1
04-01 19:38:39.888  7531  7531 D BluetoothAdapterService: handleMessage() - MESSAGE_PROFILE_SERVICE_STATE_CHANGED
04-01 19:38:39.888  7531  7531 D BluetoothAdapterService: processProfileServiceStateChanged() - serviceName=com.android.bluetooth.sap.SapService isTurningOn=true isTurningOff=false isBleTurningOn=false isBleTurningOff=false
04-01 19:38:39.889  7531  7531 D BluetoothAdapterService: onProfileServiceStateChange() - Profile still not running:com.android.bluetooth.pbap.BluetoothPbapService
04-01 19:38:39.892  7531  7531 D BluetoothAdapterService: handleMessage() - Message: 1
04-01 19:38:39.892  7531  7531 D BluetoothAdapterService: handleMessage() - MESSAGE_PROFILE_SERVICE_STATE_CHANGED
04-01 19:38:39.892  7531  7531 D BluetoothAdapterService: processProfileServiceStateChanged() - serviceName=com.android.bluetooth.opp.BluetoothOppService isTurningOn=true isTurningOff=false isBleTurningOn=false isBleTurningOff=false
04-01 19:38:39.893  7531  7531 D BluetoothAdapterService: onProfileServiceStateChange() - Profile still not running:com.android.bluetooth.pbap.BluetoothPbapService
04-01 19:38:39.898  7531  7531 D BluetoothAdapterService: handleMessage() - Message: 1
04-01 19:38:39.898  7531  7531 D BluetoothAdapterService: handleMessage() - MESSAGE_PROFILE_SERVICE_STATE_CHANGED
04-01 19:38:39.899  7531  7531 D BluetoothAdapterService: processProfileServiceStateChanged() - serviceName=com.android.bluetooth.pbap.BluetoothPbapService isTurningOn=true isTurningOff=false isBleTurningOn=false isBleTurningOff=false
04-01 19:38:39.900  7531  7531 D BluetoothAdapterService: onProfileServiceStateChange() - All profile services started.
04-01 19:38:39.901  7531  7546 V BluetoothAdapterState: PendingCommand - transient state(s): isTurningOn
04-01 19:38:39.901  7531  7546 D BluetoothAdapterState: Current state: PENDING_COMMAND, message: 2
04-01 19:38:39.902  7531  7546 D BluetoothAdapterProperties: onBluetoothReady, state=11, ScanMode=20
04-01 19:38:39.903  7531  7546 D BluetoothAdapterProperties: Setting state to 12
04-01 19:38:39.903  7531  7546 I BluetoothAdapterState: Bluetooth adapter state changed: 11-> 12
04-01 19:38:39.903  7531  7546 D BluetoothAdapterService: updateAdapterState() - Broadcasting state to 1 receivers.
04-01 19:38:39.904  7531  7546 I BluetoothAdapterState: Entering OnState
04-01 19:38:39.904  7531  7546 D BluetoothAdapterService: updateUuids() - Updating UUIDs for bonded devices
04-01 19:38:39.906  7531  7552 D BluetoothAdapterProperties: Scan Mode:21
04-01 19:38:39.907  7531  7552 D BluetoothAdapterProperties: Discoverable Timeout:120
04-01 19:38:39.941  7531  7531 D BluetoothMapService: onReceive
04-01 19:38:39.941  7531  7531 D BluetoothMapService: onReceive: android.bluetooth.adapter.action.STATE_CHANGED
04-01 19:38:39.941  7531  7531 D BluetoothMapService: STATE_ON
04-01 19:38:39.946  7531  7531 D BluetoothPbapService: action: android.bluetooth.adapter.action.STATE_CHANGED
04-01 19:38:39.946  7531  7531 D BluetoothPbapService: state: 12
04-01 19:38:39.948  7531  7531 D BluetoothAdapterService: isQuetModeEnabled() - Enabled = false
04-01 19:38:39.948  7531  7531 D BluetoothPhonePolicy: autoConnect() - Initiate auto connection on BT on...
04-01 19:38:39.952  7531  7531 D BtOppService: start Socket Listeners
04-01 19:38:39.952  7531  7531 D BtOppService: stopListeners   mServerSocket :null
04-01 19:38:39.952  7531  7531 D ObexServerSockets: create(rfcomm = -2, l2capPsm = -2)
04-01 19:38:39.956  7531  7531 W BluetoothAdapter: getBluetoothService() called with no BluetoothManagerCallback
04-01 19:38:39.956  7531  7591 W BluetoothAdapter: getBluetoothService() called with no BluetoothManagerCallback
04-01 19:38:39.958  7531  7569 I bt_stack: [INFO:port_api.cc(123)] RFCOMM_CreateConnection BDA: ff:ff:ff:ff:ff:ff
04-01 19:38:39.959  7531  7531 W BluetoothAdapter: getBluetoothService() called with no BluetoothManagerCallback
04-01 19:38:39.961  7531  7569 I bt_stack: [INFO:port_api.cc(123)] RFCOMM_CreateConnection BDA: ff:ff:ff:ff:ff:ff
04-01 19:38:39.961  7531  7591 D BluetoothSdpJni: sdpCreateSapsRecordNative
04-01 19:38:39.961  7531  7591 D BluetoothSdpJni: SDP Create record success - handle: 0
04-01 19:38:39.962  7531  7531 D ObexServerSockets: Succeed to create listening sockets 
04-01 19:38:39.962  7531  7531 D ObexServerSockets0: startAccept()
04-01 19:38:39.962  7531  7531 D ObexServerSockets0: prepareForNewConnect()
04-01 19:38:39.962  7531  7580 D BluetoothMapMasInstance0: Map Service startRfcommSocketListener
04-01 19:38:39.964  7531  7580 D ObexServerSockets: create(rfcomm = -2, l2capPsm = -2)
04-01 19:38:39.968  7531  7580 W BluetoothAdapter: getBluetoothService() called with no BluetoothManagerCallback
04-01 19:38:39.968  7531  7531 D BluetoothSdpJni: sdpCreateOppOpsRecordNative
04-01 19:38:39.968  7531  7531 D BluetoothSdpJni: SDP Create record success - handle: 1
04-01 19:38:39.968  7531  7531 D BtOppService: mOppSdpHandle :1
04-01 19:38:39.969  7531  7531 D BluetoothPbapService: startsocketListener
04-01 19:38:39.969  7531  7531 D ObexServerSockets: create(rfcomm = -2, l2capPsm = -2)
04-01 19:38:39.970  7531  7531 W BluetoothAdapter: getBluetoothService() called with no BluetoothManagerCallback
04-01 19:38:39.971  7531  7569 I bt_stack: [INFO:port_api.cc(123)] RFCOMM_CreateConnection BDA: ff:ff:ff:ff:ff:ff
04-01 19:38:39.972  7531  7569 I bt_stack: [INFO:port_api.cc(123)] RFCOMM_CreateConnection BDA: ff:ff:ff:ff:ff:ff
04-01 19:38:39.973  7531  7580 W BluetoothAdapter: getBluetoothService() called with no BluetoothManagerCallback
04-01 19:38:39.973  7531  7531 W BluetoothAdapter: getBluetoothService() called with no BluetoothManagerCallback
04-01 19:38:39.975  7531  7531 D ObexServerSockets: Succeed to create listening sockets 
04-01 19:38:39.976  7531  7531 D ObexServerSockets1: startAccept()
04-01 19:38:39.976  7531  7531 D ObexServerSockets1: prepareForNewConnect()
04-01 19:38:39.976  7531  7580 D ObexServerSockets: Succeed to create listening sockets 
04-01 19:38:39.976  7531  7580 D ObexServerSockets2: startAccept()
04-01 19:38:39.977  7531  7580 D ObexServerSockets2: prepareForNewConnect()
04-01 19:38:39.979  7531  7593 D ObexServerSockets0: Accepting socket connection...
04-01 19:38:39.979  7531  7592 D ObexServerSockets0: Accepting socket connection...
04-01 19:38:39.989  7531  7531 D BluetoothSdpJni: sdpCreatePbapPseRecordNative
04-01 19:38:39.989  7531  7531 D BluetoothSdpJni: SDP Create record success - handle: 2
04-01 19:38:39.990  7531  7595 D ObexServerSockets2: Accepting socket connection...
04-01 19:38:39.991  7531  7594 D ObexServerSockets1: Accepting socket connection...
04-01 19:38:39.991  7531  7580 D BluetoothSdpJni: sdpCreateMapMasRecordNative
04-01 19:38:39.991  7531  7580 D BluetoothSdpJni: SDP Create record success - handle: 3
04-01 19:38:39.993  7531  7596 D ObexServerSockets1: Accepting socket connection...
04-01 19:38:39.999  7531  7597 D ObexServerSockets2: Accepting socket connection...
04-01 19:38:40.007  7531  7531 D BluetoothPbapService: PBAP server with handle:2
04-01 19:53:04.268  7531  7573 D HeadsetPhoneState: sendDeviceStateChanged. mService=0 mIsSimStateLoaded=false mSignal=0 mRoam=0 mBatteryCharge=4
04-02 02:28:24.435  7531  7569 W bt_btif : bta_dm_acl_change info: 0x10
04-02 02:28:24.436  7531  7552 D bt_btif_dm: remote version info [a0:a4:c5:68:0f:dc]: 8, 2, 100
04-02 02:28:24.438  7531  7552 E BluetoothRemoteDevices: aclStateChangeCallback: device is NULL, address=A0:A4:C5:68:0F:DC, newState=0
04-02 02:28:24.778  7531  7552 D bt_btif_config: btif_get_device_type: Device [a0:a4:c5:68:0f:dc] type 1
04-02 02:28:24.778  7531  7552 I bt_btif_dm: get_cod remote_cod = 0x000c010c
04-02 02:28:24.779  7531  7552 I BluetoothBondStateMachine: bondStateChangeCallback: Status: 0 Address: A0:A4:C5:68:0F:DC newState: 1
04-02 02:28:24.781  7531  7552 I bt_btif_dm: get_cod remote_cod = 0x000c010c
04-02 02:28:24.784  7531  7558 I BluetoothBondStateMachine: Bond State Change Intent:A0:A4:C5:68:0F:DC OldState: 10 NewState: 11
04-02 02:28:24.785  7531  7558 I BluetoothBondStateMachine: Entering PendingCommandState State
04-02 02:28:25.621  7531  7569 W bt_smp  : for SMP over BR max_key_size: 0x10, local_i_key: 0x07, local_r_key: 0x07, p_cb->loc_auth_req: 0x21
04-02 02:28:25.621  7531  7569 W bt_smp  : AES128_CMAC started, allocate buffer size = 16
04-02 02:28:25.621  7531  7569 W bt_smp  : flag = 1 round = 1
04-02 02:28:25.621  7531  7569 W bt_smp  : AES128_CMAC started, allocate buffer size = 16
04-02 02:28:25.621  7531  7569 W bt_smp  : flag = 0 round = 1
04-02 02:28:25.621  7531  7569 W bt_smp  : smp_send_id_info
04-02 02:28:25.651  7531  7569 W bt_l2cap: L2CAP ignoring duplicate echo request (0)
04-02 02:28:25.655  7531  7564 W bt_hci_packet_fragmenter: reassemble_and_dispatch got packet which would exceed expected length of 47. Truncating.
04-02 02:28:25.734  7531  7552 D bt_btif_config: btif_get_device_type: Device [a0:a4:c5:68:0f:dc] type 1
04-02 02:28:25.735  7531  7552 I bt_btif_dm: get_cod remote_cod = 0x000c010c
04-02 02:28:25.735  7531  7552 I BluetoothBondStateMachine: bondStateChangeCallback: Status: 0 Address: A0:A4:C5:68:0F:DC newState: 0
04-02 02:28:25.736  7531  7552 D bt_btif_config: btif_get_device_type: Device [a0:a4:c5:68:0f:dc] type 1
04-02 02:28:25.736  7531  7552 I bt_btif_dm: get_cod remote_cod = 0x000c010c
04-02 02:28:25.736  7531  7552 I BluetoothBondStateMachine: bondStateChangeCallback: Status: 0 Address: A0:A4:C5:68:0F:DC newState: 1
04-02 02:28:25.736  7531  7558 D BluetoothAdapterProperties: Failed to remove device: A0:A4:C5:68:0F:DC
04-02 02:28:25.739  7531  7558 I BluetoothBondStateMachine: Bond State Change Intent:A0:A4:C5:68:0F:DC OldState: 11 NewState: 10
04-02 02:28:25.742  7531  7558 D HidService: getHidService(): returning com.android.bluetooth.hid.HidService@9ecfed3
04-02 02:28:25.742  7531  7558 D A2dpSinkService: getA2dpSinkService(): service is NULL
04-02 02:28:25.744  7531  7552 D bt_btif_config: btif_get_device_type: Device [a0:a4:c5:68:0f:dc] type 1
04-02 02:28:25.744  7531  7552 I bt_btif_dm: get_cod remote_cod = 0x000c010c
04-02 02:28:25.744  7531  7558 D HidService: Saved priority A0:A4:C5:68:0F:DC = -1
04-02 02:28:25.745  7531  7552 I BluetoothBondStateMachine: bondStateChangeCallback: Status: 0 Address: A0:A4:C5:68:0F:DC newState: 0
04-02 02:28:25.751  7531  7564 W bt_hci_packet_fragmenter: reassemble_and_dispatch found unfinished packet for handle with start packet. Dropping old.
04-02 02:28:25.751  7531  7564 F bt_stack: [FATAL:allocation_tracker.cc(160)] Check failed: beginning_canary[i] == canary[i]. 
--------- beginning of crash
04-02 02:28:25.752  7531  7564 F libc    : Fatal signal 6 (SIGABRT), code -6 in tid 7564 (HwBinder:7531_1), pid 7531 (droid.bluetooth)
04-02 02:28:25.751  7531  7558 I BluetoothBondStateMachine: StableState(): Entering Off State
04-02 02:28:25.764  7531  7558 I BluetoothBondStateMachine: Bond State Change Intent:A0:A4:C5:68:0F:DC OldState: 10 NewState: 11
04-02 02:28:25.764  7531  7558 I BluetoothBondStateMachine: Entering PendingCommandState State
04-02 02:28:25.765  7531  7558 D BluetoothAdapterProperties: Failed to remove device: A0:A4:C5:68:0F:DC
04-02 02:28:25.767  7531  7558 I BluetoothBondStateMachine: Bond State Change Intent:A0:A4:C5:68:0F:DC OldState: 11 NewState: 10
04-02 02:28:25.769  7531  7558 D HidService: getHidService(): returning com.android.bluetooth.hid.HidService@9ecfed3
04-02 02:28:25.769  7531  7558 D A2dpSinkService: getA2dpSinkService(): service is NULL
04-02 02:28:25.771  7531  7558 D HidService: Saved priority A0:A4:C5:68:0F:DC = -1
04-02 02:28:25.778  7531  7558 I BluetoothBondStateMachine: StableState(): Entering Off State
