--------- beginning of main
04-02 02:28:27.014  7927  7927 D BluetoothOppFileProvider: Initialized
04-02 02:28:27.034  7927  7927 D AdapterServiceConfig: Adding HeadsetService
04-02 02:28:27.035  7927  7927 D AdapterServiceConfig: Adding A2dpService
04-02 02:28:27.036  7927  7927 D AdapterServiceConfig: Adding HidService
04-02 02:28:27.036  7927  7927 D AdapterServiceConfig: Adding HealthService
04-02 02:28:27.036  7927  7927 D AdapterServiceConfig: Adding PanService
04-02 02:28:27.036  7927  7927 D AdapterServiceConfig: Adding GattService
04-02 02:28:27.036  7927  7927 D AdapterServiceConfig: Adding BluetoothMapService
04-02 02:28:27.036  7927  7927 D AdapterServiceConfig: Adding HeadsetClientService
04-02 02:28:27.036  7927  7927 D AdapterServiceConfig: Adding AvrcpControllerService
04-02 02:28:27.036  7927  7927 D AdapterServiceConfig: Adding SapService
04-02 02:28:27.037  7927  7927 W AdapterServiceConfig: Could not find profile bit mask
04-02 02:28:27.037  7927  7927 D AdapterServiceConfig: Adding BluetoothOppService
04-02 02:28:27.037  7927  7927 W AdapterServiceConfig: Could not find profile bit mask
04-02 02:28:27.037  7927  7927 D AdapterServiceConfig: Adding BluetoothPbapService
04-02 02:28:27.057  7927  7927 D BluetoothAdapterService: onCreate()
04-02 02:28:27.062  7927  7927 D BluetoothAdapterState: make() - Creating AdapterState
04-02 02:28:27.064  7927  7927 I bt_btif : init
04-02 02:28:27.065  7927  7942 I BluetoothAdapterState: Entering OffState
04-02 02:28:27.065  7927  7927 D bt_osi_allocation_tracker: canary initialized
04-02 02:28:27.065  7927  7943 I bt_osi_thread: run_thread: thread id 7943, thread name stack_manager started
04-02 02:28:27.066  7927  7943 I bt_stack_manager: event_init_stack is initializing the stack
04-02 02:28:27.068  7927  7946 I bt_osi_thread: run_thread: thread id 7946, thread name alarm_default_ca started
04-02 02:28:27.068  7927  7947 I bt_osi_thread: run_thread: thread id 7947, thread name alarm_dispatcher started
04-02 02:28:27.071  7927  7943 I bt_btif_core: btif_init_bluetooth entered
04-02 02:28:27.071  7927  7943 I bt_stack_config: init attempt to load stack conf from /etc/bluetooth/bt_stack.conf
04-02 02:28:27.072  7927  7948 I bt_osi_thread: run_thread: thread id 7948, thread name bt_jni_workqueue started
04-02 02:28:27.072  7927  7943 I bt_btif_core: btif_init_bluetooth finished
04-02 02:28:27.072  7927  7943 I bt_stack_manager: event_init_stack finished
04-02 02:28:27.073  7927  7948 I bt_btif_core: run_message_loop entered
04-02 02:28:27.073  7927  7927 I bt_osi_wakelock: wakelock_set_os_callouts set to non-native
04-02 02:28:27.073  7927  7927 I bt_btif : get_profile_interface: id = socket
04-02 02:28:27.073  7927  7948 E bt_btif_storage: btif_storage_get_adapter_property: Controller not ready! Unable to return Bluetooth Address
04-02 02:28:27.073  7927  7948 E BluetoothServiceJni: adapter_properties_callback: Status 1 is incorrect
04-02 02:28:27.075  7927  7948 D BluetoothAdapterProperties: Name is: LeEco Le 2
04-02 02:28:27.076  7927  7927 I bt_btif : get_profile_interface: id = sdp
04-02 02:28:27.080  7927  7927 I BluetoothAdapterService: Phone policy enabled
04-02 02:28:27.082  7927  7927 D BluetoothAdapterService: setAdapterService() - set to: null
04-02 02:28:27.083  7927  7927 D BluetoothAdapterService: onBind()
04-02 02:28:27.087  7927  7927 I BtGatt.JNI: classInitNative(L871): classInitNative: Success!
04-02 02:28:27.091  7927  7939 D BluetoothAdapterService: enable() - Enable called with quiet mode status =  false
04-02 02:28:27.091  7927  7942 D BluetoothAdapterState: Current state: OFF, message: 0
04-02 02:28:27.092  7927  7942 D BluetoothAdapterProperties: Setting state to 14
04-02 02:28:27.092  7927  7942 I BluetoothAdapterState: Bluetooth adapter state changed: 10-> 14
04-02 02:28:27.092  7927  7942 D BluetoothAdapterService: updateAdapterState() - Broadcasting state to 1 receivers.
04-02 02:28:27.093  7927  7942 D BluetoothAdapterService: BleOnProcessStart()
04-02 02:28:27.095  7927  7942 D BluetoothAdapterService: BleOnProcessStart() - Make Bond State Machine
04-02 02:28:27.095  7927  7942 D BluetoothBondStateMachine: make
04-02 02:28:27.098  7927  7954 I BluetoothBondStateMachine: StableState(): Entering Off State
04-02 02:28:27.099  7927  7942 D BluetoothAdapterService: setProfileServiceState() - Starting service com.android.bluetooth.gatt.GattService
04-02 02:28:27.101  7927  7942 I BluetoothAdapterState: Entering PendingCommandState
04-02 02:28:27.102  7927  7927 D BtGatt.DebugUtils: handleDebugAction() action=null
04-02 02:28:27.102  7927  7927 D BluetoothAdapterService: getAdapterService() - returning com.android.bluetooth.btservice.AdapterService@d5ffa7f
04-02 02:28:27.103  7927  7927 D BtGatt.GattService: Received start request. Starting profile...
04-02 02:28:27.103  7927  7927 I bt_btif : get_profile_interface: id = gatt
04-02 02:28:27.104  7927  7927 D BluetoothAdapterService: getAdapterService() - returning com.android.bluetooth.btservice.AdapterService@d5ffa7f
04-02 02:28:27.113  7927  7927 I chatty  : uid=1002(bluetooth) com.android.bluetooth identical 1 line
04-02 02:28:27.113  7927  7927 D BluetoothAdapterService: getAdapterService() - returning com.android.bluetooth.btservice.AdapterService@d5ffa7f
04-02 02:28:27.116  7927  7927 D BluetoothAdapterService: handleMessage() - Message: 1
04-02 02:28:27.116  7927  7927 D BluetoothAdapterService: handleMessage() - MESSAGE_PROFILE_SERVICE_STATE_CHANGED
04-02 02:28:27.116  7927  7927 D BluetoothAdapterService: processProfileServiceStateChanged() - serviceName=com.android.bluetooth.gatt.GattService isTurningOn=false isTurningOff=false isBleTurningOn=true isBleTurningOff=false
04-02 02:28:27.116  7927  7927 D BluetoothAdapterService: GattService is started
04-02 02:28:27.118  7927  7942 V BluetoothAdapterState: PendingCommand - transient state(s): isBleTurningOn
04-02 02:28:27.118  7927  7942 D BluetoothAdapterState: Current state: PENDING_COMMAND, message: 4
04-02 02:28:27.121  7927  7942 I bt_btif : enable: start restricted = 0
04-02 02:28:27.121  7927  7943 I bt_stack_manager: event_start_up_stack is bringing up the stack
04-02 02:28:27.123  7927  7943 I bt_core_module: module_start_up Starting module "btif_config_module"
04-02 02:28:27.123  7927  7943 I bt_core_module: module_start_up Started module "btif_config_module"
04-02 02:28:27.123  7927  7943 I bt_core_module: module_start_up Starting module "btsnoop_module"
04-02 02:28:27.123  7927  7943 I bt_core_module: module_start_up Started module "btsnoop_module"
04-02 02:28:27.124  7927  7943 I bt_core_module: module_start_up Starting module "hci_module"
04-02 02:28:27.124  7927  7943 I bt_hci  : hci_module_start_up
04-02 02:28:27.124  7927  7958 I bt_osi_thread: run_thread: thread id 7958, thread name hci_thread started
04-02 02:28:27.126  7927  7943 D bt_hci  : hci_module_start_up starting async portion
04-02 02:28:27.126  7927  7958 I bt_hci  : hci_initialize
04-02 02:28:27.129  7927  7958 I bt_hci  : hci_initialize: IBluetoothHci::getService() returned 0x7ef6a3d560 (remote)
04-02 02:28:27.248  7927  7958 I bt_hci  : event_finish_startup
04-02 02:28:27.249  7927  7943 I bt_core_module: module_start_up Started module "hci_module"
04-02 02:28:27.250  7927  7963 I bt_osi_thread: run_thread: thread id 7963, thread name bt_workqueue started
04-02 02:28:27.251  7927  7963 I         : [0402/022827:INFO:btu_task.cc(107)] Bluetooth chip preload is complete
04-02 02:28:27.252  7927  7963 I         : [0402/022827:INFO:gatt_api.cc(1004)] GATT_Register
04-02 02:28:27.252  7927  7963 I         : [0402/022827:INFO:gatt_api.cc(1027)] allocated gatt_if=1
04-02 02:28:27.252  7927  7963 I         : [0402/022827:INFO:gatt_api.cc(207)] GATTS_AddService
04-02 02:28:27.252  7927  7963 I         : [0402/022827:INFO:gatt_api.cc(317)] GATTS_AddService: service parsed correctly, now starting
04-02 02:28:27.253  7927  7963 E         : [0402/022827:ERROR:gatt_attr.cc(301)] gatt_profile_db_init:  gatt_if=1
04-02 02:28:27.253  7927  7963 I         : [0402/022827:INFO:gatt_api.cc(1004)] GATT_Register
04-02 02:28:27.253  7927  7963 I         : [0402/022827:INFO:gatt_api.cc(1027)] allocated gatt_if=2
04-02 02:28:27.253  7927  7963 I         : [0402/022827:INFO:gatt_api.cc(207)] GATTS_AddService
04-02 02:28:27.253  7927  7963 I         : [0402/022827:INFO:gatt_api.cc(317)] GATTS_AddService: service parsed correctly, now starting
04-02 02:28:27.255  7927  7964 I bt_osi_thread: run_thread: thread id 7964, thread name btu message loop started
04-02 02:28:27.258  7927  7965 I bt_osi_thread: run_thread: thread id 7965, thread name module_wrapper started
04-02 02:28:27.258  7927  7965 I bt_core_module: module_start_up Starting module "controller_module"
04-02 02:28:27.485  7927  7965 I bt_core_module: module_start_up Started module "controller_module"
04-02 02:28:27.485  7927  7965 W bt_osi_thread: run_thread: thread id 7965, thread name module_wrapper exited
04-02 02:28:27.486  7927  7963 W bt_btm  : btm_decode_ext_features_page: feature page 1 ignored
04-02 02:28:27.486  7927  7963 W bt_btm  : btm_decode_ext_features_page: feature page 2 ignored
04-02 02:28:27.487  7927  7964 I bt_btm_sec: BTM_SecRegister p_cb_info->p_le_callback == 0x0x7ee8c90d2c
04-02 02:28:27.487  7927  7964 I bt_btm_sec: BTM_SecRegister btm_cb.api.p_le_callback = 0x0x7ee8c90d2c 
04-02 02:28:27.490  7927  7964 I bt_stack: [INFO:gatt_api.cc(1004)] GATT_Register
04-02 02:28:27.491  7927  7964 I bt_stack: [INFO:gatt_api.cc(1027)] allocated gatt_if=3
04-02 02:28:27.540  7927  7964 I bt_stack: [INFO:ble_advertiser_hci_interface.cc(708)] VSC advertising will be in use
04-02 02:28:27.540  7927  7964 I bt_stack: [INFO:ble_advertiser_hci_interface.cc(259)] QuirkAdvertiserZeroHandle in use
04-02 02:28:27.541  7927  7948 D BluetoothAdapterProperties: BT_PROPERTY_LOCAL_LE_FEATURES: update from BT controller mNumOfAdvertisementInstancesSupported = 10 mRpaOffloadSupported = true mNumOfOffloadedIrkSupported = 8 mNumOfOffloadedScanFilterSupported = 16 mOffloadedScanResultStorageBytes= 10240 mIsActivityAndEnergyReporting = true mVersSupported = 96 mTotNumOfTrackableAdv = 32 mIsExtendedScanSupported = true mIsDebugLogSupported = true mIsLe2MPhySupported = false mIsLeCodedPhySupported = false mIsLeExtendedAdvertisingSupported = false mIsLePeriodicAdvertisingSupported = false mLeMaximumAdvertisingDataLength = 31
04-02 02:28:27.548  7927  7948 E bt_btif_storage: btif_storage_get_adapter_property: Controller ready!
04-02 02:28:27.549  7927  7948 I bt_btif_storage: btif_storage_get_adapter_property service_mask:0x20000000
04-02 02:28:27.551  7927  7948 D BluetoothAdapterProperties: Address is:80:1D:00:33:D8:82
04-02 02:28:27.555  7927  7948 D BluetoothAdapterProperties: Name is: LeEco Le 2
04-02 02:28:27.557  7927  7948 D BluetoothAdapterProperties: Scan Mode:20
04-02 02:28:27.558  7927  7948 D BluetoothAdapterProperties: Discoverable Timeout:120
04-02 02:28:27.559  7927  7948 I bt_btif_core: btif_enable_bluetooth_evt entered: status 0
04-02 02:28:27.561  7927  7967 I bt_osi_thread: run_thread: thread id 7967, thread name btif_sock started
04-02 02:28:27.563  7927  7948 D bt_bte_conf: Device ID record 1 : primary
04-02 02:28:27.563  7927  7948 D bt_bte_conf:   vendorId            = 000f
04-02 02:28:27.563  7927  7948 D bt_bte_conf:   vendorIdSource      = 0001
04-02 02:28:27.563  7927  7948 D bt_bte_conf:   product             = 1200
04-02 02:28:27.563  7927  7948 D bt_bte_conf:   version             = 1436
04-02 02:28:27.563  7927  7948 D bt_bte_conf:   clientExecutableURL = 
04-02 02:28:27.563  7927  7948 D bt_bte_conf:   serviceDescription  = 
04-02 02:28:27.563  7927  7948 D bt_bte_conf:   documentationURL    = 
04-02 02:28:27.564  7927  7948 D bt_bte_conf: bte_load_did_conf no section named DID2.
04-02 02:28:27.564  7927  7948 I bt_btif_core: btif_enable_bluetooth_evt finished
04-02 02:28:27.564  7927  7943 I bt_stack_manager: event_start_up_stack finished
04-02 02:28:27.565  7927  7942 V BluetoothAdapterState: PendingCommand - transient state(s): isBleTurningOn
04-02 02:28:27.565  7927  7942 D BluetoothAdapterState: Current state: PENDING_COMMAND, message: 3
04-02 02:28:27.565  7927  7942 D BluetoothAdapterProperties: Setting state to 15
04-02 02:28:27.565  7927  7942 I BluetoothAdapterState: Bluetooth adapter state changed: 14-> 15
04-02 02:28:27.566  7927  7942 D BluetoothAdapterService: updateAdapterState() - Broadcasting state to 1 receivers.
04-02 02:28:27.567  7927  7942 I BluetoothAdapterState: Entering BleOnState
04-02 02:28:27.570  7927  7942 D BluetoothAdapterState: Current state: BLE ON, message: 1
04-02 02:28:27.570  7927  7942 D BluetoothAdapterProperties: Setting state to 11
04-02 02:28:27.570  7927  7942 I BluetoothAdapterState: Bluetooth adapter state changed: 15-> 11
04-02 02:28:27.570  7927  7942 D BluetoothAdapterService: updateAdapterState() - Broadcasting state to 1 receivers.
04-02 02:28:27.571  7927  7942 D BluetoothAdapterService: startCoreServices()
04-02 02:28:27.572  7927  7942 D BluetoothAdapterService: setProfileServiceState() - Starting service com.android.bluetooth.hfp.HeadsetService
04-02 02:28:27.577  7927  7942 D BluetoothAdapterService: setProfileServiceState() - Starting service com.android.bluetooth.a2dp.A2dpService
04-02 02:28:27.579  7927  7927 D BluetoothAdapterService: getAdapterService() - returning com.android.bluetooth.btservice.AdapterService@d5ffa7f
04-02 02:28:27.581  7927  7927 D HeadsetService: Received start request. Starting profile...
04-02 02:28:27.582  7927  7942 D BluetoothAdapterService: setProfileServiceState() - Starting service com.android.bluetooth.hid.HidService
04-02 02:28:27.584  7927  7927 I BluetoothHeadsetServiceJni: classInitNative: succeeds
04-02 02:28:27.585  7927  7927 D HeadsetStateMachine: make
04-02 02:28:27.587  7927  7942 D BluetoothAdapterService: setProfileServiceState() - Starting service com.android.bluetooth.hdp.HealthService
04-02 02:28:27.593  7927  7942 D BluetoothAdapterService: setProfileServiceState() - Starting service com.android.bluetooth.pan.PanService
04-02 02:28:27.597  7927  7927 D HeadsetStateMachine: max_hf_connections = 1
04-02 02:28:27.597  7927  7927 D HeadsetStateMachine: in-band_ringing_support = true
04-02 02:28:27.597  7927  7927 I bt_btif : get_profile_interface: id = handsfree
04-02 02:28:27.598  7927  7948 I bt_btif_storage: btif_storage_get_adapter_property service_mask:0x20000040
04-02 02:28:27.598  7927  7948 E bt_btif : btif_hf_upstreams_evt: Invalid index 60231
04-02 02:28:27.598  7927  7964 I bt_stack: [INFO:port_api.cc(123)] RFCOMM_CreateConnection BDA: ff:ff:ff:ff:ff:ff
04-02 02:28:27.598  7927  7964 I bt_stack: [INFO:port_api.cc(123)] RFCOMM_CreateConnection BDA: ff:ff:ff:ff:ff:ff
04-02 02:28:27.598  7927  7942 D BluetoothAdapterService: setProfileServiceState() - Starting service com.android.bluetooth.map.BluetoothMapService
04-02 02:28:27.601  7927  7942 D BluetoothAdapterService: setProfileServiceState() - Starting service com.android.bluetooth.hfpclient.HeadsetClientService
04-02 02:28:27.601  7927  7927 D BluetoothAdapterService: getAdapterService() - returning com.android.bluetooth.btservice.AdapterService@d5ffa7f
04-02 02:28:27.605  7927  7942 D BluetoothAdapterService: setProfileServiceState() - Starting service com.android.bluetooth.avrcpcontroller.AvrcpControllerService
04-02 02:28:27.606  7927  7927 D BluetoothAdapterService: getAdapterService() - returning com.android.bluetooth.btservice.AdapterService@d5ffa7f
04-02 02:28:27.607  7927  7927 D A2dpService: Received start request. Starting profile...
04-02 02:28:27.608  7927  7927 I BluetoothAvrcpServiceJni: classInitNative: succeeds
04-02 02:28:27.608  7927  7927 V Avrcp   : make
04-02 02:28:27.609  7927  7942 D BluetoothAdapterService: setProfileServiceState() - Starting service com.android.bluetooth.sap.SapService
04-02 02:28:27.610  7927  7927 I bt_btif : get_profile_interface: id = avrcp
04-02 02:28:27.612  7927  7942 D BluetoothAdapterService: setProfileServiceState() - Starting service com.android.bluetooth.opp.BluetoothOppService
04-02 02:28:27.617  7927  7942 D BluetoothAdapterService: setProfileServiceState() - Starting service com.android.bluetooth.pbap.BluetoothPbapService
04-02 02:28:27.621  7927  7942 I BluetoothAdapterState: Entering PendingCommandState
04-02 02:28:27.636  7927  7927 V Avrcp   : initMediaPlayerInfoList: 0 controllers
04-02 02:28:27.638  7927  7927 V Avrcp   : updatePlaybackState (1): -1➡0(PlaybackState {state=0, position=-1, buffered position=0, speed=0.0, updated=37611716, actions=0, custom actions=[], active item id=-1, error=null})
04-02 02:28:27.638  7927  7927 I Avrcp   : Skipping update due to invalid playback state
04-02 02:28:27.638  7927  7927 E Avrcp   : play status change -1➡0 mPlayStatusChangedNT: 1
04-02 02:28:27.638  7927  7927 E bt_btif : register_notification_rsp: Avrcp device is not connected, handle: 0x0
04-02 02:28:27.639  7927  7927 D Avrcp   : sendPlayPosNotificationRsp: Not registered or requesting.
04-02 02:28:27.640  7927  7927 D Avrcp   : User already unlocked, initializing player lists
04-02 02:28:27.643  7927  7927 V Avrcp   : updatePlaybackState (1): 0➡0(PlaybackState {state=0, position=-1, buffered position=0, speed=0.0, updated=37611722, actions=0, custom actions=[], active item id=-1, error=null})
04-02 02:28:27.643  7927  7927 I Avrcp   : Skipping update due to invalid playback state
04-02 02:28:27.643  7927  7927 E Avrcp   : play status change 0➡0 mPlayStatusChangedNT: 1
04-02 02:28:27.643  7927  7927 D Avrcp   : sendPlayPosNotificationRsp: Not registered or requesting.
04-02 02:28:27.646  7927  7927 I BluetoothA2dpServiceJni: classInitNative: succeeds
04-02 02:28:27.646  7927  7927 D A2dpStateMachine: make
04-02 02:28:27.649  7927  7927 I bt_btif : get_profile_interface: id = a2dp
04-02 02:28:27.650  7927  7971 I bt_osi_thread: run_thread: thread id 7971, thread name btif_a2dp_source started
04-02 02:28:27.651  7927  7927 D a2dp_codec: init
04-02 02:28:27.651  7927  7927 D a2dp_codec: createCodec: codec SBC
04-02 02:28:27.651  7927  7927 I a2dp_codec: init: updated SBC codec priority to 1001
04-02 02:28:27.651  7927  7927 D a2dp_codec: createCodec: codec AAC
04-02 02:28:27.651  7927  7927 I a2dp_codec: init: updated AAC codec priority to 2001
04-02 02:28:27.651  7927  7948 I bt_btif_storage: btif_storage_get_adapter_property service_mask:0x20000048
04-02 02:28:27.651  7927  7964 I bt_bta_av: AVRCP version used for sdp: "avrcp14"
04-02 02:28:27.651  7927  7927 D a2dp_codec: createCodec: codec aptX
04-02 02:28:27.652  7927  7948 E bt_btif : btif_sm_dispatch : Invalid handle
04-02 02:28:27.654  7927  7948 E bt_btif : btif_sm_dispatch : Invalid handle
04-02 02:28:27.655  7927  7927 E a2dp_vendor_aptx_encoder: A2DP_VendorLoadEncoderAptx: cannot open aptX encoder library libaptX_encoder.so: dlopen failed: library "libaptX_encoder.so" not found
04-02 02:28:27.655  7927  7927 E a2dp_vendor_aptx: init: cannot load the encoder
04-02 02:28:27.655  7927  7927 D a2dp_codec: createCodec: codec aptX-HD
04-02 02:28:27.656  7927  7927 E a2dp_vendor_aptx_hd_encoder: A2DP_VendorLoadEncoderAptxHd: cannot open aptX-HD encoder library libaptXHD_encoder.so: dlopen failed: library "libaptXHD_encoder.so" not found
04-02 02:28:27.656  7927  7927 E a2dp_vendor_aptx_hd: init: cannot load the encoder
04-02 02:28:27.657  7927  7927 D a2dp_codec: createCodec: codec LDAC
04-02 02:28:27.661  7927  7927 I a2dp_codec: init: updated LDAC codec priority to 5001
04-02 02:28:27.661  7927  7927 D a2dp_codec: createCodec: codec SBC SINK
04-02 02:28:27.661  7927  7927 I a2dp_codec: init: initialized Source codec LDAC
04-02 02:28:27.661  7927  7927 I a2dp_codec: init: initialized Source codec AAC
04-02 02:28:27.661  7927  7927 I a2dp_codec: init: initialized Source codec SBC
04-02 02:28:27.661  7927  7927 I a2dp_codec: init: initialized Sink codec SBC(Sink)
04-02 02:28:27.661  7927  7927 W bt_btif : ## ON A2DP IDLE ## peer_sep = 0
04-02 02:28:27.661  7927  7948 I BluetoothA2dpServiceJni: bta2dp_audio_config_callback
04-02 02:28:27.662  7927  7948 D A2dpStateMachine: A2DP Codec Config: null->{codecName:SBC,mCodecType:0,mCodecPriority:0,mSampleRate:0x0(NONE),mBitsPerSample:0x0(NONE),mChannelMode:0x0(NONE),mCodecSpecific1:0,mCodecSpecific2:0,mCodecSpecific3:0,mCodecSpecific4:0}
04-02 02:28:27.662  7927  7948 D A2dpStateMachine: A2DP Codec Local Capability: {codecName:LDAC,mCodecType:4,mCodecPriority:5001,mSampleRate:0xf(44100|48000|88200|96000),mBitsPerSample:0x7(16|24|32),mChannelMode:0x2(STEREO),mCodecSpecific1:0,mCodecSpecific2:0,mCodecSpecific3:0,mCodecSpecific4:0}
04-02 02:28:27.663  7927  7948 D A2dpStateMachine: A2DP Codec Local Capability: {codecName:AAC,mCodecType:1,mCodecPriority:2001,mSampleRate:0x1(44100),mBitsPerSample:0x1(16),mChannelMode:0x2(STEREO),mCodecSpecific1:0,mCodecSpecific2:0,mCodecSpecific3:0,mCodecSpecific4:0}
04-02 02:28:27.663  7927  7948 D A2dpStateMachine: A2DP Codec Local Capability: {codecName:SBC,mCodecType:0,mCodecPriority:1001,mSampleRate:0x1(44100),mBitsPerSample:0x1(16),mChannelMode:0x3(MONO|STEREO),mCodecSpecific1:0,mCodecSpecific2:0,mCodecSpecific3:0,mCodecSpecific4:0}
04-02 02:28:27.664  7927  7970 D A2dpStateMachine: Enter Disconnected: -2
04-02 02:28:27.665  7927  7927 D BluetoothAdapterService: getAdapterService() - returning com.android.bluetooth.btservice.AdapterService@d5ffa7f
04-02 02:28:27.666  7927  7927 I BluetoothHidServiceJni: classInitNative: succeeds
04-02 02:28:27.668  7927  7927 D BluetoothAdapterService: getAdapterService() - returning com.android.bluetooth.btservice.AdapterService@d5ffa7f
04-02 02:28:27.670  7927  7927 D HidService: Received start request. Starting profile...
04-02 02:28:27.670  7927  7927 I bt_btif : get_profile_interface: id = hidhost
04-02 02:28:27.670  7927  7927 D HidService: setHidService(): set to: null
04-02 02:28:27.670  7927  7948 I bt_bta_hh: BTA_HhEnable sec_mask:0x36 p_cback:0x7ee8cf6448
04-02 02:28:27.670  7927  7927 D BluetoothAdapterService: getAdapterService() - returning com.android.bluetooth.btservice.AdapterService@d5ffa7f
04-02 02:28:27.671  7927  7964 I bt_stack: [INFO:gatt_api.cc(1004)] GATT_Register
04-02 02:28:27.671  7927  7964 I bt_stack: [INFO:gatt_api.cc(1027)] allocated gatt_if=4
04-02 02:28:27.671  7927  7948 I bt_btif_storage: btif_storage_get_adapter_property service_mask:0x20100048
04-02 02:28:27.671  7927  7927 I BluetoothHealthServiceJni: classInitNative: succeeds
04-02 02:28:27.673  7927  7927 D BluetoothAdapterService: getAdapterService() - returning com.android.bluetooth.btservice.AdapterService@d5ffa7f
04-02 02:28:27.674  7927  7927 D HealthService: Received start request. Starting profile...
04-02 02:28:27.676  7927  7927 I bt_btif : get_profile_interface: id = health
04-02 02:28:27.677  7927  7927 D BluetoothAdapterService: getAdapterService() - returning com.android.bluetooth.btservice.AdapterService@d5ffa7f
04-02 02:28:27.684  7927  7927 I BluetoothPanServiceJni: classInitNative(L111): succeeds
04-02 02:28:27.686  7927  7927 D BluetoothAdapterService: getAdapterService() - returning com.android.bluetooth.btservice.AdapterService@d5ffa7f
04-02 02:28:27.687  7927  7927 D PanService: Received start request. Starting profile...
04-02 02:28:27.687  7927  7927 D BluetoothPanServiceJni: initializeNative(L116): pan
04-02 02:28:27.687  7927  7927 I bt_btif : get_profile_interface: id = pan
04-02 02:28:27.688  7927  7948 D BluetoothPanServiceJni: control_state_callback(L63): state:0, local_role:3, ifname:bt-pan
04-02 02:28:27.689  7927  7927 D BluetoothAdapterService: getAdapterService() - returning com.android.bluetooth.btservice.AdapterService@d5ffa7f
04-02 02:28:27.694  7927  7927 D BluetoothAdapterService: getAdapterService() - returning com.android.bluetooth.btservice.AdapterService@d5ffa7f
04-02 02:28:27.694  7927  7927 D BluetoothMapService: Received start request. Starting profile...
04-02 02:28:27.695  7927  7927 D BluetoothMapService: start()
04-02 02:28:27.704  7927  7927 D BluetoothMapAccountLoader: Found 0 application(s) with intent android.bluetooth.action.BLUETOOTH_MAP_PROVIDER
04-02 02:28:27.705  7927  7927 D BluetoothMapAccountLoader: Found 0 application(s) with intent android.bluetooth.action.BLUETOOTH_MAP_IM_PROVIDER
04-02 02:28:27.705  7927  7927 D BluetoothMapAppObserver: createReceiver()
04-02 02:28:27.707  7927  7927 D BluetoothMapAppObserver: initObservers()
04-02 02:28:27.708  7927  7927 D BluetoothMapAppObserver: getEnabledAccountItems()
04-02 02:28:27.708  7927  7927 D BluetoothAdapterService: getAdapterService() - returning com.android.bluetooth.btservice.AdapterService@d5ffa7f
04-02 02:28:27.709  7927  7927 D BluetoothAdapterService: handleMessage() - Message: 1
04-02 02:28:27.709  7927  7927 D BluetoothAdapterService: handleMessage() - MESSAGE_PROFILE_SERVICE_STATE_CHANGED
04-02 02:28:27.709  7927  7927 D BluetoothAdapterService: processProfileServiceStateChanged() - serviceName=com.android.bluetooth.hfp.HeadsetService isTurningOn=true isTurningOff=false isBleTurningOn=false isBleTurningOff=false
04-02 02:28:27.710  7927  7927 D BluetoothAdapterService: onProfileServiceStateChange() - Profile still not running:com.android.bluetooth.a2dp.A2dpService
04-02 02:28:27.711  7927  7927 I BluetoothHeadsetClientServiceJni: classInitNative succeeds
04-02 02:28:27.713  7927  7927 D BluetoothAdapterService: getAdapterService() - returning com.android.bluetooth.btservice.AdapterService@d5ffa7f
04-02 02:28:27.714  7927  7927 D HeadsetClientService: Received start request. Starting profile...
04-02 02:28:27.714  7927  7927 D BluetoothHeadsetClientServiceJni: initializeNative: HfpClient
04-02 02:28:27.714  7927  7927 I bt_btif : get_profile_interface: id = handsfree_client
04-02 02:28:27.715  7927  7948 I bt_stack: [INFO:port_api.cc(123)] RFCOMM_CreateConnection BDA: ff:ff:ff:ff:ff:ff
04-02 02:28:27.715  7927  7948 I bt_btif_storage: btif_storage_get_adapter_property service_mask:0x21100048
04-02 02:28:27.720  7927  7927 D BluetoothHeadsetClientServiceJni: initializeNative: HfpClient
04-02 02:28:27.720  7927  7927 W BluetoothHeadsetClientServiceJni: Cleaning up Bluetooth HFP Client Interface before initializing
04-02 02:28:27.721  7927  7927 W BluetoothHeadsetClientServiceJni: Cleaning up Bluetooth HFP Client callback object
04-02 02:28:27.721  7927  7927 I bt_btif : get_profile_interface: id = handsfree_client
04-02 02:28:27.721  7927  7948 I bt_btif_queue: queue_int_cleanup: UUID=111E
04-02 02:28:27.721  7927  7927 D BluetoothAdapterService: getAdapterService() - returning com.android.bluetooth.btservice.AdapterService@d5ffa7f
04-02 02:28:27.721  7927  7948 I bt_btif_storage: btif_storage_get_adapter_property service_mask:0x21100048
04-02 02:28:27.721  7927  7948 I bt_stack: [INFO:port_api.cc(123)] RFCOMM_CreateConnection BDA: ff:ff:ff:ff:ff:ff
04-02 02:28:27.722  7927  7948 I bt_btif_storage: btif_storage_get_adapter_property service_mask:0x21100048
04-02 02:28:27.722  7927  7968 D HeadsetPhoneState: sendDeviceStateChanged. mService=0 mIsSimStateLoaded=false mSignal=0 mRoam=0 mBatteryCharge=4
04-02 02:28:27.722  7927  7927 I BluetoothAvrcpControllerJni: classInitNative: succeeds
04-02 02:28:27.723  7927  7927 I bt_btif : get_profile_interface: id = avrcp_ctrl
04-02 02:28:27.724  7927  7927 D BluetoothAdapterService: getAdapterService() - returning com.android.bluetooth.btservice.AdapterService@d5ffa7f
04-02 02:28:27.726  7927  7927 D AvrcpControllerService: Received start request. Starting profile...
04-02 02:28:27.741  7927  7927 D AvrcpControllerService: setAvrcpControllerService(): set to: null
04-02 02:28:27.741  7927  7927 D BluetoothAdapterService: getAdapterService() - returning com.android.bluetooth.btservice.AdapterService@d5ffa7f
04-02 02:28:27.743  7927  7927 V SapService: SapBinder()
04-02 02:28:27.744  7927  7927 D BluetoothAdapterService: getAdapterService() - returning com.android.bluetooth.btservice.AdapterService@d5ffa7f
04-02 02:28:27.745  7927  7927 D SapService: Received start request. Starting profile...
04-02 02:28:27.745  7927  7927 V SapService: start()
04-02 02:28:27.747  7927  7927 D BluetoothAdapterService: getAdapterService() - returning com.android.bluetooth.btservice.AdapterService@d5ffa7f
04-02 02:28:27.762  7927  7927 D BluetoothAdapterService: getAdapterService() - returning com.android.bluetooth.btservice.AdapterService@d5ffa7f
04-02 02:28:27.762  7927  7927 D BluetoothOppService: Received start request. Starting profile...
04-02 02:28:27.763  7927  7927 D BluetoothAdapterService: getAdapterService() - returning com.android.bluetooth.btservice.AdapterService@d5ffa7f
04-02 02:28:27.766  7927  7927 V BluetoothPbapService: PbapBinder()
04-02 02:28:27.766  7927  7927 D BluetoothAdapterService: getAdapterService() - returning com.android.bluetooth.btservice.AdapterService@d5ffa7f
04-02 02:28:27.768  7927  7927 D BluetoothPbapService: Received start request. Starting profile...
04-02 02:28:27.768  7927  7927 V BluetoothPbapService: start()
04-02 02:28:27.770  7927  7927 D BluetoothPbapService: Registering observer
04-02 02:28:27.779  7927  7927 D BluetoothAdapterService: getAdapterService() - returning com.android.bluetooth.btservice.AdapterService@d5ffa7f
04-02 02:28:27.780  7927  7927 D BluetoothAdapterService: handleMessage() - Message: 1
04-02 02:28:27.780  7927  7927 D BluetoothAdapterService: handleMessage() - MESSAGE_PROFILE_SERVICE_STATE_CHANGED
04-02 02:28:27.780  7927  7927 D BluetoothAdapterService: processProfileServiceStateChanged() - serviceName=com.android.bluetooth.a2dp.A2dpService isTurningOn=true isTurningOff=false isBleTurningOn=false isBleTurningOff=false
04-02 02:28:27.780  7927  7927 D BluetoothAdapterService: onProfileServiceStateChange() - Profile still not running:com.android.bluetooth.map.BluetoothMapService
04-02 02:28:27.780  7927  7927 D BluetoothAdapterService: handleMessage() - Message: 1
04-02 02:28:27.781  7927  7927 D BluetoothAdapterService: handleMessage() - MESSAGE_PROFILE_SERVICE_STATE_CHANGED
04-02 02:28:27.781  7927  7927 D BluetoothAdapterService: processProfileServiceStateChanged() - serviceName=com.android.bluetooth.hid.HidService isTurningOn=true isTurningOff=false isBleTurningOn=false isBleTurningOff=false
04-02 02:28:27.781  7927  7927 D BluetoothAdapterService: onProfileServiceStateChange() - Profile still not running:com.android.bluetooth.map.BluetoothMapService
04-02 02:28:27.781  7927  7927 D BluetoothAdapterService: handleMessage() - Message: 1
04-02 02:28:27.782  7927  7927 D BluetoothAdapterService: handleMessage() - MESSAGE_PROFILE_SERVICE_STATE_CHANGED
04-02 02:28:27.782  7927  7927 D BluetoothAdapterService: processProfileServiceStateChanged() - serviceName=com.android.bluetooth.hdp.HealthService isTurningOn=true isTurningOff=false isBleTurningOn=false isBleTurningOff=false
04-02 02:28:27.783  7927  7927 D BluetoothAdapterService: onProfileServiceStateChange() - Profile still not running:com.android.bluetooth.map.BluetoothMapService
04-02 02:28:27.783  7927  7927 D BluetoothAdapterService: handleMessage() - Message: 1
04-02 02:28:27.783  7927  7927 D BluetoothAdapterService: handleMessage() - MESSAGE_PROFILE_SERVICE_STATE_CHANGED
04-02 02:28:27.784  7927  7927 D BluetoothAdapterService: processProfileServiceStateChanged() - serviceName=com.android.bluetooth.pan.PanService isTurningOn=true isTurningOff=false isBleTurningOn=false isBleTurningOff=false
04-02 02:28:27.784  7927  7927 D BluetoothAdapterService: onProfileServiceStateChange() - Profile still not running:com.android.bluetooth.map.BluetoothMapService
04-02 02:28:27.784  7927  7927 D BluetoothAdapterService: handleMessage() - Message: 1
04-02 02:28:27.784  7927  7927 D BluetoothAdapterService: handleMessage() - MESSAGE_PROFILE_SERVICE_STATE_CHANGED
04-02 02:28:27.784  7927  7927 D BluetoothAdapterService: processProfileServiceStateChanged() - serviceName=com.android.bluetooth.map.BluetoothMapService isTurningOn=true isTurningOff=false isBleTurningOn=false isBleTurningOff=false
04-02 02:28:27.784  7927  7927 D BluetoothAdapterService: onProfileServiceStateChange() - Profile still not running:com.android.bluetooth.avrcpcontroller.AvrcpControllerService
04-02 02:28:27.785  7927  7927 D BluetoothAdapterService: handleMessage() - Message: 1
04-02 02:28:27.785  7927  7927 D BluetoothAdapterService: handleMessage() - MESSAGE_PROFILE_SERVICE_STATE_CHANGED
04-02 02:28:27.785  7927  7927 D BluetoothAdapterService: processProfileServiceStateChanged() - serviceName=com.android.bluetooth.hfpclient.HeadsetClientService isTurningOn=true isTurningOff=false isBleTurningOn=false isBleTurningOff=false
04-02 02:28:27.785  7927  7927 D BluetoothAdapterService: onProfileServiceStateChange() - Profile still not running:com.android.bluetooth.avrcpcontroller.AvrcpControllerService
04-02 02:28:27.785  7927  7927 D BluetoothAdapterService: handleMessage() - Message: 1
04-02 02:28:27.785  7927  7927 D BluetoothAdapterService: handleMessage() - MESSAGE_PROFILE_SERVICE_STATE_CHANGED
04-02 02:28:27.785  7927  7927 D BluetoothAdapterService: processProfileServiceStateChanged() - serviceName=com.android.bluetooth.avrcpcontroller.AvrcpControllerService isTurningOn=true isTurningOff=false isBleTurningOn=false isBleTurningOff=false
04-02 02:28:27.786  7927  7927 D BluetoothAdapterService: onProfileServiceStateChange() - Profile still not running:com.android.bluetooth.sap.SapService
04-02 02:28:27.787  7927  7927 D BluetoothAdapterService: handleMessage() - Message: 1
04-02 02:28:27.787  7927  7927 D BluetoothAdapterService: handleMessage() - MESSAGE_PROFILE_SERVICE_STATE_CHANGED
04-02 02:28:27.788  7927  7927 D BluetoothAdapterService: processProfileServiceStateChanged() - serviceName=com.android.bluetooth.sap.SapService isTurningOn=true isTurningOff=false isBleTurningOn=false isBleTurningOff=false
04-02 02:28:27.788  7927  7927 D BluetoothAdapterService: onProfileServiceStateChange() - Profile still not running:com.android.bluetooth.pbap.BluetoothPbapService
04-02 02:28:27.790  7927  7927 D BluetoothAdapterService: handleMessage() - Message: 1
04-02 02:28:27.790  7927  7927 D BluetoothAdapterService: handleMessage() - MESSAGE_PROFILE_SERVICE_STATE_CHANGED
04-02 02:28:27.790  7927  7927 D BluetoothAdapterService: processProfileServiceStateChanged() - serviceName=com.android.bluetooth.opp.BluetoothOppService isTurningOn=true isTurningOff=false isBleTurningOn=false isBleTurningOff=false
04-02 02:28:27.791  7927  7927 D BluetoothAdapterService: onProfileServiceStateChange() - Profile still not running:com.android.bluetooth.pbap.BluetoothPbapService
04-02 02:28:27.796  7927  7927 D BluetoothAdapterService: handleMessage() - Message: 1
04-02 02:28:27.796  7927  7927 D BluetoothAdapterService: handleMessage() - MESSAGE_PROFILE_SERVICE_STATE_CHANGED
04-02 02:28:27.797  7927  7927 D BluetoothAdapterService: processProfileServiceStateChanged() - serviceName=com.android.bluetooth.pbap.BluetoothPbapService isTurningOn=true isTurningOff=false isBleTurningOn=false isBleTurningOff=false
04-02 02:28:27.800  7927  7927 D BluetoothAdapterService: onProfileServiceStateChange() - All profile services started.
04-02 02:28:27.800  7927  7942 V BluetoothAdapterState: PendingCommand - transient state(s): isTurningOn
04-02 02:28:27.801  7927  7942 D BluetoothAdapterState: Current state: PENDING_COMMAND, message: 2
04-02 02:28:27.801  7927  7942 D BluetoothAdapterProperties: onBluetoothReady, state=11, ScanMode=20
04-02 02:28:27.802  7927  7942 D BluetoothAdapterProperties: Setting state to 12
04-02 02:28:27.802  7927  7942 I BluetoothAdapterState: Bluetooth adapter state changed: 11-> 12
04-02 02:28:27.802  7927  7942 D BluetoothAdapterService: updateAdapterState() - Broadcasting state to 1 receivers.
04-02 02:28:27.804  7927  7942 I BluetoothAdapterState: Entering OnState
04-02 02:28:27.805  7927  7942 D BluetoothAdapterService: updateUuids() - Updating UUIDs for bonded devices
04-02 02:28:27.811  7927  7948 D BluetoothAdapterProperties: Scan Mode:21
04-02 02:28:27.811  7927  7948 D BluetoothAdapterProperties: Discoverable Timeout:120
04-02 02:28:27.838  7927  7927 D BluetoothMapService: onReceive
04-02 02:28:27.838  7927  7927 D BluetoothMapService: onReceive: android.bluetooth.adapter.action.STATE_CHANGED
04-02 02:28:27.838  7927  7927 D BluetoothMapService: STATE_ON
04-02 02:28:27.841  7927  7927 D BluetoothPbapService: action: android.bluetooth.adapter.action.STATE_CHANGED
04-02 02:28:27.841  7927  7927 D BluetoothPbapService: state: 12
04-02 02:28:27.843  7927  7927 D BluetoothAdapterService: isQuetModeEnabled() - Enabled = false
04-02 02:28:27.843  7927  7927 D BluetoothPhonePolicy: autoConnect() - Initiate auto connection on BT on...
04-02 02:28:27.845  7927  7927 D BtOppService: start Socket Listeners
04-02 02:28:27.845  7927  7927 D BtOppService: stopListeners   mServerSocket :null
04-02 02:28:27.845  7927  7927 D ObexServerSockets: create(rfcomm = -2, l2capPsm = -2)
04-02 02:28:27.848  7927  7927 W BluetoothAdapter: getBluetoothService() called with no BluetoothManagerCallback
04-02 02:28:27.848  7927  7986 W BluetoothAdapter: getBluetoothService() called with no BluetoothManagerCallback
04-02 02:28:27.850  7927  7964 I bt_stack: [INFO:port_api.cc(123)] RFCOMM_CreateConnection BDA: ff:ff:ff:ff:ff:ff
04-02 02:28:27.851  7927  7927 W BluetoothAdapter: getBluetoothService() called with no BluetoothManagerCallback
04-02 02:28:27.852  7927  7964 I bt_stack: [INFO:port_api.cc(123)] RFCOMM_CreateConnection BDA: ff:ff:ff:ff:ff:ff
04-02 02:28:27.852  7927  7986 D BluetoothSdpJni: sdpCreateSapsRecordNative
04-02 02:28:27.853  7927  7986 D BluetoothSdpJni: SDP Create record success - handle: 0
04-02 02:28:27.854  7927  7927 D ObexServerSockets: Succeed to create listening sockets 
04-02 02:28:27.854  7927  7927 D ObexServerSockets0: startAccept()
04-02 02:28:27.854  7927  7927 D ObexServerSockets0: prepareForNewConnect()
04-02 02:28:27.855  7927  7927 D BluetoothSdpJni: sdpCreateOppOpsRecordNative
04-02 02:28:27.855  7927  7927 D BluetoothSdpJni: SDP Create record success - handle: 1
04-02 02:28:27.855  7927  7927 D BtOppService: mOppSdpHandle :1
04-02 02:28:27.856  7927  7927 D BluetoothPbapService: startsocketListener
04-02 02:28:27.857  7927  7927 D ObexServerSockets: create(rfcomm = -2, l2capPsm = -2)
04-02 02:28:27.858  7927  7927 W BluetoothAdapter: getBluetoothService() called with no BluetoothManagerCallback
04-02 02:28:27.858  7927  7987 D ObexServerSockets0: Accepting socket connection...
04-02 02:28:27.859  7927  7988 D ObexServerSockets0: Accepting socket connection...
04-02 02:28:27.859  7927  7975 D BluetoothMapMasInstance0: Map Service startRfcommSocketListener
04-02 02:28:27.859  7927  7975 D ObexServerSockets: create(rfcomm = -2, l2capPsm = -2)
04-02 02:28:27.860  7927  7975 W BluetoothAdapter: getBluetoothService() called with no BluetoothManagerCallback
04-02 02:28:27.861  7927  7964 I bt_stack: [INFO:port_api.cc(123)] RFCOMM_CreateConnection BDA: ff:ff:ff:ff:ff:ff
04-02 02:28:27.861  7927  7927 W BluetoothAdapter: getBluetoothService() called with no BluetoothManagerCallback
04-02 02:28:27.862  7927  7964 I bt_stack: [INFO:port_api.cc(123)] RFCOMM_CreateConnection BDA: ff:ff:ff:ff:ff:ff
04-02 02:28:27.862  7927  7975 W BluetoothAdapter: getBluetoothService() called with no BluetoothManagerCallback
04-02 02:28:27.864  7927  7927 D ObexServerSockets: Succeed to create listening sockets 
04-02 02:28:27.864  7927  7927 D ObexServerSockets1: startAccept()
04-02 02:28:27.864  7927  7975 D ObexServerSockets: Succeed to create listening sockets 
04-02 02:28:27.864  7927  7927 D ObexServerSockets1: prepareForNewConnect()
04-02 02:28:27.864  7927  7975 D ObexServerSockets2: startAccept()
04-02 02:28:27.864  7927  7975 D ObexServerSockets2: prepareForNewConnect()
04-02 02:28:27.870  7927  7975 D BluetoothSdpJni: sdpCreateMapMasRecordNative
04-02 02:28:27.870  7927  7975 D BluetoothSdpJni: SDP Create record success - handle: 2
04-02 02:28:27.871  7927  7989 D ObexServerSockets2: Accepting socket connection...
04-02 02:28:27.875  7927  7990 D ObexServerSockets1: Accepting socket connection...
04-02 02:28:27.875  7927  7927 D BluetoothSdpJni: sdpCreatePbapPseRecordNative
04-02 02:28:27.875  7927  7927 D BluetoothSdpJni: SDP Create record success - handle: 3
04-02 02:28:27.882  7927  7991 D ObexServerSockets2: Accepting socket connection...
04-02 02:28:27.883  7927  7992 D ObexServerSockets1: Accepting socket connection...
04-02 02:28:27.887  7927  7927 D BluetoothPbapService: PBAP server with handle:3
04-02 02:33:06.022  7927  7964 W bt_btif : bta_dm_acl_change info: 0x10
04-02 02:33:06.023  7927  7948 D bt_btif_dm: remote version info [a0:a4:c5:68:0f:dc]: 0, 0, 0
04-02 02:33:06.025  7927  7948 E BluetoothRemoteDevices: aclStateChangeCallback: device is NULL, address=A0:A4:C5:68:0F:DC, newState=0
04-02 02:33:06.364  7927  7948 D bt_btif_config: btif_get_device_type: Device [a0:a4:c5:68:0f:dc] type 1
04-02 02:33:06.365  7927  7948 I bt_btif_dm: get_cod remote_cod = 0x000c010c
04-02 02:33:06.365  7927  7948 I BluetoothBondStateMachine: bondStateChangeCallback: Status: 0 Address: A0:A4:C5:68:0F:DC newState: 1
04-02 02:33:06.366  7927  7948 I bt_btif_dm: get_cod remote_cod = 0x000c010c
04-02 02:33:06.370  7927  7954 I BluetoothBondStateMachine: Bond State Change Intent:A0:A4:C5:68:0F:DC OldState: 10 NewState: 11
04-02 02:33:06.371  7927  7954 I BluetoothBondStateMachine: Entering PendingCommandState State
04-02 02:33:07.333  7927  7948 D bt_btif_config: btif_get_device_type: Device [a0:a4:c5:68:0f:dc] type 1
04-02 02:33:07.333  7927  7948 I bt_btif_dm: get_cod remote_cod = 0x000c010c
04-02 02:33:07.334  7927  7948 I BluetoothBondStateMachine: bondStateChangeCallback: Status: 0 Address: A0:A4:C5:68:0F:DC newState: 0
04-02 02:33:07.334  7927  7954 D BluetoothAdapterProperties: Failed to remove device: A0:A4:C5:68:0F:DC
04-02 02:33:07.336  7927  7954 I BluetoothBondStateMachine: Bond State Change Intent:A0:A4:C5:68:0F:DC OldState: 11 NewState: 10
04-02 02:33:07.339  7927  7954 D HidService: getHidService(): returning com.android.bluetooth.hid.HidService@9ecfed3
04-02 02:33:07.339  7927  7954 D A2dpSinkService: getA2dpSinkService(): service is NULL
04-02 02:33:07.342  7927  7954 D HidService: Saved priority A0:A4:C5:68:0F:DC = -1
04-02 02:33:07.349  7927  7954 I BluetoothBondStateMachine: StableState(): Entering Off State
04-02 02:34:19.569  7927  7964 I bt_btm_sec: btm_sec_disconnected clearing pending flag handle:1 reason:19
04-02 02:34:19.570  7927  7948 W bt_btif : btif_av_move_idle: ACL Disconnected state 0 bd_addr=a0:a4:c5:68:0f:dc peer_bda=00:00:00:00:00:00
04-02 02:34:19.577  7927  7927 D BluetoothMapService: onReceive
04-02 02:34:19.578  7927  7927 D BluetoothMapService: onReceive: android.bluetooth.device.action.ACL_DISCONNECTED
04-02 02:34:19.578  7927  7927 D BluetoothPbapService: action: android.bluetooth.device.action.ACL_DISCONNECTED
04-02 02:34:19.579  7927  7927 D BluetoothPbapService: state: -2147483648
04-02 02:34:19.579  7927  7927 W BluetoothPbapService: Unrecognized intent!
04-02 02:46:32.410  7927  7964 W bt_btif : bta_dm_acl_change info: 0x10
04-02 02:46:32.411  7927  7948 D bt_btif_dm: remote version info [a0:a4:c5:68:0f:dc]: 0, 0, 0
04-02 02:46:32.756  7927  7948 D bt_btif_config: btif_get_device_type: Device [a0:a4:c5:68:0f:dc] type 1
04-02 02:46:32.768  7927  7948 D bt_btif_config: btif_get_device_type: Device [a0:a4:c5:68:0f:dc] type 1
04-02 02:46:32.769  7927  7948 I bt_btif_dm: get_cod remote_cod = 0x000c010c
04-02 02:46:32.769  7927  7948 I BluetoothBondStateMachine: bondStateChangeCallback: Status: 0 Address: A0:A4:C5:68:0F:DC newState: 1
04-02 02:46:32.771  7927  7948 I bt_btif_dm: get_cod remote_cod = 0x000c010c
04-02 02:46:32.774  7927  7954 I BluetoothBondStateMachine: Bond State Change Intent:A0:A4:C5:68:0F:DC OldState: 10 NewState: 11
04-02 02:46:32.775  7927  7954 I BluetoothBondStateMachine: Entering PendingCommandState State
04-02 02:46:33.698  7927  7948 D bt_btif_config: btif_get_device_type: Device [a0:a4:c5:68:0f:dc] type 1
04-02 02:46:33.698  7927  7948 I bt_btif_dm: get_cod remote_cod = 0x000c010c
04-02 02:46:33.698  7927  7948 I BluetoothBondStateMachine: bondStateChangeCallback: Status: 0 Address: A0:A4:C5:68:0F:DC newState: 0
04-02 02:46:33.699  7927  7954 D BluetoothAdapterProperties: Failed to remove device: A0:A4:C5:68:0F:DC
04-02 02:46:33.700  7927  7954 I BluetoothBondStateMachine: Bond State Change Intent:A0:A4:C5:68:0F:DC OldState: 11 NewState: 10
04-02 02:46:33.703  7927  7954 D HidService: getHidService(): returning com.android.bluetooth.hid.HidService@9ecfed3
04-02 02:46:33.703  7927  7954 D A2dpSinkService: getA2dpSinkService(): service is NULL
04-02 02:46:33.705  7927  7954 D HidService: Saved priority A0:A4:C5:68:0F:DC = -1
04-02 02:46:33.710  7927  7954 I BluetoothBondStateMachine: StableState(): Entering Off State
04-02 02:47:24.121  7927  7964 I bt_btm_sec: btm_sec_disconnected clearing pending flag handle:2 reason:19
04-02 02:47:24.122  7927  7948 W bt_btif : btif_av_move_idle: ACL Disconnected state 0 bd_addr=a0:a4:c5:68:0f:dc peer_bda=00:00:00:00:00:00
04-02 02:47:24.130  7927  7927 D BluetoothMapService: onReceive
04-02 02:47:24.131  7927  7927 D BluetoothMapService: onReceive: android.bluetooth.device.action.ACL_DISCONNECTED
04-02 02:47:24.131  7927  7927 D BluetoothPbapService: action: android.bluetooth.device.action.ACL_DISCONNECTED
04-02 02:47:24.132  7927  7927 D BluetoothPbapService: state: -2147483648
04-02 02:47:24.132  7927  7927 W BluetoothPbapService: Unrecognized intent!
04-02 02:57:38.014  7927  7968 D HeadsetPhoneState: sendDeviceStateChanged. mService=0 mIsSimStateLoaded=false mSignal=0 mRoam=0 mBatteryCharge=5
04-02 03:16:44.877  7927  7948 D BluetoothAdapterProperties: Discoverable Timeout:120
04-02 03:16:44.879  7927  7948 D BluetoothAdapterProperties: Scan Mode:23
04-02 03:19:15.952  7927  7964 W bt_btif : bta_dm_acl_change info: 0x10
04-02 03:19:15.952  7927  7948 D bt_btif_dm: remote version info [a0:a4:c5:68:0f:dc]: 0, 0, 0
04-02 03:19:16.293  7927  7948 D bt_btif_config: btif_get_device_type: Device [a0:a4:c5:68:0f:dc] type 1
04-02 03:19:16.302  7927  7948 D bt_btif_config: btif_get_device_type: Device [a0:a4:c5:68:0f:dc] type 1
04-02 03:19:16.302  7927  7948 I bt_btif_dm: get_cod remote_cod = 0x000c010c
04-02 03:19:16.303  7927  7948 I BluetoothBondStateMachine: bondStateChangeCallback: Status: 0 Address: A0:A4:C5:68:0F:DC newState: 1
04-02 03:19:16.303  7927  7948 I bt_btif_dm: get_cod remote_cod = 0x000c010c
04-02 03:19:16.309  7927  7954 I BluetoothBondStateMachine: Bond State Change Intent:A0:A4:C5:68:0F:DC OldState: 10 NewState: 11
04-02 03:19:16.310  7927  7954 I BluetoothBondStateMachine: Entering PendingCommandState State
04-02 03:19:17.254  7927  7948 D bt_btif_config: btif_get_device_type: Device [a0:a4:c5:68:0f:dc] type 1
04-02 03:19:17.254  7927  7948 I bt_btif_dm: get_cod remote_cod = 0x000c010c
04-02 03:19:17.255  7927  7948 I BluetoothBondStateMachine: bondStateChangeCallback: Status: 0 Address: A0:A4:C5:68:0F:DC newState: 0
04-02 03:19:17.255  7927  7954 D BluetoothAdapterProperties: Failed to remove device: A0:A4:C5:68:0F:DC
04-02 03:19:17.258  7927  7954 I BluetoothBondStateMachine: Bond State Change Intent:A0:A4:C5:68:0F:DC OldState: 11 NewState: 10
04-02 03:19:17.260  7927  7954 D HidService: getHidService(): returning com.android.bluetooth.hid.HidService@9ecfed3
04-02 03:19:17.261  7927  7954 D A2dpSinkService: getA2dpSinkService(): service is NULL
04-02 03:19:17.263  7927  7954 D HidService: Saved priority A0:A4:C5:68:0F:DC = -1
04-02 03:19:17.269  7927  7954 I BluetoothBondStateMachine: StableState(): Entering Off State
