--------- beginning of main
04-08 08:35:11.517 10872 10872 D BluetoothOppFileProvider: Initialized
04-08 08:35:11.534 10872 10872 D AdapterServiceConfig: Adding HeadsetService
04-08 08:35:11.536 10872 10872 D AdapterServiceConfig: Adding A2dpService
04-08 08:35:11.536 10872 10872 D AdapterServiceConfig: Adding HidService
04-08 08:35:11.536 10872 10872 D AdapterServiceConfig: Adding HealthService
04-08 08:35:11.536 10872 10872 D AdapterServiceConfig: Adding PanService
04-08 08:35:11.536 10872 10872 D AdapterServiceConfig: Adding GattService
04-08 08:35:11.536 10872 10872 D AdapterServiceConfig: Adding BluetoothMapService
04-08 08:35:11.536 10872 10872 D AdapterServiceConfig: Adding HeadsetClientService
04-08 08:35:11.536 10872 10872 D AdapterServiceConfig: Adding AvrcpControllerService
04-08 08:35:11.536 10872 10872 D AdapterServiceConfig: Adding SapService
04-08 08:35:11.537 10872 10872 W AdapterServiceConfig: Could not find profile bit mask
04-08 08:35:11.537 10872 10872 D AdapterServiceConfig: Adding BluetoothOppService
04-08 08:35:11.537 10872 10872 W AdapterServiceConfig: Could not find profile bit mask
04-08 08:35:11.537 10872 10872 D AdapterServiceConfig: Adding BluetoothPbapService
04-08 08:35:11.554 10872 10872 D BluetoothAdapterService: onCreate()
04-08 08:35:11.559 10872 10872 D BluetoothAdapterState: make() - Creating AdapterState
04-08 08:35:11.562 10872 10872 I bt_btif : init
04-08 08:35:11.562 10872 10872 D bt_osi_allocation_tracker: canary initialized
04-08 08:35:11.563 10872 10888 I bt_osi_thread: run_thread: thread id 10888, thread name stack_manager started
04-08 08:35:11.563 10872 10887 I BluetoothAdapterState: Entering OffState
04-08 08:35:11.563 10872 10888 I bt_stack_manager: event_init_stack is initializing the stack
04-08 08:35:11.566 10872 10891 I bt_osi_thread: run_thread: thread id 10891, thread name alarm_default_ca started
04-08 08:35:11.567 10872 10892 I bt_osi_thread: run_thread: thread id 10892, thread name alarm_dispatcher started
04-08 08:35:11.570 10872 10888 I bt_btif_core: btif_init_bluetooth entered
04-08 08:35:11.571 10872 10888 I bt_stack_config: init attempt to load stack conf from /etc/bluetooth/bt_stack.conf
04-08 08:39:29.675 10872 10894 I bt_osi_thread: run_thread: thread id 10894, thread name bt_jni_workqueue started
04-08 08:39:29.676 10872 10888 I bt_btif_core: btif_init_bluetooth finished
04-08 08:39:29.676 10872 10894 I bt_btif_core: run_message_loop entered
04-08 08:39:29.676 10872 10888 I bt_stack_manager: event_init_stack finished
04-08 08:39:29.677 10872 10872 I bt_osi_wakelock: wakelock_set_os_callouts set to non-native
04-08 08:39:29.677 10872 10872 I bt_btif : get_profile_interface: id = socket
04-08 08:39:29.680 10872 10894 E bt_btif_storage: btif_storage_get_adapter_property: Controller not ready! Unable to return Bluetooth Address
04-08 08:39:29.680 10872 10894 E BluetoothServiceJni: adapter_properties_callback: Status 1 is incorrect
04-08 08:39:29.683 10872 10894 D BluetoothAdapterProperties: Name is: LeEco Le 2
04-08 08:39:29.684 10872 10872 I bt_btif : get_profile_interface: id = sdp
04-08 08:39:29.688 10872 10872 I BluetoothAdapterService: Phone policy enabled
04-08 08:39:29.691 10872 10872 D BluetoothAdapterService: setAdapterService() - set to: null
04-08 08:39:29.692 10872 10872 D BluetoothAdapterService: onBind()
04-08 08:39:29.704 10872 10872 I BtGatt.JNI: classInitNative(L871): classInitNative: Success!
04-08 08:39:29.712 10872 10885 D BluetoothAdapterService: enable() - Enable called with quiet mode status =  false
04-08 08:39:29.713 10872 10887 D BluetoothAdapterState: Current state: OFF, message: 0
04-08 08:39:29.713 10872 10887 D BluetoothAdapterProperties: Setting state to 14
04-08 08:39:29.713 10872 10887 I BluetoothAdapterState: Bluetooth adapter state changed: 10-> 14
04-08 08:39:29.713 10872 10887 D BluetoothAdapterService: updateAdapterState() - Broadcasting state to 1 receivers.
04-08 08:39:29.714 10872 10887 D BluetoothAdapterService: BleOnProcessStart()
04-08 08:39:29.717 10872 10887 D BluetoothAdapterService: BleOnProcessStart() - Make Bond State Machine
04-08 08:39:29.717 10872 10887 D BluetoothBondStateMachine: make
04-08 08:39:29.721 10872 10887 D BluetoothAdapterService: setProfileServiceState() - Starting service com.android.bluetooth.gatt.GattService
04-08 08:39:29.721 10872 10900 I BluetoothBondStateMachine: StableState(): Entering Off State
04-08 08:39:29.723 10872 10887 I BluetoothAdapterState: Entering PendingCommandState
04-08 08:39:29.723 10872 10872 D BtGatt.DebugUtils: handleDebugAction() action=null
04-08 08:39:29.724 10872 10872 D BluetoothAdapterService: getAdapterService() - returning com.android.bluetooth.btservice.AdapterService@e97793c
04-08 08:39:29.725 10872 10872 D BtGatt.GattService: Received start request. Starting profile...
04-08 08:39:29.725 10872 10872 I bt_btif : get_profile_interface: id = gatt
04-08 08:39:29.726 10872 10872 D BluetoothAdapterService: getAdapterService() - returning com.android.bluetooth.btservice.AdapterService@e97793c
04-08 08:39:29.735 10872 10872 I chatty  : uid=1002(bluetooth) com.android.bluetooth identical 1 line
04-08 08:39:29.736 10872 10872 D BluetoothAdapterService: getAdapterService() - returning com.android.bluetooth.btservice.AdapterService@e97793c
04-08 08:39:29.740 10872 10872 D BluetoothAdapterService: handleMessage() - Message: 1
04-08 08:39:29.740 10872 10872 D BluetoothAdapterService: handleMessage() - MESSAGE_PROFILE_SERVICE_STATE_CHANGED
04-08 08:39:29.740 10872 10872 D BluetoothAdapterService: processProfileServiceStateChanged() - serviceName=com.android.bluetooth.gatt.GattService isTurningOn=false isTurningOff=false isBleTurningOn=true isBleTurningOff=false
04-08 08:39:29.740 10872 10872 D BluetoothAdapterService: GattService is started
04-08 08:39:29.741 10872 10887 V BluetoothAdapterState: PendingCommand - transient state(s): isBleTurningOn
04-08 08:39:29.741 10872 10887 D BluetoothAdapterState: Current state: PENDING_COMMAND, message: 4
04-08 08:39:29.743 10872 10887 I bt_btif : enable: start restricted = 0
04-08 08:39:29.744 10872 10888 I bt_stack_manager: event_start_up_stack is bringing up the stack
04-08 08:39:29.744 10872 10888 I bt_core_module: module_start_up Starting module "btif_config_module"
04-08 08:39:29.744 10872 10888 I bt_core_module: module_start_up Started module "btif_config_module"
04-08 08:39:29.744 10872 10888 I bt_core_module: module_start_up Starting module "btsnoop_module"
04-08 08:39:29.745 10872 10888 I bt_core_module: module_start_up Started module "btsnoop_module"
04-08 08:39:29.745 10872 10888 I bt_core_module: module_start_up Starting module "hci_module"
04-08 08:39:29.745 10872 10888 I bt_hci  : hci_module_start_up
04-08 08:39:29.746 10872 10904 I bt_osi_thread: run_thread: thread id 10904, thread name hci_thread started
04-08 08:39:29.748 10872 10904 I bt_hci  : hci_initialize
04-08 08:39:29.748 10872 10888 D bt_hci  : hci_module_start_up starting async portion
04-08 08:39:29.752 10872 10904 I bt_hci  : hci_initialize: IBluetoothHci::getService() returned 0x7f0263d560 (remote)
04-08 08:39:29.868 10872 10904 I bt_hci  : event_finish_startup
04-08 08:39:29.868 10872 10888 I bt_core_module: module_start_up Started module "hci_module"
04-08 08:39:29.871 10872 10909 I bt_osi_thread: run_thread: thread id 10909, thread name bt_workqueue started
04-08 08:39:29.872 10872 10909 I         : [0408/083929:INFO:btu_task.cc(107)] Bluetooth chip preload is complete
04-08 08:39:29.873 10872 10909 I         : [0408/083929:INFO:gatt_api.cc(1004)] GATT_Register
04-08 08:39:29.874 10872 10909 I         : [0408/083929:INFO:gatt_api.cc(1027)] allocated gatt_if=1
04-08 08:39:29.874 10872 10909 I         : [0408/083929:INFO:gatt_api.cc(207)] GATTS_AddService
04-08 08:39:29.874 10872 10909 I         : [0408/083929:INFO:gatt_api.cc(317)] GATTS_AddService: service parsed correctly, now starting
04-08 08:39:29.874 10872 10909 E         : [0408/083929:ERROR:gatt_attr.cc(301)] gatt_profile_db_init:  gatt_if=1
04-08 08:39:29.875 10872 10909 I         : [0408/083929:INFO:gatt_api.cc(1004)] GATT_Register
04-08 08:39:29.875 10872 10909 I         : [0408/083929:INFO:gatt_api.cc(1027)] allocated gatt_if=2
04-08 08:39:29.875 10872 10909 I         : [0408/083929:INFO:gatt_api.cc(207)] GATTS_AddService
04-08 08:39:29.875 10872 10909 I         : [0408/083929:INFO:gatt_api.cc(317)] GATTS_AddService: service parsed correctly, now starting
04-08 08:39:29.876 10872 10910 I bt_osi_thread: run_thread: thread id 10910, thread name btu message loop started
04-08 08:39:29.879 10872 10911 I bt_osi_thread: run_thread: thread id 10911, thread name module_wrapper started
04-08 08:39:29.880 10872 10911 I bt_core_module: module_start_up Starting module "controller_module"
04-08 08:39:30.106 10872 10911 I bt_core_module: module_start_up Started module "controller_module"
04-08 08:39:30.106 10872 10911 W bt_osi_thread: run_thread: thread id 10911, thread name module_wrapper exited
04-08 08:39:30.108 10872 10909 W bt_btm  : btm_decode_ext_features_page: feature page 1 ignored
04-08 08:39:30.108 10872 10909 W bt_btm  : btm_decode_ext_features_page: feature page 2 ignored
04-08 08:39:30.109 10872 10910 I bt_btm_sec: BTM_SecRegister p_cb_info->p_le_callback == 0x0x7ef4b17d2c
04-08 08:39:30.109 10872 10910 I bt_btm_sec: BTM_SecRegister btm_cb.api.p_le_callback = 0x0x7ef4b17d2c 
04-08 08:39:30.112 10872 10910 I bt_stack: [INFO:gatt_api.cc(1004)] GATT_Register
04-08 08:39:30.112 10872 10910 I bt_stack: [INFO:gatt_api.cc(1027)] allocated gatt_if=3
04-08 08:39:30.164 10872 10910 I bt_stack: [INFO:ble_advertiser_hci_interface.cc(708)] VSC advertising will be in use
04-08 08:39:30.165 10872 10910 I bt_stack: [INFO:ble_advertiser_hci_interface.cc(259)] QuirkAdvertiserZeroHandle in use
04-08 08:39:30.166 10872 10894 D BluetoothAdapterProperties: BT_PROPERTY_LOCAL_LE_FEATURES: update from BT controller mNumOfAdvertisementInstancesSupported = 10 mRpaOffloadSupported = true mNumOfOffloadedIrkSupported = 8 mNumOfOffloadedScanFilterSupported = 16 mOffloadedScanResultStorageBytes= 10240 mIsActivityAndEnergyReporting = true mVersSupported = 96 mTotNumOfTrackableAdv = 32 mIsExtendedScanSupported = true mIsDebugLogSupported = true mIsLe2MPhySupported = false mIsLeCodedPhySupported = false mIsLeExtendedAdvertisingSupported = false mIsLePeriodicAdvertisingSupported = false mLeMaximumAdvertisingDataLength = 31
04-08 08:39:30.173 10872 10894 E bt_btif_storage: btif_storage_get_adapter_property: Controller ready!
04-08 08:39:30.173 10872 10894 I bt_btif_storage: btif_storage_get_adapter_property service_mask:0x20000000
04-08 08:39:30.175 10872 10894 D BluetoothAdapterProperties: Address is:80:1D:00:33:D8:82
04-08 08:39:30.180 10872 10894 D BluetoothAdapterProperties: Name is: LeEco Le 2
04-08 08:39:30.183 10872 10894 D BluetoothAdapterProperties: Scan Mode:20
04-08 08:39:30.183 10872 10894 D BluetoothAdapterProperties: Discoverable Timeout:120
04-08 08:39:30.184 10872 10894 I bt_btif_core: btif_enable_bluetooth_evt entered: status 0
04-08 08:39:30.187 10872 10913 I bt_osi_thread: run_thread: thread id 10913, thread name btif_sock started
04-08 08:39:30.188 10872 10894 D bt_bte_conf: Device ID record 1 : primary
04-08 08:39:30.188 10872 10894 D bt_bte_conf:   vendorId            = 000f
04-08 08:39:30.188 10872 10894 D bt_bte_conf:   vendorIdSource      = 0001
04-08 08:39:30.188 10872 10894 D bt_bte_conf:   product             = 1200
04-08 08:39:30.188 10872 10894 D bt_bte_conf:   version             = 1436
04-08 08:39:30.188 10872 10894 D bt_bte_conf:   clientExecutableURL = 
04-08 08:39:30.188 10872 10894 D bt_bte_conf:   serviceDescription  = 
04-08 08:39:30.188 10872 10894 D bt_bte_conf:   documentationURL    = 
04-08 08:39:30.188 10872 10894 D bt_bte_conf: bte_load_did_conf no section named DID2.
04-08 08:39:30.189 10872 10894 I bt_btif_core: btif_enable_bluetooth_evt finished
04-08 08:39:30.189 10872 10888 I bt_stack_manager: event_start_up_stack finished
04-08 08:39:30.190 10872 10887 V BluetoothAdapterState: PendingCommand - transient state(s): isBleTurningOn
04-08 08:39:30.190 10872 10887 D BluetoothAdapterState: Current state: PENDING_COMMAND, message: 3
04-08 08:39:30.190 10872 10887 D BluetoothAdapterProperties: Setting state to 15
04-08 08:39:30.190 10872 10887 I BluetoothAdapterState: Bluetooth adapter state changed: 14-> 15
04-08 08:39:30.191 10872 10887 D BluetoothAdapterService: updateAdapterState() - Broadcasting state to 1 receivers.
04-08 08:39:30.192 10872 10887 I BluetoothAdapterState: Entering BleOnState
04-08 08:39:30.194 10872 10887 D BluetoothAdapterState: Current state: BLE ON, message: 1
04-08 08:39:30.195 10872 10887 D BluetoothAdapterProperties: Setting state to 11
04-08 08:39:30.195 10872 10887 I BluetoothAdapterState: Bluetooth adapter state changed: 15-> 11
04-08 08:39:30.195 10872 10887 D BluetoothAdapterService: updateAdapterState() - Broadcasting state to 1 receivers.
04-08 08:39:30.196 10872 10887 D BluetoothAdapterService: startCoreServices()
04-08 08:39:30.196 10872 10887 D BluetoothAdapterService: setProfileServiceState() - Starting service com.android.bluetooth.hfp.HeadsetService
04-08 08:39:30.202 10872 10887 D BluetoothAdapterService: setProfileServiceState() - Starting service com.android.bluetooth.a2dp.A2dpService
04-08 08:39:30.203 10872 10872 D BluetoothAdapterService: getAdapterService() - returning com.android.bluetooth.btservice.AdapterService@e97793c
04-08 08:39:30.204 10872 10872 D HeadsetService: Received start request. Starting profile...
04-08 08:39:30.205 10872 10887 D BluetoothAdapterService: setProfileServiceState() - Starting service com.android.bluetooth.hid.HidService
04-08 08:39:30.206 10872 10872 I BluetoothHeadsetServiceJni: classInitNative: succeeds
04-08 08:39:30.207 10872 10872 D HeadsetStateMachine: make
04-08 08:39:30.213 10872 10887 D BluetoothAdapterService: setProfileServiceState() - Starting service com.android.bluetooth.hdp.HealthService
04-08 08:39:30.218 10872 10887 D BluetoothAdapterService: setProfileServiceState() - Starting service com.android.bluetooth.pan.PanService
04-08 08:39:30.223 10872 10887 D BluetoothAdapterService: setProfileServiceState() - Starting service com.android.bluetooth.map.BluetoothMapService
04-08 08:39:30.226 10872 10887 D BluetoothAdapterService: setProfileServiceState() - Starting service com.android.bluetooth.hfpclient.HeadsetClientService
04-08 08:39:30.229 10872 10887 D BluetoothAdapterService: setProfileServiceState() - Starting service com.android.bluetooth.avrcpcontroller.AvrcpControllerService
04-08 08:39:30.233 10872 10887 D BluetoothAdapterService: setProfileServiceState() - Starting service com.android.bluetooth.sap.SapService
04-08 08:39:30.236 10872 10887 D BluetoothAdapterService: setProfileServiceState() - Starting service com.android.bluetooth.opp.BluetoothOppService
04-08 08:39:30.237 10872 10872 D HeadsetStateMachine: max_hf_connections = 1
04-08 08:39:30.237 10872 10872 D HeadsetStateMachine: in-band_ringing_support = true
04-08 08:39:30.237 10872 10872 I bt_btif : get_profile_interface: id = handsfree
04-08 08:39:30.238 10872 10894 I bt_btif_storage: btif_storage_get_adapter_property service_mask:0x20000040
04-08 08:39:30.238 10872 10910 I bt_stack: [INFO:port_api.cc(123)] RFCOMM_CreateConnection BDA: ff:ff:ff:ff:ff:ff
04-08 08:39:30.238 10872 10894 E bt_btif : btif_hf_upstreams_evt: Invalid index 8749
04-08 08:39:30.238 10872 10910 I bt_stack: [INFO:port_api.cc(123)] RFCOMM_CreateConnection BDA: ff:ff:ff:ff:ff:ff
04-08 08:39:30.241 10872 10887 D BluetoothAdapterService: setProfileServiceState() - Starting service com.android.bluetooth.pbap.BluetoothPbapService
04-08 08:39:30.242 10872 10872 D BluetoothAdapterService: getAdapterService() - returning com.android.bluetooth.btservice.AdapterService@e97793c
04-08 08:39:30.243 10872 10872 D BluetoothAdapterService: getAdapterService() - returning com.android.bluetooth.btservice.AdapterService@e97793c
04-08 08:39:30.244 10872 10872 D A2dpService: Received start request. Starting profile...
04-08 08:39:30.245 10872 10872 I BluetoothAvrcpServiceJni: classInitNative: succeeds
04-08 08:39:30.245 10872 10872 V Avrcp   : make
04-08 08:39:30.245 10872 10887 I BluetoothAdapterState: Entering PendingCommandState
04-08 08:39:30.247 10872 10872 I bt_btif : get_profile_interface: id = avrcp
04-08 08:39:30.260 10872 10872 V Avrcp   : initMediaPlayerInfoList: 0 controllers
04-08 08:39:30.263 10872 10872 V Avrcp   : updatePlaybackState (1): -1➡0(PlaybackState {state=0, position=-1, buffered position=0, speed=0.0, updated=51372148, actions=0, custom actions=[], active item id=-1, error=null})
04-08 08:39:30.263 10872 10872 I Avrcp   : Skipping update due to invalid playback state
04-08 08:39:30.263 10872 10872 E Avrcp   : play status change -1➡0 mPlayStatusChangedNT: 1
04-08 08:39:30.263 10872 10872 E bt_btif : register_notification_rsp: Avrcp device is not connected, handle: 0x0
04-08 08:39:30.264 10872 10872 D Avrcp   : sendPlayPosNotificationRsp: Not registered or requesting.
04-08 08:39:30.265 10872 10872 D Avrcp   : User already unlocked, initializing player lists
04-08 08:39:30.267 10872 10872 V Avrcp   : updatePlaybackState (1): 0➡0(PlaybackState {state=0, position=-1, buffered position=0, speed=0.0, updated=51372153, actions=0, custom actions=[], active item id=-1, error=null})
04-08 08:39:30.267 10872 10872 I Avrcp   : Skipping update due to invalid playback state
04-08 08:39:30.267 10872 10872 E Avrcp   : play status change 0➡0 mPlayStatusChangedNT: 1
04-08 08:39:30.268 10872 10872 D Avrcp   : sendPlayPosNotificationRsp: Not registered or requesting.
04-08 08:39:30.270 10872 10872 I BluetoothA2dpServiceJni: classInitNative: succeeds
04-08 08:39:30.270 10872 10872 D A2dpStateMachine: make
04-08 08:39:30.272 10872 10872 I bt_btif : get_profile_interface: id = a2dp
04-08 08:39:30.272 10872 10917 I bt_osi_thread: run_thread: thread id 10917, thread name btif_a2dp_source started
04-08 08:39:30.273 10872 10872 D a2dp_codec: init
04-08 08:39:30.273 10872 10872 D a2dp_codec: createCodec: codec SBC
04-08 08:39:30.273 10872 10872 I a2dp_codec: init: updated SBC codec priority to 1001
04-08 08:39:30.273 10872 10872 D a2dp_codec: createCodec: codec AAC
04-08 08:39:30.273 10872 10872 I a2dp_codec: init: updated AAC codec priority to 2001
04-08 08:39:30.273 10872 10894 I bt_btif_storage: btif_storage_get_adapter_property service_mask:0x20000048
04-08 08:39:30.273 10872 10910 I bt_bta_av: AVRCP version used for sdp: "avrcp14"
04-08 08:39:30.274 10872 10872 D a2dp_codec: createCodec: codec aptX
04-08 08:39:30.274 10872 10894 E bt_btif : btif_sm_dispatch : Invalid handle
04-08 08:39:30.274 10872 10894 E bt_btif : btif_sm_dispatch : Invalid handle
04-08 08:39:30.274 10872 10872 E a2dp_vendor_aptx_encoder: A2DP_VendorLoadEncoderAptx: cannot open aptX encoder library libaptX_encoder.so: dlopen failed: library "libaptX_encoder.so" not found
04-08 08:39:30.275 10872 10872 E a2dp_vendor_aptx: init: cannot load the encoder
04-08 08:39:30.275 10872 10872 D a2dp_codec: createCodec: codec aptX-HD
04-08 08:39:30.275 10872 10872 E a2dp_vendor_aptx_hd_encoder: A2DP_VendorLoadEncoderAptxHd: cannot open aptX-HD encoder library libaptXHD_encoder.so: dlopen failed: library "libaptXHD_encoder.so" not found
04-08 08:39:30.275 10872 10872 E a2dp_vendor_aptx_hd: init: cannot load the encoder
04-08 08:39:30.275 10872 10872 D a2dp_codec: createCodec: codec LDAC
04-08 08:39:30.279 10872 10872 I a2dp_codec: init: updated LDAC codec priority to 5001
04-08 08:39:30.279 10872 10872 D a2dp_codec: createCodec: codec SBC SINK
04-08 08:39:30.279 10872 10872 I a2dp_codec: init: initialized Source codec LDAC
04-08 08:39:30.279 10872 10872 I a2dp_codec: init: initialized Source codec AAC
04-08 08:39:30.279 10872 10872 I a2dp_codec: init: initialized Source codec SBC
04-08 08:39:30.279 10872 10872 I a2dp_codec: init: initialized Sink codec SBC(Sink)
04-08 08:39:30.279 10872 10872 W bt_btif : ## ON A2DP IDLE ## peer_sep = 0
04-08 08:39:30.279 10872 10894 I BluetoothA2dpServiceJni: bta2dp_audio_config_callback
04-08 08:39:30.281 10872 10916 D A2dpStateMachine: Enter Disconnected: -2
04-08 08:39:30.281 10872 10894 D A2dpStateMachine: A2DP Codec Config: null->{codecName:SBC,mCodecType:0,mCodecPriority:0,mSampleRate:0x0(NONE),mBitsPerSample:0x0(NONE),mChannelMode:0x0(NONE),mCodecSpecific1:0,mCodecSpecific2:0,mCodecSpecific3:0,mCodecSpecific4:0}
04-08 08:39:30.281 10872 10894 D A2dpStateMachine: A2DP Codec Local Capability: {codecName:LDAC,mCodecType:4,mCodecPriority:5001,mSampleRate:0xf(44100|48000|88200|96000),mBitsPerSample:0x7(16|24|32),mChannelMode:0x2(STEREO),mCodecSpecific1:0,mCodecSpecific2:0,mCodecSpecific3:0,mCodecSpecific4:0}
04-08 08:39:30.282 10872 10894 D A2dpStateMachine: A2DP Codec Local Capability: {codecName:AAC,mCodecType:1,mCodecPriority:2001,mSampleRate:0x1(44100),mBitsPerSample:0x1(16),mChannelMode:0x2(STEREO),mCodecSpecific1:0,mCodecSpecific2:0,mCodecSpecific3:0,mCodecSpecific4:0}
04-08 08:39:30.282 10872 10894 D A2dpStateMachine: A2DP Codec Local Capability: {codecName:SBC,mCodecType:0,mCodecPriority:1001,mSampleRate:0x1(44100),mBitsPerSample:0x1(16),mChannelMode:0x3(MONO|STEREO),mCodecSpecific1:0,mCodecSpecific2:0,mCodecSpecific3:0,mCodecSpecific4:0}
04-08 08:39:30.283 10872 10872 D BluetoothAdapterService: getAdapterService() - returning com.android.bluetooth.btservice.AdapterService@e97793c
04-08 08:39:30.283 10872 10872 I BluetoothHidServiceJni: classInitNative: succeeds
04-08 08:39:30.285 10872 10872 D BluetoothAdapterService: getAdapterService() - returning com.android.bluetooth.btservice.AdapterService@e97793c
04-08 08:39:30.287 10872 10872 D HidService: Received start request. Starting profile...
04-08 08:39:30.287 10872 10872 I bt_btif : get_profile_interface: id = hidhost
04-08 08:39:30.287 10872 10872 D HidService: setHidService(): set to: null
04-08 08:39:30.287 10872 10872 D BluetoothAdapterService: getAdapterService() - returning com.android.bluetooth.btservice.AdapterService@e97793c
04-08 08:39:30.288 10872 10872 I BluetoothHealthServiceJni: classInitNative: succeeds
04-08 08:39:30.288 10872 10894 I bt_bta_hh: BTA_HhEnable sec_mask:0x36 p_cback:0x7ef4b7d448
04-08 08:39:30.289 10872 10910 I bt_stack: [INFO:gatt_api.cc(1004)] GATT_Register
04-08 08:39:30.289 10872 10910 I bt_stack: [INFO:gatt_api.cc(1027)] allocated gatt_if=4
04-08 08:39:30.289 10872 10894 I bt_btif_storage: btif_storage_get_adapter_property service_mask:0x20100048
04-08 08:39:30.290 10872 10872 D BluetoothAdapterService: getAdapterService() - returning com.android.bluetooth.btservice.AdapterService@e97793c
04-08 08:39:30.290 10872 10872 D HealthService: Received start request. Starting profile...
04-08 08:39:30.292 10872 10872 I bt_btif : get_profile_interface: id = health
04-08 08:39:30.292 10872 10872 D BluetoothAdapterService: getAdapterService() - returning com.android.bluetooth.btservice.AdapterService@e97793c
04-08 08:39:30.293 10872 10872 I BluetoothPanServiceJni: classInitNative(L111): succeeds
04-08 08:39:30.295 10872 10872 D BluetoothAdapterService: getAdapterService() - returning com.android.bluetooth.btservice.AdapterService@e97793c
04-08 08:39:30.295 10872 10872 D PanService: Received start request. Starting profile...
04-08 08:39:30.296 10872 10872 D BluetoothPanServiceJni: initializeNative(L116): pan
04-08 08:39:30.296 10872 10872 I bt_btif : get_profile_interface: id = pan
04-08 08:39:30.296 10872 10894 D BluetoothPanServiceJni: control_state_callback(L63): state:0, local_role:3, ifname:bt-pan
04-08 08:39:30.296 10872 10872 D BluetoothAdapterService: getAdapterService() - returning com.android.bluetooth.btservice.AdapterService@e97793c
04-08 08:39:30.299 10872 10872 D BluetoothAdapterService: getAdapterService() - returning com.android.bluetooth.btservice.AdapterService@e97793c
04-08 08:39:30.300 10872 10872 D BluetoothMapService: Received start request. Starting profile...
04-08 08:39:30.301 10872 10872 D BluetoothMapService: start()
04-08 08:39:30.306 10872 10872 D BluetoothMapAccountLoader: Found 0 application(s) with intent android.bluetooth.action.BLUETOOTH_MAP_PROVIDER
04-08 08:39:30.308 10872 10872 D BluetoothMapAccountLoader: Found 0 application(s) with intent android.bluetooth.action.BLUETOOTH_MAP_IM_PROVIDER
04-08 08:39:30.308 10872 10872 D BluetoothMapAppObserver: createReceiver()
04-08 08:39:30.311 10872 10872 D BluetoothMapAppObserver: initObservers()
04-08 08:39:30.311 10872 10872 D BluetoothMapAppObserver: getEnabledAccountItems()
04-08 08:39:30.312 10872 10872 D BluetoothAdapterService: getAdapterService() - returning com.android.bluetooth.btservice.AdapterService@e97793c
04-08 08:39:30.313 10872 10872 I BluetoothHeadsetClientServiceJni: classInitNative succeeds
04-08 08:39:30.314 10872 10872 D BluetoothAdapterService: getAdapterService() - returning com.android.bluetooth.btservice.AdapterService@e97793c
04-08 08:39:30.315 10872 10872 D HeadsetClientService: Received start request. Starting profile...
04-08 08:39:30.316 10872 10872 D BluetoothHeadsetClientServiceJni: initializeNative: HfpClient
04-08 08:39:30.316 10872 10872 I bt_btif : get_profile_interface: id = handsfree_client
04-08 08:39:30.316 10872 10894 I bt_stack: [INFO:port_api.cc(123)] RFCOMM_CreateConnection BDA: ff:ff:ff:ff:ff:ff
04-08 08:39:30.317 10872 10894 I bt_btif_storage: btif_storage_get_adapter_property service_mask:0x21100048
04-08 08:39:30.322 10872 10872 D BluetoothHeadsetClientServiceJni: initializeNative: HfpClient
04-08 08:39:30.322 10872 10872 W BluetoothHeadsetClientServiceJni: Cleaning up Bluetooth HFP Client Interface before initializing
04-08 08:39:30.323 10872 10872 W BluetoothHeadsetClientServiceJni: Cleaning up Bluetooth HFP Client callback object
04-08 08:39:30.323 10872 10894 I bt_btif_queue: queue_int_cleanup: UUID=111E
04-08 08:39:30.323 10872 10872 I bt_btif : get_profile_interface: id = handsfree_client
04-08 08:39:30.323 10872 10872 D BluetoothAdapterService: getAdapterService() - returning com.android.bluetooth.btservice.AdapterService@e97793c
04-08 08:39:30.324 10872 10894 I bt_btif_storage: btif_storage_get_adapter_property service_mask:0x21100048
04-08 08:39:30.326 10872 10894 I bt_stack: [INFO:port_api.cc(123)] RFCOMM_CreateConnection BDA: ff:ff:ff:ff:ff:ff
04-08 08:39:30.327 10872 10894 I bt_btif_storage: btif_storage_get_adapter_property service_mask:0x21100048
04-08 08:39:30.331 10872 10872 I BluetoothAvrcpControllerJni: classInitNative: succeeds
04-08 08:39:30.332 10872 10872 I bt_btif : get_profile_interface: id = avrcp_ctrl
04-08 08:39:30.333 10872 10872 D BluetoothAdapterService: getAdapterService() - returning com.android.bluetooth.btservice.AdapterService@e97793c
04-08 08:39:30.334 10872 10872 D AvrcpControllerService: Received start request. Starting profile...
04-08 08:39:30.341 10872 10872 D AvrcpControllerService: setAvrcpControllerService(): set to: null
04-08 08:39:30.341 10872 10872 D BluetoothAdapterService: getAdapterService() - returning com.android.bluetooth.btservice.AdapterService@e97793c
04-08 08:39:30.344 10872 10872 V SapService: SapBinder()
04-08 08:39:30.344 10872 10872 D BluetoothAdapterService: getAdapterService() - returning com.android.bluetooth.btservice.AdapterService@e97793c
04-08 08:39:30.345 10872 10872 D SapService: Received start request. Starting profile...
04-08 08:39:30.346 10872 10872 V SapService: start()
04-08 08:39:30.348 10872 10872 D BluetoothAdapterService: getAdapterService() - returning com.android.bluetooth.btservice.AdapterService@e97793c
04-08 08:39:30.363 10872 10872 D BluetoothAdapterService: getAdapterService() - returning com.android.bluetooth.btservice.AdapterService@e97793c
04-08 08:39:30.363 10872 10872 D BluetoothOppService: Received start request. Starting profile...
04-08 08:39:30.364 10872 10872 D BluetoothAdapterService: getAdapterService() - returning com.android.bluetooth.btservice.AdapterService@e97793c
04-08 08:39:30.365 10872 10872 D BluetoothAdapterService: handleMessage() - Message: 1
04-08 08:39:30.366 10872 10872 D BluetoothAdapterService: handleMessage() - MESSAGE_PROFILE_SERVICE_STATE_CHANGED
04-08 08:39:30.366 10872 10872 D BluetoothAdapterService: processProfileServiceStateChanged() - serviceName=com.android.bluetooth.hfp.HeadsetService isTurningOn=true isTurningOff=false isBleTurningOn=false isBleTurningOff=false
04-08 08:39:30.367 10872 10914 D HeadsetPhoneState: sendDeviceStateChanged. mService=0 mIsSimStateLoaded=false mSignal=0 mRoam=0 mBatteryCharge=2
04-08 08:39:30.367 10872 10872 D BluetoothAdapterService: onProfileServiceStateChange() - Profile still not running:com.android.bluetooth.a2dp.A2dpService
04-08 08:39:30.369 10872 10872 V BluetoothPbapService: PbapBinder()
04-08 08:39:30.370 10872 10872 D BluetoothAdapterService: getAdapterService() - returning com.android.bluetooth.btservice.AdapterService@e97793c
04-08 08:39:30.371 10872 10872 D BluetoothPbapService: Received start request. Starting profile...
04-08 08:39:30.372 10872 10872 V BluetoothPbapService: start()
04-08 08:39:30.375 10872 10872 D BluetoothPbapService: Registering observer
04-08 08:39:30.383 10872 10872 D BluetoothAdapterService: getAdapterService() - returning com.android.bluetooth.btservice.AdapterService@e97793c
04-08 08:39:30.383 10872 10872 D BluetoothAdapterService: handleMessage() - Message: 1
04-08 08:39:30.383 10872 10872 D BluetoothAdapterService: handleMessage() - MESSAGE_PROFILE_SERVICE_STATE_CHANGED
04-08 08:39:30.384 10872 10872 D BluetoothAdapterService: processProfileServiceStateChanged() - serviceName=com.android.bluetooth.a2dp.A2dpService isTurningOn=true isTurningOff=false isBleTurningOn=false isBleTurningOff=false
04-08 08:39:30.384 10872 10872 D BluetoothAdapterService: onProfileServiceStateChange() - Profile still not running:com.android.bluetooth.map.BluetoothMapService
04-08 08:39:30.384 10872 10872 D BluetoothAdapterService: handleMessage() - Message: 1
04-08 08:39:30.384 10872 10872 D BluetoothAdapterService: handleMessage() - MESSAGE_PROFILE_SERVICE_STATE_CHANGED
04-08 08:39:30.384 10872 10872 D BluetoothAdapterService: processProfileServiceStateChanged() - serviceName=com.android.bluetooth.hid.HidService isTurningOn=true isTurningOff=false isBleTurningOn=false isBleTurningOff=false
04-08 08:39:30.385 10872 10872 D BluetoothAdapterService: onProfileServiceStateChange() - Profile still not running:com.android.bluetooth.map.BluetoothMapService
04-08 08:39:30.385 10872 10872 D BluetoothAdapterService: handleMessage() - Message: 1
04-08 08:39:30.385 10872 10872 D BluetoothAdapterService: handleMessage() - MESSAGE_PROFILE_SERVICE_STATE_CHANGED
04-08 08:39:30.385 10872 10872 D BluetoothAdapterService: processProfileServiceStateChanged() - serviceName=com.android.bluetooth.hdp.HealthService isTurningOn=true isTurningOff=false isBleTurningOn=false isBleTurningOff=false
04-08 08:39:30.385 10872 10872 D BluetoothAdapterService: onProfileServiceStateChange() - Profile still not running:com.android.bluetooth.map.BluetoothMapService
04-08 08:39:30.385 10872 10872 D BluetoothAdapterService: handleMessage() - Message: 1
04-08 08:39:30.385 10872 10872 D BluetoothAdapterService: handleMessage() - MESSAGE_PROFILE_SERVICE_STATE_CHANGED
04-08 08:39:30.385 10872 10872 D BluetoothAdapterService: processProfileServiceStateChanged() - serviceName=com.android.bluetooth.pan.PanService isTurningOn=true isTurningOff=false isBleTurningOn=false isBleTurningOff=false
04-08 08:39:30.386 10872 10872 D BluetoothAdapterService: onProfileServiceStateChange() - Profile still not running:com.android.bluetooth.map.BluetoothMapService
04-08 08:39:30.386 10872 10872 D BluetoothAdapterService: handleMessage() - Message: 1
04-08 08:39:30.386 10872 10872 D BluetoothAdapterService: handleMessage() - MESSAGE_PROFILE_SERVICE_STATE_CHANGED
04-08 08:39:30.386 10872 10872 D BluetoothAdapterService: processProfileServiceStateChanged() - serviceName=com.android.bluetooth.map.BluetoothMapService isTurningOn=true isTurningOff=false isBleTurningOn=false isBleTurningOff=false
04-08 08:39:30.386 10872 10872 D BluetoothAdapterService: onProfileServiceStateChange() - Profile still not running:com.android.bluetooth.avrcpcontroller.AvrcpControllerService
04-08 08:39:30.387 10872 10872 D BluetoothAdapterService: handleMessage() - Message: 1
04-08 08:39:30.387 10872 10872 D BluetoothAdapterService: handleMessage() - MESSAGE_PROFILE_SERVICE_STATE_CHANGED
04-08 08:39:30.387 10872 10872 D BluetoothAdapterService: processProfileServiceStateChanged() - serviceName=com.android.bluetooth.hfpclient.HeadsetClientService isTurningOn=true isTurningOff=false isBleTurningOn=false isBleTurningOff=false
04-08 08:39:30.387 10872 10872 D BluetoothAdapterService: onProfileServiceStateChange() - Profile still not running:com.android.bluetooth.avrcpcontroller.AvrcpControllerService
04-08 08:39:30.387 10872 10872 D BluetoothAdapterService: handleMessage() - Message: 1
04-08 08:39:30.387 10872 10872 D BluetoothAdapterService: handleMessage() - MESSAGE_PROFILE_SERVICE_STATE_CHANGED
04-08 08:39:30.388 10872 10872 D BluetoothAdapterService: processProfileServiceStateChanged() - serviceName=com.android.bluetooth.avrcpcontroller.AvrcpControllerService isTurningOn=true isTurningOff=false isBleTurningOn=false isBleTurningOff=false
04-08 08:39:30.388 10872 10872 D BluetoothAdapterService: onProfileServiceStateChange() - Profile still not running:com.android.bluetooth.sap.SapService
04-08 08:39:30.389 10872 10872 D BluetoothAdapterService: handleMessage() - Message: 1
04-08 08:39:30.389 10872 10872 D BluetoothAdapterService: handleMessage() - MESSAGE_PROFILE_SERVICE_STATE_CHANGED
04-08 08:39:30.389 10872 10872 D BluetoothAdapterService: processProfileServiceStateChanged() - serviceName=com.android.bluetooth.sap.SapService isTurningOn=true isTurningOff=false isBleTurningOn=false isBleTurningOff=false
04-08 08:39:30.390 10872 10872 D BluetoothAdapterService: onProfileServiceStateChange() - Profile still not running:com.android.bluetooth.pbap.BluetoothPbapService
04-08 08:39:30.391 10872 10872 D BluetoothAdapterService: handleMessage() - Message: 1
04-08 08:39:30.391 10872 10872 D BluetoothAdapterService: handleMessage() - MESSAGE_PROFILE_SERVICE_STATE_CHANGED
04-08 08:39:30.391 10872 10872 D BluetoothAdapterService: processProfileServiceStateChanged() - serviceName=com.android.bluetooth.opp.BluetoothOppService isTurningOn=true isTurningOff=false isBleTurningOn=false isBleTurningOff=false
04-08 08:39:30.391 10872 10872 D BluetoothAdapterService: onProfileServiceStateChange() - Profile still not running:com.android.bluetooth.pbap.BluetoothPbapService
04-08 08:39:30.395 10872 10872 D BluetoothAdapterService: handleMessage() - Message: 1
04-08 08:39:30.396 10872 10872 D BluetoothAdapterService: handleMessage() - MESSAGE_PROFILE_SERVICE_STATE_CHANGED
04-08 08:39:30.396 10872 10872 D BluetoothAdapterService: processProfileServiceStateChanged() - serviceName=com.android.bluetooth.pbap.BluetoothPbapService isTurningOn=true isTurningOff=false isBleTurningOn=false isBleTurningOff=false
04-08 08:39:30.397 10872 10872 D BluetoothAdapterService: onProfileServiceStateChange() - All profile services started.
04-08 08:39:30.397 10872 10887 V BluetoothAdapterState: PendingCommand - transient state(s): isTurningOn
04-08 08:39:30.397 10872 10887 D BluetoothAdapterState: Current state: PENDING_COMMAND, message: 2
04-08 08:39:30.397 10872 10887 D BluetoothAdapterProperties: onBluetoothReady, state=11, ScanMode=20
04-08 08:39:30.399 10872 10887 D BluetoothAdapterProperties: Setting state to 12
04-08 08:39:30.399 10872 10887 I BluetoothAdapterState: Bluetooth adapter state changed: 11-> 12
04-08 08:39:30.399 10872 10887 D BluetoothAdapterService: updateAdapterState() - Broadcasting state to 1 receivers.
04-08 08:39:30.401 10872 10887 I BluetoothAdapterState: Entering OnState
04-08 08:39:30.401 10872 10887 D BluetoothAdapterService: updateUuids() - Updating UUIDs for bonded devices
04-08 08:39:30.403 10872 10894 D BluetoothAdapterProperties: Scan Mode:21
04-08 08:39:30.414 10872 10894 D BluetoothAdapterProperties: Discoverable Timeout:120
04-08 08:39:30.445 10872 10872 D BluetoothMapService: onReceive
04-08 08:39:30.445 10872 10872 D BluetoothMapService: onReceive: android.bluetooth.adapter.action.STATE_CHANGED
04-08 08:39:30.445 10872 10872 D BluetoothMapService: STATE_ON
04-08 08:39:30.448 10872 10872 D BluetoothPbapService: action: android.bluetooth.adapter.action.STATE_CHANGED
04-08 08:39:30.448 10872 10872 D BluetoothPbapService: state: 12
04-08 08:39:30.451 10872 10872 D BluetoothAdapterService: isQuetModeEnabled() - Enabled = false
04-08 08:39:30.451 10872 10872 D BluetoothPhonePolicy: autoConnect() - Initiate auto connection on BT on...
04-08 08:39:30.454 10872 10872 D BtOppService: start Socket Listeners
04-08 08:39:30.454 10872 10872 D BtOppService: stopListeners   mServerSocket :null
04-08 08:39:30.454 10872 10872 D ObexServerSockets: create(rfcomm = -2, l2capPsm = -2)
04-08 08:39:30.457 10872 10936 W BluetoothAdapter: getBluetoothService() called with no BluetoothManagerCallback
04-08 08:39:30.457 10872 10872 W BluetoothAdapter: getBluetoothService() called with no BluetoothManagerCallback
04-08 08:39:30.459 10872 10910 I bt_stack: [INFO:port_api.cc(123)] RFCOMM_CreateConnection BDA: ff:ff:ff:ff:ff:ff
04-08 08:39:30.459 10872 10936 D BluetoothSdpJni: sdpCreateSapsRecordNative
04-08 08:39:30.460 10872 10936 D BluetoothSdpJni: SDP Create record success - handle: 0
04-08 08:39:30.460 10872 10910 I bt_stack: [INFO:port_api.cc(123)] RFCOMM_CreateConnection BDA: ff:ff:ff:ff:ff:ff
04-08 08:39:30.461 10872 10872 W BluetoothAdapter: getBluetoothService() called with no BluetoothManagerCallback
04-08 08:39:30.463 10872 10872 D ObexServerSockets: Succeed to create listening sockets 
04-08 08:39:30.463 10872 10872 D ObexServerSockets0: startAccept()
04-08 08:39:30.463 10872 10872 D ObexServerSockets0: prepareForNewConnect()
04-08 08:39:30.465 10872 10921 D BluetoothMapMasInstance0: Map Service startRfcommSocketListener
04-08 08:39:30.465 10872 10921 D ObexServerSockets: create(rfcomm = -2, l2capPsm = -2)
04-08 08:39:30.466 10872 10921 W BluetoothAdapter: getBluetoothService() called with no BluetoothManagerCallback
04-08 08:39:30.468 10872 10910 I bt_stack: [INFO:port_api.cc(123)] RFCOMM_CreateConnection BDA: ff:ff:ff:ff:ff:ff
04-08 08:39:30.468 10872 10943 D ObexServerSockets0: Accepting socket connection...
04-08 08:39:30.469 10872 10921 W BluetoothAdapter: getBluetoothService() called with no BluetoothManagerCallback
04-08 08:39:30.469 10872 10872 D BluetoothSdpJni: sdpCreateOppOpsRecordNative
04-08 08:39:30.469 10872 10944 D ObexServerSockets0: Accepting socket connection...
04-08 08:39:30.469 10872 10872 D BluetoothSdpJni: SDP Create record success - handle: 1
04-08 08:39:30.469 10872 10872 D BtOppService: mOppSdpHandle :1
04-08 08:39:30.470 10872 10872 D BluetoothPbapService: startsocketListener
04-08 08:39:30.470 10872 10872 D ObexServerSockets: create(rfcomm = -2, l2capPsm = -2)
04-08 08:39:30.476 10872 10921 D ObexServerSockets: Succeed to create listening sockets 
04-08 08:39:30.476 10872 10921 D ObexServerSockets1: startAccept()
04-08 08:39:30.476 10872 10921 D ObexServerSockets1: prepareForNewConnect()
04-08 08:39:30.477 10872 10921 D BluetoothSdpJni: sdpCreateMapMasRecordNative
04-08 08:39:30.477 10872 10921 D BluetoothSdpJni: SDP Create record success - handle: 2
04-08 08:39:30.477 10872 10947 D ObexServerSockets1: Accepting socket connection...
04-08 08:39:30.478 10872 10872 W BluetoothAdapter: getBluetoothService() called with no BluetoothManagerCallback
04-08 08:39:30.478 10872 10948 D ObexServerSockets1: Accepting socket connection...
04-08 08:39:30.480 10872 10910 I bt_stack: [INFO:port_api.cc(123)] RFCOMM_CreateConnection BDA: ff:ff:ff:ff:ff:ff
04-08 08:39:30.480 10872 10872 W BluetoothAdapter: getBluetoothService() called with no BluetoothManagerCallback
04-08 08:39:30.482 10872 10872 D ObexServerSockets: Succeed to create listening sockets 
04-08 08:39:30.482 10872 10872 D ObexServerSockets2: startAccept()
04-08 08:39:30.482 10872 10872 D ObexServerSockets2: prepareForNewConnect()
04-08 08:39:30.483 10872 10949 D ObexServerSockets2: Accepting socket connection...
04-08 08:39:30.484 10872 10872 D BluetoothSdpJni: sdpCreatePbapPseRecordNative
04-08 08:39:30.484 10872 10872 D BluetoothSdpJni: SDP Create record success - handle: 3
04-08 08:39:30.485 10872 10950 D ObexServerSockets2: Accepting socket connection...
04-08 08:39:30.486 10872 10872 D BluetoothPbapService: PBAP server with handle:3
04-08 08:39:33.136 10872 10894 D BluetoothAdapterProperties: Discoverable Timeout:120
04-08 08:39:33.148 10872 10894 D BluetoothAdapterProperties: Scan Mode:23
