--------- beginning of main
04-11 18:40:22.891 22895 22895 D BluetoothOppFileProvider: Initialized
04-11 18:40:22.916 22895 22895 D AdapterServiceConfig: Adding HeadsetService
04-11 18:40:22.918 22895 22895 D AdapterServiceConfig: Adding A2dpService
04-11 18:40:22.918 22895 22895 D AdapterServiceConfig: Adding HidService
04-11 18:40:22.918 22895 22895 D AdapterServiceConfig: Adding HealthService
04-11 18:40:22.919 22895 22895 D AdapterServiceConfig: Adding PanService
04-11 18:40:22.919 22895 22895 D AdapterServiceConfig: Adding GattService
04-11 18:40:22.919 22895 22895 D AdapterServiceConfig: Adding BluetoothMapService
04-11 18:40:22.919 22895 22895 D AdapterServiceConfig: Adding HeadsetClientService
04-11 18:40:22.919 22895 22895 D AdapterServiceConfig: Adding AvrcpControllerService
04-11 18:40:22.919 22895 22895 D AdapterServiceConfig: Adding SapService
04-11 18:40:22.920 22895 22895 W AdapterServiceConfig: Could not find profile bit mask
04-11 18:40:22.920 22895 22895 D AdapterServiceConfig: Adding BluetoothOppService
04-11 18:40:22.920 22895 22895 W AdapterServiceConfig: Could not find profile bit mask
04-11 18:40:22.920 22895 22895 D AdapterServiceConfig: Adding BluetoothPbapService
04-11 18:40:22.948 22895 22895 D BluetoothAdapterService: onCreate()
04-11 18:40:22.955 22895 22895 D BluetoothAdapterState: make() - Creating AdapterState
04-11 18:40:22.958 22895 22895 I bt_btif : init
04-11 18:40:22.958 22895 22910 I BluetoothAdapterState: Entering OffState
04-11 18:40:22.959 22895 22895 D bt_osi_allocation_tracker: canary initialized
04-11 18:40:22.959 22895 22911 I bt_osi_thread: run_thread: thread id 22911, thread name stack_manager started
04-11 18:40:22.960 22895 22911 I bt_stack_manager: event_init_stack is initializing the stack
04-11 18:40:22.962 22895 22914 I bt_osi_thread: run_thread: thread id 22914, thread name alarm_default_ca started
04-11 18:40:22.963 22895 22915 I bt_osi_thread: run_thread: thread id 22915, thread name alarm_dispatcher started
04-11 18:40:22.967 22895 22911 I bt_btif_core: btif_init_bluetooth entered
04-11 18:40:22.968 22895 22911 I bt_stack_config: init attempt to load stack conf from /etc/bluetooth/bt_stack.conf
04-11 18:40:22.969 22895 22916 I bt_osi_thread: run_thread: thread id 22916, thread name bt_jni_workqueue started
04-11 18:40:22.970 22895 22911 I bt_btif_core: btif_init_bluetooth finished
04-11 18:40:22.970 22895 22911 I bt_stack_manager: event_init_stack finished
04-11 18:40:22.970 22895 22916 I bt_btif_core: run_message_loop entered
04-11 18:40:22.970 22895 22895 I bt_osi_wakelock: wakelock_set_os_callouts set to non-native
04-11 18:40:22.970 22895 22895 I bt_btif : get_profile_interface: id = socket
04-11 18:40:22.971 22895 22916 E bt_btif_storage: btif_storage_get_adapter_property: Controller not ready! Unable to return Bluetooth Address
04-11 18:40:22.971 22895 22916 E BluetoothServiceJni: adapter_properties_callback: Status 1 is incorrect
04-11 18:40:22.973 22895 22895 I bt_btif : get_profile_interface: id = sdp
04-11 18:40:22.975 22895 22916 D BluetoothAdapterProperties: Name is: LeEco Le 2
04-11 18:40:22.978 22895 22895 I BluetoothAdapterService: Phone policy enabled
04-11 18:40:22.982 22895 22895 D BluetoothAdapterService: setAdapterService() - set to: null
04-11 18:40:22.983 22895 22895 D BluetoothAdapterService: onBind()
04-11 18:40:22.996 22895 22907 D BluetoothAdapterService: enable() - Enable called with quiet mode status =  false
04-11 18:40:22.997 22895 22910 D BluetoothAdapterState: Current state: OFF, message: 0
04-11 18:40:22.997 22895 22910 D BluetoothAdapterProperties: Setting state to 14
04-11 18:40:22.998 22895 22910 I BluetoothAdapterState: Bluetooth adapter state changed: 10-> 14
04-11 18:40:22.998 22895 22910 D BluetoothAdapterService: updateAdapterState() - Broadcasting state to 1 receivers.
04-11 18:40:23.000 22895 22910 D BluetoothAdapterService: BleOnProcessStart()
04-11 18:40:23.009 22895 22910 D BluetoothAdapterService: BleOnProcessStart() - Make Bond State Machine
04-11 18:40:23.009 22895 22910 D BluetoothBondStateMachine: make
04-11 18:40:23.012 22895 22922 I BluetoothBondStateMachine: StableState(): Entering Off State
04-11 18:40:23.013 22895 22910 D BluetoothAdapterService: setProfileServiceState() - Starting service com.android.bluetooth.gatt.GattService
04-11 18:40:23.020 22895 22910 I BluetoothAdapterState: Entering PendingCommandState
04-11 18:40:23.021 22895 22895 I BtGatt.JNI: classInitNative(L871): classInitNative: Success!
04-11 18:40:23.022 22895 22895 D BtGatt.DebugUtils: handleDebugAction() action=null
04-11 18:40:23.022 22895 22895 D BluetoothAdapterService: getAdapterService() - returning com.android.bluetooth.btservice.AdapterService@e97793c
04-11 18:40:23.023 22895 22895 D BtGatt.GattService: Received start request. Starting profile...
04-11 18:40:23.023 22895 22895 I bt_btif : get_profile_interface: id = gatt
04-11 18:40:23.025 22895 22895 D BluetoothAdapterService: getAdapterService() - returning com.android.bluetooth.btservice.AdapterService@e97793c
04-11 18:40:23.034 22895 22895 I chatty  : uid=1002(bluetooth) com.android.bluetooth identical 1 line
04-11 18:40:23.034 22895 22895 D BluetoothAdapterService: getAdapterService() - returning com.android.bluetooth.btservice.AdapterService@e97793c
04-11 18:40:23.036 22895 22895 D BluetoothAdapterService: handleMessage() - Message: 1
04-11 18:40:23.036 22895 22895 D BluetoothAdapterService: handleMessage() - MESSAGE_PROFILE_SERVICE_STATE_CHANGED
04-11 18:40:23.037 22895 22895 D BluetoothAdapterService: processProfileServiceStateChanged() - serviceName=com.android.bluetooth.gatt.GattService isTurningOn=false isTurningOff=false isBleTurningOn=true isBleTurningOff=false
04-11 18:40:23.037 22895 22895 D BluetoothAdapterService: GattService is started
04-11 18:40:23.038 22895 22910 V BluetoothAdapterState: PendingCommand - transient state(s): isBleTurningOn
04-11 18:40:23.038 22895 22910 D BluetoothAdapterState: Current state: PENDING_COMMAND, message: 4
04-11 18:40:23.041 22895 22910 I bt_btif : enable: start restricted = 0
04-11 18:40:23.041 22895 22911 I bt_stack_manager: event_start_up_stack is bringing up the stack
04-11 18:40:23.042 22895 22911 I bt_core_module: module_start_up Starting module "btif_config_module"
04-11 18:40:23.042 22895 22911 I bt_core_module: module_start_up Started module "btif_config_module"
04-11 18:40:23.042 22895 22911 I bt_core_module: module_start_up Starting module "btsnoop_module"
04-11 18:40:23.042 22895 22911 I bt_core_module: module_start_up Started module "btsnoop_module"
04-11 18:40:23.042 22895 22911 I bt_core_module: module_start_up Starting module "hci_module"
04-11 18:40:23.042 22895 22911 I bt_hci  : hci_module_start_up
04-11 18:40:23.044 22895 22926 I bt_osi_thread: run_thread: thread id 22926, thread name hci_thread started
04-11 18:40:23.045 22895 22911 D bt_hci  : hci_module_start_up starting async portion
04-11 18:40:23.045 22895 22926 I bt_hci  : hci_initialize
04-11 18:40:23.051 22895 22926 I bt_hci  : hci_initialize: IBluetoothHci::getService() returned 0x7f0263d3a0 (remote)
04-11 18:40:23.163 22895 22926 I bt_hci  : event_finish_startup
04-11 18:40:23.164 22895 22911 I bt_core_module: module_start_up Started module "hci_module"
04-11 18:40:23.167 22895 22931 I bt_osi_thread: run_thread: thread id 22931, thread name bt_workqueue started
04-11 18:40:23.168 22895 22931 I         : [0411/184023:INFO:btu_task.cc(107)] Bluetooth chip preload is complete
04-11 18:40:23.169 22895 22931 I         : [0411/184023:INFO:gatt_api.cc(1004)] GATT_Register
04-11 18:40:23.170 22895 22931 I         : [0411/184023:INFO:gatt_api.cc(1027)] allocated gatt_if=1
04-11 18:40:23.170 22895 22931 I         : [0411/184023:INFO:gatt_api.cc(207)] GATTS_AddService
04-11 18:40:23.170 22895 22931 I         : [0411/184023:INFO:gatt_api.cc(317)] GATTS_AddService: service parsed correctly, now starting
04-11 18:40:23.170 22895 22931 E         : [0411/184023:ERROR:gatt_attr.cc(301)] gatt_profile_db_init:  gatt_if=1
04-11 18:40:23.171 22895 22931 I         : [0411/184023:INFO:gatt_api.cc(1004)] GATT_Register
04-11 18:40:23.171 22895 22931 I         : [0411/184023:INFO:gatt_api.cc(1027)] allocated gatt_if=2
04-11 18:40:23.171 22895 22931 I         : [0411/184023:INFO:gatt_api.cc(207)] GATTS_AddService
04-11 18:40:23.171 22895 22931 I         : [0411/184023:INFO:gatt_api.cc(317)] GATTS_AddService: service parsed correctly, now starting
04-11 18:40:23.173 22895 22932 I bt_osi_thread: run_thread: thread id 22932, thread name btu message loop started
04-11 18:40:23.175 22895 22933 I bt_osi_thread: run_thread: thread id 22933, thread name module_wrapper started
04-11 18:40:23.176 22895 22933 I bt_core_module: module_start_up Starting module "controller_module"
04-11 18:40:23.398 22895 22933 I bt_core_module: module_start_up Started module "controller_module"
04-11 18:40:23.399 22895 22933 W bt_osi_thread: run_thread: thread id 22933, thread name module_wrapper exited
04-11 18:40:23.400 22895 22931 W bt_btm  : btm_decode_ext_features_page: feature page 1 ignored
04-11 18:40:23.400 22895 22931 W bt_btm  : btm_decode_ext_features_page: feature page 2 ignored
04-11 18:40:23.400 22895 22932 I bt_btm_sec: BTM_SecRegister p_cb_info->p_le_callback == 0x0x7ef48ffd2c
04-11 18:40:23.401 22895 22932 I bt_btm_sec: BTM_SecRegister btm_cb.api.p_le_callback = 0x0x7ef48ffd2c 
04-11 18:40:23.404 22895 22932 I bt_stack: [INFO:gatt_api.cc(1004)] GATT_Register
04-11 18:40:23.404 22895 22932 I bt_stack: [INFO:gatt_api.cc(1027)] allocated gatt_if=3
04-11 18:40:23.457 22895 22932 I bt_stack: [INFO:ble_advertiser_hci_interface.cc(708)] VSC advertising will be in use
04-11 18:40:23.457 22895 22932 I bt_stack: [INFO:ble_advertiser_hci_interface.cc(259)] QuirkAdvertiserZeroHandle in use
04-11 18:40:23.458 22895 22916 D BluetoothAdapterProperties: BT_PROPERTY_LOCAL_LE_FEATURES: update from BT controller mNumOfAdvertisementInstancesSupported = 10 mRpaOffloadSupported = true mNumOfOffloadedIrkSupported = 8 mNumOfOffloadedScanFilterSupported = 16 mOffloadedScanResultStorageBytes= 10240 mIsActivityAndEnergyReporting = true mVersSupported = 96 mTotNumOfTrackableAdv = 32 mIsExtendedScanSupported = true mIsDebugLogSupported = true mIsLe2MPhySupported = false mIsLeCodedPhySupported = false mIsLeExtendedAdvertisingSupported = false mIsLePeriodicAdvertisingSupported = false mLeMaximumAdvertisingDataLength = 31
04-11 18:40:23.465 22895 22916 E bt_btif_storage: btif_storage_get_adapter_property: Controller ready!
04-11 18:40:23.466 22895 22916 I bt_btif_storage: btif_storage_get_adapter_property service_mask:0x20000000
04-11 18:40:23.467 22895 22916 D BluetoothAdapterProperties: Address is:80:1D:00:33:D8:82
04-11 18:40:23.473 22895 22916 D BluetoothAdapterProperties: Name is: LeEco Le 2
04-11 18:40:23.476 22895 22916 D BluetoothAdapterProperties: Scan Mode:20
04-11 18:40:23.477 22895 22916 D BluetoothAdapterProperties: Discoverable Timeout:120
04-11 18:40:23.478 22895 22916 I bt_btif_core: btif_enable_bluetooth_evt entered: status 0
04-11 18:40:23.481 22895 22935 I bt_osi_thread: run_thread: thread id 22935, thread name btif_sock started
04-11 18:40:23.482 22895 22916 D bt_bte_conf: Device ID record 1 : primary
04-11 18:40:23.482 22895 22916 D bt_bte_conf:   vendorId            = 000f
04-11 18:40:23.482 22895 22916 D bt_bte_conf:   vendorIdSource      = 0001
04-11 18:40:23.482 22895 22916 D bt_bte_conf:   product             = 1200
04-11 18:40:23.483 22895 22916 D bt_bte_conf:   version             = 1436
04-11 18:40:23.483 22895 22916 D bt_bte_conf:   clientExecutableURL = 
04-11 18:40:23.483 22895 22916 D bt_bte_conf:   serviceDescription  = 
04-11 18:40:23.483 22895 22916 D bt_bte_conf:   documentationURL    = 
04-11 18:40:23.483 22895 22916 D bt_bte_conf: bte_load_did_conf no section named DID2.
04-11 18:40:23.483 22895 22916 I bt_btif_core: btif_enable_bluetooth_evt finished
04-11 18:40:23.483 22895 22911 I bt_stack_manager: event_start_up_stack finished
04-11 18:40:23.484 22895 22910 V BluetoothAdapterState: PendingCommand - transient state(s): isBleTurningOn
04-11 18:40:23.484 22895 22910 D BluetoothAdapterState: Current state: PENDING_COMMAND, message: 3
04-11 18:40:23.485 22895 22910 D BluetoothAdapterProperties: Setting state to 15
04-11 18:40:23.485 22895 22910 I BluetoothAdapterState: Bluetooth adapter state changed: 14-> 15
04-11 18:40:23.485 22895 22910 D BluetoothAdapterService: updateAdapterState() - Broadcasting state to 1 receivers.
04-11 18:40:23.485 22895 22910 I BluetoothAdapterState: Entering BleOnState
04-11 18:40:23.490 22895 22910 D BluetoothAdapterState: Current state: BLE ON, message: 1
04-11 18:40:23.490 22895 22910 D BluetoothAdapterProperties: Setting state to 11
04-11 18:40:23.491 22895 22910 I BluetoothAdapterState: Bluetooth adapter state changed: 15-> 11
04-11 18:40:23.491 22895 22910 D BluetoothAdapterService: updateAdapterState() - Broadcasting state to 1 receivers.
04-11 18:40:23.491 22895 22910 D BluetoothAdapterService: startCoreServices()
04-11 18:40:23.491 22895 22910 D BluetoothAdapterService: setProfileServiceState() - Starting service com.android.bluetooth.hfp.HeadsetService
04-11 18:40:23.497 22895 22910 D BluetoothAdapterService: setProfileServiceState() - Starting service com.android.bluetooth.a2dp.A2dpService
04-11 18:40:23.498 22895 22895 D BluetoothAdapterService: getAdapterService() - returning com.android.bluetooth.btservice.AdapterService@e97793c
04-11 18:40:23.498 22895 22895 D HeadsetService: Received start request. Starting profile...
04-11 18:40:23.500 22895 22895 I BluetoothHeadsetServiceJni: classInitNative: succeeds
04-11 18:40:23.501 22895 22895 D HeadsetStateMachine: make
04-11 18:40:23.507 22895 22910 D BluetoothAdapterService: setProfileServiceState() - Starting service com.android.bluetooth.hid.HidService
04-11 18:40:23.510 22895 22910 D BluetoothAdapterService: setProfileServiceState() - Starting service com.android.bluetooth.hdp.HealthService
04-11 18:40:23.515 22895 22910 D BluetoothAdapterService: setProfileServiceState() - Starting service com.android.bluetooth.pan.PanService
04-11 18:40:23.515 22895 22895 D HeadsetStateMachine: max_hf_connections = 1
04-11 18:40:23.515 22895 22895 D HeadsetStateMachine: in-band_ringing_support = true
04-11 18:40:23.515 22895 22895 I bt_btif : get_profile_interface: id = handsfree
04-11 18:40:23.516 22895 22916 I bt_btif_storage: btif_storage_get_adapter_property service_mask:0x20000040
04-11 18:40:23.516 22895 22932 I bt_stack: [INFO:port_api.cc(123)] RFCOMM_CreateConnection BDA: ff:ff:ff:ff:ff:ff
04-11 18:40:23.516 22895 22916 E bt_btif : btif_hf_upstreams_evt: Invalid index 57186
04-11 18:40:23.516 22895 22932 I bt_stack: [INFO:port_api.cc(123)] RFCOMM_CreateConnection BDA: ff:ff:ff:ff:ff:ff
04-11 18:40:23.518 22895 22895 D BluetoothAdapterService: getAdapterService() - returning com.android.bluetooth.btservice.AdapterService@e97793c
04-11 18:40:23.518 22895 22910 D BluetoothAdapterService: setProfileServiceState() - Starting service com.android.bluetooth.map.BluetoothMapService
04-11 18:40:23.520 22895 22895 D BluetoothAdapterService: getAdapterService() - returning com.android.bluetooth.btservice.AdapterService@e97793c
04-11 18:40:23.520 22895 22895 D A2dpService: Received start request. Starting profile...
04-11 18:40:23.521 22895 22910 D BluetoothAdapterService: setProfileServiceState() - Starting service com.android.bluetooth.hfpclient.HeadsetClientService
04-11 18:40:23.521 22895 22895 I BluetoothAvrcpServiceJni: classInitNative: succeeds
04-11 18:40:23.522 22895 22895 V Avrcp   : make
04-11 18:40:23.524 22895 22895 I bt_btif : get_profile_interface: id = avrcp
04-11 18:40:23.525 22895 22910 D BluetoothAdapterService: setProfileServiceState() - Starting service com.android.bluetooth.avrcpcontroller.AvrcpControllerService
04-11 18:40:23.528 22895 22910 D BluetoothAdapterService: setProfileServiceState() - Starting service com.android.bluetooth.sap.SapService
04-11 18:40:23.532 22895 22910 D BluetoothAdapterService: setProfileServiceState() - Starting service com.android.bluetooth.opp.BluetoothOppService
04-11 18:40:23.536 22895 22910 D BluetoothAdapterService: setProfileServiceState() - Starting service com.android.bluetooth.pbap.BluetoothPbapService
04-11 18:40:23.539 22895 22910 I BluetoothAdapterState: Entering PendingCommandState
04-11 18:40:23.543 22895 22895 V Avrcp   : initMediaPlayerInfoList: 0 controllers
04-11 18:40:23.546 22895 22895 V Avrcp   : updatePlaybackState (1): -1➡0(PlaybackState {state=0, position=-1, buffered position=0, speed=0.0, updated=335825431, actions=0, custom actions=[], active item id=-1, error=null})
04-11 18:40:23.546 22895 22895 I Avrcp   : Skipping update due to invalid playback state
04-11 18:40:23.546 22895 22895 E Avrcp   : play status change -1➡0 mPlayStatusChangedNT: 1
04-11 18:40:23.546 22895 22895 E bt_btif : register_notification_rsp: Avrcp device is not connected, handle: 0x0
04-11 18:40:23.547 22895 22895 D Avrcp   : sendPlayPosNotificationRsp: Not registered or requesting.
04-11 18:40:23.548 22895 22895 D Avrcp   : User already unlocked, initializing player lists
04-11 18:40:23.550 22895 22895 V Avrcp   : updatePlaybackState (1): 0➡0(PlaybackState {state=0, position=-1, buffered position=0, speed=0.0, updated=335825436, actions=0, custom actions=[], active item id=-1, error=null})
04-11 18:40:23.550 22895 22895 I Avrcp   : Skipping update due to invalid playback state
04-11 18:40:23.550 22895 22895 E Avrcp   : play status change 0➡0 mPlayStatusChangedNT: 1
04-11 18:40:23.550 22895 22895 D Avrcp   : sendPlayPosNotificationRsp: Not registered or requesting.
04-11 18:40:23.553 22895 22895 I BluetoothA2dpServiceJni: classInitNative: succeeds
04-11 18:40:23.553 22895 22895 D A2dpStateMachine: make
04-11 18:40:23.554 22895 22895 I bt_btif : get_profile_interface: id = a2dp
04-11 18:40:23.555 22895 22940 I bt_osi_thread: run_thread: thread id 22940, thread name btif_a2dp_source started
04-11 18:40:23.555 22895 22895 D a2dp_codec: init
04-11 18:40:23.555 22895 22895 D a2dp_codec: createCodec: codec SBC
04-11 18:40:23.555 22895 22895 I a2dp_codec: init: updated SBC codec priority to 1001
04-11 18:40:23.555 22895 22895 D a2dp_codec: createCodec: codec AAC
04-11 18:40:23.555 22895 22895 I a2dp_codec: init: updated AAC codec priority to 2001
04-11 18:40:23.555 22895 22895 D a2dp_codec: createCodec: codec aptX
04-11 18:40:23.555 22895 22916 I bt_btif_storage: btif_storage_get_adapter_property service_mask:0x20000048
04-11 18:40:23.556 22895 22932 I bt_bta_av: AVRCP version used for sdp: "avrcp14"
04-11 18:40:23.556 22895 22916 E bt_btif : btif_sm_dispatch : Invalid handle
04-11 18:40:23.557 22895 22916 E bt_btif : btif_sm_dispatch : Invalid handle
04-11 18:40:23.558 22895 22895 E a2dp_vendor_aptx_encoder: A2DP_VendorLoadEncoderAptx: cannot open aptX encoder library libaptX_encoder.so: dlopen failed: library "libaptX_encoder.so" not found
04-11 18:40:23.558 22895 22895 E a2dp_vendor_aptx: init: cannot load the encoder
04-11 18:40:23.558 22895 22895 D a2dp_codec: createCodec: codec aptX-HD
04-11 18:40:23.559 22895 22895 E a2dp_vendor_aptx_hd_encoder: A2DP_VendorLoadEncoderAptxHd: cannot open aptX-HD encoder library libaptXHD_encoder.so: dlopen failed: library "libaptXHD_encoder.so" not found
04-11 18:40:23.559 22895 22895 E a2dp_vendor_aptx_hd: init: cannot load the encoder
04-11 18:40:23.559 22895 22895 D a2dp_codec: createCodec: codec LDAC
04-11 18:40:23.562 22895 22895 I a2dp_codec: init: updated LDAC codec priority to 5001
04-11 18:40:23.562 22895 22895 D a2dp_codec: createCodec: codec SBC SINK
04-11 18:40:23.562 22895 22895 I a2dp_codec: init: initialized Source codec LDAC
04-11 18:40:23.562 22895 22895 I a2dp_codec: init: initialized Source codec AAC
04-11 18:40:23.562 22895 22895 I a2dp_codec: init: initialized Source codec SBC
04-11 18:40:23.562 22895 22895 I a2dp_codec: init: initialized Sink codec SBC(Sink)
04-11 18:40:23.562 22895 22895 W bt_btif : ## ON A2DP IDLE ## peer_sep = 0
04-11 18:40:23.562 22895 22916 E bt_btif : btif_sm_dispatch : Invalid handle
04-11 18:40:23.564 22895 22939 D A2dpStateMachine: Enter Disconnected: -2
04-11 18:40:23.566 22895 22895 D BluetoothAdapterService: getAdapterService() - returning com.android.bluetooth.btservice.AdapterService@e97793c
04-11 18:40:23.574 22895 22895 I BluetoothHidServiceJni: classInitNative: succeeds
04-11 18:40:23.575 22895 22895 D BluetoothAdapterService: getAdapterService() - returning com.android.bluetooth.btservice.AdapterService@e97793c
04-11 18:40:23.576 22895 22895 D HidService: Received start request. Starting profile...
04-11 18:40:23.576 22895 22895 I bt_btif : get_profile_interface: id = hidhost
04-11 18:40:23.576 22895 22916 I bt_bta_hh: BTA_HhEnable sec_mask:0x36 p_cback:0x7ef4965448
04-11 18:40:23.576 22895 22895 D HidService: setHidService(): set to: null
04-11 18:40:23.576 22895 22916 I bt_btif_storage: btif_storage_get_adapter_property service_mask:0x20100048
04-11 18:40:23.576 22895 22895 D BluetoothAdapterService: getAdapterService() - returning com.android.bluetooth.btservice.AdapterService@e97793c
04-11 18:40:23.577 22895 22932 I bt_stack: [INFO:gatt_api.cc(1004)] GATT_Register
04-11 18:40:23.577 22895 22932 I bt_stack: [INFO:gatt_api.cc(1027)] allocated gatt_if=4
04-11 18:40:23.577 22895 22895 I BluetoothHealthServiceJni: classInitNative: succeeds
04-11 18:40:23.578 22895 22895 D BluetoothAdapterService: getAdapterService() - returning com.android.bluetooth.btservice.AdapterService@e97793c
04-11 18:40:23.579 22895 22895 D HealthService: Received start request. Starting profile...
04-11 18:40:23.580 22895 22895 I bt_btif : get_profile_interface: id = health
04-11 18:40:23.581 22895 22895 D BluetoothAdapterService: getAdapterService() - returning com.android.bluetooth.btservice.AdapterService@e97793c
04-11 18:40:23.582 22895 22895 I BluetoothPanServiceJni: classInitNative(L111): succeeds
04-11 18:40:23.583 22895 22895 D BluetoothAdapterService: getAdapterService() - returning com.android.bluetooth.btservice.AdapterService@e97793c
04-11 18:40:23.584 22895 22895 D PanService: Received start request. Starting profile...
04-11 18:40:23.584 22895 22895 D BluetoothPanServiceJni: initializeNative(L116): pan
04-11 18:40:23.584 22895 22895 I bt_btif : get_profile_interface: id = pan
04-11 18:40:23.585 22895 22916 D BluetoothPanServiceJni: control_state_callback(L63): state:0, local_role:3, ifname:bt-pan
04-11 18:40:23.585 22895 22895 D BluetoothAdapterService: getAdapterService() - returning com.android.bluetooth.btservice.AdapterService@e97793c
04-11 18:40:23.586 22895 22895 D BluetoothAdapterService: handleMessage() - Message: 1
04-11 18:40:23.586 22895 22895 D BluetoothAdapterService: handleMessage() - MESSAGE_PROFILE_SERVICE_STATE_CHANGED
04-11 18:40:23.586 22895 22895 D BluetoothAdapterService: processProfileServiceStateChanged() - serviceName=com.android.bluetooth.hfp.HeadsetService isTurningOn=true isTurningOff=false isBleTurningOn=false isBleTurningOff=false
04-11 18:40:23.587 22895 22895 D BluetoothAdapterService: onProfileServiceStateChange() - Profile still not running:com.android.bluetooth.a2dp.A2dpService
04-11 18:40:23.587 22895 22937 D HeadsetPhoneState: sendDeviceStateChanged. mService=0 mIsSimStateLoaded=false mSignal=0 mRoam=0 mBatteryCharge=2
04-11 18:40:23.589 22895 22895 D BluetoothAdapterService: getAdapterService() - returning com.android.bluetooth.btservice.AdapterService@e97793c
04-11 18:40:23.589 22895 22895 D BluetoothMapService: Received start request. Starting profile...
04-11 18:40:23.590 22895 22895 D BluetoothMapService: start()
04-11 18:40:23.595 22895 22895 D BluetoothMapAccountLoader: Found 0 application(s) with intent android.bluetooth.action.BLUETOOTH_MAP_PROVIDER
04-11 18:40:23.596 22895 22895 D BluetoothMapAccountLoader: Found 0 application(s) with intent android.bluetooth.action.BLUETOOTH_MAP_IM_PROVIDER
04-11 18:40:23.596 22895 22895 D BluetoothMapAppObserver: createReceiver()
04-11 18:40:23.598 22895 22895 D BluetoothMapAppObserver: initObservers()
04-11 18:40:23.598 22895 22895 D BluetoothMapAppObserver: getEnabledAccountItems()
04-11 18:40:23.599 22895 22895 D BluetoothAdapterService: getAdapterService() - returning com.android.bluetooth.btservice.AdapterService@e97793c
04-11 18:40:23.599 22895 22895 I BluetoothHeadsetClientServiceJni: classInitNative succeeds
04-11 18:40:23.601 22895 22895 D BluetoothAdapterService: getAdapterService() - returning com.android.bluetooth.btservice.AdapterService@e97793c
04-11 18:40:23.602 22895 22895 D HeadsetClientService: Received start request. Starting profile...
04-11 18:40:23.603 22895 22895 D BluetoothHeadsetClientServiceJni: initializeNative: HfpClient
04-11 18:40:23.603 22895 22895 I bt_btif : get_profile_interface: id = handsfree_client
04-11 18:40:23.603 22895 22916 I bt_stack: [INFO:port_api.cc(123)] RFCOMM_CreateConnection BDA: ff:ff:ff:ff:ff:ff
04-11 18:40:23.603 22895 22916 I bt_btif_storage: btif_storage_get_adapter_property service_mask:0x21100048
04-11 18:40:23.608 22895 22895 D BluetoothHeadsetClientServiceJni: initializeNative: HfpClient
04-11 18:40:23.608 22895 22895 W BluetoothHeadsetClientServiceJni: Cleaning up Bluetooth HFP Client Interface before initializing
04-11 18:40:23.608 22895 22895 W BluetoothHeadsetClientServiceJni: Cleaning up Bluetooth HFP Client callback object
04-11 18:40:23.608 22895 22895 I bt_btif : get_profile_interface: id = handsfree_client
04-11 18:40:23.609 22895 22916 I bt_btif_queue: queue_int_cleanup: UUID=111E
04-11 18:40:23.609 22895 22895 D BluetoothAdapterService: getAdapterService() - returning com.android.bluetooth.btservice.AdapterService@e97793c
04-11 18:40:23.609 22895 22916 I bt_btif_storage: btif_storage_get_adapter_property service_mask:0x21100048
04-11 18:40:23.609 22895 22916 I bt_stack: [INFO:port_api.cc(123)] RFCOMM_CreateConnection BDA: ff:ff:ff:ff:ff:ff
04-11 18:40:23.610 22895 22895 I BluetoothAvrcpControllerJni: classInitNative: succeeds
04-11 18:40:23.610 22895 22916 I bt_btif_storage: btif_storage_get_adapter_property service_mask:0x21100048
04-11 18:40:23.610 22895 22895 I bt_btif : get_profile_interface: id = avrcp_ctrl
04-11 18:40:23.611 22895 22895 D BluetoothAdapterService: getAdapterService() - returning com.android.bluetooth.btservice.AdapterService@e97793c
04-11 18:40:23.612 22895 22895 D AvrcpControllerService: Received start request. Starting profile...
04-11 18:40:23.618 22895 22895 D AvrcpControllerService: setAvrcpControllerService(): set to: null
04-11 18:40:23.618 22895 22895 D BluetoothAdapterService: getAdapterService() - returning com.android.bluetooth.btservice.AdapterService@e97793c
04-11 18:40:23.619 22895 22895 V SapService: SapBinder()
04-11 18:40:23.620 22895 22895 D BluetoothAdapterService: getAdapterService() - returning com.android.bluetooth.btservice.AdapterService@e97793c
04-11 18:40:23.620 22895 22895 D SapService: Received start request. Starting profile...
04-11 18:40:23.620 22895 22895 V SapService: start()
04-11 18:40:23.622 22895 22895 D BluetoothAdapterService: getAdapterService() - returning com.android.bluetooth.btservice.AdapterService@e97793c
04-11 18:40:23.633 22895 22895 D BluetoothAdapterService: getAdapterService() - returning com.android.bluetooth.btservice.AdapterService@e97793c
04-11 18:40:23.634 22895 22895 D BluetoothOppService: Received start request. Starting profile...
04-11 18:40:23.635 22895 22895 D BluetoothAdapterService: getAdapterService() - returning com.android.bluetooth.btservice.AdapterService@e97793c
04-11 18:40:23.636 22895 22895 V BluetoothPbapService: PbapBinder()
04-11 18:40:23.637 22895 22895 D BluetoothAdapterService: getAdapterService() - returning com.android.bluetooth.btservice.AdapterService@e97793c
04-11 18:40:23.638 22895 22895 D BluetoothPbapService: Received start request. Starting profile...
04-11 18:40:23.638 22895 22895 V BluetoothPbapService: start()
04-11 18:40:23.640 22895 22895 D BluetoothPbapService: Registering observer
04-11 18:40:23.646 22895 22895 D BluetoothAdapterService: getAdapterService() - returning com.android.bluetooth.btservice.AdapterService@e97793c
04-11 18:40:23.647 22895 22895 D BluetoothAdapterService: handleMessage() - Message: 1
04-11 18:40:23.647 22895 22895 D BluetoothAdapterService: handleMessage() - MESSAGE_PROFILE_SERVICE_STATE_CHANGED
04-11 18:40:23.648 22895 22895 D BluetoothAdapterService: processProfileServiceStateChanged() - serviceName=com.android.bluetooth.a2dp.A2dpService isTurningOn=true isTurningOff=false isBleTurningOn=false isBleTurningOff=false
04-11 18:40:23.648 22895 22895 D BluetoothAdapterService: onProfileServiceStateChange() - Profile still not running:com.android.bluetooth.map.BluetoothMapService
04-11 18:40:23.648 22895 22895 D BluetoothAdapterService: handleMessage() - Message: 1
04-11 18:40:23.648 22895 22895 D BluetoothAdapterService: handleMessage() - MESSAGE_PROFILE_SERVICE_STATE_CHANGED
04-11 18:40:23.648 22895 22895 D BluetoothAdapterService: processProfileServiceStateChanged() - serviceName=com.android.bluetooth.hid.HidService isTurningOn=true isTurningOff=false isBleTurningOn=false isBleTurningOff=false
04-11 18:40:23.649 22895 22895 D BluetoothAdapterService: onProfileServiceStateChange() - Profile still not running:com.android.bluetooth.map.BluetoothMapService
04-11 18:40:23.649 22895 22895 D BluetoothAdapterService: handleMessage() - Message: 1
04-11 18:40:23.649 22895 22895 D BluetoothAdapterService: handleMessage() - MESSAGE_PROFILE_SERVICE_STATE_CHANGED
04-11 18:40:23.649 22895 22895 D BluetoothAdapterService: processProfileServiceStateChanged() - serviceName=com.android.bluetooth.hdp.HealthService isTurningOn=true isTurningOff=false isBleTurningOn=false isBleTurningOff=false
04-11 18:40:23.650 22895 22895 D BluetoothAdapterService: onProfileServiceStateChange() - Profile still not running:com.android.bluetooth.map.BluetoothMapService
04-11 18:40:23.650 22895 22895 D BluetoothAdapterService: handleMessage() - Message: 1
04-11 18:40:23.650 22895 22895 D BluetoothAdapterService: handleMessage() - MESSAGE_PROFILE_SERVICE_STATE_CHANGED
04-11 18:40:23.650 22895 22895 D BluetoothAdapterService: processProfileServiceStateChanged() - serviceName=com.android.bluetooth.pan.PanService isTurningOn=true isTurningOff=false isBleTurningOn=false isBleTurningOff=false
04-11 18:40:23.651 22895 22895 D BluetoothAdapterService: onProfileServiceStateChange() - Profile still not running:com.android.bluetooth.map.BluetoothMapService
04-11 18:40:23.651 22895 22895 D BluetoothAdapterService: handleMessage() - Message: 1
04-11 18:40:23.651 22895 22895 D BluetoothAdapterService: handleMessage() - MESSAGE_PROFILE_SERVICE_STATE_CHANGED
04-11 18:40:23.651 22895 22895 D BluetoothAdapterService: processProfileServiceStateChanged() - serviceName=com.android.bluetooth.map.BluetoothMapService isTurningOn=true isTurningOff=false isBleTurningOn=false isBleTurningOff=false
04-11 18:40:23.651 22895 22895 D BluetoothAdapterService: onProfileServiceStateChange() - Profile still not running:com.android.bluetooth.avrcpcontroller.AvrcpControllerService
04-11 18:40:23.651 22895 22895 D BluetoothAdapterService: handleMessage() - Message: 1
04-11 18:40:23.651 22895 22895 D BluetoothAdapterService: handleMessage() - MESSAGE_PROFILE_SERVICE_STATE_CHANGED
04-11 18:40:23.651 22895 22895 D BluetoothAdapterService: processProfileServiceStateChanged() - serviceName=com.android.bluetooth.hfpclient.HeadsetClientService isTurningOn=true isTurningOff=false isBleTurningOn=false isBleTurningOff=false
04-11 18:40:23.652 22895 22895 D BluetoothAdapterService: onProfileServiceStateChange() - Profile still not running:com.android.bluetooth.avrcpcontroller.AvrcpControllerService
04-11 18:40:23.652 22895 22895 D BluetoothAdapterService: handleMessage() - Message: 1
04-11 18:40:23.652 22895 22895 D BluetoothAdapterService: handleMessage() - MESSAGE_PROFILE_SERVICE_STATE_CHANGED
04-11 18:40:23.652 22895 22895 D BluetoothAdapterService: processProfileServiceStateChanged() - serviceName=com.android.bluetooth.avrcpcontroller.AvrcpControllerService isTurningOn=true isTurningOff=false isBleTurningOn=false isBleTurningOff=false
04-11 18:40:23.652 22895 22895 D BluetoothAdapterService: onProfileServiceStateChange() - Profile still not running:com.android.bluetooth.sap.SapService
04-11 18:40:23.653 22895 22895 D BluetoothAdapterService: handleMessage() - Message: 1
04-11 18:40:23.653 22895 22895 D BluetoothAdapterService: handleMessage() - MESSAGE_PROFILE_SERVICE_STATE_CHANGED
04-11 18:40:23.653 22895 22895 D BluetoothAdapterService: processProfileServiceStateChanged() - serviceName=com.android.bluetooth.sap.SapService isTurningOn=true isTurningOff=false isBleTurningOn=false isBleTurningOff=false
04-11 18:40:23.654 22895 22895 D BluetoothAdapterService: onProfileServiceStateChange() - Profile still not running:com.android.bluetooth.pbap.BluetoothPbapService
04-11 18:40:23.656 22895 22895 D BluetoothAdapterService: handleMessage() - Message: 1
04-11 18:40:23.656 22895 22895 D BluetoothAdapterService: handleMessage() - MESSAGE_PROFILE_SERVICE_STATE_CHANGED
04-11 18:40:23.657 22895 22895 D BluetoothAdapterService: processProfileServiceStateChanged() - serviceName=com.android.bluetooth.opp.BluetoothOppService isTurningOn=true isTurningOff=false isBleTurningOn=false isBleTurningOff=false
04-11 18:40:23.657 22895 22895 D BluetoothAdapterService: onProfileServiceStateChange() - Profile still not running:com.android.bluetooth.pbap.BluetoothPbapService
04-11 18:40:23.661 22895 22895 D BluetoothAdapterService: handleMessage() - Message: 1
04-11 18:40:23.661 22895 22895 D BluetoothAdapterService: handleMessage() - MESSAGE_PROFILE_SERVICE_STATE_CHANGED
04-11 18:40:23.661 22895 22895 D BluetoothAdapterService: processProfileServiceStateChanged() - serviceName=com.android.bluetooth.pbap.BluetoothPbapService isTurningOn=true isTurningOff=false isBleTurningOn=false isBleTurningOff=false
04-11 18:40:23.662 22895 22895 D BluetoothAdapterService: onProfileServiceStateChange() - All profile services started.
04-11 18:40:23.663 22895 22910 V BluetoothAdapterState: PendingCommand - transient state(s): isTurningOn
04-11 18:40:23.663 22895 22910 D BluetoothAdapterState: Current state: PENDING_COMMAND, message: 2
04-11 18:40:23.663 22895 22910 D BluetoothAdapterProperties: onBluetoothReady, state=11, ScanMode=20
04-11 18:40:23.664 22895 22910 D BluetoothAdapterProperties: Setting state to 12
04-11 18:40:23.664 22895 22910 I BluetoothAdapterState: Bluetooth adapter state changed: 11-> 12
04-11 18:40:23.664 22895 22910 D BluetoothAdapterService: updateAdapterState() - Broadcasting state to 1 receivers.
04-11 18:40:23.665 22895 22910 I BluetoothAdapterState: Entering OnState
04-11 18:40:23.665 22895 22910 D BluetoothAdapterService: updateUuids() - Updating UUIDs for bonded devices
04-11 18:40:23.670 22895 22916 D BluetoothAdapterProperties: Scan Mode:21
04-11 18:40:23.674 22895 22916 D BluetoothAdapterProperties: Discoverable Timeout:120
04-11 18:40:23.711 22895 22916 D BluetoothAdapterProperties: Discoverable Timeout:120
04-11 18:40:23.714 22895 22916 D BluetoothAdapterProperties: Scan Mode:23
04-11 18:40:23.715 22895 22895 D BluetoothMapService: onReceive
04-11 18:40:23.715 22895 22895 D BluetoothMapService: onReceive: android.bluetooth.adapter.action.STATE_CHANGED
04-11 18:40:23.715 22895 22895 D BluetoothMapService: STATE_ON
04-11 18:40:23.733 22895 22895 D BluetoothPbapService: action: android.bluetooth.adapter.action.STATE_CHANGED
04-11 18:40:23.734 22895 22895 D BluetoothPbapService: state: 12
04-11 18:40:23.734 22895 22895 D BluetoothAdapterService: isQuetModeEnabled() - Enabled = false
04-11 18:40:23.734 22895 22895 D BluetoothPhonePolicy: autoConnect() - Initiate auto connection on BT on...
04-11 18:40:23.736 22895 22944 D BluetoothMapMasInstance0: Map Service startRfcommSocketListener
04-11 18:40:23.736 22895 22944 D ObexServerSockets: create(rfcomm = -2, l2capPsm = -2)
04-11 18:40:23.739 22895 22895 D BtOppService: start Socket Listeners
04-11 18:40:23.739 22895 22895 D BtOppService: stopListeners   mServerSocket :null
04-11 18:40:23.739 22895 22895 D ObexServerSockets: create(rfcomm = -2, l2capPsm = -2)
04-11 18:40:23.753 22895 22944 W BluetoothAdapter: getBluetoothService() called with no BluetoothManagerCallback
04-11 18:40:23.753 22895 22895 W BluetoothAdapter: getBluetoothService() called with no BluetoothManagerCallback
04-11 18:40:23.754 22895 22955 W BluetoothAdapter: getBluetoothService() called with no BluetoothManagerCallback
04-11 18:40:23.756 22895 22932 I bt_stack: [INFO:port_api.cc(123)] RFCOMM_CreateConnection BDA: ff:ff:ff:ff:ff:ff
04-11 18:40:23.756 22895 22932 I bt_stack: [INFO:port_api.cc(123)] RFCOMM_CreateConnection BDA: ff:ff:ff:ff:ff:ff
04-11 18:40:23.756 22895 22955 D BluetoothSdpJni: sdpCreateSapsRecordNative
04-11 18:40:23.756 22895 22955 D BluetoothSdpJni: SDP Create record success - handle: 0
04-11 18:40:23.757 22895 22944 W BluetoothAdapter: getBluetoothService() called with no BluetoothManagerCallback
04-11 18:40:23.758 22895 22932 I bt_stack: [INFO:port_api.cc(123)] RFCOMM_CreateConnection BDA: ff:ff:ff:ff:ff:ff
04-11 18:40:23.759 22895 22895 W BluetoothAdapter: getBluetoothService() called with no BluetoothManagerCallback
04-11 18:40:23.760 22895 22944 D ObexServerSockets: Succeed to create listening sockets 
04-11 18:40:23.761 22895 22944 D ObexServerSockets0: startAccept()
04-11 18:40:23.761 22895 22944 D ObexServerSockets0: prepareForNewConnect()
04-11 18:40:23.762 22895 22944 D BluetoothSdpJni: sdpCreateMapMasRecordNative
04-11 18:40:23.762 22895 22944 D BluetoothSdpJni: SDP Create record success - handle: 1
04-11 18:40:23.762 22895 22895 D ObexServerSockets: Succeed to create listening sockets 
04-11 18:40:23.762 22895 22895 D ObexServerSockets1: startAccept()
04-11 18:40:23.762 22895 22895 D ObexServerSockets1: prepareForNewConnect()
04-11 18:40:23.768 22895 22956 D ObexServerSockets0: Accepting socket connection...
04-11 18:40:23.770 22895 22957 D ObexServerSockets0: Accepting socket connection...
04-11 18:40:23.779 22895 22895 D BluetoothSdpJni: sdpCreateOppOpsRecordNative
04-11 18:40:23.779 22895 22958 D ObexServerSockets1: Accepting socket connection...
04-11 18:40:23.779 22895 22895 D BluetoothSdpJni: SDP Create record success - handle: 2
04-11 18:40:23.779 22895 22895 D BtOppService: mOppSdpHandle :2
04-11 18:40:23.780 22895 22895 D BluetoothPbapService: startsocketListener
04-11 18:40:23.781 22895 22895 D ObexServerSockets: create(rfcomm = -2, l2capPsm = -2)
04-11 18:40:23.782 22895 22895 W BluetoothAdapter: getBluetoothService() called with no BluetoothManagerCallback
04-11 18:40:23.784 22895 22959 D ObexServerSockets1: Accepting socket connection...
04-11 18:40:23.786 22895 22932 I bt_stack: [INFO:port_api.cc(123)] RFCOMM_CreateConnection BDA: ff:ff:ff:ff:ff:ff
04-11 18:40:23.787 22895 22895 W BluetoothAdapter: getBluetoothService() called with no BluetoothManagerCallback
04-11 18:40:23.789 22895 22895 D ObexServerSockets: Succeed to create listening sockets 
04-11 18:40:23.790 22895 22895 D ObexServerSockets2: startAccept()
04-11 18:40:23.790 22895 22895 D ObexServerSockets2: prepareForNewConnect()
04-11 18:40:23.790 22895 22895 D BluetoothSdpJni: sdpCreatePbapPseRecordNative
04-11 18:40:23.790 22895 22960 D ObexServerSockets2: Accepting socket connection...
04-11 18:40:23.790 22895 22895 D BluetoothSdpJni: SDP Create record success - handle: 3
04-11 18:40:23.791 22895 22961 D ObexServerSockets2: Accepting socket connection...
04-11 18:40:23.797 22895 22895 D BluetoothPbapService: PBAP server with handle:3
04-11 18:41:00.822 22895 22932 W bt_btif : bta_dm_acl_change info: 0x10
04-11 18:41:00.823 22895 22916 D bt_btif_dm: remote version info [a0:a4:c5:68:0f:dc]: 0, 0, 0
04-11 18:41:00.825 22895 22916 E BluetoothRemoteDevices: aclStateChangeCallback: device is NULL, address=A0:A4:C5:68:0F:DC, newState=0
04-11 18:41:01.183 22895 22916 D bt_btif_config: btif_get_device_type: Device [a0:a4:c5:68:0f:dc] type 1
04-11 18:41:01.183 22895 22916 I bt_btif_dm: get_cod remote_cod = 0x000c010c
04-11 18:41:01.184 22895 22916 I BluetoothBondStateMachine: bondStateChangeCallback: Status: 0 Address: A0:A4:C5:68:0F:DC newState: 1
04-11 18:41:01.184 22895 22916 I bt_btif_dm: get_cod remote_cod = 0x000c010c
04-11 18:41:01.188 22895 22922 I BluetoothBondStateMachine: Bond State Change Intent:A0:A4:C5:68:0F:DC OldState: 10 NewState: 11
04-11 18:41:01.189 22895 22922 I BluetoothBondStateMachine: Entering PendingCommandState State
04-11 18:41:01.546 22895 22932 W bt_smp  : for SMP over BR max_key_size: 0x10, local_i_key: 0x07, local_r_key: 0x07, p_cb->loc_auth_req: 0x21
04-11 18:41:01.546 22895 22932 W bt_smp  : smp_send_id_info
04-11 18:41:01.548 22895 22927 W bt_hci_packet_fragmenter: reassemble_and_dispatch got packet which would exceed expected length of 84. Truncating.
04-11 18:41:01.549 22895 22932 F bt_stack: [FATAL:allocation_tracker.cc(161)] Check failed: end_canary[i] == canary[i]. 
--------- beginning of crash
04-11 18:41:01.549 22895 22932 F libc    : Fatal signal 6 (SIGABRT), code -6 in tid 22932 (btu message loo), pid 22895 (droid.bluetooth)
