--------- beginning of main
04-11 18:41:02.746 22995 22995 D BluetoothOppFileProvider: Initialized
04-11 18:41:02.766 22995 22995 D AdapterServiceConfig: Adding HeadsetService
04-11 18:41:02.768 22995 22995 D AdapterServiceConfig: Adding A2dpService
04-11 18:41:02.768 22995 22995 D AdapterServiceConfig: Adding HidService
04-11 18:41:02.768 22995 22995 D AdapterServiceConfig: Adding HealthService
04-11 18:41:02.768 22995 22995 D AdapterServiceConfig: Adding PanService
04-11 18:41:02.768 22995 22995 D AdapterServiceConfig: Adding GattService
04-11 18:41:02.768 22995 22995 D AdapterServiceConfig: Adding BluetoothMapService
04-11 18:41:02.768 22995 22995 D AdapterServiceConfig: Adding HeadsetClientService
04-11 18:41:02.768 22995 22995 D AdapterServiceConfig: Adding AvrcpControllerService
04-11 18:41:02.769 22995 22995 D AdapterServiceConfig: Adding SapService
04-11 18:41:02.769 22995 22995 W AdapterServiceConfig: Could not find profile bit mask
04-11 18:41:02.769 22995 22995 D AdapterServiceConfig: Adding BluetoothOppService
04-11 18:41:02.769 22995 22995 W AdapterServiceConfig: Could not find profile bit mask
04-11 18:41:02.769 22995 22995 D AdapterServiceConfig: Adding BluetoothPbapService
04-11 18:41:02.792 22995 22995 D BluetoothAdapterService: onCreate()
04-11 18:41:02.798 22995 22995 D BluetoothAdapterState: make() - Creating AdapterState
04-11 18:41:02.802 22995 22995 I bt_btif : init
04-11 18:41:02.802 22995 22995 D bt_osi_allocation_tracker: canary initialized
04-11 18:41:02.803 22995 23010 I BluetoothAdapterState: Entering OffState
04-11 18:41:02.803 22995 23011 I bt_osi_thread: run_thread: thread id 23011, thread name stack_manager started
04-11 18:41:02.803 22995 23011 I bt_stack_manager: event_init_stack is initializing the stack
04-11 18:41:02.805 22995 23011 E bt_osi_config: config_new unable to open file '/data/misc/bluedroid/bt_config.conf': No such file or directory
04-11 18:41:02.805 22995 23011 W bt_btif_config: init unable to load config file: /data/misc/bluedroid/bt_config.conf; using backup.
04-11 18:41:02.808 22995 23014 I bt_osi_thread: run_thread: thread id 23014, thread name alarm_default_ca started
04-11 18:41:02.809 22995 23015 I bt_osi_thread: run_thread: thread id 23015, thread name alarm_dispatcher started
04-11 18:41:02.813 22995 23011 I bt_btif_core: btif_init_bluetooth entered
04-11 18:41:02.813 22995 23011 I bt_stack_config: init attempt to load stack conf from /etc/bluetooth/bt_stack.conf
04-11 18:41:02.814 22995 23016 I bt_osi_thread: run_thread: thread id 23016, thread name bt_jni_workqueue started
04-11 18:41:02.815 22995 23011 I bt_btif_core: btif_init_bluetooth finished
04-11 18:41:02.815 22995 23016 I bt_btif_core: run_message_loop entered
04-11 18:41:02.815 22995 23011 I bt_stack_manager: event_init_stack finished
04-11 18:41:02.815 22995 22995 I bt_osi_wakelock: wakelock_set_os_callouts set to non-native
04-11 18:41:02.815 22995 22995 I bt_btif : get_profile_interface: id = socket
04-11 18:41:02.816 22995 23016 E bt_btif_storage: btif_storage_get_adapter_property: Controller not ready! Unable to return Bluetooth Address
04-11 18:41:02.816 22995 23016 E BluetoothServiceJni: adapter_properties_callback: Status 1 is incorrect
04-11 18:41:02.819 22995 22995 I bt_btif : get_profile_interface: id = sdp
04-11 18:41:02.822 22995 23016 D BluetoothAdapterProperties: Name is: LeEco Le 2
04-11 18:41:02.826 22995 22995 I BluetoothAdapterService: Phone policy enabled
04-11 18:41:02.830 22995 22995 D BluetoothAdapterService: setAdapterService() - set to: null
04-11 18:41:02.831 22995 22995 D BluetoothAdapterService: onBind()
04-11 18:41:02.835 22995 22995 I BtGatt.JNI: classInitNative(L871): classInitNative: Success!
04-11 18:41:02.842 22995 23008 D BluetoothAdapterService: enable() - Enable called with quiet mode status =  false
04-11 18:41:02.843 22995 23010 D BluetoothAdapterState: Current state: OFF, message: 0
04-11 18:41:02.843 22995 23010 D BluetoothAdapterProperties: Setting state to 14
04-11 18:41:02.843 22995 23010 I BluetoothAdapterState: Bluetooth adapter state changed: 10-> 14
04-11 18:41:02.844 22995 23010 D BluetoothAdapterService: updateAdapterState() - Broadcasting state to 1 receivers.
04-11 18:41:02.847 22995 23010 D BluetoothAdapterService: BleOnProcessStart()
04-11 18:41:02.856 22995 23010 D BluetoothAdapterService: BleOnProcessStart() - Make Bond State Machine
04-11 18:41:02.856 22995 23010 D BluetoothBondStateMachine: make
04-11 18:41:02.859 22995 23022 I BluetoothBondStateMachine: StableState(): Entering Off State
04-11 18:41:02.859 22995 23010 D BluetoothAdapterService: setProfileServiceState() - Starting service com.android.bluetooth.gatt.GattService
04-11 18:41:02.862 22995 23010 I BluetoothAdapterState: Entering PendingCommandState
04-11 18:41:02.863 22995 22995 D BtGatt.DebugUtils: handleDebugAction() action=null
04-11 18:41:02.864 22995 22995 D BluetoothAdapterService: getAdapterService() - returning com.android.bluetooth.btservice.AdapterService@e97793c
04-11 18:41:02.865 22995 22995 D BtGatt.GattService: Received start request. Starting profile...
04-11 18:41:02.865 22995 22995 I bt_btif : get_profile_interface: id = gatt
04-11 18:41:02.866 22995 22995 D BluetoothAdapterService: getAdapterService() - returning com.android.bluetooth.btservice.AdapterService@e97793c
04-11 18:41:02.873 22995 22995 I chatty  : uid=1002(bluetooth) com.android.bluetooth identical 1 line
04-11 18:41:02.873 22995 22995 D BluetoothAdapterService: getAdapterService() - returning com.android.bluetooth.btservice.AdapterService@e97793c
04-11 18:41:02.875 22995 22995 D BluetoothAdapterService: handleMessage() - Message: 1
04-11 18:41:02.875 22995 22995 D BluetoothAdapterService: handleMessage() - MESSAGE_PROFILE_SERVICE_STATE_CHANGED
04-11 18:41:02.875 22995 22995 D BluetoothAdapterService: processProfileServiceStateChanged() - serviceName=com.android.bluetooth.gatt.GattService isTurningOn=false isTurningOff=false isBleTurningOn=true isBleTurningOff=false
04-11 18:41:02.875 22995 22995 D BluetoothAdapterService: GattService is started
04-11 18:41:02.876 22995 23010 V BluetoothAdapterState: PendingCommand - transient state(s): isBleTurningOn
04-11 18:41:02.876 22995 23010 D BluetoothAdapterState: Current state: PENDING_COMMAND, message: 4
04-11 18:41:02.878 22995 23010 I bt_btif : enable: start restricted = 0
04-11 18:41:02.879 22995 23011 I bt_stack_manager: event_start_up_stack is bringing up the stack
04-11 18:41:02.879 22995 23011 I bt_core_module: module_start_up Starting module "btif_config_module"
04-11 18:41:02.879 22995 23011 I bt_core_module: module_start_up Started module "btif_config_module"
04-11 18:41:02.879 22995 23011 I bt_core_module: module_start_up Starting module "btsnoop_module"
04-11 18:41:02.879 22995 23011 I bt_core_module: module_start_up Started module "btsnoop_module"
04-11 18:41:02.880 22995 23011 I bt_core_module: module_start_up Starting module "hci_module"
04-11 18:41:02.880 22995 23011 I bt_hci  : hci_module_start_up
04-11 18:41:02.881 22995 23026 I bt_osi_thread: run_thread: thread id 23026, thread name hci_thread started
04-11 18:41:02.881 22995 23011 D bt_hci  : hci_module_start_up starting async portion
04-11 18:41:02.881 22995 23026 I bt_hci  : hci_initialize
04-11 18:41:02.884 22995 23026 I bt_hci  : hci_initialize: IBluetoothHci::getService() returned 0x7f0263d3a0 (remote)
04-11 18:41:02.987 22995 23026 I bt_hci  : event_finish_startup
04-11 18:41:02.988 22995 23011 I bt_core_module: module_start_up Started module "hci_module"
04-11 18:41:02.988 22995 23031 I bt_osi_thread: run_thread: thread id 23031, thread name bt_workqueue started
04-11 18:41:02.990 22995 23031 I         : [0411/184102:INFO:btu_task.cc(107)] Bluetooth chip preload is complete
04-11 18:41:02.991 22995 23031 I         : [0411/184102:INFO:gatt_api.cc(1004)] GATT_Register
04-11 18:41:02.991 22995 23031 I         : [0411/184102:INFO:gatt_api.cc(1027)] allocated gatt_if=1
04-11 18:41:02.991 22995 23031 I         : [0411/184102:INFO:gatt_api.cc(207)] GATTS_AddService
04-11 18:41:02.992 22995 23031 I         : [0411/184102:INFO:gatt_api.cc(317)] GATTS_AddService: service parsed correctly, now starting
04-11 18:41:02.992 22995 23031 E         : [0411/184102:ERROR:gatt_attr.cc(301)] gatt_profile_db_init:  gatt_if=1
04-11 18:41:02.992 22995 23031 I         : [0411/184102:INFO:gatt_api.cc(1004)] GATT_Register
04-11 18:41:02.992 22995 23031 I         : [0411/184102:INFO:gatt_api.cc(1027)] allocated gatt_if=2
04-11 18:41:02.992 22995 23031 I         : [0411/184102:INFO:gatt_api.cc(207)] GATTS_AddService
04-11 18:41:02.993 22995 23031 I         : [0411/184102:INFO:gatt_api.cc(317)] GATTS_AddService: service parsed correctly, now starting
04-11 18:41:02.994 22995 23032 I bt_osi_thread: run_thread: thread id 23032, thread name btu message loop started
04-11 18:41:02.996 22995 23033 I bt_osi_thread: run_thread: thread id 23033, thread name module_wrapper started
04-11 18:41:02.997 22995 23033 I bt_core_module: module_start_up Starting module "controller_module"
04-11 18:41:03.217 22995 23033 I bt_core_module: module_start_up Started module "controller_module"
04-11 18:41:03.218 22995 23033 W bt_osi_thread: run_thread: thread id 23033, thread name module_wrapper exited
04-11 18:41:03.218 22995 23031 W bt_btm  : btm_decode_ext_features_page: feature page 1 ignored
04-11 18:41:03.219 22995 23031 W bt_btm  : btm_decode_ext_features_page: feature page 2 ignored
04-11 18:41:03.219 22995 23032 I bt_btm_sec: BTM_SecRegister p_cb_info->p_le_callback == 0x0x7ef4b16d2c
04-11 18:41:03.219 22995 23032 I bt_btm_sec: BTM_SecRegister btm_cb.api.p_le_callback = 0x0x7ef4b16d2c 
04-11 18:41:03.223 22995 23032 I bt_stack: [INFO:gatt_api.cc(1004)] GATT_Register
04-11 18:41:03.223 22995 23032 I bt_stack: [INFO:gatt_api.cc(1027)] allocated gatt_if=3
04-11 18:41:03.254 22995 23032 I bt_stack: [INFO:ble_advertiser_hci_interface.cc(708)] VSC advertising will be in use
04-11 18:41:03.255 22995 23032 I bt_stack: [INFO:ble_advertiser_hci_interface.cc(259)] QuirkAdvertiserZeroHandle in use
04-11 18:41:03.256 22995 23016 D BluetoothAdapterProperties: BT_PROPERTY_LOCAL_LE_FEATURES: update from BT controller mNumOfAdvertisementInstancesSupported = 10 mRpaOffloadSupported = true mNumOfOffloadedIrkSupported = 8 mNumOfOffloadedScanFilterSupported = 16 mOffloadedScanResultStorageBytes= 10240 mIsActivityAndEnergyReporting = true mVersSupported = 96 mTotNumOfTrackableAdv = 32 mIsExtendedScanSupported = true mIsDebugLogSupported = true mIsLe2MPhySupported = false mIsLeCodedPhySupported = false mIsLeExtendedAdvertisingSupported = false mIsLePeriodicAdvertisingSupported = false mLeMaximumAdvertisingDataLength = 31
04-11 18:41:03.262 22995 23016 E bt_btif_storage: btif_storage_get_adapter_property: Controller ready!
04-11 18:41:03.262 22995 23016 I bt_btif_storage: btif_storage_get_adapter_property service_mask:0x20000000
04-11 18:41:03.264 22995 23016 D BluetoothAdapterProperties: Address is:80:1D:00:33:D8:82
04-11 18:41:03.270 22995 23016 D BluetoothAdapterProperties: Name is: LeEco Le 2
04-11 18:41:03.274 22995 23016 D BluetoothAdapterProperties: Scan Mode:20
04-11 18:41:03.274 22995 23016 D BluetoothAdapterProperties: Discoverable Timeout:120
04-11 18:41:03.275 22995 23016 I bt_btif_core: btif_enable_bluetooth_evt entered: status 0
04-11 18:41:03.279 22995 23035 I bt_osi_thread: run_thread: thread id 23035, thread name btif_sock started
04-11 18:41:03.280 22995 23016 D bt_bte_conf: Device ID record 1 : primary
04-11 18:41:03.280 22995 23016 D bt_bte_conf:   vendorId            = 000f
04-11 18:41:03.280 22995 23016 D bt_bte_conf:   vendorIdSource      = 0001
04-11 18:41:03.280 22995 23016 D bt_bte_conf:   product             = 1200
04-11 18:41:03.280 22995 23016 D bt_bte_conf:   version             = 1436
04-11 18:41:03.281 22995 23016 D bt_bte_conf:   clientExecutableURL = 
04-11 18:41:03.281 22995 23016 D bt_bte_conf:   serviceDescription  = 
04-11 18:41:03.281 22995 23016 D bt_bte_conf:   documentationURL    = 
04-11 18:41:03.281 22995 23016 D bt_bte_conf: bte_load_did_conf no section named DID2.
04-11 18:41:03.281 22995 23016 I bt_btif_core: btif_enable_bluetooth_evt finished
04-11 18:41:03.281 22995 23011 I bt_stack_manager: event_start_up_stack finished
04-11 18:41:03.282 22995 23010 V BluetoothAdapterState: PendingCommand - transient state(s): isBleTurningOn
04-11 18:41:03.283 22995 23010 D BluetoothAdapterState: Current state: PENDING_COMMAND, message: 3
04-11 18:41:03.283 22995 23010 D BluetoothAdapterProperties: Setting state to 15
04-11 18:41:03.283 22995 23010 I BluetoothAdapterState: Bluetooth adapter state changed: 14-> 15
04-11 18:41:03.283 22995 23010 D BluetoothAdapterService: updateAdapterState() - Broadcasting state to 1 receivers.
04-11 18:41:03.285 22995 23010 I BluetoothAdapterState: Entering BleOnState
04-11 18:41:03.287 22995 23010 D BluetoothAdapterState: Current state: BLE ON, message: 1
04-11 18:41:03.287 22995 23010 D BluetoothAdapterProperties: Setting state to 11
04-11 18:41:03.287 22995 23010 I BluetoothAdapterState: Bluetooth adapter state changed: 15-> 11
04-11 18:41:03.287 22995 23010 D BluetoothAdapterService: updateAdapterState() - Broadcasting state to 1 receivers.
04-11 18:41:03.288 22995 23010 D BluetoothAdapterService: startCoreServices()
04-11 18:41:03.288 22995 23010 D BluetoothAdapterService: setProfileServiceState() - Starting service com.android.bluetooth.hfp.HeadsetService
04-11 18:41:03.292 22995 23010 D BluetoothAdapterService: setProfileServiceState() - Starting service com.android.bluetooth.a2dp.A2dpService
04-11 18:41:03.293 22995 22995 D BluetoothAdapterService: getAdapterService() - returning com.android.bluetooth.btservice.AdapterService@e97793c
04-11 18:41:03.294 22995 22995 D HeadsetService: Received start request. Starting profile...
04-11 18:41:03.295 22995 23010 D BluetoothAdapterService: setProfileServiceState() - Starting service com.android.bluetooth.hid.HidService
04-11 18:41:03.296 22995 22995 I BluetoothHeadsetServiceJni: classInitNative: succeeds
04-11 18:41:03.297 22995 22995 D HeadsetStateMachine: make
04-11 18:41:03.299 22995 23010 D BluetoothAdapterService: setProfileServiceState() - Starting service com.android.bluetooth.hdp.HealthService
04-11 18:41:03.308 22995 23010 D BluetoothAdapterService: setProfileServiceState() - Starting service com.android.bluetooth.pan.PanService
04-11 18:41:03.311 22995 22995 D HeadsetStateMachine: max_hf_connections = 1
04-11 18:41:03.311 22995 22995 D HeadsetStateMachine: in-band_ringing_support = true
04-11 18:41:03.311 22995 22995 I bt_btif : get_profile_interface: id = handsfree
04-11 18:41:03.311 22995 23016 I bt_btif_storage: btif_storage_get_adapter_property service_mask:0x20000040
04-11 18:41:03.312 22995 23032 I bt_stack: [INFO:port_api.cc(123)] RFCOMM_CreateConnection BDA: ff:ff:ff:ff:ff:ff
04-11 18:41:03.312 22995 23032 I bt_stack: [INFO:port_api.cc(123)] RFCOMM_CreateConnection BDA: ff:ff:ff:ff:ff:ff
04-11 18:41:03.312 22995 23010 D BluetoothAdapterService: setProfileServiceState() - Starting service com.android.bluetooth.map.BluetoothMapService
04-11 18:41:03.312 22995 23016 E bt_btif : btif_hf_upstreams_evt: Invalid index 65325
04-11 18:41:03.316 22995 23010 D BluetoothAdapterService: setProfileServiceState() - Starting service com.android.bluetooth.hfpclient.HeadsetClientService
04-11 18:41:03.321 22995 23010 D BluetoothAdapterService: setProfileServiceState() - Starting service com.android.bluetooth.avrcpcontroller.AvrcpControllerService
04-11 18:41:03.322 22995 22995 D BluetoothAdapterService: getAdapterService() - returning com.android.bluetooth.btservice.AdapterService@e97793c
04-11 18:41:03.323 22995 22995 D BluetoothAdapterService: getAdapterService() - returning com.android.bluetooth.btservice.AdapterService@e97793c
04-11 18:41:03.326 22995 23010 D BluetoothAdapterService: setProfileServiceState() - Starting service com.android.bluetooth.sap.SapService
04-11 18:41:03.327 22995 22995 D A2dpService: Received start request. Starting profile...
04-11 18:41:03.328 22995 22995 I BluetoothAvrcpServiceJni: classInitNative: succeeds
04-11 18:41:03.330 22995 23010 D BluetoothAdapterService: setProfileServiceState() - Starting service com.android.bluetooth.opp.BluetoothOppService
04-11 18:41:03.328 22995 22995 V Avrcp   : make
04-11 18:41:03.335 22995 23010 D BluetoothAdapterService: setProfileServiceState() - Starting service com.android.bluetooth.pbap.BluetoothPbapService
04-11 18:41:03.336 22995 22995 I bt_btif : get_profile_interface: id = avrcp
04-11 18:41:03.338 22995 23010 I BluetoothAdapterState: Entering PendingCommandState
04-11 18:41:03.350 22995 22995 V Avrcp   : initMediaPlayerInfoList: 0 controllers
04-11 18:41:03.352 22995 22995 V Avrcp   : updatePlaybackState (1): -1➡0(PlaybackState {state=0, position=-1, buffered position=0, speed=0.0, updated=335865237, actions=0, custom actions=[], active item id=-1, error=null})
04-11 18:41:03.352 22995 22995 I Avrcp   : Skipping update due to invalid playback state
04-11 18:41:03.352 22995 22995 E Avrcp   : play status change -1➡0 mPlayStatusChangedNT: 1
04-11 18:41:03.352 22995 22995 E bt_btif : register_notification_rsp: Avrcp device is not connected, handle: 0x0
04-11 18:41:03.353 22995 22995 D Avrcp   : sendPlayPosNotificationRsp: Not registered or requesting.
04-11 18:41:03.354 22995 22995 D Avrcp   : User already unlocked, initializing player lists
04-11 18:41:03.355 22995 22995 V Avrcp   : updatePlaybackState (1): 0➡0(PlaybackState {state=0, position=-1, buffered position=0, speed=0.0, updated=335865242, actions=0, custom actions=[], active item id=-1, error=null})
04-11 18:41:03.355 22995 22995 I Avrcp   : Skipping update due to invalid playback state
04-11 18:41:03.356 22995 22995 E Avrcp   : play status change 0➡0 mPlayStatusChangedNT: 1
04-11 18:41:03.356 22995 22995 D Avrcp   : sendPlayPosNotificationRsp: Not registered or requesting.
04-11 18:41:03.358 22995 22995 I BluetoothA2dpServiceJni: classInitNative: succeeds
04-11 18:41:03.358 22995 22995 D A2dpStateMachine: make
04-11 18:41:03.360 22995 22995 I bt_btif : get_profile_interface: id = a2dp
04-11 18:41:03.360 22995 23041 I bt_osi_thread: run_thread: thread id 23041, thread name btif_a2dp_source started
04-11 18:41:03.361 22995 23016 I bt_btif_storage: btif_storage_get_adapter_property service_mask:0x20000048
04-11 18:41:03.361 22995 23032 I bt_bta_av: AVRCP version used for sdp: "avrcp14"
04-11 18:41:03.361 22995 22995 D a2dp_codec: init
04-11 18:41:03.361 22995 23016 E bt_btif : btif_sm_dispatch : Invalid handle
04-11 18:41:03.361 22995 22995 D a2dp_codec: createCodec: codec SBC
04-11 18:41:03.361 22995 23016 E bt_btif : btif_sm_dispatch : Invalid handle
04-11 18:41:03.362 22995 22995 I a2dp_codec: init: updated SBC codec priority to 1001
04-11 18:41:03.362 22995 22995 D a2dp_codec: createCodec: codec AAC
04-11 18:41:03.362 22995 22995 I a2dp_codec: init: updated AAC codec priority to 2001
04-11 18:41:03.362 22995 22995 D a2dp_codec: createCodec: codec aptX
04-11 18:41:03.363 22995 22995 E a2dp_vendor_aptx_encoder: A2DP_VendorLoadEncoderAptx: cannot open aptX encoder library libaptX_encoder.so: dlopen failed: library "libaptX_encoder.so" not found
04-11 18:41:03.363 22995 22995 E a2dp_vendor_aptx: init: cannot load the encoder
04-11 18:41:03.363 22995 22995 D a2dp_codec: createCodec: codec aptX-HD
04-11 18:41:03.365 22995 22995 E a2dp_vendor_aptx_hd_encoder: A2DP_VendorLoadEncoderAptxHd: cannot open aptX-HD encoder library libaptXHD_encoder.so: dlopen failed: library "libaptXHD_encoder.so" not found
04-11 18:41:03.365 22995 22995 E a2dp_vendor_aptx_hd: init: cannot load the encoder
04-11 18:41:03.365 22995 22995 D a2dp_codec: createCodec: codec LDAC
04-11 18:41:03.370 22995 22995 I a2dp_codec: init: updated LDAC codec priority to 5001
04-11 18:41:03.370 22995 22995 D a2dp_codec: createCodec: codec SBC SINK
04-11 18:41:03.370 22995 22995 I a2dp_codec: init: initialized Source codec LDAC
04-11 18:41:03.370 22995 22995 I a2dp_codec: init: initialized Source codec AAC
04-11 18:41:03.370 22995 22995 I a2dp_codec: init: initialized Source codec SBC
04-11 18:41:03.370 22995 22995 I a2dp_codec: init: initialized Sink codec SBC(Sink)
04-11 18:41:03.370 22995 22995 W bt_btif : ## ON A2DP IDLE ## peer_sep = 0
04-11 18:41:03.370 22995 23016 I BluetoothA2dpServiceJni: bta2dp_audio_config_callback
04-11 18:41:03.371 22995 23040 D A2dpStateMachine: Enter Disconnected: -2
04-11 18:41:03.372 22995 23016 D A2dpStateMachine: A2DP Codec Config: null->{codecName:SBC,mCodecType:0,mCodecPriority:0,mSampleRate:0x0(NONE),mBitsPerSample:0x0(NONE),mChannelMode:0x0(NONE),mCodecSpecific1:0,mCodecSpecific2:0,mCodecSpecific3:0,mCodecSpecific4:0}
04-11 18:41:03.372 22995 23016 D A2dpStateMachine: A2DP Codec Local Capability: {codecName:LDAC,mCodecType:4,mCodecPriority:5001,mSampleRate:0xf(44100|48000|88200|96000),mBitsPerSample:0x7(16|24|32),mChannelMode:0x2(STEREO),mCodecSpecific1:0,mCodecSpecific2:0,mCodecSpecific3:0,mCodecSpecific4:0}
04-11 18:41:03.372 22995 23016 D A2dpStateMachine: A2DP Codec Local Capability: {codecName:AAC,mCodecType:1,mCodecPriority:2001,mSampleRate:0x1(44100),mBitsPerSample:0x1(16),mChannelMode:0x2(STEREO),mCodecSpecific1:0,mCodecSpecific2:0,mCodecSpecific3:0,mCodecSpecific4:0}
04-11 18:41:03.372 22995 23016 D A2dpStateMachine: A2DP Codec Local Capability: {codecName:SBC,mCodecType:0,mCodecPriority:1001,mSampleRate:0x1(44100),mBitsPerSample:0x1(16),mChannelMode:0x3(MONO|STEREO),mCodecSpecific1:0,mCodecSpecific2:0,mCodecSpecific3:0,mCodecSpecific4:0}
04-11 18:41:03.373 22995 22995 D BluetoothAdapterService: getAdapterService() - returning com.android.bluetooth.btservice.AdapterService@e97793c
04-11 18:41:03.374 22995 22995 I BluetoothHidServiceJni: classInitNative: succeeds
04-11 18:41:03.375 22995 22995 D BluetoothAdapterService: getAdapterService() - returning com.android.bluetooth.btservice.AdapterService@e97793c
04-11 18:41:03.376 22995 22995 D HidService: Received start request. Starting profile...
04-11 18:41:03.376 22995 22995 I bt_btif : get_profile_interface: id = hidhost
04-11 18:41:03.376 22995 22995 D HidService: setHidService(): set to: null
04-11 18:41:03.377 22995 23016 I bt_bta_hh: BTA_HhEnable sec_mask:0x36 p_cback:0x7ef4b7c448
04-11 18:41:03.377 22995 22995 D BluetoothAdapterService: getAdapterService() - returning com.android.bluetooth.btservice.AdapterService@e97793c
04-11 18:41:03.377 22995 23016 I bt_btif_storage: btif_storage_get_adapter_property service_mask:0x20100048
04-11 18:41:03.377 22995 23032 I bt_stack: [INFO:gatt_api.cc(1004)] GATT_Register
04-11 18:41:03.377 22995 23032 I bt_stack: [INFO:gatt_api.cc(1027)] allocated gatt_if=4
04-11 18:41:03.378 22995 22995 I BluetoothHealthServiceJni: classInitNative: succeeds
04-11 18:41:03.379 22995 22995 D BluetoothAdapterService: getAdapterService() - returning com.android.bluetooth.btservice.AdapterService@e97793c
04-11 18:41:03.380 22995 22995 D HealthService: Received start request. Starting profile...
04-11 18:41:03.381 22995 22995 I bt_btif : get_profile_interface: id = health
04-11 18:41:03.382 22995 22995 D BluetoothAdapterService: getAdapterService() - returning com.android.bluetooth.btservice.AdapterService@e97793c
04-11 18:41:03.389 22995 22995 I BluetoothPanServiceJni: classInitNative(L111): succeeds
04-11 18:41:03.391 22995 22995 D BluetoothAdapterService: getAdapterService() - returning com.android.bluetooth.btservice.AdapterService@e97793c
04-11 18:41:03.392 22995 22995 D PanService: Received start request. Starting profile...
04-11 18:41:03.392 22995 22995 D BluetoothPanServiceJni: initializeNative(L116): pan
04-11 18:41:03.392 22995 22995 I bt_btif : get_profile_interface: id = pan
04-11 18:41:03.393 22995 23016 D BluetoothPanServiceJni: control_state_callback(L63): state:0, local_role:3, ifname:bt-pan
04-11 18:41:03.393 22995 22995 D BluetoothAdapterService: getAdapterService() - returning com.android.bluetooth.btservice.AdapterService@e97793c
04-11 18:41:03.395 22995 22995 D BluetoothAdapterService: getAdapterService() - returning com.android.bluetooth.btservice.AdapterService@e97793c
04-11 18:41:03.396 22995 22995 D BluetoothMapService: Received start request. Starting profile...
04-11 18:41:03.396 22995 22995 D BluetoothMapService: start()
04-11 18:41:03.402 22995 22995 D BluetoothMapAccountLoader: Found 0 application(s) with intent android.bluetooth.action.BLUETOOTH_MAP_PROVIDER
04-11 18:41:03.404 22995 22995 D BluetoothMapAccountLoader: Found 0 application(s) with intent android.bluetooth.action.BLUETOOTH_MAP_IM_PROVIDER
04-11 18:41:03.404 22995 22995 D BluetoothMapAppObserver: createReceiver()
04-11 18:41:03.406 22995 22995 D BluetoothMapAppObserver: initObservers()
04-11 18:41:03.406 22995 22995 D BluetoothMapAppObserver: getEnabledAccountItems()
04-11 18:41:03.406 22995 22995 D BluetoothAdapterService: getAdapterService() - returning com.android.bluetooth.btservice.AdapterService@e97793c
04-11 18:41:03.407 22995 22995 I BluetoothHeadsetClientServiceJni: classInitNative succeeds
04-11 18:41:03.409 22995 22995 D BluetoothAdapterService: getAdapterService() - returning com.android.bluetooth.btservice.AdapterService@e97793c
04-11 18:41:03.409 22995 22995 D HeadsetClientService: Received start request. Starting profile...
04-11 18:41:03.409 22995 22995 D BluetoothHeadsetClientServiceJni: initializeNative: HfpClient
04-11 18:41:03.409 22995 22995 I bt_btif : get_profile_interface: id = handsfree_client
04-11 18:41:03.410 22995 23016 I bt_stack: [INFO:port_api.cc(123)] RFCOMM_CreateConnection BDA: ff:ff:ff:ff:ff:ff
04-11 18:41:03.410 22995 23016 I bt_btif_storage: btif_storage_get_adapter_property service_mask:0x21100048
04-11 18:41:03.416 22995 22995 D BluetoothHeadsetClientServiceJni: initializeNative: HfpClient
04-11 18:41:03.416 22995 22995 W BluetoothHeadsetClientServiceJni: Cleaning up Bluetooth HFP Client Interface before initializing
04-11 18:41:03.416 22995 22995 W BluetoothHeadsetClientServiceJni: Cleaning up Bluetooth HFP Client callback object
04-11 18:41:03.416 22995 23016 I bt_btif_queue: queue_int_cleanup: UUID=111E
04-11 18:41:03.416 22995 22995 I bt_btif : get_profile_interface: id = handsfree_client
04-11 18:41:03.417 22995 23016 I bt_btif_storage: btif_storage_get_adapter_property service_mask:0x21100048
04-11 18:41:03.417 22995 22995 D BluetoothAdapterService: getAdapterService() - returning com.android.bluetooth.btservice.AdapterService@e97793c
04-11 18:41:03.417 22995 23016 I bt_stack: [INFO:port_api.cc(123)] RFCOMM_CreateConnection BDA: ff:ff:ff:ff:ff:ff
04-11 18:41:03.417 22995 23016 I bt_btif_storage: btif_storage_get_adapter_property service_mask:0x21100048
04-11 18:41:03.418 22995 22995 D BluetoothAdapterService: handleMessage() - Message: 1
04-11 18:41:03.418 22995 22995 D BluetoothAdapterService: handleMessage() - MESSAGE_PROFILE_SERVICE_STATE_CHANGED
04-11 18:41:03.418 22995 22995 D BluetoothAdapterService: processProfileServiceStateChanged() - serviceName=com.android.bluetooth.hfp.HeadsetService isTurningOn=true isTurningOff=false isBleTurningOn=false isBleTurningOff=false
04-11 18:41:03.418 22995 23036 D HeadsetPhoneState: sendDeviceStateChanged. mService=0 mIsSimStateLoaded=false mSignal=0 mRoam=0 mBatteryCharge=2
04-11 18:41:03.419 22995 22995 D BluetoothAdapterService: onProfileServiceStateChange() - Profile still not running:com.android.bluetooth.a2dp.A2dpService
04-11 18:41:03.420 22995 22995 I BluetoothAvrcpControllerJni: classInitNative: succeeds
04-11 18:41:03.420 22995 22995 I bt_btif : get_profile_interface: id = avrcp_ctrl
04-11 18:41:03.421 22995 22995 D BluetoothAdapterService: getAdapterService() - returning com.android.bluetooth.btservice.AdapterService@e97793c
04-11 18:41:03.422 22995 22995 D AvrcpControllerService: Received start request. Starting profile...
04-11 18:41:03.428 22995 22995 D AvrcpControllerService: setAvrcpControllerService(): set to: null
04-11 18:41:03.428 22995 22995 D BluetoothAdapterService: getAdapterService() - returning com.android.bluetooth.btservice.AdapterService@e97793c
04-11 18:41:03.429 22995 22995 V SapService: SapBinder()
04-11 18:41:03.430 22995 22995 D BluetoothAdapterService: getAdapterService() - returning com.android.bluetooth.btservice.AdapterService@e97793c
04-11 18:41:03.430 22995 22995 D SapService: Received start request. Starting profile...
04-11 18:41:03.430 22995 22995 V SapService: start()
04-11 18:41:03.432 22995 22995 D BluetoothAdapterService: getAdapterService() - returning com.android.bluetooth.btservice.AdapterService@e97793c
04-11 18:41:03.440 22995 22995 D BluetoothAdapterService: getAdapterService() - returning com.android.bluetooth.btservice.AdapterService@e97793c
04-11 18:41:03.441 22995 22995 D BluetoothOppService: Received start request. Starting profile...
04-11 18:41:03.441 22995 22995 D BluetoothAdapterService: getAdapterService() - returning com.android.bluetooth.btservice.AdapterService@e97793c
04-11 18:41:03.442 22995 22995 V BluetoothPbapService: PbapBinder()
04-11 18:41:03.443 22995 22995 D BluetoothAdapterService: getAdapterService() - returning com.android.bluetooth.btservice.AdapterService@e97793c
04-11 18:41:03.445 22995 22995 D BluetoothPbapService: Received start request. Starting profile...
04-11 18:41:03.446 22995 22995 V BluetoothPbapService: start()
04-11 18:41:03.449 22995 22995 D BluetoothPbapService: Registering observer
04-11 18:41:03.458 22995 22995 D BluetoothAdapterService: getAdapterService() - returning com.android.bluetooth.btservice.AdapterService@e97793c
04-11 18:41:03.458 22995 22995 D BluetoothAdapterService: handleMessage() - Message: 1
04-11 18:41:03.458 22995 22995 D BluetoothAdapterService: handleMessage() - MESSAGE_PROFILE_SERVICE_STATE_CHANGED
04-11 18:41:03.458 22995 22995 D BluetoothAdapterService: processProfileServiceStateChanged() - serviceName=com.android.bluetooth.a2dp.A2dpService isTurningOn=true isTurningOff=false isBleTurningOn=false isBleTurningOff=false
04-11 18:41:03.459 22995 22995 D BluetoothAdapterService: onProfileServiceStateChange() - Profile still not running:com.android.bluetooth.map.BluetoothMapService
04-11 18:41:03.459 22995 22995 D BluetoothAdapterService: handleMessage() - Message: 1
04-11 18:41:03.459 22995 22995 D BluetoothAdapterService: handleMessage() - MESSAGE_PROFILE_SERVICE_STATE_CHANGED
04-11 18:41:03.459 22995 22995 D BluetoothAdapterService: processProfileServiceStateChanged() - serviceName=com.android.bluetooth.hid.HidService isTurningOn=true isTurningOff=false isBleTurningOn=false isBleTurningOff=false
04-11 18:41:03.459 22995 22995 D BluetoothAdapterService: onProfileServiceStateChange() - Profile still not running:com.android.bluetooth.map.BluetoothMapService
04-11 18:41:03.460 22995 22995 D BluetoothAdapterService: handleMessage() - Message: 1
04-11 18:41:03.460 22995 22995 D BluetoothAdapterService: handleMessage() - MESSAGE_PROFILE_SERVICE_STATE_CHANGED
04-11 18:41:03.460 22995 22995 D BluetoothAdapterService: processProfileServiceStateChanged() - serviceName=com.android.bluetooth.hdp.HealthService isTurningOn=true isTurningOff=false isBleTurningOn=false isBleTurningOff=false
04-11 18:41:03.460 22995 22995 D BluetoothAdapterService: onProfileServiceStateChange() - Profile still not running:com.android.bluetooth.map.BluetoothMapService
04-11 18:41:03.461 22995 22995 D BluetoothAdapterService: handleMessage() - Message: 1
04-11 18:41:03.461 22995 22995 D BluetoothAdapterService: handleMessage() - MESSAGE_PROFILE_SERVICE_STATE_CHANGED
04-11 18:41:03.461 22995 22995 D BluetoothAdapterService: processProfileServiceStateChanged() - serviceName=com.android.bluetooth.pan.PanService isTurningOn=true isTurningOff=false isBleTurningOn=false isBleTurningOff=false
04-11 18:41:03.461 22995 22995 D BluetoothAdapterService: onProfileServiceStateChange() - Profile still not running:com.android.bluetooth.map.BluetoothMapService
04-11 18:41:03.461 22995 22995 D BluetoothAdapterService: handleMessage() - Message: 1
04-11 18:41:03.461 22995 22995 D BluetoothAdapterService: handleMessage() - MESSAGE_PROFILE_SERVICE_STATE_CHANGED
04-11 18:41:03.461 22995 22995 D BluetoothAdapterService: processProfileServiceStateChanged() - serviceName=com.android.bluetooth.map.BluetoothMapService isTurningOn=true isTurningOff=false isBleTurningOn=false isBleTurningOff=false
04-11 18:41:03.462 22995 22995 D BluetoothAdapterService: onProfileServiceStateChange() - Profile still not running:com.android.bluetooth.avrcpcontroller.AvrcpControllerService
04-11 18:41:03.462 22995 22995 D BluetoothAdapterService: handleMessage() - Message: 1
04-11 18:41:03.462 22995 22995 D BluetoothAdapterService: handleMessage() - MESSAGE_PROFILE_SERVICE_STATE_CHANGED
04-11 18:41:03.462 22995 22995 D BluetoothAdapterService: processProfileServiceStateChanged() - serviceName=com.android.bluetooth.hfpclient.HeadsetClientService isTurningOn=true isTurningOff=false isBleTurningOn=false isBleTurningOff=false
04-11 18:41:03.462 22995 22995 D BluetoothAdapterService: onProfileServiceStateChange() - Profile still not running:com.android.bluetooth.avrcpcontroller.AvrcpControllerService
04-11 18:41:03.462 22995 22995 D BluetoothAdapterService: handleMessage() - Message: 1
04-11 18:41:03.462 22995 22995 D BluetoothAdapterService: handleMessage() - MESSAGE_PROFILE_SERVICE_STATE_CHANGED
04-11 18:41:03.462 22995 22995 D BluetoothAdapterService: processProfileServiceStateChanged() - serviceName=com.android.bluetooth.avrcpcontroller.AvrcpControllerService isTurningOn=true isTurningOff=false isBleTurningOn=false isBleTurningOff=false
04-11 18:41:03.463 22995 22995 D BluetoothAdapterService: onProfileServiceStateChange() - Profile still not running:com.android.bluetooth.sap.SapService
04-11 18:41:03.465 22995 22995 D BluetoothAdapterService: handleMessage() - Message: 1
04-11 18:41:03.465 22995 22995 D BluetoothAdapterService: handleMessage() - MESSAGE_PROFILE_SERVICE_STATE_CHANGED
04-11 18:41:03.465 22995 22995 D BluetoothAdapterService: processProfileServiceStateChanged() - serviceName=com.android.bluetooth.sap.SapService isTurningOn=true isTurningOff=false isBleTurningOn=false isBleTurningOff=false
04-11 18:41:03.465 22995 22995 D BluetoothAdapterService: onProfileServiceStateChange() - Profile still not running:com.android.bluetooth.pbap.BluetoothPbapService
04-11 18:41:03.466 22995 22995 D BluetoothAdapterService: handleMessage() - Message: 1
04-11 18:41:03.467 22995 22995 D BluetoothAdapterService: handleMessage() - MESSAGE_PROFILE_SERVICE_STATE_CHANGED
04-11 18:41:03.467 22995 22995 D BluetoothAdapterService: processProfileServiceStateChanged() - serviceName=com.android.bluetooth.opp.BluetoothOppService isTurningOn=true isTurningOff=false isBleTurningOn=false isBleTurningOff=false
04-11 18:41:03.467 22995 22995 D BluetoothAdapterService: onProfileServiceStateChange() - Profile still not running:com.android.bluetooth.pbap.BluetoothPbapService
04-11 18:41:03.472 22995 22995 D BluetoothAdapterService: handleMessage() - Message: 1
04-11 18:41:03.472 22995 22995 D BluetoothAdapterService: handleMessage() - MESSAGE_PROFILE_SERVICE_STATE_CHANGED
04-11 18:41:03.472 22995 22995 D BluetoothAdapterService: processProfileServiceStateChanged() - serviceName=com.android.bluetooth.pbap.BluetoothPbapService isTurningOn=true isTurningOff=false isBleTurningOn=false isBleTurningOff=false
04-11 18:41:03.473 22995 22995 D BluetoothAdapterService: onProfileServiceStateChange() - All profile services started.
04-11 18:41:03.473 22995 23010 V BluetoothAdapterState: PendingCommand - transient state(s): isTurningOn
04-11 18:41:03.473 22995 23010 D BluetoothAdapterState: Current state: PENDING_COMMAND, message: 2
04-11 18:41:03.474 22995 23010 D BluetoothAdapterProperties: onBluetoothReady, state=11, ScanMode=20
04-11 18:41:03.474 22995 23010 D BluetoothAdapterProperties: Setting state to 12
04-11 18:41:03.474 22995 23010 I BluetoothAdapterState: Bluetooth adapter state changed: 11-> 12
04-11 18:41:03.474 22995 23010 D BluetoothAdapterService: updateAdapterState() - Broadcasting state to 1 receivers.
04-11 18:41:03.475 22995 23010 I BluetoothAdapterState: Entering OnState
04-11 18:41:03.475 22995 23010 D BluetoothAdapterService: updateUuids() - Updating UUIDs for bonded devices
04-11 18:41:03.478 22995 23016 D BluetoothAdapterProperties: Scan Mode:21
04-11 18:41:03.478 22995 23016 D BluetoothAdapterProperties: Discoverable Timeout:120
04-11 18:41:03.495 22995 23016 D BluetoothAdapterProperties: Discoverable Timeout:120
04-11 18:41:03.498 22995 23016 D BluetoothAdapterProperties: Scan Mode:23
04-11 18:41:03.507 22995 22995 D BluetoothMapService: onReceive
04-11 18:41:03.507 22995 22995 D BluetoothMapService: onReceive: android.bluetooth.adapter.action.STATE_CHANGED
04-11 18:41:03.507 22995 22995 D BluetoothMapService: STATE_ON
04-11 18:41:03.514 22995 22995 D BluetoothPbapService: action: android.bluetooth.adapter.action.STATE_CHANGED
04-11 18:41:03.514 22995 22995 D BluetoothPbapService: state: 12
04-11 18:41:03.516 22995 22995 D BluetoothAdapterService: isQuetModeEnabled() - Enabled = false
04-11 18:41:03.517 22995 22995 D BluetoothPhonePolicy: autoConnect() - Initiate auto connection on BT on...
04-11 18:41:03.523 22995 22995 D BtOppService: start Socket Listeners
04-11 18:41:03.523 22995 22995 D BtOppService: stopListeners   mServerSocket :null
04-11 18:41:03.524 22995 22995 D ObexServerSockets: create(rfcomm = -2, l2capPsm = -2)
04-11 18:41:03.525 22995 23058 W BluetoothAdapter: getBluetoothService() called with no BluetoothManagerCallback
04-11 18:41:03.526 22995 22995 W BluetoothAdapter: getBluetoothService() called with no BluetoothManagerCallback
04-11 18:41:03.529 22995 23032 I bt_stack: [INFO:port_api.cc(123)] RFCOMM_CreateConnection BDA: ff:ff:ff:ff:ff:ff
04-11 18:41:03.530 22995 22995 W BluetoothAdapter: getBluetoothService() called with no BluetoothManagerCallback
04-11 18:41:03.530 22995 23032 I bt_stack: [INFO:port_api.cc(123)] RFCOMM_CreateConnection BDA: ff:ff:ff:ff:ff:ff
04-11 18:41:03.531 22995 23058 D BluetoothSdpJni: sdpCreateSapsRecordNative
04-11 18:41:03.531 22995 23058 D BluetoothSdpJni: SDP Create record success - handle: 0
04-11 18:41:03.532 22995 23045 D BluetoothMapMasInstance0: Map Service startRfcommSocketListener
04-11 18:41:03.532 22995 23045 D ObexServerSockets: create(rfcomm = -2, l2capPsm = -2)
04-11 18:41:03.532 22995 23045 W BluetoothAdapter: getBluetoothService() called with no BluetoothManagerCallback
04-11 18:41:03.533 22995 22995 D ObexServerSockets: Succeed to create listening sockets 
04-11 18:41:03.533 22995 22995 D ObexServerSockets0: startAccept()
04-11 18:41:03.533 22995 22995 D ObexServerSockets0: prepareForNewConnect()
04-11 18:41:03.534 22995 22995 D BluetoothSdpJni: sdpCreateOppOpsRecordNative
04-11 18:41:03.534 22995 22995 D BluetoothSdpJni: SDP Create record success - handle: 1
04-11 18:41:03.534 22995 23032 I bt_stack: [INFO:port_api.cc(123)] RFCOMM_CreateConnection BDA: ff:ff:ff:ff:ff:ff
04-11 18:41:03.534 22995 22995 D BtOppService: mOppSdpHandle :1
04-11 18:41:03.535 22995 22995 D BluetoothPbapService: startsocketListener
04-11 18:41:03.535 22995 22995 D ObexServerSockets: create(rfcomm = -2, l2capPsm = -2)
04-11 18:41:03.536 22995 22995 W BluetoothAdapter: getBluetoothService() called with no BluetoothManagerCallback
04-11 18:41:03.537 22995 23045 W BluetoothAdapter: getBluetoothService() called with no BluetoothManagerCallback
04-11 18:41:03.537 22995 23032 I bt_stack: [INFO:port_api.cc(123)] RFCOMM_CreateConnection BDA: ff:ff:ff:ff:ff:ff
04-11 18:41:03.539 22995 22995 W BluetoothAdapter: getBluetoothService() called with no BluetoothManagerCallback
04-11 18:41:03.539 22995 23059 D ObexServerSockets0: Accepting socket connection...
04-11 18:41:03.539 22995 23060 D ObexServerSockets0: Accepting socket connection...
04-11 18:41:03.540 22995 22995 D ObexServerSockets: Succeed to create listening sockets 
04-11 18:41:03.540 22995 22995 D ObexServerSockets1: startAccept()
04-11 18:41:03.540 22995 22995 D ObexServerSockets1: prepareForNewConnect()
04-11 18:41:03.543 22995 23045 D ObexServerSockets: Succeed to create listening sockets 
04-11 18:41:03.543 22995 23045 D ObexServerSockets2: startAccept()
04-11 18:41:03.543 22995 23045 D ObexServerSockets2: prepareForNewConnect()
04-11 18:41:03.546 22995 22995 D BluetoothSdpJni: sdpCreatePbapPseRecordNative
04-11 18:41:03.546 22995 22995 D BluetoothSdpJni: SDP Create record success - handle: 2
04-11 18:41:03.546 22995 23061 D ObexServerSockets1: Accepting socket connection...
04-11 18:41:03.546 22995 23062 D ObexServerSockets2: Accepting socket connection...
04-11 18:41:03.558 22995 23045 D BluetoothSdpJni: sdpCreateMapMasRecordNative
04-11 18:41:03.558 22995 23063 D ObexServerSockets1: Accepting socket connection...
04-11 18:41:03.559 22995 23045 D BluetoothSdpJni: SDP Create record success - handle: 3
04-11 18:41:03.571 22995 23064 D ObexServerSockets2: Accepting socket connection...
04-11 18:41:03.574 22995 22995 D BluetoothPbapService: PBAP server with handle:2
04-11 18:41:05.761 22995 23016 D BluetoothAdapterProperties: Discoverable Timeout:120
04-11 18:41:05.766 22995 23016 D BluetoothAdapterProperties: Scan Mode:21
