--------- beginning of main
04-11 20:45:20.234 25383 25383 D BluetoothOppFileProvider: Initialized
04-11 20:45:20.256 25383 25383 D AdapterServiceConfig: Adding HeadsetService
04-11 20:45:20.257 25383 25383 D AdapterServiceConfig: Adding A2dpService
04-11 20:45:20.257 25383 25383 D AdapterServiceConfig: Adding HidService
04-11 20:45:20.257 25383 25383 D AdapterServiceConfig: Adding HealthService
04-11 20:45:20.258 25383 25383 D AdapterServiceConfig: Adding PanService
04-11 20:45:20.258 25383 25383 D AdapterServiceConfig: Adding GattService
04-11 20:45:20.258 25383 25383 D AdapterServiceConfig: Adding BluetoothMapService
04-11 20:45:20.258 25383 25383 D AdapterServiceConfig: Adding HeadsetClientService
04-11 20:45:20.258 25383 25383 D AdapterServiceConfig: Adding AvrcpControllerService
04-11 20:45:20.259 25383 25383 D AdapterServiceConfig: Adding SapService
04-11 20:45:20.259 25383 25383 W AdapterServiceConfig: Could not find profile bit mask
04-11 20:45:20.259 25383 25383 D AdapterServiceConfig: Adding BluetoothOppService
04-11 20:45:20.259 25383 25383 W AdapterServiceConfig: Could not find profile bit mask
04-11 20:45:20.259 25383 25383 D AdapterServiceConfig: Adding BluetoothPbapService
04-11 20:45:20.288 25383 25383 D BluetoothAdapterService: onCreate()
04-11 20:45:20.295 25383 25383 D BluetoothAdapterState: make() - Creating AdapterState
04-11 20:45:20.301 25383 25383 I bt_btif : init
04-11 20:45:20.302 25383 25398 I BluetoothAdapterState: Entering OffState
04-11 20:45:20.302 25383 25383 D bt_osi_allocation_tracker: canary initialized
04-11 20:45:20.302 25383 25399 I bt_osi_thread: run_thread: thread id 25399, thread name stack_manager started
04-11 20:45:20.303 25383 25399 I bt_stack_manager: event_init_stack is initializing the stack
04-11 20:45:20.306 25383 25402 I bt_osi_thread: run_thread: thread id 25402, thread name alarm_default_ca started
04-11 20:45:20.307 25383 25403 I bt_osi_thread: run_thread: thread id 25403, thread name alarm_dispatcher started
04-11 20:45:20.310 25383 25399 I bt_btif_core: btif_init_bluetooth entered
04-11 20:45:20.311 25383 25399 I bt_stack_config: init attempt to load stack conf from /etc/bluetooth/bt_stack.conf
04-11 20:45:20.312 25383 25404 I bt_osi_thread: run_thread: thread id 25404, thread name bt_jni_workqueue started
04-11 20:45:20.312 25383 25404 I bt_btif_core: run_message_loop entered
04-11 20:45:20.312 25383 25399 I bt_btif_core: btif_init_bluetooth finished
04-11 20:45:20.312 25383 25399 I bt_stack_manager: event_init_stack finished
04-11 20:45:20.312 25383 25383 I bt_osi_wakelock: wakelock_set_os_callouts set to non-native
04-11 20:45:20.312 25383 25383 I bt_btif : get_profile_interface: id = socket
04-11 20:45:20.313 25383 25404 E bt_btif_storage: btif_storage_get_adapter_property: Controller not ready! Unable to return Bluetooth Address
04-11 20:45:20.314 25383 25404 E BluetoothServiceJni: adapter_properties_callback: Status 1 is incorrect
04-11 20:45:20.316 25383 25383 I bt_btif : get_profile_interface: id = sdp
04-11 20:45:20.318 25383 25404 D BluetoothAdapterProperties: Name is: LeEco Le 2
04-11 20:45:20.322 25383 25383 I BluetoothAdapterService: Phone policy enabled
04-11 20:45:20.326 25383 25383 D BluetoothAdapterService: setAdapterService() - set to: null
04-11 20:45:20.327 25383 25383 D BluetoothAdapterService: onBind()
04-11 20:45:20.339 25383 25396 D BluetoothAdapterService: enable() - Enable called with quiet mode status =  false
04-11 20:45:20.340 25383 25398 D BluetoothAdapterState: Current state: OFF, message: 0
04-11 20:45:20.340 25383 25398 D BluetoothAdapterProperties: Setting state to 14
04-11 20:45:20.340 25383 25398 I BluetoothAdapterState: Bluetooth adapter state changed: 10-> 14
04-11 20:45:20.340 25383 25398 D BluetoothAdapterService: updateAdapterState() - Broadcasting state to 1 receivers.
04-11 20:45:20.341 25383 25398 D BluetoothAdapterService: BleOnProcessStart()
04-11 20:45:20.343 25383 25398 D BluetoothAdapterService: BleOnProcessStart() - Make Bond State Machine
04-11 20:45:20.343 25383 25398 D BluetoothBondStateMachine: make
04-11 20:45:20.345 25383 25409 I BluetoothBondStateMachine: StableState(): Entering Off State
04-11 20:45:20.346 25383 25398 D BluetoothAdapterService: setProfileServiceState() - Starting service com.android.bluetooth.gatt.GattService
04-11 20:45:20.349 25383 25398 I BluetoothAdapterState: Entering PendingCommandState
04-11 20:45:20.350 25383 25383 I BtGatt.JNI: classInitNative(L871): classInitNative: Success!
04-11 20:45:20.351 25383 25383 D BtGatt.DebugUtils: handleDebugAction() action=null
04-11 20:45:20.351 25383 25383 D BluetoothAdapterService: getAdapterService() - returning com.android.bluetooth.btservice.AdapterService@e97793c
04-11 20:45:20.353 25383 25383 D BtGatt.GattService: Received start request. Starting profile...
04-11 20:45:20.353 25383 25383 I bt_btif : get_profile_interface: id = gatt
04-11 20:45:20.354 25383 25383 D BluetoothAdapterService: getAdapterService() - returning com.android.bluetooth.btservice.AdapterService@e97793c
04-11 20:45:20.363 25383 25383 I chatty  : uid=1002(bluetooth) com.android.bluetooth identical 1 line
04-11 20:45:20.363 25383 25383 D BluetoothAdapterService: getAdapterService() - returning com.android.bluetooth.btservice.AdapterService@e97793c
04-11 20:45:20.364 25383 25383 D BluetoothAdapterService: handleMessage() - Message: 1
04-11 20:45:20.364 25383 25383 D BluetoothAdapterService: handleMessage() - MESSAGE_PROFILE_SERVICE_STATE_CHANGED
04-11 20:45:20.365 25383 25383 D BluetoothAdapterService: processProfileServiceStateChanged() - serviceName=com.android.bluetooth.gatt.GattService isTurningOn=false isTurningOff=false isBleTurningOn=true isBleTurningOff=false
04-11 20:45:20.365 25383 25383 D BluetoothAdapterService: GattService is started
04-11 20:45:20.365 25383 25398 V BluetoothAdapterState: PendingCommand - transient state(s): isBleTurningOn
04-11 20:45:20.366 25383 25398 D BluetoothAdapterState: Current state: PENDING_COMMAND, message: 4
04-11 20:45:20.367 25383 25398 I bt_btif : enable: start restricted = 0
04-11 20:45:20.368 25383 25399 I bt_stack_manager: event_start_up_stack is bringing up the stack
04-11 20:45:20.368 25383 25399 I bt_core_module: module_start_up Starting module "btif_config_module"
04-11 20:45:20.369 25383 25399 I bt_core_module: module_start_up Started module "btif_config_module"
04-11 20:45:20.369 25383 25399 I bt_core_module: module_start_up Starting module "btsnoop_module"
04-11 20:45:20.370 25383 25399 I bt_core_module: module_start_up Started module "btsnoop_module"
04-11 20:45:20.371 25383 25399 I bt_core_module: module_start_up Starting module "hci_module"
04-11 20:45:20.371 25383 25399 I bt_hci  : hci_module_start_up
04-11 20:45:20.371 25383 25414 I bt_osi_thread: run_thread: thread id 25414, thread name hci_thread started
04-11 20:45:20.372 25383 25399 D bt_hci  : hci_module_start_up starting async portion
04-11 20:45:20.372 25383 25414 I bt_hci  : hci_initialize
04-11 20:45:20.375 25383 25414 I bt_hci  : hci_initialize: IBluetoothHci::getService() returned 0x7f0263d480 (remote)
04-11 20:45:20.492 25383 25414 I bt_hci  : event_finish_startup
04-11 20:45:20.492 25383 25399 I bt_core_module: module_start_up Started module "hci_module"
04-11 20:45:20.493 25383 25419 I bt_osi_thread: run_thread: thread id 25419, thread name bt_workqueue started
04-11 20:45:20.494 25383 25419 I         : [0411/204520:INFO:btu_task.cc(107)] Bluetooth chip preload is complete
04-11 20:45:20.495 25383 25419 I         : [0411/204520:INFO:gatt_api.cc(1004)] GATT_Register
04-11 20:45:20.495 25383 25419 I         : [0411/204520:INFO:gatt_api.cc(1027)] allocated gatt_if=1
04-11 20:45:20.495 25383 25419 I         : [0411/204520:INFO:gatt_api.cc(207)] GATTS_AddService
04-11 20:45:20.495 25383 25419 I         : [0411/204520:INFO:gatt_api.cc(317)] GATTS_AddService: service parsed correctly, now starting
04-11 20:45:20.495 25383 25419 E         : [0411/204520:ERROR:gatt_attr.cc(301)] gatt_profile_db_init:  gatt_if=1
04-11 20:45:20.495 25383 25419 I         : [0411/204520:INFO:gatt_api.cc(1004)] GATT_Register
04-11 20:45:20.495 25383 25419 I         : [0411/204520:INFO:gatt_api.cc(1027)] allocated gatt_if=2
04-11 20:45:20.495 25383 25419 I         : [0411/204520:INFO:gatt_api.cc(207)] GATTS_AddService
04-11 20:45:20.496 25383 25419 I         : [0411/204520:INFO:gatt_api.cc(317)] GATTS_AddService: service parsed correctly, now starting
04-11 20:45:20.497 25383 25420 I bt_osi_thread: run_thread: thread id 25420, thread name btu message loop started
04-11 20:45:20.499 25383 25421 I bt_osi_thread: run_thread: thread id 25421, thread name module_wrapper started
04-11 20:45:20.499 25383 25421 I bt_core_module: module_start_up Starting module "controller_module"
04-11 20:45:20.728 25383 25421 I bt_core_module: module_start_up Started module "controller_module"
04-11 20:45:20.728 25383 25421 W bt_osi_thread: run_thread: thread id 25421, thread name module_wrapper exited
04-11 20:45:20.730 25383 25419 W bt_btm  : btm_decode_ext_features_page: feature page 1 ignored
04-11 20:45:20.730 25383 25419 W bt_btm  : btm_decode_ext_features_page: feature page 2 ignored
04-11 20:45:20.730 25383 25420 I bt_btm_sec: BTM_SecRegister p_cb_info->p_le_callback == 0x0x7ef4b4ed2c
04-11 20:45:20.731 25383 25420 I bt_btm_sec: BTM_SecRegister btm_cb.api.p_le_callback = 0x0x7ef4b4ed2c 
04-11 20:45:20.734 25383 25420 I bt_stack: [INFO:gatt_api.cc(1004)] GATT_Register
04-11 20:45:20.734 25383 25420 I bt_stack: [INFO:gatt_api.cc(1027)] allocated gatt_if=3
04-11 20:45:20.777 25383 25420 I bt_stack: [INFO:ble_advertiser_hci_interface.cc(708)] VSC advertising will be in use
04-11 20:45:20.777 25383 25420 I bt_stack: [INFO:ble_advertiser_hci_interface.cc(259)] QuirkAdvertiserZeroHandle in use
04-11 20:45:20.778 25383 25404 D BluetoothAdapterProperties: BT_PROPERTY_LOCAL_LE_FEATURES: update from BT controller mNumOfAdvertisementInstancesSupported = 10 mRpaOffloadSupported = true mNumOfOffloadedIrkSupported = 8 mNumOfOffloadedScanFilterSupported = 16 mOffloadedScanResultStorageBytes= 10240 mIsActivityAndEnergyReporting = true mVersSupported = 96 mTotNumOfTrackableAdv = 32 mIsExtendedScanSupported = true mIsDebugLogSupported = true mIsLe2MPhySupported = false mIsLeCodedPhySupported = false mIsLeExtendedAdvertisingSupported = false mIsLePeriodicAdvertisingSupported = false mLeMaximumAdvertisingDataLength = 31
04-11 20:45:20.785 25383 25404 E bt_btif_storage: btif_storage_get_adapter_property: Controller ready!
04-11 20:45:20.786 25383 25404 I bt_btif_storage: btif_storage_get_adapter_property service_mask:0x20000000
04-11 20:45:20.787 25383 25404 D BluetoothAdapterProperties: Address is:80:1D:00:33:D8:82
04-11 20:45:20.794 25383 25404 D BluetoothAdapterProperties: Name is: LeEco Le 2
04-11 20:45:20.799 25383 25404 D BluetoothAdapterProperties: Scan Mode:20
04-11 20:45:20.799 25383 25404 D BluetoothAdapterProperties: Discoverable Timeout:120
04-11 20:45:20.800 25383 25404 I bt_btif_core: btif_enable_bluetooth_evt entered: status 0
04-11 20:45:20.802 25383 25423 I bt_osi_thread: run_thread: thread id 25423, thread name btif_sock started
04-11 20:45:20.804 25383 25404 D bt_bte_conf: Device ID record 1 : primary
04-11 20:45:20.804 25383 25404 D bt_bte_conf:   vendorId            = 000f
04-11 20:45:20.804 25383 25404 D bt_bte_conf:   vendorIdSource      = 0001
04-11 20:45:20.804 25383 25404 D bt_bte_conf:   product             = 1200
04-11 20:45:20.804 25383 25404 D bt_bte_conf:   version             = 1436
04-11 20:45:20.804 25383 25404 D bt_bte_conf:   clientExecutableURL = 
04-11 20:45:20.804 25383 25404 D bt_bte_conf:   serviceDescription  = 
04-11 20:45:20.804 25383 25404 D bt_bte_conf:   documentationURL    = 
04-11 20:45:20.804 25383 25404 D bt_bte_conf: bte_load_did_conf no section named DID2.
04-11 20:45:20.805 25383 25404 I bt_btif_core: btif_enable_bluetooth_evt finished
04-11 20:45:20.805 25383 25399 I bt_stack_manager: event_start_up_stack finished
04-11 20:45:20.806 25383 25398 V BluetoothAdapterState: PendingCommand - transient state(s): isBleTurningOn
04-11 20:45:20.806 25383 25398 D BluetoothAdapterState: Current state: PENDING_COMMAND, message: 3
04-11 20:45:20.806 25383 25398 D BluetoothAdapterProperties: Setting state to 15
04-11 20:45:20.806 25383 25398 I BluetoothAdapterState: Bluetooth adapter state changed: 14-> 15
04-11 20:45:20.806 25383 25398 D BluetoothAdapterService: updateAdapterState() - Broadcasting state to 1 receivers.
04-11 20:45:20.808 25383 25398 I BluetoothAdapterState: Entering BleOnState
04-11 20:45:20.816 25383 25398 D BluetoothAdapterState: Current state: BLE ON, message: 1
04-11 20:45:20.817 25383 25398 D BluetoothAdapterProperties: Setting state to 11
04-11 20:45:20.817 25383 25398 I BluetoothAdapterState: Bluetooth adapter state changed: 15-> 11
04-11 20:45:20.817 25383 25398 D BluetoothAdapterService: updateAdapterState() - Broadcasting state to 1 receivers.
04-11 20:45:20.818 25383 25398 D BluetoothAdapterService: startCoreServices()
04-11 20:45:20.818 25383 25398 D BluetoothAdapterService: setProfileServiceState() - Starting service com.android.bluetooth.hfp.HeadsetService
04-11 20:45:20.828 25383 25398 D BluetoothAdapterService: setProfileServiceState() - Starting service com.android.bluetooth.a2dp.A2dpService
04-11 20:45:20.830 25383 25383 D BluetoothAdapterService: getAdapterService() - returning com.android.bluetooth.btservice.AdapterService@e97793c
04-11 20:45:20.831 25383 25383 D HeadsetService: Received start request. Starting profile...
04-11 20:45:20.834 25383 25398 D BluetoothAdapterService: setProfileServiceState() - Starting service com.android.bluetooth.hid.HidService
04-11 20:45:20.834 25383 25383 I BluetoothHeadsetServiceJni: classInitNative: succeeds
04-11 20:45:20.835 25383 25383 D HeadsetStateMachine: make
04-11 20:45:20.837 25383 25398 D BluetoothAdapterService: setProfileServiceState() - Starting service com.android.bluetooth.hdp.HealthService
04-11 20:45:20.841 25383 25398 D BluetoothAdapterService: setProfileServiceState() - Starting service com.android.bluetooth.pan.PanService
04-11 20:45:20.844 25383 25398 D BluetoothAdapterService: setProfileServiceState() - Starting service com.android.bluetooth.map.BluetoothMapService
04-11 20:45:20.847 25383 25398 D BluetoothAdapterService: setProfileServiceState() - Starting service com.android.bluetooth.hfpclient.HeadsetClientService
04-11 20:45:20.851 25383 25398 D BluetoothAdapterService: setProfileServiceState() - Starting service com.android.bluetooth.avrcpcontroller.AvrcpControllerService
04-11 20:45:20.851 25383 25383 D HeadsetStateMachine: max_hf_connections = 1
04-11 20:45:20.852 25383 25383 D HeadsetStateMachine: in-band_ringing_support = true
04-11 20:45:20.852 25383 25383 I bt_btif : get_profile_interface: id = handsfree
04-11 20:45:20.852 25383 25420 I bt_stack: [INFO:port_api.cc(123)] RFCOMM_CreateConnection BDA: ff:ff:ff:ff:ff:ff
04-11 20:45:20.853 25383 25420 I bt_stack: [INFO:port_api.cc(123)] RFCOMM_CreateConnection BDA: ff:ff:ff:ff:ff:ff
04-11 20:45:20.854 25383 25398 D BluetoothAdapterService: setProfileServiceState() - Starting service com.android.bluetooth.sap.SapService
04-11 20:45:20.857 25383 25404 I bt_btif_storage: btif_storage_get_adapter_property service_mask:0x20000040
04-11 20:45:20.857 25383 25404 E bt_btif : btif_hf_upstreams_evt: Invalid index 5666
04-11 20:45:20.859 25383 25383 D BluetoothAdapterService: getAdapterService() - returning com.android.bluetooth.btservice.AdapterService@e97793c
04-11 20:45:20.859 25383 25398 D BluetoothAdapterService: setProfileServiceState() - Starting service com.android.bluetooth.opp.BluetoothOppService
04-11 20:45:20.864 25383 25398 D BluetoothAdapterService: setProfileServiceState() - Starting service com.android.bluetooth.pbap.BluetoothPbapService
04-11 20:45:20.865 25383 25383 D BluetoothAdapterService: getAdapterService() - returning com.android.bluetooth.btservice.AdapterService@e97793c
04-11 20:45:20.865 25383 25383 D A2dpService: Received start request. Starting profile...
04-11 20:45:20.866 25383 25383 I BluetoothAvrcpServiceJni: classInitNative: succeeds
04-11 20:45:20.866 25383 25383 V Avrcp   : make
04-11 20:45:20.868 25383 25383 I bt_btif : get_profile_interface: id = avrcp
04-11 20:45:20.871 25383 25398 I BluetoothAdapterState: Entering PendingCommandState
04-11 20:45:20.881 25383 25383 V Avrcp   : initMediaPlayerInfoList: 0 controllers
04-11 20:45:20.885 25383 25383 V Avrcp   : updatePlaybackState (1): -1➡0(PlaybackState {state=0, position=-1, buffered position=0, speed=0.0, updated=343322769, actions=0, custom actions=[], active item id=-1, error=null})
04-11 20:45:20.885 25383 25383 I Avrcp   : Skipping update due to invalid playback state
04-11 20:45:20.886 25383 25383 E Avrcp   : play status change -1➡0 mPlayStatusChangedNT: 1
04-11 20:45:20.886 25383 25383 E bt_btif : register_notification_rsp: Avrcp device is not connected, handle: 0x0
04-11 20:45:20.886 25383 25383 D Avrcp   : sendPlayPosNotificationRsp: Not registered or requesting.
04-11 20:45:20.888 25383 25383 D Avrcp   : User already unlocked, initializing player lists
04-11 20:45:20.889 25383 25383 V Avrcp   : updatePlaybackState (1): 0➡0(PlaybackState {state=0, position=-1, buffered position=0, speed=0.0, updated=343322776, actions=0, custom actions=[], active item id=-1, error=null})
04-11 20:45:20.890 25383 25383 I Avrcp   : Skipping update due to invalid playback state
04-11 20:45:20.890 25383 25383 E Avrcp   : play status change 0➡0 mPlayStatusChangedNT: 1
04-11 20:45:20.890 25383 25383 D Avrcp   : sendPlayPosNotificationRsp: Not registered or requesting.
04-11 20:45:20.892 25383 25383 I BluetoothA2dpServiceJni: classInitNative: succeeds
04-11 20:45:20.892 25383 25383 D A2dpStateMachine: make
04-11 20:45:20.894 25383 25383 I bt_btif : get_profile_interface: id = a2dp
04-11 20:45:20.894 25383 25428 I bt_osi_thread: run_thread: thread id 25428, thread name btif_a2dp_source started
04-11 20:45:20.894 25383 25383 D a2dp_codec: init
04-11 20:45:20.894 25383 25383 D a2dp_codec: createCodec: codec SBC
04-11 20:45:20.895 25383 25383 I a2dp_codec: init: updated SBC codec priority to 1001
04-11 20:45:20.895 25383 25383 D a2dp_codec: createCodec: codec AAC
04-11 20:45:20.895 25383 25383 I a2dp_codec: init: updated AAC codec priority to 2001
04-11 20:45:20.895 25383 25383 D a2dp_codec: createCodec: codec aptX
04-11 20:45:20.895 25383 25404 I bt_btif_storage: btif_storage_get_adapter_property service_mask:0x20000048
04-11 20:45:20.896 25383 25420 I bt_bta_av: AVRCP version used for sdp: "avrcp14"
04-11 20:45:20.896 25383 25404 E bt_btif : btif_sm_dispatch : Invalid handle
04-11 20:45:20.900 25383 25383 E a2dp_vendor_aptx_encoder: A2DP_VendorLoadEncoderAptx: cannot open aptX encoder library libaptX_encoder.so: dlopen failed: library "libaptX_encoder.so" not found
04-11 20:45:20.900 25383 25383 E a2dp_vendor_aptx: init: cannot load the encoder
04-11 20:45:20.900 25383 25383 D a2dp_codec: createCodec: codec aptX-HD
04-11 20:45:20.901 25383 25383 E a2dp_vendor_aptx_hd_encoder: A2DP_VendorLoadEncoderAptxHd: cannot open aptX-HD encoder library libaptXHD_encoder.so: dlopen failed: library "libaptXHD_encoder.so" not found
04-11 20:45:20.901 25383 25383 E a2dp_vendor_aptx_hd: init: cannot load the encoder
04-11 20:45:20.902 25383 25404 E bt_btif : btif_sm_dispatch : Invalid handle
04-11 20:45:20.902 25383 25383 D a2dp_codec: createCodec: codec LDAC
04-11 20:45:20.906 25383 25383 I a2dp_codec: init: updated LDAC codec priority to 5001
04-11 20:45:20.906 25383 25383 D a2dp_codec: createCodec: codec SBC SINK
04-11 20:45:20.906 25383 25383 I a2dp_codec: init: initialized Source codec LDAC
04-11 20:45:20.906 25383 25383 I a2dp_codec: init: initialized Source codec AAC
04-11 20:45:20.906 25383 25383 I a2dp_codec: init: initialized Source codec SBC
04-11 20:45:20.906 25383 25383 I a2dp_codec: init: initialized Sink codec SBC(Sink)
04-11 20:45:20.906 25383 25383 W bt_btif : ## ON A2DP IDLE ## peer_sep = 0
04-11 20:45:20.906 25383 25404 I BluetoothA2dpServiceJni: bta2dp_audio_config_callback
04-11 20:45:20.907 25383 25404 D A2dpStateMachine: A2DP Codec Config: null->{codecName:SBC,mCodecType:0,mCodecPriority:0,mSampleRate:0x0(NONE),mBitsPerSample:0x0(NONE),mChannelMode:0x0(NONE),mCodecSpecific1:0,mCodecSpecific2:0,mCodecSpecific3:0,mCodecSpecific4:0}
04-11 20:45:20.907 25383 25404 D A2dpStateMachine: A2DP Codec Local Capability: {codecName:LDAC,mCodecType:4,mCodecPriority:5001,mSampleRate:0xf(44100|48000|88200|96000),mBitsPerSample:0x7(16|24|32),mChannelMode:0x2(STEREO),mCodecSpecific1:0,mCodecSpecific2:0,mCodecSpecific3:0,mCodecSpecific4:0}
04-11 20:45:20.908 25383 25404 D A2dpStateMachine: A2DP Codec Local Capability: {codecName:AAC,mCodecType:1,mCodecPriority:2001,mSampleRate:0x1(44100),mBitsPerSample:0x1(16),mChannelMode:0x2(STEREO),mCodecSpecific1:0,mCodecSpecific2:0,mCodecSpecific3:0,mCodecSpecific4:0}
04-11 20:45:20.908 25383 25404 D A2dpStateMachine: A2DP Codec Local Capability: {codecName:SBC,mCodecType:0,mCodecPriority:1001,mSampleRate:0x1(44100),mBitsPerSample:0x1(16),mChannelMode:0x3(MONO|STEREO),mCodecSpecific1:0,mCodecSpecific2:0,mCodecSpecific3:0,mCodecSpecific4:0}
04-11 20:45:20.909 25383 25427 D A2dpStateMachine: Enter Disconnected: -2
04-11 20:45:20.911 25383 25383 D BluetoothAdapterService: getAdapterService() - returning com.android.bluetooth.btservice.AdapterService@e97793c
04-11 20:45:20.912 25383 25383 I BluetoothHidServiceJni: classInitNative: succeeds
04-11 20:45:20.914 25383 25383 D BluetoothAdapterService: getAdapterService() - returning com.android.bluetooth.btservice.AdapterService@e97793c
04-11 20:45:20.915 25383 25383 D HidService: Received start request. Starting profile...
04-11 20:45:20.915 25383 25383 I bt_btif : get_profile_interface: id = hidhost
04-11 20:45:20.915 25383 25404 I bt_bta_hh: BTA_HhEnable sec_mask:0x36 p_cback:0x7ef4bb4448
04-11 20:45:20.915 25383 25383 D HidService: setHidService(): set to: null
04-11 20:45:20.915 25383 25383 D BluetoothAdapterService: getAdapterService() - returning com.android.bluetooth.btservice.AdapterService@e97793c
04-11 20:45:20.915 25383 25420 I bt_stack: [INFO:gatt_api.cc(1004)] GATT_Register
04-11 20:45:20.916 25383 25420 I bt_stack: [INFO:gatt_api.cc(1027)] allocated gatt_if=4
04-11 20:45:20.916 25383 25404 I bt_btif_storage: btif_storage_get_adapter_property service_mask:0x20100048
04-11 20:45:20.916 25383 25383 I BluetoothHealthServiceJni: classInitNative: succeeds
04-11 20:45:20.918 25383 25383 D BluetoothAdapterService: getAdapterService() - returning com.android.bluetooth.btservice.AdapterService@e97793c
04-11 20:45:20.919 25383 25383 D HealthService: Received start request. Starting profile...
04-11 20:45:20.921 25383 25383 I bt_btif : get_profile_interface: id = health
04-11 20:45:20.921 25383 25383 D BluetoothAdapterService: getAdapterService() - returning com.android.bluetooth.btservice.AdapterService@e97793c
04-11 20:45:20.923 25383 25383 I BluetoothPanServiceJni: classInitNative(L111): succeeds
04-11 20:45:20.924 25383 25383 D BluetoothAdapterService: getAdapterService() - returning com.android.bluetooth.btservice.AdapterService@e97793c
04-11 20:45:20.925 25383 25383 D PanService: Received start request. Starting profile...
04-11 20:45:20.926 25383 25383 D BluetoothPanServiceJni: initializeNative(L116): pan
04-11 20:45:20.926 25383 25383 I bt_btif : get_profile_interface: id = pan
04-11 20:45:20.926 25383 25383 D BluetoothAdapterService: getAdapterService() - returning com.android.bluetooth.btservice.AdapterService@e97793c
04-11 20:45:20.926 25383 25404 D BluetoothPanServiceJni: control_state_callback(L63): state:0, local_role:3, ifname:bt-pan
04-11 20:45:20.940 25383 25383 D BluetoothAdapterService: getAdapterService() - returning com.android.bluetooth.btservice.AdapterService@e97793c
04-11 20:45:20.942 25383 25383 D BluetoothMapService: Received start request. Starting profile...
04-11 20:45:20.942 25383 25383 D BluetoothMapService: start()
04-11 20:45:20.948 25383 25383 D BluetoothMapAccountLoader: Found 0 application(s) with intent android.bluetooth.action.BLUETOOTH_MAP_PROVIDER
04-11 20:45:20.949 25383 25383 D BluetoothMapAccountLoader: Found 0 application(s) with intent android.bluetooth.action.BLUETOOTH_MAP_IM_PROVIDER
04-11 20:45:20.949 25383 25383 D BluetoothMapAppObserver: createReceiver()
04-11 20:45:20.952 25383 25383 D BluetoothMapAppObserver: initObservers()
04-11 20:45:20.952 25383 25383 D BluetoothMapAppObserver: getEnabledAccountItems()
04-11 20:45:20.953 25383 25383 D BluetoothAdapterService: getAdapterService() - returning com.android.bluetooth.btservice.AdapterService@e97793c
04-11 20:45:20.955 25383 25383 I BluetoothHeadsetClientServiceJni: classInitNative succeeds
04-11 20:45:20.958 25383 25383 D BluetoothAdapterService: getAdapterService() - returning com.android.bluetooth.btservice.AdapterService@e97793c
04-11 20:45:20.959 25383 25383 D HeadsetClientService: Received start request. Starting profile...
04-11 20:45:20.959 25383 25383 D BluetoothHeadsetClientServiceJni: initializeNative: HfpClient
04-11 20:45:20.959 25383 25383 I bt_btif : get_profile_interface: id = handsfree_client
04-11 20:45:20.959 25383 25404 I bt_stack: [INFO:port_api.cc(123)] RFCOMM_CreateConnection BDA: ff:ff:ff:ff:ff:ff
04-11 20:45:20.960 25383 25404 I bt_btif_storage: btif_storage_get_adapter_property service_mask:0x21100048
04-11 20:45:20.971 25383 25383 D BluetoothHeadsetClientServiceJni: initializeNative: HfpClient
04-11 20:45:20.971 25383 25383 W BluetoothHeadsetClientServiceJni: Cleaning up Bluetooth HFP Client Interface before initializing
04-11 20:45:20.971 25383 25383 W BluetoothHeadsetClientServiceJni: Cleaning up Bluetooth HFP Client callback object
04-11 20:45:20.971 25383 25404 I bt_btif_queue: queue_int_cleanup: UUID=111E
04-11 20:45:20.971 25383 25383 I bt_btif : get_profile_interface: id = handsfree_client
04-11 20:45:20.972 25383 25383 D BluetoothAdapterService: getAdapterService() - returning com.android.bluetooth.btservice.AdapterService@e97793c
04-11 20:45:20.975 25383 25404 I bt_btif_storage: btif_storage_get_adapter_property service_mask:0x21100048
04-11 20:45:20.976 25383 25383 I BluetoothAvrcpControllerJni: classInitNative: succeeds
04-11 20:45:20.976 25383 25383 I bt_btif : get_profile_interface: id = avrcp_ctrl
04-11 20:45:20.978 25383 25404 I bt_stack: [INFO:port_api.cc(123)] RFCOMM_CreateConnection BDA: ff:ff:ff:ff:ff:ff
04-11 20:45:20.978 25383 25404 I bt_btif_storage: btif_storage_get_adapter_property service_mask:0x21100048
04-11 20:45:20.982 25383 25383 D BluetoothAdapterService: getAdapterService() - returning com.android.bluetooth.btservice.AdapterService@e97793c
04-11 20:45:20.984 25383 25383 D AvrcpControllerService: Received start request. Starting profile...
04-11 20:45:20.998 25383 25383 D AvrcpControllerService: setAvrcpControllerService(): set to: null
04-11 20:45:20.998 25383 25383 D BluetoothAdapterService: getAdapterService() - returning com.android.bluetooth.btservice.AdapterService@e97793c
04-11 20:45:21.000 25383 25383 V SapService: SapBinder()
04-11 20:45:21.000 25383 25383 D BluetoothAdapterService: getAdapterService() - returning com.android.bluetooth.btservice.AdapterService@e97793c
04-11 20:45:21.001 25383 25383 D SapService: Received start request. Starting profile...
04-11 20:45:21.001 25383 25383 V SapService: start()
04-11 20:45:21.003 25383 25383 D BluetoothAdapterService: getAdapterService() - returning com.android.bluetooth.btservice.AdapterService@e97793c
04-11 20:45:21.003 25383 25383 D BluetoothAdapterService: handleMessage() - Message: 1
04-11 20:45:21.004 25383 25383 D BluetoothAdapterService: handleMessage() - MESSAGE_PROFILE_SERVICE_STATE_CHANGED
04-11 20:45:21.004 25383 25383 D BluetoothAdapterService: processProfileServiceStateChanged() - serviceName=com.android.bluetooth.hfp.HeadsetService isTurningOn=true isTurningOff=false isBleTurningOn=false isBleTurningOff=false
04-11 20:45:21.004 25383 25425 D HeadsetPhoneState: sendDeviceStateChanged. mService=0 mIsSimStateLoaded=false mSignal=0 mRoam=0 mBatteryCharge=3
04-11 20:45:21.007 25383 25383 D BluetoothAdapterService: onProfileServiceStateChange() - Profile still not running:com.android.bluetooth.a2dp.A2dpService
04-11 20:45:21.018 25383 25383 D BluetoothAdapterService: getAdapterService() - returning com.android.bluetooth.btservice.AdapterService@e97793c
04-11 20:45:21.020 25383 25383 D BluetoothOppService: Received start request. Starting profile...
04-11 20:45:21.020 25383 25383 D BluetoothAdapterService: getAdapterService() - returning com.android.bluetooth.btservice.AdapterService@e97793c
04-11 20:45:21.023 25383 25383 V BluetoothPbapService: PbapBinder()
04-11 20:45:21.024 25383 25383 D BluetoothAdapterService: getAdapterService() - returning com.android.bluetooth.btservice.AdapterService@e97793c
04-11 20:45:21.025 25383 25383 D BluetoothPbapService: Received start request. Starting profile...
04-11 20:45:21.026 25383 25383 V BluetoothPbapService: start()
04-11 20:45:21.029 25383 25383 D BluetoothPbapService: Registering observer
04-11 20:45:21.041 25383 25383 D BluetoothAdapterService: getAdapterService() - returning com.android.bluetooth.btservice.AdapterService@e97793c
04-11 20:45:21.042 25383 25383 D BluetoothAdapterService: handleMessage() - Message: 1
04-11 20:45:21.042 25383 25383 D BluetoothAdapterService: handleMessage() - MESSAGE_PROFILE_SERVICE_STATE_CHANGED
04-11 20:45:21.042 25383 25383 D BluetoothAdapterService: processProfileServiceStateChanged() - serviceName=com.android.bluetooth.a2dp.A2dpService isTurningOn=true isTurningOff=false isBleTurningOn=false isBleTurningOff=false
04-11 20:45:21.042 25383 25383 D BluetoothAdapterService: onProfileServiceStateChange() - Profile still not running:com.android.bluetooth.map.BluetoothMapService
04-11 20:45:21.042 25383 25383 D BluetoothAdapterService: handleMessage() - Message: 1
04-11 20:45:21.042 25383 25383 D BluetoothAdapterService: handleMessage() - MESSAGE_PROFILE_SERVICE_STATE_CHANGED
04-11 20:45:21.043 25383 25383 D BluetoothAdapterService: processProfileServiceStateChanged() - serviceName=com.android.bluetooth.hid.HidService isTurningOn=true isTurningOff=false isBleTurningOn=false isBleTurningOff=false
04-11 20:45:21.043 25383 25383 D BluetoothAdapterService: onProfileServiceStateChange() - Profile still not running:com.android.bluetooth.map.BluetoothMapService
04-11 20:45:21.043 25383 25383 D BluetoothAdapterService: handleMessage() - Message: 1
04-11 20:45:21.043 25383 25383 D BluetoothAdapterService: handleMessage() - MESSAGE_PROFILE_SERVICE_STATE_CHANGED
04-11 20:45:21.043 25383 25383 D BluetoothAdapterService: processProfileServiceStateChanged() - serviceName=com.android.bluetooth.hdp.HealthService isTurningOn=true isTurningOff=false isBleTurningOn=false isBleTurningOff=false
04-11 20:45:21.044 25383 25383 D BluetoothAdapterService: onProfileServiceStateChange() - Profile still not running:com.android.bluetooth.map.BluetoothMapService
04-11 20:45:21.044 25383 25383 D BluetoothAdapterService: handleMessage() - Message: 1
04-11 20:45:21.044 25383 25383 D BluetoothAdapterService: handleMessage() - MESSAGE_PROFILE_SERVICE_STATE_CHANGED
04-11 20:45:21.044 25383 25383 D BluetoothAdapterService: processProfileServiceStateChanged() - serviceName=com.android.bluetooth.pan.PanService isTurningOn=true isTurningOff=false isBleTurningOn=false isBleTurningOff=false
04-11 20:45:21.044 25383 25383 D BluetoothAdapterService: onProfileServiceStateChange() - Profile still not running:com.android.bluetooth.map.BluetoothMapService
04-11 20:45:21.045 25383 25383 D BluetoothAdapterService: handleMessage() - Message: 1
04-11 20:45:21.045 25383 25383 D BluetoothAdapterService: handleMessage() - MESSAGE_PROFILE_SERVICE_STATE_CHANGED
04-11 20:45:21.045 25383 25383 D BluetoothAdapterService: processProfileServiceStateChanged() - serviceName=com.android.bluetooth.map.BluetoothMapService isTurningOn=true isTurningOff=false isBleTurningOn=false isBleTurningOff=false
04-11 20:45:21.045 25383 25383 D BluetoothAdapterService: onProfileServiceStateChange() - Profile still not running:com.android.bluetooth.avrcpcontroller.AvrcpControllerService
04-11 20:45:21.046 25383 25383 D BluetoothAdapterService: handleMessage() - Message: 1
04-11 20:45:21.046 25383 25383 D BluetoothAdapterService: handleMessage() - MESSAGE_PROFILE_SERVICE_STATE_CHANGED
04-11 20:45:21.046 25383 25383 D BluetoothAdapterService: processProfileServiceStateChanged() - serviceName=com.android.bluetooth.hfpclient.HeadsetClientService isTurningOn=true isTurningOff=false isBleTurningOn=false isBleTurningOff=false
04-11 20:45:21.046 25383 25383 D BluetoothAdapterService: onProfileServiceStateChange() - Profile still not running:com.android.bluetooth.avrcpcontroller.AvrcpControllerService
04-11 20:45:21.046 25383 25383 D BluetoothAdapterService: handleMessage() - Message: 1
04-11 20:45:21.046 25383 25383 D BluetoothAdapterService: handleMessage() - MESSAGE_PROFILE_SERVICE_STATE_CHANGED
04-11 20:45:21.046 25383 25383 D BluetoothAdapterService: processProfileServiceStateChanged() - serviceName=com.android.bluetooth.avrcpcontroller.AvrcpControllerService isTurningOn=true isTurningOff=false isBleTurningOn=false isBleTurningOff=false
04-11 20:45:21.047 25383 25383 D BluetoothAdapterService: onProfileServiceStateChange() - Profile still not running:com.android.bluetooth.sap.SapService
04-11 20:45:21.049 25383 25383 D BluetoothAdapterService: handleMessage() - Message: 1
04-11 20:45:21.049 25383 25383 D BluetoothAdapterService: handleMessage() - MESSAGE_PROFILE_SERVICE_STATE_CHANGED
04-11 20:45:21.049 25383 25383 D BluetoothAdapterService: processProfileServiceStateChanged() - serviceName=com.android.bluetooth.sap.SapService isTurningOn=true isTurningOff=false isBleTurningOn=false isBleTurningOff=false
04-11 20:45:21.049 25383 25383 D BluetoothAdapterService: onProfileServiceStateChange() - Profile still not running:com.android.bluetooth.pbap.BluetoothPbapService
04-11 20:45:21.050 25383 25383 D BluetoothAdapterService: handleMessage() - Message: 1
04-11 20:45:21.050 25383 25383 D BluetoothAdapterService: handleMessage() - MESSAGE_PROFILE_SERVICE_STATE_CHANGED
04-11 20:45:21.051 25383 25383 D BluetoothAdapterService: processProfileServiceStateChanged() - serviceName=com.android.bluetooth.opp.BluetoothOppService isTurningOn=true isTurningOff=false isBleTurningOn=false isBleTurningOff=false
04-11 20:45:21.051 25383 25383 D BluetoothAdapterService: onProfileServiceStateChange() - Profile still not running:com.android.bluetooth.pbap.BluetoothPbapService
04-11 20:45:21.059 25383 25383 D BluetoothAdapterService: handleMessage() - Message: 1
04-11 20:45:21.059 25383 25383 D BluetoothAdapterService: handleMessage() - MESSAGE_PROFILE_SERVICE_STATE_CHANGED
04-11 20:45:21.059 25383 25383 D BluetoothAdapterService: processProfileServiceStateChanged() - serviceName=com.android.bluetooth.pbap.BluetoothPbapService isTurningOn=true isTurningOff=false isBleTurningOn=false isBleTurningOff=false
04-11 20:45:21.059 25383 25383 D BluetoothAdapterService: onProfileServiceStateChange() - All profile services started.
04-11 20:45:21.060 25383 25398 V BluetoothAdapterState: PendingCommand - transient state(s): isTurningOn
04-11 20:45:21.060 25383 25398 D BluetoothAdapterState: Current state: PENDING_COMMAND, message: 2
04-11 20:45:21.061 25383 25398 D BluetoothAdapterProperties: onBluetoothReady, state=11, ScanMode=20
04-11 20:45:21.061 25383 25398 D BluetoothAdapterProperties: Setting state to 12
04-11 20:45:21.061 25383 25398 I BluetoothAdapterState: Bluetooth adapter state changed: 11-> 12
04-11 20:45:21.061 25383 25398 D BluetoothAdapterService: updateAdapterState() - Broadcasting state to 1 receivers.
04-11 20:45:21.062 25383 25398 I BluetoothAdapterState: Entering OnState
04-11 20:45:21.062 25383 25398 D BluetoothAdapterService: updateUuids() - Updating UUIDs for bonded devices
04-11 20:45:21.074 25383 25404 D BluetoothAdapterProperties: Scan Mode:21
04-11 20:45:21.074 25383 25404 D BluetoothAdapterProperties: Discoverable Timeout:120
04-11 20:45:21.102 25383 25383 D BluetoothMapService: onReceive
04-11 20:45:21.102 25383 25383 D BluetoothMapService: onReceive: android.bluetooth.adapter.action.STATE_CHANGED
04-11 20:45:21.102 25383 25383 D BluetoothMapService: STATE_ON
04-11 20:45:21.116 25383 25383 D BluetoothPbapService: action: android.bluetooth.adapter.action.STATE_CHANGED
04-11 20:45:21.117 25383 25383 D BluetoothPbapService: state: 12
04-11 20:45:21.117 25383 25383 D BluetoothAdapterService: isQuetModeEnabled() - Enabled = false
04-11 20:45:21.117 25383 25383 D BluetoothPhonePolicy: autoConnect() - Initiate auto connection on BT on...
04-11 20:45:21.121 25383 25383 D BtOppService: start Socket Listeners
04-11 20:45:21.121 25383 25383 D BtOppService: stopListeners   mServerSocket :null
04-11 20:45:21.122 25383 25383 D ObexServerSockets: create(rfcomm = -2, l2capPsm = -2)
04-11 20:45:21.122 25383 25432 D BluetoothMapMasInstance0: Map Service startRfcommSocketListener
04-11 20:45:21.123 25383 25432 D ObexServerSockets: create(rfcomm = -2, l2capPsm = -2)
04-11 20:45:21.123 25383 25404 D BluetoothAdapterProperties: Discoverable Timeout:120
04-11 20:45:21.125 25383 25432 W BluetoothAdapter: getBluetoothService() called with no BluetoothManagerCallback
04-11 20:45:21.125 25383 25383 W BluetoothAdapter: getBluetoothService() called with no BluetoothManagerCallback
04-11 20:45:21.126 25383 25444 W BluetoothAdapter: getBluetoothService() called with no BluetoothManagerCallback
04-11 20:45:21.127 25383 25404 D BluetoothAdapterProperties: Scan Mode:23
04-11 20:45:21.128 25383 25420 I bt_stack: [INFO:port_api.cc(123)] RFCOMM_CreateConnection BDA: ff:ff:ff:ff:ff:ff
04-11 20:45:21.128 25383 25420 I bt_stack: [INFO:port_api.cc(123)] RFCOMM_CreateConnection BDA: ff:ff:ff:ff:ff:ff
04-11 20:45:21.129 25383 25432 W BluetoothAdapter: getBluetoothService() called with no BluetoothManagerCallback
04-11 20:45:21.129 25383 25420 I bt_stack: [INFO:port_api.cc(123)] RFCOMM_CreateConnection BDA: ff:ff:ff:ff:ff:ff
04-11 20:45:21.129 25383 25444 D BluetoothSdpJni: sdpCreateSapsRecordNative
04-11 20:45:21.129 25383 25444 D BluetoothSdpJni: SDP Create record success - handle: 0
04-11 20:45:21.130 25383 25383 W BluetoothAdapter: getBluetoothService() called with no BluetoothManagerCallback
04-11 20:45:21.131 25383 25432 D ObexServerSockets: Succeed to create listening sockets 
04-11 20:45:21.131 25383 25432 D ObexServerSockets0: startAccept()
04-11 20:45:21.131 25383 25432 D ObexServerSockets0: prepareForNewConnect()
04-11 20:45:21.131 25383 25383 D ObexServerSockets: Succeed to create listening sockets 
04-11 20:45:21.131 25383 25383 D ObexServerSockets1: startAccept()
04-11 20:45:21.131 25383 25383 D ObexServerSockets1: prepareForNewConnect()
04-11 20:45:21.135 25383 25383 D BluetoothSdpJni: sdpCreateOppOpsRecordNative
04-11 20:45:21.135 25383 25383 D BluetoothSdpJni: SDP Create record success - handle: 1
04-11 20:45:21.135 25383 25383 D BtOppService: mOppSdpHandle :1
04-11 20:45:21.136 25383 25383 D BluetoothPbapService: startsocketListener
04-11 20:45:21.136 25383 25383 D ObexServerSockets: create(rfcomm = -2, l2capPsm = -2)
04-11 20:45:21.137 25383 25383 W BluetoothAdapter: getBluetoothService() called with no BluetoothManagerCallback
04-11 20:45:21.139 25383 25420 I bt_stack: [INFO:port_api.cc(123)] RFCOMM_CreateConnection BDA: ff:ff:ff:ff:ff:ff
04-11 20:45:21.141 25383 25383 W BluetoothAdapter: getBluetoothService() called with no BluetoothManagerCallback
04-11 20:45:21.143 25383 25383 D ObexServerSockets: Succeed to create listening sockets 
04-11 20:45:21.143 25383 25383 D ObexServerSockets2: startAccept()
04-11 20:45:21.143 25383 25383 D ObexServerSockets2: prepareForNewConnect()
04-11 20:45:21.146 25383 25446 D ObexServerSockets1: Accepting socket connection...
04-11 20:45:21.146 25383 25445 D ObexServerSockets1: Accepting socket connection...
04-11 20:45:21.148 25383 25432 D BluetoothSdpJni: sdpCreateMapMasRecordNative
04-11 20:45:21.148 25383 25432 D BluetoothSdpJni: SDP Create record success - handle: 2
04-11 20:45:21.148 25383 25447 D ObexServerSockets0: Accepting socket connection...
04-11 20:45:21.149 25383 25448 D ObexServerSockets0: Accepting socket connection...
04-11 20:45:21.156 25383 25383 D BluetoothSdpJni: sdpCreatePbapPseRecordNative
04-11 20:45:21.156 25383 25449 D ObexServerSockets2: Accepting socket connection...
04-11 20:45:21.156 25383 25383 D BluetoothSdpJni: SDP Create record success - handle: 3
04-11 20:45:21.163 25383 25450 D ObexServerSockets2: Accepting socket connection...
04-11 20:45:21.175 25383 25383 D BluetoothPbapService: PBAP server with handle:3
04-11 20:45:38.635 25383 25420 W bt_btif : bta_dm_acl_change info: 0x10
04-11 20:45:38.635 25383 25404 D bt_btif_dm: remote version info [a0:a4:c5:68:0f:dc]: 0, 0, 0
04-11 20:45:38.637 25383 25404 E BluetoothRemoteDevices: aclStateChangeCallback: device is NULL, address=A0:A4:C5:68:0F:DC, newState=0
04-11 20:45:38.970 25383 25404 D bt_btif_config: btif_get_device_type: Device [a0:a4:c5:68:0f:dc] type 1
04-11 20:45:38.971 25383 25404 I bt_btif_dm: get_cod remote_cod = 0x000c010c
04-11 20:45:38.972 25383 25404 I BluetoothBondStateMachine: bondStateChangeCallback: Status: 0 Address: A0:A4:C5:68:0F:DC newState: 1
04-11 20:45:38.972 25383 25404 I bt_btif_dm: get_cod remote_cod = 0x000c010c
04-11 20:45:38.979 25383 25409 I BluetoothBondStateMachine: Bond State Change Intent:A0:A4:C5:68:0F:DC OldState: 10 NewState: 11
04-11 20:45:38.980 25383 25409 I BluetoothBondStateMachine: Entering PendingCommandState State
04-11 20:45:39.312 25383 25404 D bt_btif_config: btif_get_device_type: Device [a0:a4:c5:68:0f:dc] type 1
04-11 20:45:39.312 25383 25404 I bt_btif_dm: get_cod remote_cod = 0x000c010c
04-11 20:45:39.313 25383 25404 I BluetoothBondStateMachine: bondStateChangeCallback: Status: 0 Address: A0:A4:C5:68:0F:DC newState: 0
04-11 20:45:39.313 25383 25409 D BluetoothAdapterProperties: Failed to remove device: A0:A4:C5:68:0F:DC
04-11 20:45:39.316 25383 25409 I BluetoothBondStateMachine: Bond State Change Intent:A0:A4:C5:68:0F:DC OldState: 11 NewState: 10
04-11 20:45:39.321 25383 25409 D HidService: getHidService(): returning com.android.bluetooth.hid.HidService@d0b2600
04-11 20:45:39.322 25383 25409 D A2dpSinkService: getA2dpSinkService(): service is NULL
04-11 20:45:39.327 25383 25409 D HidService: Saved priority A0:A4:C5:68:0F:DC = -1
04-11 20:45:39.333 25383 25420 W bt_smp  : for SMP over BR max_key_size: 0x10, local_i_key: 0x07, local_r_key: 0x07, p_cb->loc_auth_req: 0x21
04-11 20:45:39.334 25383 25420 W bt_smp  : smp_send_id_info
04-11 20:45:39.334 25383 25404 D bt_btif_config: btif_get_device_type: Device [a0:a4:c5:68:0f:dc] type 1
04-11 20:45:39.334 25383 25404 I bt_btif_dm: get_cod remote_cod = 0x000c010c
04-11 20:45:39.335 25383 25404 I BluetoothBondStateMachine: bondStateChangeCallback: Status: 0 Address: A0:A4:C5:68:0F:DC newState: 1
04-11 20:45:39.336 25383 25415 W bt_hci_packet_fragmenter: reassemble_and_dispatch got packet which would exceed expected length of 84. Truncating.
04-11 20:45:39.336 25383 25415 F bt_stack: [FATAL:allocation_tracker.cc(160)] Check failed: beginning_canary[i] == canary[i]. 
--------- beginning of crash
04-11 20:45:39.337 25383 25415 F libc    : Fatal signal 6 (SIGABRT), code -6 in tid 25415 (HwBinder:25383_), pid 25383 (droid.bluetooth)
04-11 20:45:39.354 25383 25409 I BluetoothBondStateMachine: StableState(): Entering Off State
04-11 20:45:39.357 25383 25409 I BluetoothBondStateMachine: Bond State Change Intent:A0:A4:C5:68:0F:DC OldState: 10 NewState: 11
04-11 20:45:39.357 25383 25409 I BluetoothBondStateMachine: Entering PendingCommandState State
