--------- beginning of main
04-11 20:45:40.665 25473 25473 D BluetoothOppFileProvider: Initialized
04-11 20:45:40.684 25473 25473 D AdapterServiceConfig: Adding HeadsetService
04-11 20:45:40.686 25473 25473 D AdapterServiceConfig: Adding A2dpService
04-11 20:45:40.686 25473 25473 D AdapterServiceConfig: Adding HidService
04-11 20:45:40.686 25473 25473 D AdapterServiceConfig: Adding HealthService
04-11 20:45:40.686 25473 25473 D AdapterServiceConfig: Adding PanService
04-11 20:45:40.686 25473 25473 D AdapterServiceConfig: Adding GattService
04-11 20:45:40.686 25473 25473 D AdapterServiceConfig: Adding BluetoothMapService
04-11 20:45:40.686 25473 25473 D AdapterServiceConfig: Adding HeadsetClientService
04-11 20:45:40.687 25473 25473 D AdapterServiceConfig: Adding AvrcpControllerService
04-11 20:45:40.687 25473 25473 D AdapterServiceConfig: Adding SapService
04-11 20:45:40.687 25473 25473 W AdapterServiceConfig: Could not find profile bit mask
04-11 20:45:40.687 25473 25473 D AdapterServiceConfig: Adding BluetoothOppService
04-11 20:45:40.687 25473 25473 W AdapterServiceConfig: Could not find profile bit mask
04-11 20:45:40.687 25473 25473 D AdapterServiceConfig: Adding BluetoothPbapService
04-11 20:45:40.706 25473 25473 D BluetoothAdapterService: onCreate()
04-11 20:45:40.712 25473 25473 D BluetoothAdapterState: make() - Creating AdapterState
04-11 20:45:40.715 25473 25473 I bt_btif : init
04-11 20:45:40.715 25473 25473 D bt_osi_allocation_tracker: canary initialized
04-11 20:45:40.716 25473 25489 I bt_osi_thread: run_thread: thread id 25489, thread name stack_manager started
04-11 20:45:40.716 25473 25488 I BluetoothAdapterState: Entering OffState
04-11 20:45:40.716 25473 25489 I bt_stack_manager: event_init_stack is initializing the stack
04-11 20:45:40.717 25473 25489 E bt_osi_config: config_new unable to open file '/data/misc/bluedroid/bt_config.conf': No such file or directory
04-11 20:45:40.717 25473 25489 W bt_btif_config: init unable to load config file: /data/misc/bluedroid/bt_config.conf; using backup.
04-11 20:45:40.718 25473 25492 I bt_osi_thread: run_thread: thread id 25492, thread name alarm_default_ca started
04-11 20:45:40.719 25473 25493 I bt_osi_thread: run_thread: thread id 25493, thread name alarm_dispatcher started
04-11 20:45:40.721 25473 25489 I bt_btif_core: btif_init_bluetooth entered
04-11 20:45:40.723 25473 25489 I bt_stack_config: init attempt to load stack conf from /etc/bluetooth/bt_stack.conf
04-11 20:45:40.724 25473 25494 I bt_osi_thread: run_thread: thread id 25494, thread name bt_jni_workqueue started
04-11 20:45:40.724 25473 25489 I bt_btif_core: btif_init_bluetooth finished
04-11 20:45:40.724 25473 25489 I bt_stack_manager: event_init_stack finished
04-11 20:45:40.724 25473 25494 I bt_btif_core: run_message_loop entered
04-11 20:45:40.725 25473 25473 I bt_osi_wakelock: wakelock_set_os_callouts set to non-native
04-11 20:45:40.725 25473 25473 I bt_btif : get_profile_interface: id = socket
04-11 20:45:40.726 25473 25494 E bt_btif_storage: btif_storage_get_adapter_property: Controller not ready! Unable to return Bluetooth Address
04-11 20:45:40.726 25473 25494 E BluetoothServiceJni: adapter_properties_callback: Status 1 is incorrect
04-11 20:45:40.727 25473 25473 I bt_btif : get_profile_interface: id = sdp
04-11 20:45:40.731 25473 25494 D BluetoothAdapterProperties: Name is: LeEco Le 2
04-11 20:45:40.733 25473 25473 I BluetoothAdapterService: Phone policy enabled
04-11 20:45:40.736 25473 25473 D BluetoothAdapterService: setAdapterService() - set to: null
04-11 20:45:40.737 25473 25473 D BluetoothAdapterService: onBind()
04-11 20:45:40.743 25473 25473 I BtGatt.JNI: classInitNative(L871): classInitNative: Success!
04-11 20:45:40.746 25473 25486 D BluetoothAdapterService: enable() - Enable called with quiet mode status =  false
04-11 20:45:40.746 25473 25488 D BluetoothAdapterState: Current state: OFF, message: 0
04-11 20:45:40.746 25473 25488 D BluetoothAdapterProperties: Setting state to 14
04-11 20:45:40.746 25473 25488 I BluetoothAdapterState: Bluetooth adapter state changed: 10-> 14
04-11 20:45:40.746 25473 25488 D BluetoothAdapterService: updateAdapterState() - Broadcasting state to 1 receivers.
04-11 20:45:40.747 25473 25488 D BluetoothAdapterService: BleOnProcessStart()
04-11 20:45:40.751 25473 25488 D BluetoothAdapterService: BleOnProcessStart() - Make Bond State Machine
04-11 20:45:40.751 25473 25488 D BluetoothBondStateMachine: make
04-11 20:45:40.753 25473 25499 I BluetoothBondStateMachine: StableState(): Entering Off State
04-11 20:45:40.753 25473 25488 D BluetoothAdapterService: setProfileServiceState() - Starting service com.android.bluetooth.gatt.GattService
04-11 20:45:40.755 25473 25473 D BtGatt.DebugUtils: handleDebugAction() action=null
04-11 20:45:40.755 25473 25488 I BluetoothAdapterState: Entering PendingCommandState
04-11 20:45:40.755 25473 25473 D BluetoothAdapterService: getAdapterService() - returning com.android.bluetooth.btservice.AdapterService@e97793c
04-11 20:45:40.756 25473 25473 D BtGatt.GattService: Received start request. Starting profile...
04-11 20:45:40.756 25473 25473 I bt_btif : get_profile_interface: id = gatt
04-11 20:45:40.757 25473 25473 D BluetoothAdapterService: getAdapterService() - returning com.android.bluetooth.btservice.AdapterService@e97793c
04-11 20:45:40.762 25473 25473 I chatty  : uid=1002(bluetooth) com.android.bluetooth identical 1 line
04-11 20:45:40.762 25473 25473 D BluetoothAdapterService: getAdapterService() - returning com.android.bluetooth.btservice.AdapterService@e97793c
04-11 20:45:40.763 25473 25473 D BluetoothAdapterService: handleMessage() - Message: 1
04-11 20:45:40.763 25473 25473 D BluetoothAdapterService: handleMessage() - MESSAGE_PROFILE_SERVICE_STATE_CHANGED
04-11 20:45:40.763 25473 25473 D BluetoothAdapterService: processProfileServiceStateChanged() - serviceName=com.android.bluetooth.gatt.GattService isTurningOn=false isTurningOff=false isBleTurningOn=true isBleTurningOff=false
04-11 20:45:40.763 25473 25473 D BluetoothAdapterService: GattService is started
04-11 20:45:40.764 25473 25488 V BluetoothAdapterState: PendingCommand - transient state(s): isBleTurningOn
04-11 20:45:40.764 25473 25488 D BluetoothAdapterState: Current state: PENDING_COMMAND, message: 4
04-11 20:45:40.765 25473 25488 I bt_btif : enable: start restricted = 0
04-11 20:45:40.765 25473 25489 I bt_stack_manager: event_start_up_stack is bringing up the stack
04-11 20:45:40.765 25473 25489 I bt_core_module: module_start_up Starting module "btif_config_module"
04-11 20:45:40.765 25473 25489 I bt_core_module: module_start_up Started module "btif_config_module"
04-11 20:45:40.766 25473 25489 I bt_core_module: module_start_up Starting module "btsnoop_module"
04-11 20:45:40.766 25473 25489 I bt_core_module: module_start_up Started module "btsnoop_module"
04-11 20:45:40.766 25473 25489 I bt_core_module: module_start_up Starting module "hci_module"
04-11 20:45:40.766 25473 25489 I bt_hci  : hci_module_start_up
04-11 20:45:40.767 25473 25504 I bt_osi_thread: run_thread: thread id 25504, thread name hci_thread started
04-11 20:45:40.767 25473 25489 D bt_hci  : hci_module_start_up starting async portion
04-11 20:45:40.767 25473 25504 I bt_hci  : hci_initialize
04-11 20:45:40.769 25473 25504 I bt_hci  : hci_initialize: IBluetoothHci::getService() returned 0x7f0263d480 (remote)
04-11 20:45:40.860 25473 25504 I bt_hci  : event_finish_startup
04-11 20:45:40.861 25473 25489 I bt_core_module: module_start_up Started module "hci_module"
04-11 20:45:40.861 25473 25509 I bt_osi_thread: run_thread: thread id 25509, thread name bt_workqueue started
04-11 20:45:40.863 25473 25509 I         : [0411/204540:INFO:btu_task.cc(107)] Bluetooth chip preload is complete
04-11 20:45:40.863 25473 25509 I         : [0411/204540:INFO:gatt_api.cc(1004)] GATT_Register
04-11 20:45:40.863 25473 25509 I         : [0411/204540:INFO:gatt_api.cc(1027)] allocated gatt_if=1
04-11 20:45:40.863 25473 25509 I         : [0411/204540:INFO:gatt_api.cc(207)] GATTS_AddService
04-11 20:45:40.863 25473 25509 I         : [0411/204540:INFO:gatt_api.cc(317)] GATTS_AddService: service parsed correctly, now starting
04-11 20:45:40.863 25473 25509 E         : [0411/204540:ERROR:gatt_attr.cc(301)] gatt_profile_db_init:  gatt_if=1
04-11 20:45:40.864 25473 25509 I         : [0411/204540:INFO:gatt_api.cc(1004)] GATT_Register
04-11 20:45:40.864 25473 25509 I         : [0411/204540:INFO:gatt_api.cc(1027)] allocated gatt_if=2
04-11 20:45:40.864 25473 25509 I         : [0411/204540:INFO:gatt_api.cc(207)] GATTS_AddService
04-11 20:45:40.864 25473 25509 I         : [0411/204540:INFO:gatt_api.cc(317)] GATTS_AddService: service parsed correctly, now starting
04-11 20:45:40.864 25473 25510 I bt_osi_thread: run_thread: thread id 25510, thread name btu message loop started
04-11 20:45:40.866 25473 25511 I bt_osi_thread: run_thread: thread id 25511, thread name module_wrapper started
04-11 20:45:40.866 25473 25511 I bt_core_module: module_start_up Starting module "controller_module"
04-11 20:45:41.098 25473 25511 I bt_core_module: module_start_up Started module "controller_module"
04-11 20:45:41.098 25473 25511 W bt_osi_thread: run_thread: thread id 25511, thread name module_wrapper exited
04-11 20:45:41.099 25473 25509 W bt_btm  : btm_decode_ext_features_page: feature page 1 ignored
04-11 20:45:41.099 25473 25509 W bt_btm  : btm_decode_ext_features_page: feature page 2 ignored
04-11 20:45:41.100 25473 25510 I bt_btm_sec: BTM_SecRegister p_cb_info->p_le_callback == 0x0x7ef499dd2c
04-11 20:45:41.100 25473 25510 I bt_btm_sec: BTM_SecRegister btm_cb.api.p_le_callback = 0x0x7ef499dd2c 
04-11 20:45:41.103 25473 25510 I bt_stack: [INFO:gatt_api.cc(1004)] GATT_Register
04-11 20:45:41.103 25473 25510 I bt_stack: [INFO:gatt_api.cc(1027)] allocated gatt_if=3
04-11 20:45:41.144 25473 25510 I bt_stack: [INFO:ble_advertiser_hci_interface.cc(708)] VSC advertising will be in use
04-11 20:45:41.144 25473 25510 I bt_stack: [INFO:ble_advertiser_hci_interface.cc(259)] QuirkAdvertiserZeroHandle in use
04-11 20:45:41.145 25473 25494 D BluetoothAdapterProperties: BT_PROPERTY_LOCAL_LE_FEATURES: update from BT controller mNumOfAdvertisementInstancesSupported = 10 mRpaOffloadSupported = true mNumOfOffloadedIrkSupported = 8 mNumOfOffloadedScanFilterSupported = 16 mOffloadedScanResultStorageBytes= 10240 mIsActivityAndEnergyReporting = true mVersSupported = 96 mTotNumOfTrackableAdv = 32 mIsExtendedScanSupported = true mIsDebugLogSupported = true mIsLe2MPhySupported = false mIsLeCodedPhySupported = false mIsLeExtendedAdvertisingSupported = false mIsLePeriodicAdvertisingSupported = false mLeMaximumAdvertisingDataLength = 31
04-11 20:45:41.152 25473 25494 E bt_btif_storage: btif_storage_get_adapter_property: Controller ready!
04-11 20:45:41.153 25473 25494 I bt_btif_storage: btif_storage_get_adapter_property service_mask:0x20000000
04-11 20:45:41.154 25473 25494 D BluetoothAdapterProperties: Address is:80:1D:00:33:D8:82
04-11 20:45:41.159 25473 25494 D BluetoothAdapterProperties: Name is: LeEco Le 2
04-11 20:45:41.164 25473 25494 D BluetoothAdapterProperties: Scan Mode:20
04-11 20:45:41.164 25473 25494 D BluetoothAdapterProperties: Discoverable Timeout:120
04-11 20:45:41.165 25473 25494 I bt_btif_core: btif_enable_bluetooth_evt entered: status 0
04-11 20:45:41.168 25473 25513 I bt_osi_thread: run_thread: thread id 25513, thread name btif_sock started
04-11 20:45:41.169 25473 25494 D bt_bte_conf: Device ID record 1 : primary
04-11 20:45:41.169 25473 25494 D bt_bte_conf:   vendorId            = 000f
04-11 20:45:41.169 25473 25494 D bt_bte_conf:   vendorIdSource      = 0001
04-11 20:45:41.170 25473 25494 D bt_bte_conf:   product             = 1200
04-11 20:45:41.170 25473 25494 D bt_bte_conf:   version             = 1436
04-11 20:45:41.170 25473 25494 D bt_bte_conf:   clientExecutableURL = 
04-11 20:45:41.170 25473 25494 D bt_bte_conf:   serviceDescription  = 
04-11 20:45:41.170 25473 25494 D bt_bte_conf:   documentationURL    = 
04-11 20:45:41.170 25473 25494 D bt_bte_conf: bte_load_did_conf no section named DID2.
04-11 20:45:41.170 25473 25494 I bt_btif_core: btif_enable_bluetooth_evt finished
04-11 20:45:41.170 25473 25489 I bt_stack_manager: event_start_up_stack finished
04-11 20:45:41.171 25473 25488 V BluetoothAdapterState: PendingCommand - transient state(s): isBleTurningOn
04-11 20:45:41.172 25473 25488 D BluetoothAdapterState: Current state: PENDING_COMMAND, message: 3
04-11 20:45:41.172 25473 25488 D BluetoothAdapterProperties: Setting state to 15
04-11 20:45:41.172 25473 25488 I BluetoothAdapterState: Bluetooth adapter state changed: 14-> 15
04-11 20:45:41.172 25473 25488 D BluetoothAdapterService: updateAdapterState() - Broadcasting state to 1 receivers.
04-11 20:45:41.173 25473 25488 I BluetoothAdapterState: Entering BleOnState
04-11 20:45:41.174 25473 25488 D BluetoothAdapterState: Current state: BLE ON, message: 1
04-11 20:45:41.174 25473 25488 D BluetoothAdapterProperties: Setting state to 11
04-11 20:45:41.174 25473 25488 I BluetoothAdapterState: Bluetooth adapter state changed: 15-> 11
04-11 20:45:41.174 25473 25488 D BluetoothAdapterService: updateAdapterState() - Broadcasting state to 1 receivers.
04-11 20:45:41.175 25473 25488 D BluetoothAdapterService: startCoreServices()
04-11 20:45:41.175 25473 25488 D BluetoothAdapterService: setProfileServiceState() - Starting service com.android.bluetooth.hfp.HeadsetService
04-11 20:45:41.179 25473 25488 D BluetoothAdapterService: setProfileServiceState() - Starting service com.android.bluetooth.a2dp.A2dpService
04-11 20:45:41.180 25473 25473 D BluetoothAdapterService: getAdapterService() - returning com.android.bluetooth.btservice.AdapterService@e97793c
04-11 20:45:41.181 25473 25473 D HeadsetService: Received start request. Starting profile...
04-11 20:45:41.183 25473 25488 D BluetoothAdapterService: setProfileServiceState() - Starting service com.android.bluetooth.hid.HidService
04-11 20:45:41.183 25473 25473 I BluetoothHeadsetServiceJni: classInitNative: succeeds
04-11 20:45:41.184 25473 25473 D HeadsetStateMachine: make
04-11 20:45:41.186 25473 25488 D BluetoothAdapterService: setProfileServiceState() - Starting service com.android.bluetooth.hdp.HealthService
04-11 20:45:41.191 25473 25488 D BluetoothAdapterService: setProfileServiceState() - Starting service com.android.bluetooth.pan.PanService
04-11 20:45:41.194 25473 25473 D HeadsetStateMachine: max_hf_connections = 1
04-11 20:45:41.194 25473 25473 D HeadsetStateMachine: in-band_ringing_support = true
04-11 20:45:41.194 25473 25473 I bt_btif : get_profile_interface: id = handsfree
04-11 20:45:41.197 25473 25510 I bt_stack: [INFO:port_api.cc(123)] RFCOMM_CreateConnection BDA: ff:ff:ff:ff:ff:ff
04-11 20:45:41.197 25473 25510 I bt_stack: [INFO:port_api.cc(123)] RFCOMM_CreateConnection BDA: ff:ff:ff:ff:ff:ff
04-11 20:45:41.197 25473 25494 I bt_btif_storage: btif_storage_get_adapter_property service_mask:0x20000040
04-11 20:45:41.197 25473 25473 D BluetoothAdapterService: getAdapterService() - returning com.android.bluetooth.btservice.AdapterService@e97793c
04-11 20:45:41.197 25473 25494 E bt_btif : btif_hf_upstreams_evt: Invalid index 65268
04-11 20:45:41.199 25473 25488 D BluetoothAdapterService: setProfileServiceState() - Starting service com.android.bluetooth.map.BluetoothMapService
04-11 20:45:41.199 25473 25473 D BluetoothAdapterService: getAdapterService() - returning com.android.bluetooth.btservice.AdapterService@e97793c
04-11 20:45:41.200 25473 25473 D A2dpService: Received start request. Starting profile...
04-11 20:45:41.201 25473 25473 I BluetoothAvrcpServiceJni: classInitNative: succeeds
04-11 20:45:41.201 25473 25473 V Avrcp   : make
04-11 20:45:41.204 25473 25473 I bt_btif : get_profile_interface: id = avrcp
04-11 20:45:41.207 25473 25488 D BluetoothAdapterService: setProfileServiceState() - Starting service com.android.bluetooth.hfpclient.HeadsetClientService
04-11 20:45:41.212 25473 25488 D BluetoothAdapterService: setProfileServiceState() - Starting service com.android.bluetooth.avrcpcontroller.AvrcpControllerService
04-11 20:45:41.215 25473 25488 D BluetoothAdapterService: setProfileServiceState() - Starting service com.android.bluetooth.sap.SapService
04-11 20:45:41.222 25473 25488 D BluetoothAdapterService: setProfileServiceState() - Starting service com.android.bluetooth.opp.BluetoothOppService
04-11 20:45:41.224 25473 25473 V Avrcp   : initMediaPlayerInfoList: 0 controllers
04-11 20:45:41.225 25473 25488 D BluetoothAdapterService: setProfileServiceState() - Starting service com.android.bluetooth.pbap.BluetoothPbapService
04-11 20:45:41.226 25473 25473 V Avrcp   : updatePlaybackState (1): -1➡0(PlaybackState {state=0, position=-1, buffered position=0, speed=0.0, updated=343343111, actions=0, custom actions=[], active item id=-1, error=null})
04-11 20:45:41.226 25473 25473 I Avrcp   : Skipping update due to invalid playback state
04-11 20:45:41.226 25473 25473 E Avrcp   : play status change -1➡0 mPlayStatusChangedNT: 1
04-11 20:45:41.226 25473 25473 E bt_btif : register_notification_rsp: Avrcp device is not connected, handle: 0x0
04-11 20:45:41.226 25473 25473 D Avrcp   : sendPlayPosNotificationRsp: Not registered or requesting.
04-11 20:45:41.228 25473 25488 I BluetoothAdapterState: Entering PendingCommandState
04-11 20:45:41.229 25473 25473 D Avrcp   : User already unlocked, initializing player lists
04-11 20:45:41.230 25473 25473 V Avrcp   : updatePlaybackState (1): 0➡0(PlaybackState {state=0, position=-1, buffered position=0, speed=0.0, updated=343343116, actions=0, custom actions=[], active item id=-1, error=null})
04-11 20:45:41.230 25473 25473 I Avrcp   : Skipping update due to invalid playback state
04-11 20:45:41.230 25473 25473 E Avrcp   : play status change 0➡0 mPlayStatusChangedNT: 1
04-11 20:45:41.230 25473 25473 D Avrcp   : sendPlayPosNotificationRsp: Not registered or requesting.
04-11 20:45:41.233 25473 25473 I BluetoothA2dpServiceJni: classInitNative: succeeds
04-11 20:45:41.233 25473 25473 D A2dpStateMachine: make
04-11 20:45:41.235 25473 25473 I bt_btif : get_profile_interface: id = a2dp
04-11 20:45:41.236 25473 25517 I bt_osi_thread: run_thread: thread id 25517, thread name btif_a2dp_source started
04-11 20:45:41.236 25473 25473 D a2dp_codec: init
04-11 20:45:41.236 25473 25473 D a2dp_codec: createCodec: codec SBC
04-11 20:45:41.236 25473 25510 I bt_bta_av: AVRCP version used for sdp: "avrcp14"
04-11 20:45:41.236 25473 25473 I a2dp_codec: init: updated SBC codec priority to 1001
04-11 20:45:41.236 25473 25494 I bt_btif_storage: btif_storage_get_adapter_property service_mask:0x20000048
04-11 20:45:41.236 25473 25473 D a2dp_codec: createCodec: codec AAC
04-11 20:45:41.237 25473 25473 I a2dp_codec: init: updated AAC codec priority to 2001
04-11 20:45:41.237 25473 25473 D a2dp_codec: createCodec: codec aptX
04-11 20:45:41.237 25473 25494 E bt_btif : btif_sm_dispatch : Invalid handle
04-11 20:45:41.237 25473 25494 E bt_btif : btif_sm_dispatch : Invalid handle
04-11 20:45:41.238 25473 25473 E a2dp_vendor_aptx_encoder: A2DP_VendorLoadEncoderAptx: cannot open aptX encoder library libaptX_encoder.so: dlopen failed: library "libaptX_encoder.so" not found
04-11 20:45:41.238 25473 25473 E a2dp_vendor_aptx: init: cannot load the encoder
04-11 20:45:41.238 25473 25473 D a2dp_codec: createCodec: codec aptX-HD
04-11 20:45:41.239 25473 25473 E a2dp_vendor_aptx_hd_encoder: A2DP_VendorLoadEncoderAptxHd: cannot open aptX-HD encoder library libaptXHD_encoder.so: dlopen failed: library "libaptXHD_encoder.so" not found
04-11 20:45:41.239 25473 25473 E a2dp_vendor_aptx_hd: init: cannot load the encoder
04-11 20:45:41.239 25473 25473 D a2dp_codec: createCodec: codec LDAC
04-11 20:45:41.242 25473 25473 I a2dp_codec: init: updated LDAC codec priority to 5001
04-11 20:45:41.242 25473 25473 D a2dp_codec: createCodec: codec SBC SINK
04-11 20:45:41.242 25473 25473 I a2dp_codec: init: initialized Source codec LDAC
04-11 20:45:41.242 25473 25473 I a2dp_codec: init: initialized Source codec AAC
04-11 20:45:41.242 25473 25473 I a2dp_codec: init: initialized Source codec SBC
04-11 20:45:41.242 25473 25473 I a2dp_codec: init: initialized Sink codec SBC(Sink)
04-11 20:45:41.242 25473 25473 W bt_btif : ## ON A2DP IDLE ## peer_sep = 0
04-11 20:45:41.243 25473 25494 I BluetoothA2dpServiceJni: bta2dp_audio_config_callback
04-11 20:45:41.244 25473 25494 D A2dpStateMachine: A2DP Codec Config: null->{codecName:SBC,mCodecType:0,mCodecPriority:0,mSampleRate:0x0(NONE),mBitsPerSample:0x0(NONE),mChannelMode:0x0(NONE),mCodecSpecific1:0,mCodecSpecific2:0,mCodecSpecific3:0,mCodecSpecific4:0}
04-11 20:45:41.244 25473 25516 D A2dpStateMachine: Enter Disconnected: -2
04-11 20:45:41.244 25473 25494 D A2dpStateMachine: A2DP Codec Local Capability: {codecName:LDAC,mCodecType:4,mCodecPriority:5001,mSampleRate:0xf(44100|48000|88200|96000),mBitsPerSample:0x7(16|24|32),mChannelMode:0x2(STEREO),mCodecSpecific1:0,mCodecSpecific2:0,mCodecSpecific3:0,mCodecSpecific4:0}
04-11 20:45:41.244 25473 25494 D A2dpStateMachine: A2DP Codec Local Capability: {codecName:AAC,mCodecType:1,mCodecPriority:2001,mSampleRate:0x1(44100),mBitsPerSample:0x1(16),mChannelMode:0x2(STEREO),mCodecSpecific1:0,mCodecSpecific2:0,mCodecSpecific3:0,mCodecSpecific4:0}
04-11 20:45:41.244 25473 25494 D A2dpStateMachine: A2DP Codec Local Capability: {codecName:SBC,mCodecType:0,mCodecPriority:1001,mSampleRate:0x1(44100),mBitsPerSample:0x1(16),mChannelMode:0x3(MONO|STEREO),mCodecSpecific1:0,mCodecSpecific2:0,mCodecSpecific3:0,mCodecSpecific4:0}
04-11 20:45:41.246 25473 25473 D BluetoothAdapterService: getAdapterService() - returning com.android.bluetooth.btservice.AdapterService@e97793c
04-11 20:45:41.247 25473 25473 I BluetoothHidServiceJni: classInitNative: succeeds
04-11 20:45:41.249 25473 25473 D BluetoothAdapterService: getAdapterService() - returning com.android.bluetooth.btservice.AdapterService@e97793c
04-11 20:45:41.250 25473 25473 D HidService: Received start request. Starting profile...
04-11 20:45:41.250 25473 25473 I bt_btif : get_profile_interface: id = hidhost
04-11 20:45:41.250 25473 25473 D HidService: setHidService(): set to: null
04-11 20:45:41.250 25473 25473 D BluetoothAdapterService: getAdapterService() - returning com.android.bluetooth.btservice.AdapterService@e97793c
04-11 20:45:41.250 25473 25494 I bt_bta_hh: BTA_HhEnable sec_mask:0x36 p_cback:0x7ef4a03448
04-11 20:45:41.250 25473 25494 I bt_btif_storage: btif_storage_get_adapter_property service_mask:0x20100048
04-11 20:45:41.251 25473 25510 I bt_stack: [INFO:gatt_api.cc(1004)] GATT_Register
04-11 20:45:41.251 25473 25510 I bt_stack: [INFO:gatt_api.cc(1027)] allocated gatt_if=4
04-11 20:45:41.257 25473 25473 I BluetoothHealthServiceJni: classInitNative: succeeds
04-11 20:45:41.258 25473 25473 D BluetoothAdapterService: getAdapterService() - returning com.android.bluetooth.btservice.AdapterService@e97793c
04-11 20:45:41.259 25473 25473 D HealthService: Received start request. Starting profile...
04-11 20:45:41.260 25473 25473 I bt_btif : get_profile_interface: id = health
04-11 20:45:41.261 25473 25473 D BluetoothAdapterService: getAdapterService() - returning com.android.bluetooth.btservice.AdapterService@e97793c
04-11 20:45:41.262 25473 25473 I BluetoothPanServiceJni: classInitNative(L111): succeeds
04-11 20:45:41.263 25473 25473 D BluetoothAdapterService: getAdapterService() - returning com.android.bluetooth.btservice.AdapterService@e97793c
04-11 20:45:41.264 25473 25473 D PanService: Received start request. Starting profile...
04-11 20:45:41.264 25473 25473 D BluetoothPanServiceJni: initializeNative(L116): pan
04-11 20:45:41.264 25473 25473 I bt_btif : get_profile_interface: id = pan
04-11 20:45:41.265 25473 25473 D BluetoothAdapterService: getAdapterService() - returning com.android.bluetooth.btservice.AdapterService@e97793c
04-11 20:45:41.266 25473 25494 D BluetoothPanServiceJni: control_state_callback(L63): state:0, local_role:3, ifname:bt-pan
04-11 20:45:41.266 25473 25473 D BluetoothAdapterService: handleMessage() - Message: 1
04-11 20:45:41.266 25473 25473 D BluetoothAdapterService: handleMessage() - MESSAGE_PROFILE_SERVICE_STATE_CHANGED
04-11 20:45:41.266 25473 25473 D BluetoothAdapterService: processProfileServiceStateChanged() - serviceName=com.android.bluetooth.hfp.HeadsetService isTurningOn=true isTurningOff=false isBleTurningOn=false isBleTurningOff=false
04-11 20:45:41.266 25473 25514 D HeadsetPhoneState: sendDeviceStateChanged. mService=0 mIsSimStateLoaded=false mSignal=0 mRoam=0 mBatteryCharge=3
04-11 20:45:41.268 25473 25473 D BluetoothAdapterService: onProfileServiceStateChange() - Profile still not running:com.android.bluetooth.a2dp.A2dpService
04-11 20:45:41.270 25473 25473 D BluetoothAdapterService: getAdapterService() - returning com.android.bluetooth.btservice.AdapterService@e97793c
04-11 20:45:41.270 25473 25473 D BluetoothMapService: Received start request. Starting profile...
04-11 20:45:41.271 25473 25473 D BluetoothMapService: start()
04-11 20:45:41.275 25473 25473 D BluetoothMapAccountLoader: Found 0 application(s) with intent android.bluetooth.action.BLUETOOTH_MAP_PROVIDER
04-11 20:45:41.277 25473 25473 D BluetoothMapAccountLoader: Found 0 application(s) with intent android.bluetooth.action.BLUETOOTH_MAP_IM_PROVIDER
04-11 20:45:41.277 25473 25473 D BluetoothMapAppObserver: createReceiver()
04-11 20:45:41.279 25473 25473 D BluetoothMapAppObserver: initObservers()
04-11 20:45:41.279 25473 25473 D BluetoothMapAppObserver: getEnabledAccountItems()
04-11 20:45:41.280 25473 25473 D BluetoothAdapterService: getAdapterService() - returning com.android.bluetooth.btservice.AdapterService@e97793c
04-11 20:45:41.281 25473 25473 I BluetoothHeadsetClientServiceJni: classInitNative succeeds
04-11 20:45:41.282 25473 25473 D BluetoothAdapterService: getAdapterService() - returning com.android.bluetooth.btservice.AdapterService@e97793c
04-11 20:45:41.284 25473 25473 D HeadsetClientService: Received start request. Starting profile...
04-11 20:45:41.284 25473 25473 D BluetoothHeadsetClientServiceJni: initializeNative: HfpClient
04-11 20:45:41.284 25473 25473 I bt_btif : get_profile_interface: id = handsfree_client
04-11 20:45:41.285 25473 25494 I bt_stack: [INFO:port_api.cc(123)] RFCOMM_CreateConnection BDA: ff:ff:ff:ff:ff:ff
04-11 20:45:41.285 25473 25494 I bt_btif_storage: btif_storage_get_adapter_property service_mask:0x21100048
04-11 20:45:41.290 25473 25473 D BluetoothHeadsetClientServiceJni: initializeNative: HfpClient
04-11 20:45:41.290 25473 25473 W BluetoothHeadsetClientServiceJni: Cleaning up Bluetooth HFP Client Interface before initializing
04-11 20:45:41.291 25473 25473 W BluetoothHeadsetClientServiceJni: Cleaning up Bluetooth HFP Client callback object
04-11 20:45:41.291 25473 25494 I bt_btif_queue: queue_int_cleanup: UUID=111E
04-11 20:45:41.291 25473 25473 I bt_btif : get_profile_interface: id = handsfree_client
04-11 20:45:41.291 25473 25473 D BluetoothAdapterService: getAdapterService() - returning com.android.bluetooth.btservice.AdapterService@e97793c
04-11 20:45:41.293 25473 25494 I bt_btif_storage: btif_storage_get_adapter_property service_mask:0x21100048
04-11 20:45:41.294 25473 25473 I BluetoothAvrcpControllerJni: classInitNative: succeeds
04-11 20:45:41.294 25473 25473 I bt_btif : get_profile_interface: id = avrcp_ctrl
04-11 20:45:41.294 25473 25494 I bt_stack: [INFO:port_api.cc(123)] RFCOMM_CreateConnection BDA: ff:ff:ff:ff:ff:ff
04-11 20:45:41.294 25473 25494 I bt_btif_storage: btif_storage_get_adapter_property service_mask:0x21100048
04-11 20:45:41.296 25473 25473 D BluetoothAdapterService: getAdapterService() - returning com.android.bluetooth.btservice.AdapterService@e97793c
04-11 20:45:41.296 25473 25473 D AvrcpControllerService: Received start request. Starting profile...
04-11 20:45:41.306 25473 25473 D AvrcpControllerService: setAvrcpControllerService(): set to: null
04-11 20:45:41.306 25473 25473 D BluetoothAdapterService: getAdapterService() - returning com.android.bluetooth.btservice.AdapterService@e97793c
04-11 20:45:41.308 25473 25473 V SapService: SapBinder()
04-11 20:45:41.308 25473 25473 D BluetoothAdapterService: getAdapterService() - returning com.android.bluetooth.btservice.AdapterService@e97793c
04-11 20:45:41.309 25473 25473 D SapService: Received start request. Starting profile...
04-11 20:45:41.309 25473 25473 V SapService: start()
04-11 20:45:41.311 25473 25473 D BluetoothAdapterService: getAdapterService() - returning com.android.bluetooth.btservice.AdapterService@e97793c
04-11 20:45:41.322 25473 25473 D BluetoothAdapterService: getAdapterService() - returning com.android.bluetooth.btservice.AdapterService@e97793c
04-11 20:45:41.323 25473 25473 D BluetoothOppService: Received start request. Starting profile...
04-11 20:45:41.323 25473 25473 D BluetoothAdapterService: getAdapterService() - returning com.android.bluetooth.btservice.AdapterService@e97793c
04-11 20:45:41.326 25473 25473 V BluetoothPbapService: PbapBinder()
04-11 20:45:41.326 25473 25473 D BluetoothAdapterService: getAdapterService() - returning com.android.bluetooth.btservice.AdapterService@e97793c
04-11 20:45:41.327 25473 25473 D BluetoothPbapService: Received start request. Starting profile...
04-11 20:45:41.327 25473 25473 V BluetoothPbapService: start()
04-11 20:45:41.329 25473 25473 D BluetoothPbapService: Registering observer
04-11 20:45:41.335 25473 25473 D BluetoothAdapterService: getAdapterService() - returning com.android.bluetooth.btservice.AdapterService@e97793c
04-11 20:45:41.335 25473 25473 D BluetoothAdapterService: handleMessage() - Message: 1
04-11 20:45:41.335 25473 25473 D BluetoothAdapterService: handleMessage() - MESSAGE_PROFILE_SERVICE_STATE_CHANGED
04-11 20:45:41.335 25473 25473 D BluetoothAdapterService: processProfileServiceStateChanged() - serviceName=com.android.bluetooth.a2dp.A2dpService isTurningOn=true isTurningOff=false isBleTurningOn=false isBleTurningOff=false
04-11 20:45:41.336 25473 25473 D BluetoothAdapterService: onProfileServiceStateChange() - Profile still not running:com.android.bluetooth.map.BluetoothMapService
04-11 20:45:41.336 25473 25473 D BluetoothAdapterService: handleMessage() - Message: 1
04-11 20:45:41.336 25473 25473 D BluetoothAdapterService: handleMessage() - MESSAGE_PROFILE_SERVICE_STATE_CHANGED
04-11 20:45:41.337 25473 25473 D BluetoothAdapterService: processProfileServiceStateChanged() - serviceName=com.android.bluetooth.hid.HidService isTurningOn=true isTurningOff=false isBleTurningOn=false isBleTurningOff=false
04-11 20:45:41.337 25473 25473 D BluetoothAdapterService: onProfileServiceStateChange() - Profile still not running:com.android.bluetooth.map.BluetoothMapService
04-11 20:45:41.337 25473 25473 D BluetoothAdapterService: handleMessage() - Message: 1
04-11 20:45:41.337 25473 25473 D BluetoothAdapterService: handleMessage() - MESSAGE_PROFILE_SERVICE_STATE_CHANGED
04-11 20:45:41.337 25473 25473 D BluetoothAdapterService: processProfileServiceStateChanged() - serviceName=com.android.bluetooth.hdp.HealthService isTurningOn=true isTurningOff=false isBleTurningOn=false isBleTurningOff=false
04-11 20:45:41.338 25473 25473 D BluetoothAdapterService: onProfileServiceStateChange() - Profile still not running:com.android.bluetooth.map.BluetoothMapService
04-11 20:45:41.338 25473 25473 D BluetoothAdapterService: handleMessage() - Message: 1
04-11 20:45:41.338 25473 25473 D BluetoothAdapterService: handleMessage() - MESSAGE_PROFILE_SERVICE_STATE_CHANGED
04-11 20:45:41.339 25473 25473 D BluetoothAdapterService: processProfileServiceStateChanged() - serviceName=com.android.bluetooth.pan.PanService isTurningOn=true isTurningOff=false isBleTurningOn=false isBleTurningOff=false
04-11 20:45:41.339 25473 25473 D BluetoothAdapterService: onProfileServiceStateChange() - Profile still not running:com.android.bluetooth.map.BluetoothMapService
04-11 20:45:41.339 25473 25473 D BluetoothAdapterService: handleMessage() - Message: 1
04-11 20:45:41.339 25473 25473 D BluetoothAdapterService: handleMessage() - MESSAGE_PROFILE_SERVICE_STATE_CHANGED
04-11 20:45:41.339 25473 25473 D BluetoothAdapterService: processProfileServiceStateChanged() - serviceName=com.android.bluetooth.map.BluetoothMapService isTurningOn=true isTurningOff=false isBleTurningOn=false isBleTurningOff=false
04-11 20:45:41.339 25473 25473 D BluetoothAdapterService: onProfileServiceStateChange() - Profile still not running:com.android.bluetooth.avrcpcontroller.AvrcpControllerService
04-11 20:45:41.339 25473 25473 D BluetoothAdapterService: handleMessage() - Message: 1
04-11 20:45:41.339 25473 25473 D BluetoothAdapterService: handleMessage() - MESSAGE_PROFILE_SERVICE_STATE_CHANGED
04-11 20:45:41.340 25473 25473 D BluetoothAdapterService: processProfileServiceStateChanged() - serviceName=com.android.bluetooth.hfpclient.HeadsetClientService isTurningOn=true isTurningOff=false isBleTurningOn=false isBleTurningOff=false
04-11 20:45:41.340 25473 25473 D BluetoothAdapterService: onProfileServiceStateChange() - Profile still not running:com.android.bluetooth.avrcpcontroller.AvrcpControllerService
04-11 20:45:41.340 25473 25473 D BluetoothAdapterService: handleMessage() - Message: 1
04-11 20:45:41.340 25473 25473 D BluetoothAdapterService: handleMessage() - MESSAGE_PROFILE_SERVICE_STATE_CHANGED
04-11 20:45:41.341 25473 25473 D BluetoothAdapterService: processProfileServiceStateChanged() - serviceName=com.android.bluetooth.avrcpcontroller.AvrcpControllerService isTurningOn=true isTurningOff=false isBleTurningOn=false isBleTurningOff=false
04-11 20:45:41.341 25473 25473 D BluetoothAdapterService: onProfileServiceStateChange() - Profile still not running:com.android.bluetooth.sap.SapService
04-11 20:45:41.342 25473 25473 D BluetoothAdapterService: handleMessage() - Message: 1
04-11 20:45:41.342 25473 25473 D BluetoothAdapterService: handleMessage() - MESSAGE_PROFILE_SERVICE_STATE_CHANGED
04-11 20:45:41.342 25473 25473 D BluetoothAdapterService: processProfileServiceStateChanged() - serviceName=com.android.bluetooth.sap.SapService isTurningOn=true isTurningOff=false isBleTurningOn=false isBleTurningOff=false
04-11 20:45:41.343 25473 25473 D BluetoothAdapterService: onProfileServiceStateChange() - Profile still not running:com.android.bluetooth.pbap.BluetoothPbapService
04-11 20:45:41.343 25473 25473 D BluetoothAdapterService: handleMessage() - Message: 1
04-11 20:45:41.344 25473 25473 D BluetoothAdapterService: handleMessage() - MESSAGE_PROFILE_SERVICE_STATE_CHANGED
04-11 20:45:41.344 25473 25473 D BluetoothAdapterService: processProfileServiceStateChanged() - serviceName=com.android.bluetooth.opp.BluetoothOppService isTurningOn=true isTurningOff=false isBleTurningOn=false isBleTurningOff=false
04-11 20:45:41.344 25473 25473 D BluetoothAdapterService: onProfileServiceStateChange() - Profile still not running:com.android.bluetooth.pbap.BluetoothPbapService
04-11 20:45:41.346 25473 25473 D BluetoothAdapterService: handleMessage() - Message: 1
04-11 20:45:41.346 25473 25473 D BluetoothAdapterService: handleMessage() - MESSAGE_PROFILE_SERVICE_STATE_CHANGED
04-11 20:45:41.346 25473 25473 D BluetoothAdapterService: processProfileServiceStateChanged() - serviceName=com.android.bluetooth.pbap.BluetoothPbapService isTurningOn=true isTurningOff=false isBleTurningOn=false isBleTurningOff=false
04-11 20:45:41.346 25473 25473 D BluetoothAdapterService: onProfileServiceStateChange() - All profile services started.
04-11 20:45:41.347 25473 25488 V BluetoothAdapterState: PendingCommand - transient state(s): isTurningOn
04-11 20:45:41.347 25473 25488 D BluetoothAdapterState: Current state: PENDING_COMMAND, message: 2
04-11 20:45:41.347 25473 25488 D BluetoothAdapterProperties: onBluetoothReady, state=11, ScanMode=20
04-11 20:45:41.348 25473 25488 D BluetoothAdapterProperties: Setting state to 12
04-11 20:45:41.348 25473 25488 I BluetoothAdapterState: Bluetooth adapter state changed: 11-> 12
04-11 20:45:41.349 25473 25488 D BluetoothAdapterService: updateAdapterState() - Broadcasting state to 1 receivers.
04-11 20:45:41.350 25473 25488 I BluetoothAdapterState: Entering OnState
04-11 20:45:41.350 25473 25488 D BluetoothAdapterService: updateUuids() - Updating UUIDs for bonded devices
04-11 20:45:41.352 25473 25494 D BluetoothAdapterProperties: Scan Mode:21
04-11 20:45:41.352 25473 25494 D BluetoothAdapterProperties: Discoverable Timeout:120
04-11 20:45:41.380 25473 25494 D BluetoothAdapterProperties: Discoverable Timeout:120
04-11 20:45:41.383 25473 25494 D BluetoothAdapterProperties: Scan Mode:23
04-11 20:45:41.384 25473 25473 D BluetoothMapService: onReceive
04-11 20:45:41.384 25473 25473 D BluetoothMapService: onReceive: android.bluetooth.adapter.action.STATE_CHANGED
04-11 20:45:41.384 25473 25473 D BluetoothMapService: STATE_ON
04-11 20:45:41.389 25473 25473 D BluetoothPbapService: action: android.bluetooth.adapter.action.STATE_CHANGED
04-11 20:45:41.389 25473 25473 D BluetoothPbapService: state: 12
04-11 20:45:41.395 25473 25473 D BluetoothAdapterService: isQuetModeEnabled() - Enabled = false
04-11 20:45:41.395 25473 25473 D BluetoothPhonePolicy: autoConnect() - Initiate auto connection on BT on...
04-11 20:45:41.399 25473 25473 D BtOppService: start Socket Listeners
04-11 20:45:41.399 25473 25473 D BtOppService: stopListeners   mServerSocket :null
04-11 20:45:41.399 25473 25473 D ObexServerSockets: create(rfcomm = -2, l2capPsm = -2)
04-11 20:45:41.401 25473 25473 W BluetoothAdapter: getBluetoothService() called with no BluetoothManagerCallback
04-11 20:45:41.401 25473 25532 W BluetoothAdapter: getBluetoothService() called with no BluetoothManagerCallback
04-11 20:45:41.404 25473 25510 I bt_stack: [INFO:port_api.cc(123)] RFCOMM_CreateConnection BDA: ff:ff:ff:ff:ff:ff
04-11 20:45:41.404 25473 25473 W BluetoothAdapter: getBluetoothService() called with no BluetoothManagerCallback
04-11 20:45:41.405 25473 25521 D BluetoothMapMasInstance0: Map Service startRfcommSocketListener
04-11 20:45:41.405 25473 25521 D ObexServerSockets: create(rfcomm = -2, l2capPsm = -2)
04-11 20:45:41.406 25473 25510 I bt_stack: [INFO:port_api.cc(123)] RFCOMM_CreateConnection BDA: ff:ff:ff:ff:ff:ff
04-11 20:45:41.406 25473 25532 D BluetoothSdpJni: sdpCreateSapsRecordNative
04-11 20:45:41.406 25473 25532 D BluetoothSdpJni: SDP Create record success - handle: 0
04-11 20:45:41.406 25473 25473 D ObexServerSockets: Succeed to create listening sockets 
04-11 20:45:41.406 25473 25473 D ObexServerSockets0: startAccept()
04-11 20:45:41.406 25473 25473 D ObexServerSockets0: prepareForNewConnect()
04-11 20:45:41.406 25473 25521 W BluetoothAdapter: getBluetoothService() called with no BluetoothManagerCallback
04-11 20:45:41.407 25473 25533 D ObexServerSockets0: Accepting socket connection...
04-11 20:45:41.408 25473 25473 D BluetoothSdpJni: sdpCreateOppOpsRecordNative
04-11 20:45:41.408 25473 25473 D BluetoothSdpJni: SDP Create record success - handle: 1
04-11 20:45:41.408 25473 25473 D BtOppService: mOppSdpHandle :1
04-11 20:45:41.408 25473 25534 D ObexServerSockets0: Accepting socket connection...
04-11 20:45:41.409 25473 25473 D BluetoothPbapService: startsocketListener
04-11 20:45:41.409 25473 25473 D ObexServerSockets: create(rfcomm = -2, l2capPsm = -2)
04-11 20:45:41.409 25473 25510 I bt_stack: [INFO:port_api.cc(123)] RFCOMM_CreateConnection BDA: ff:ff:ff:ff:ff:ff
04-11 20:45:41.410 25473 25473 W BluetoothAdapter: getBluetoothService() called with no BluetoothManagerCallback
04-11 20:45:41.411 25473 25521 W BluetoothAdapter: getBluetoothService() called with no BluetoothManagerCallback
04-11 20:45:41.413 25473 25510 I bt_stack: [INFO:port_api.cc(123)] RFCOMM_CreateConnection BDA: ff:ff:ff:ff:ff:ff
04-11 20:45:41.413 25473 25473 W BluetoothAdapter: getBluetoothService() called with no BluetoothManagerCallback
04-11 20:45:41.415 25473 25521 D ObexServerSockets: Succeed to create listening sockets 
04-11 20:45:41.415 25473 25521 D ObexServerSockets1: startAccept()
04-11 20:45:41.415 25473 25521 D ObexServerSockets1: prepareForNewConnect()
04-11 20:45:41.415 25473 25473 D ObexServerSockets: Succeed to create listening sockets 
04-11 20:45:41.415 25473 25473 D ObexServerSockets2: startAccept()
04-11 20:45:41.415 25473 25473 D ObexServerSockets2: prepareForNewConnect()
04-11 20:45:41.416 25473 25521 D BluetoothSdpJni: sdpCreateMapMasRecordNative
04-11 20:45:41.416 25473 25521 D BluetoothSdpJni: SDP Create record success - handle: 2
04-11 20:45:41.421 25473 25536 D ObexServerSockets1: Accepting socket connection...
04-11 20:45:41.425 25473 25535 D ObexServerSockets1: Accepting socket connection...
04-11 20:45:41.433 25473 25537 D ObexServerSockets2: Accepting socket connection...
04-11 20:45:41.433 25473 25473 D BluetoothSdpJni: sdpCreatePbapPseRecordNative
04-11 20:45:41.433 25473 25473 D BluetoothSdpJni: SDP Create record success - handle: 3
04-11 20:45:41.440 25473 25538 D ObexServerSockets2: Accepting socket connection...
04-11 20:45:41.445 25473 25473 D BluetoothPbapService: PBAP server with handle:3
