--------- beginning of main
04-08 11:43:14.125 13129 13129 D BluetoothOppFileProvider: Initialized
04-08 11:43:14.157 13129 13129 D AdapterServiceConfig: Adding HeadsetService
04-08 11:43:14.159 13129 13129 D AdapterServiceConfig: Adding A2dpService
04-08 11:43:14.159 13129 13129 D AdapterServiceConfig: Adding HidService
04-08 11:43:14.160 13129 13129 D AdapterServiceConfig: Adding HealthService
04-08 11:43:14.160 13129 13129 D AdapterServiceConfig: Adding PanService
04-08 11:43:14.160 13129 13129 D AdapterServiceConfig: Adding GattService
04-08 11:43:14.161 13129 13129 D AdapterServiceConfig: Adding BluetoothMapService
04-08 11:43:14.161 13129 13129 D AdapterServiceConfig: Adding HeadsetClientService
04-08 11:43:14.161 13129 13129 D AdapterServiceConfig: Adding AvrcpControllerService
04-08 11:43:14.161 13129 13129 D AdapterServiceConfig: Adding SapService
04-08 11:43:14.162 13129 13129 W AdapterServiceConfig: Could not find profile bit mask
04-08 11:43:14.162 13129 13129 D AdapterServiceConfig: Adding BluetoothOppService
04-08 11:43:14.162 13129 13129 W AdapterServiceConfig: Could not find profile bit mask
04-08 11:43:14.162 13129 13129 D AdapterServiceConfig: Adding BluetoothPbapService
04-08 11:43:14.199 13129 13129 D BluetoothAdapterService: onCreate()
04-08 11:43:14.205 13129 13129 D BluetoothAdapterState: make() - Creating AdapterState
04-08 11:43:14.208 13129 13129 I bt_btif : init
04-08 11:43:14.208 13129 13144 I BluetoothAdapterState: Entering OffState
04-08 11:43:14.209 13129 13129 D bt_osi_allocation_tracker: canary initialized
04-08 11:43:14.209 13129 13145 I bt_osi_thread: run_thread: thread id 13145, thread name stack_manager started
04-08 11:43:14.210 13129 13145 I bt_stack_manager: event_init_stack is initializing the stack
04-08 11:43:14.212 13129 13148 I bt_osi_thread: run_thread: thread id 13148, thread name alarm_default_ca started
04-08 11:43:14.213 13129 13149 I bt_osi_thread: run_thread: thread id 13149, thread name alarm_dispatcher started
04-08 11:43:14.216 13129 13145 I bt_btif_core: btif_init_bluetooth entered
04-08 11:43:14.216 13129 13145 I bt_stack_config: init attempt to load stack conf from /etc/bluetooth/bt_stack.conf
04-08 11:43:14.217 13129 13150 I bt_osi_thread: run_thread: thread id 13150, thread name bt_jni_workqueue started
04-08 11:43:14.218 13129 13145 I bt_btif_core: btif_init_bluetooth finished
04-08 11:43:14.218 13129 13145 I bt_stack_manager: event_init_stack finished
04-08 11:43:14.218 13129 13150 I bt_btif_core: run_message_loop entered
04-08 11:43:14.218 13129 13129 I bt_osi_wakelock: wakelock_set_os_callouts set to non-native
04-08 11:43:14.218 13129 13129 I bt_btif : get_profile_interface: id = socket
04-08 11:43:14.219 13129 13150 E bt_btif_storage: btif_storage_get_adapter_property: Controller not ready! Unable to return Bluetooth Address
04-08 11:43:14.219 13129 13150 E BluetoothServiceJni: adapter_properties_callback: Status 1 is incorrect
04-08 11:43:14.224 13129 13150 D BluetoothAdapterProperties: Name is: LeEco Le 2
04-08 11:43:14.224 13129 13129 I bt_btif : get_profile_interface: id = sdp
04-08 11:43:14.229 13129 13129 I BluetoothAdapterService: Phone policy enabled
04-08 11:43:14.231 13129 13129 D BluetoothAdapterService: setAdapterService() - set to: null
04-08 11:43:14.233 13129 13129 D BluetoothAdapterService: onBind()
04-08 11:43:14.245 13129 13142 D BluetoothAdapterService: enable() - Enable called with quiet mode status =  false
04-08 11:43:14.246 13129 13144 D BluetoothAdapterState: Current state: OFF, message: 0
04-08 11:43:14.246 13129 13144 D BluetoothAdapterProperties: Setting state to 14
04-08 11:43:14.246 13129 13144 I BluetoothAdapterState: Bluetooth adapter state changed: 10-> 14
04-08 11:43:14.246 13129 13144 D BluetoothAdapterService: updateAdapterState() - Broadcasting state to 1 receivers.
04-08 11:43:14.247 13129 13144 D BluetoothAdapterService: BleOnProcessStart()
04-08 11:43:14.250 13129 13144 D BluetoothAdapterService: BleOnProcessStart() - Make Bond State Machine
04-08 11:43:14.250 13129 13144 D BluetoothBondStateMachine: make
04-08 11:43:14.252 13129 13156 I BluetoothBondStateMachine: StableState(): Entering Off State
04-08 11:43:14.253 13129 13144 D BluetoothAdapterService: setProfileServiceState() - Starting service com.android.bluetooth.gatt.GattService
04-08 11:43:14.257 13129 13144 I BluetoothAdapterState: Entering PendingCommandState
04-08 11:43:14.259 13129 13129 I BtGatt.JNI: classInitNative(L871): classInitNative: Success!
04-08 11:43:14.260 13129 13129 D BtGatt.DebugUtils: handleDebugAction() action=null
04-08 11:43:14.261 13129 13129 D BluetoothAdapterService: getAdapterService() - returning com.android.bluetooth.btservice.AdapterService@e97793c
04-08 11:43:14.261 13129 13129 D BtGatt.GattService: Received start request. Starting profile...
04-08 11:43:14.262 13129 13129 I bt_btif : get_profile_interface: id = gatt
04-08 11:43:14.263 13129 13129 D BluetoothAdapterService: getAdapterService() - returning com.android.bluetooth.btservice.AdapterService@e97793c
04-08 11:43:14.273 13129 13129 I chatty  : uid=1002(bluetooth) com.android.bluetooth identical 1 line
04-08 11:43:14.273 13129 13129 D BluetoothAdapterService: getAdapterService() - returning com.android.bluetooth.btservice.AdapterService@e97793c
04-08 11:43:14.276 13129 13129 D BluetoothAdapterService: handleMessage() - Message: 1
04-08 11:43:14.276 13129 13129 D BluetoothAdapterService: handleMessage() - MESSAGE_PROFILE_SERVICE_STATE_CHANGED
04-08 11:43:14.276 13129 13129 D BluetoothAdapterService: processProfileServiceStateChanged() - serviceName=com.android.bluetooth.gatt.GattService isTurningOn=false isTurningOff=false isBleTurningOn=true isBleTurningOff=false
04-08 11:43:14.276 13129 13129 D BluetoothAdapterService: GattService is started
04-08 11:43:14.278 13129 13144 V BluetoothAdapterState: PendingCommand - transient state(s): isBleTurningOn
04-08 11:43:14.278 13129 13144 D BluetoothAdapterState: Current state: PENDING_COMMAND, message: 4
04-08 11:43:14.281 13129 13144 I bt_btif : enable: start restricted = 0
04-08 11:43:14.281 13129 13145 I bt_stack_manager: event_start_up_stack is bringing up the stack
04-08 11:43:14.282 13129 13145 I bt_core_module: module_start_up Starting module "btif_config_module"
04-08 11:43:14.282 13129 13145 I bt_core_module: module_start_up Started module "btif_config_module"
04-08 11:43:14.283 13129 13145 I bt_core_module: module_start_up Starting module "btsnoop_module"
04-08 11:43:14.284 13129 13145 I bt_core_module: module_start_up Started module "btsnoop_module"
04-08 11:43:14.284 13129 13145 I bt_core_module: module_start_up Starting module "hci_module"
04-08 11:43:14.284 13129 13145 I bt_hci  : hci_module_start_up
04-08 11:43:14.285 13129 13160 I bt_osi_thread: run_thread: thread id 13160, thread name hci_thread started
04-08 11:43:14.286 13129 13145 D bt_hci  : hci_module_start_up starting async portion
04-08 11:43:14.286 13129 13160 I bt_hci  : hci_initialize
04-08 11:43:14.290 13129 13160 I bt_hci  : hci_initialize: IBluetoothHci::getService() returned 0x7f0263d560 (remote)
04-08 11:43:14.403 13129 13160 I bt_hci  : event_finish_startup
04-08 11:43:14.403 13129 13145 I bt_core_module: module_start_up Started module "hci_module"
04-08 11:43:14.406 13129 13165 I bt_osi_thread: run_thread: thread id 13165, thread name bt_workqueue started
04-08 11:43:14.407 13129 13165 I         : [0408/114314:INFO:btu_task.cc(107)] Bluetooth chip preload is complete
04-08 11:43:14.408 13129 13165 I         : [0408/114314:INFO:gatt_api.cc(1004)] GATT_Register
04-08 11:43:14.409 13129 13165 I         : [0408/114314:INFO:gatt_api.cc(1027)] allocated gatt_if=1
04-08 11:43:14.409 13129 13165 I         : [0408/114314:INFO:gatt_api.cc(207)] GATTS_AddService
04-08 11:43:14.409 13129 13165 I         : [0408/114314:INFO:gatt_api.cc(317)] GATTS_AddService: service parsed correctly, now starting
04-08 11:43:14.409 13129 13165 E         : [0408/114314:ERROR:gatt_attr.cc(301)] gatt_profile_db_init:  gatt_if=1
04-08 11:43:14.410 13129 13165 I         : [0408/114314:INFO:gatt_api.cc(1004)] GATT_Register
04-08 11:43:14.410 13129 13165 I         : [0408/114314:INFO:gatt_api.cc(1027)] allocated gatt_if=2
04-08 11:43:14.410 13129 13165 I         : [0408/114314:INFO:gatt_api.cc(207)] GATTS_AddService
04-08 11:43:14.410 13129 13165 I         : [0408/114314:INFO:gatt_api.cc(317)] GATTS_AddService: service parsed correctly, now starting
04-08 11:43:14.412 13129 13166 I bt_osi_thread: run_thread: thread id 13166, thread name btu message loop started
04-08 11:43:14.414 13129 13167 I bt_osi_thread: run_thread: thread id 13167, thread name module_wrapper started
04-08 11:43:14.415 13129 13167 I bt_core_module: module_start_up Starting module "controller_module"
04-08 11:43:14.648 13129 13167 I bt_core_module: module_start_up Started module "controller_module"
04-08 11:43:14.649 13129 13167 W bt_osi_thread: run_thread: thread id 13167, thread name module_wrapper exited
04-08 11:43:14.649 13129 13165 W bt_btm  : btm_decode_ext_features_page: feature page 1 ignored
04-08 11:43:14.649 13129 13165 W bt_btm  : btm_decode_ext_features_page: feature page 2 ignored
04-08 11:43:14.649 13129 13166 I bt_btm_sec: BTM_SecRegister p_cb_info->p_le_callback == 0x0x7ef4a72d2c
04-08 11:43:14.650 13129 13166 I bt_btm_sec: BTM_SecRegister btm_cb.api.p_le_callback = 0x0x7ef4a72d2c 
04-08 11:43:14.653 13129 13166 I bt_stack: [INFO:gatt_api.cc(1004)] GATT_Register
04-08 11:43:14.653 13129 13166 I bt_stack: [INFO:gatt_api.cc(1027)] allocated gatt_if=3
04-08 11:43:14.693 13129 13166 I bt_stack: [INFO:ble_advertiser_hci_interface.cc(708)] VSC advertising will be in use
04-08 11:43:14.693 13129 13166 I bt_stack: [INFO:ble_advertiser_hci_interface.cc(259)] QuirkAdvertiserZeroHandle in use
04-08 11:43:14.694 13129 13150 D BluetoothAdapterProperties: BT_PROPERTY_LOCAL_LE_FEATURES: update from BT controller mNumOfAdvertisementInstancesSupported = 10 mRpaOffloadSupported = true mNumOfOffloadedIrkSupported = 8 mNumOfOffloadedScanFilterSupported = 16 mOffloadedScanResultStorageBytes= 10240 mIsActivityAndEnergyReporting = true mVersSupported = 96 mTotNumOfTrackableAdv = 32 mIsExtendedScanSupported = true mIsDebugLogSupported = true mIsLe2MPhySupported = false mIsLeCodedPhySupported = false mIsLeExtendedAdvertisingSupported = false mIsLePeriodicAdvertisingSupported = false mLeMaximumAdvertisingDataLength = 31
04-08 11:43:14.700 13129 13150 E bt_btif_storage: btif_storage_get_adapter_property: Controller ready!
04-08 11:43:14.700 13129 13150 I bt_btif_storage: btif_storage_get_adapter_property service_mask:0x20000000
04-08 11:43:14.701 13129 13150 D BluetoothAdapterProperties: Address is:80:1D:00:33:D8:82
04-08 11:43:14.706 13129 13150 D BluetoothAdapterProperties: Name is: LeEco Le 2
04-08 11:43:14.709 13129 13150 D BluetoothAdapterProperties: Scan Mode:20
04-08 11:43:14.709 13129 13150 D BluetoothAdapterProperties: Discoverable Timeout:120
04-08 11:43:14.710 13129 13150 I bt_btif_core: btif_enable_bluetooth_evt entered: status 0
04-08 11:43:14.713 13129 13169 I bt_osi_thread: run_thread: thread id 13169, thread name btif_sock started
04-08 11:43:14.716 13129 13150 D bt_bte_conf: Device ID record 1 : primary
04-08 11:43:14.716 13129 13150 D bt_bte_conf:   vendorId            = 000f
04-08 11:43:14.716 13129 13150 D bt_bte_conf:   vendorIdSource      = 0001
04-08 11:43:14.716 13129 13150 D bt_bte_conf:   product             = 1200
04-08 11:43:14.716 13129 13150 D bt_bte_conf:   version             = 1436
04-08 11:43:14.716 13129 13150 D bt_bte_conf:   clientExecutableURL = 
04-08 11:43:14.716 13129 13150 D bt_bte_conf:   serviceDescription  = 
04-08 11:43:14.716 13129 13150 D bt_bte_conf:   documentationURL    = 
04-08 11:43:14.717 13129 13150 D bt_bte_conf: bte_load_did_conf no section named DID2.
04-08 11:43:14.717 13129 13150 I bt_btif_core: btif_enable_bluetooth_evt finished
04-08 11:43:14.717 13129 13145 I bt_stack_manager: event_start_up_stack finished
04-08 11:43:14.718 13129 13144 V BluetoothAdapterState: PendingCommand - transient state(s): isBleTurningOn
04-08 11:43:14.718 13129 13144 D BluetoothAdapterState: Current state: PENDING_COMMAND, message: 3
04-08 11:43:14.719 13129 13144 D BluetoothAdapterProperties: Setting state to 15
04-08 11:43:14.719 13129 13144 I BluetoothAdapterState: Bluetooth adapter state changed: 14-> 15
04-08 11:43:14.719 13129 13144 D BluetoothAdapterService: updateAdapterState() - Broadcasting state to 1 receivers.
04-08 11:43:14.720 13129 13144 I BluetoothAdapterState: Entering BleOnState
04-08 11:43:14.726 13129 13144 D BluetoothAdapterState: Current state: BLE ON, message: 1
04-08 11:43:14.726 13129 13144 D BluetoothAdapterProperties: Setting state to 11
04-08 11:43:14.726 13129 13144 I BluetoothAdapterState: Bluetooth adapter state changed: 15-> 11
04-08 11:43:14.726 13129 13144 D BluetoothAdapterService: updateAdapterState() - Broadcasting state to 1 receivers.
04-08 11:43:14.726 13129 13144 D BluetoothAdapterService: startCoreServices()
04-08 11:43:14.726 13129 13144 D BluetoothAdapterService: setProfileServiceState() - Starting service com.android.bluetooth.hfp.HeadsetService
04-08 11:43:14.731 13129 13144 D BluetoothAdapterService: setProfileServiceState() - Starting service com.android.bluetooth.a2dp.A2dpService
04-08 11:43:14.732 13129 13129 D BluetoothAdapterService: getAdapterService() - returning com.android.bluetooth.btservice.AdapterService@e97793c
04-08 11:43:14.733 13129 13129 D HeadsetService: Received start request. Starting profile...
04-08 11:43:14.736 13129 13144 D BluetoothAdapterService: setProfileServiceState() - Starting service com.android.bluetooth.hid.HidService
04-08 11:43:14.737 13129 13129 I BluetoothHeadsetServiceJni: classInitNative: succeeds
04-08 11:43:14.738 13129 13129 D HeadsetStateMachine: make
04-08 11:43:14.743 13129 13144 D BluetoothAdapterService: setProfileServiceState() - Starting service com.android.bluetooth.hdp.HealthService
04-08 11:43:14.746 13129 13144 D BluetoothAdapterService: setProfileServiceState() - Starting service com.android.bluetooth.pan.PanService
04-08 11:43:14.749 13129 13144 D BluetoothAdapterService: setProfileServiceState() - Starting service com.android.bluetooth.map.BluetoothMapService
04-08 11:43:14.752 13129 13129 D HeadsetStateMachine: max_hf_connections = 1
04-08 11:43:14.753 13129 13129 D HeadsetStateMachine: in-band_ringing_support = true
04-08 11:43:14.753 13129 13129 I bt_btif : get_profile_interface: id = handsfree
04-08 11:43:14.753 13129 13150 I bt_btif_storage: btif_storage_get_adapter_property service_mask:0x20000040
04-08 11:43:14.753 13129 13166 I bt_stack: [INFO:port_api.cc(123)] RFCOMM_CreateConnection BDA: ff:ff:ff:ff:ff:ff
04-08 11:43:14.754 13129 13166 I bt_stack: [INFO:port_api.cc(123)] RFCOMM_CreateConnection BDA: ff:ff:ff:ff:ff:ff
04-08 11:43:14.754 13129 13144 D BluetoothAdapterService: setProfileServiceState() - Starting service com.android.bluetooth.hfpclient.HeadsetClientService
04-08 11:43:14.754 13129 13150 E bt_btif : btif_hf_upstreams_evt: Invalid index 20597
04-08 11:43:14.756 13129 13129 D BluetoothAdapterService: getAdapterService() - returning com.android.bluetooth.btservice.AdapterService@e97793c
04-08 11:43:14.757 13129 13144 D BluetoothAdapterService: setProfileServiceState() - Starting service com.android.bluetooth.avrcpcontroller.AvrcpControllerService
04-08 11:43:14.757 13129 13129 D BluetoothAdapterService: getAdapterService() - returning com.android.bluetooth.btservice.AdapterService@e97793c
04-08 11:43:14.758 13129 13129 D A2dpService: Received start request. Starting profile...
04-08 11:43:14.759 13129 13129 I BluetoothAvrcpServiceJni: classInitNative: succeeds
04-08 11:43:14.759 13129 13129 V Avrcp   : make
04-08 11:43:14.759 13129 13144 D BluetoothAdapterService: setProfileServiceState() - Starting service com.android.bluetooth.sap.SapService
04-08 11:43:14.761 13129 13129 I bt_btif : get_profile_interface: id = avrcp
04-08 11:43:14.762 13129 13144 D BluetoothAdapterService: setProfileServiceState() - Starting service com.android.bluetooth.opp.BluetoothOppService
04-08 11:43:14.768 13129 13144 D BluetoothAdapterService: setProfileServiceState() - Starting service com.android.bluetooth.pbap.BluetoothPbapService
04-08 11:43:14.773 13129 13144 I BluetoothAdapterState: Entering PendingCommandState
04-08 11:43:14.779 13129 13129 V Avrcp   : initMediaPlayerInfoList: 0 controllers
04-08 11:43:14.781 13129 13129 V Avrcp   : updatePlaybackState (1): -1➡0(PlaybackState {state=0, position=-1, buffered position=0, speed=0.0, updated=62396666, actions=0, custom actions=[], active item id=-1, error=null})
04-08 11:43:14.781 13129 13129 I Avrcp   : Skipping update due to invalid playback state
04-08 11:43:14.781 13129 13129 E Avrcp   : play status change -1➡0 mPlayStatusChangedNT: 1
04-08 11:43:14.781 13129 13129 E bt_btif : register_notification_rsp: Avrcp device is not connected, handle: 0x0
04-08 11:43:14.781 13129 13129 D Avrcp   : sendPlayPosNotificationRsp: Not registered or requesting.
04-08 11:43:14.783 13129 13129 D Avrcp   : User already unlocked, initializing player lists
04-08 11:43:14.784 13129 13129 V Avrcp   : updatePlaybackState (1): 0➡0(PlaybackState {state=0, position=-1, buffered position=0, speed=0.0, updated=62396671, actions=0, custom actions=[], active item id=-1, error=null})
04-08 11:43:14.784 13129 13129 I Avrcp   : Skipping update due to invalid playback state
04-08 11:43:14.784 13129 13129 E Avrcp   : play status change 0➡0 mPlayStatusChangedNT: 1
04-08 11:43:14.784 13129 13129 D Avrcp   : sendPlayPosNotificationRsp: Not registered or requesting.
04-08 11:43:14.786 13129 13129 I BluetoothA2dpServiceJni: classInitNative: succeeds
04-08 11:43:14.787 13129 13129 D A2dpStateMachine: make
04-08 11:43:14.788 13129 13129 I bt_btif : get_profile_interface: id = a2dp
04-08 11:43:14.789 13129 13174 I bt_osi_thread: run_thread: thread id 13174, thread name btif_a2dp_source started
04-08 11:43:14.789 13129 13129 D a2dp_codec: init
04-08 11:43:14.789 13129 13150 I bt_btif_storage: btif_storage_get_adapter_property service_mask:0x20000048
04-08 11:43:14.789 13129 13166 I bt_bta_av: AVRCP version used for sdp: "avrcp14"
04-08 11:43:14.789 13129 13129 D a2dp_codec: createCodec: codec SBC
04-08 11:43:14.790 13129 13150 E bt_btif : btif_sm_dispatch : Invalid handle
04-08 11:43:14.790 13129 13129 I a2dp_codec: init: updated SBC codec priority to 1001
04-08 11:43:14.790 13129 13129 D a2dp_codec: createCodec: codec AAC
04-08 11:43:14.790 13129 13129 I a2dp_codec: init: updated AAC codec priority to 2001
04-08 11:43:14.790 13129 13129 D a2dp_codec: createCodec: codec aptX
04-08 11:43:14.790 13129 13150 E bt_btif : btif_sm_dispatch : Invalid handle
04-08 11:43:14.791 13129 13129 E a2dp_vendor_aptx_encoder: A2DP_VendorLoadEncoderAptx: cannot open aptX encoder library libaptX_encoder.so: dlopen failed: library "libaptX_encoder.so" not found
04-08 11:43:14.791 13129 13129 E a2dp_vendor_aptx: init: cannot load the encoder
04-08 11:43:14.791 13129 13129 D a2dp_codec: createCodec: codec aptX-HD
04-08 11:43:14.792 13129 13129 E a2dp_vendor_aptx_hd_encoder: A2DP_VendorLoadEncoderAptxHd: cannot open aptX-HD encoder library libaptXHD_encoder.so: dlopen failed: library "libaptXHD_encoder.so" not found
04-08 11:43:14.792 13129 13129 E a2dp_vendor_aptx_hd: init: cannot load the encoder
04-08 11:43:14.792 13129 13129 D a2dp_codec: createCodec: codec LDAC
04-08 11:43:14.795 13129 13129 I a2dp_codec: init: updated LDAC codec priority to 5001
04-08 11:43:14.795 13129 13129 D a2dp_codec: createCodec: codec SBC SINK
04-08 11:43:14.796 13129 13129 I a2dp_codec: init: initialized Source codec LDAC
04-08 11:43:14.796 13129 13129 I a2dp_codec: init: initialized Source codec AAC
04-08 11:43:14.796 13129 13129 I a2dp_codec: init: initialized Source codec SBC
04-08 11:43:14.796 13129 13129 I a2dp_codec: init: initialized Sink codec SBC(Sink)
04-08 11:43:14.796 13129 13129 W bt_btif : ## ON A2DP IDLE ## peer_sep = 0
04-08 11:43:14.796 13129 13150 E bt_btif : btif_sm_dispatch : Invalid handle
04-08 11:43:14.798 13129 13173 D A2dpStateMachine: Enter Disconnected: -2
04-08 11:43:14.799 13129 13129 D BluetoothAdapterService: getAdapterService() - returning com.android.bluetooth.btservice.AdapterService@e97793c
04-08 11:43:14.800 13129 13129 I BluetoothHidServiceJni: classInitNative: succeeds
04-08 11:43:14.803 13129 13129 D BluetoothAdapterService: getAdapterService() - returning com.android.bluetooth.btservice.AdapterService@e97793c
04-08 11:43:14.804 13129 13129 D HidService: Received start request. Starting profile...
04-08 11:43:14.804 13129 13129 I bt_btif : get_profile_interface: id = hidhost
04-08 11:43:14.804 13129 13129 D HidService: setHidService(): set to: null
04-08 11:43:14.804 13129 13150 I bt_bta_hh: BTA_HhEnable sec_mask:0x36 p_cback:0x7ef4ad8448
04-08 11:43:14.804 13129 13129 D BluetoothAdapterService: getAdapterService() - returning com.android.bluetooth.btservice.AdapterService@e97793c
04-08 11:43:14.804 13129 13166 I bt_stack: [INFO:gatt_api.cc(1004)] GATT_Register
04-08 11:43:14.805 13129 13166 I bt_stack: [INFO:gatt_api.cc(1027)] allocated gatt_if=4
04-08 11:43:14.805 13129 13129 I BluetoothHealthServiceJni: classInitNative: succeeds
04-08 11:43:14.805 13129 13150 I bt_btif_storage: btif_storage_get_adapter_property service_mask:0x20100048
04-08 11:43:14.806 13129 13129 D BluetoothAdapterService: getAdapterService() - returning com.android.bluetooth.btservice.AdapterService@e97793c
04-08 11:43:14.807 13129 13129 D HealthService: Received start request. Starting profile...
04-08 11:43:14.808 13129 13129 I bt_btif : get_profile_interface: id = health
04-08 11:43:14.809 13129 13129 D BluetoothAdapterService: getAdapterService() - returning com.android.bluetooth.btservice.AdapterService@e97793c
04-08 11:43:14.816 13129 13129 I BluetoothPanServiceJni: classInitNative(L111): succeeds
04-08 11:43:14.817 13129 13129 D BluetoothAdapterService: getAdapterService() - returning com.android.bluetooth.btservice.AdapterService@e97793c
04-08 11:43:14.818 13129 13129 D PanService: Received start request. Starting profile...
04-08 11:43:14.818 13129 13129 D BluetoothPanServiceJni: initializeNative(L116): pan
04-08 11:43:14.818 13129 13129 I bt_btif : get_profile_interface: id = pan
04-08 11:43:14.818 13129 13129 D BluetoothAdapterService: getAdapterService() - returning com.android.bluetooth.btservice.AdapterService@e97793c
04-08 11:43:14.818 13129 13150 D BluetoothPanServiceJni: control_state_callback(L63): state:0, local_role:3, ifname:bt-pan
04-08 11:43:14.821 13129 13129 D BluetoothAdapterService: getAdapterService() - returning com.android.bluetooth.btservice.AdapterService@e97793c
04-08 11:43:14.822 13129 13129 D BluetoothMapService: Received start request. Starting profile...
04-08 11:43:14.822 13129 13129 D BluetoothMapService: start()
04-08 11:43:14.827 13129 13129 D BluetoothMapAccountLoader: Found 0 application(s) with intent android.bluetooth.action.BLUETOOTH_MAP_PROVIDER
04-08 11:43:14.829 13129 13129 D BluetoothMapAccountLoader: Found 0 application(s) with intent android.bluetooth.action.BLUETOOTH_MAP_IM_PROVIDER
04-08 11:43:14.829 13129 13129 D BluetoothMapAppObserver: createReceiver()
04-08 11:43:14.831 13129 13129 D BluetoothMapAppObserver: initObservers()
04-08 11:43:14.831 13129 13129 D BluetoothMapAppObserver: getEnabledAccountItems()
04-08 11:43:14.832 13129 13129 D BluetoothAdapterService: getAdapterService() - returning com.android.bluetooth.btservice.AdapterService@e97793c
04-08 11:43:14.833 13129 13129 D BluetoothAdapterService: handleMessage() - Message: 1
04-08 11:43:14.833 13129 13129 D BluetoothAdapterService: handleMessage() - MESSAGE_PROFILE_SERVICE_STATE_CHANGED
04-08 11:43:14.833 13129 13129 D BluetoothAdapterService: processProfileServiceStateChanged() - serviceName=com.android.bluetooth.hfp.HeadsetService isTurningOn=true isTurningOff=false isBleTurningOn=false isBleTurningOff=false
04-08 11:43:14.833 13129 13171 D HeadsetPhoneState: sendDeviceStateChanged. mService=0 mIsSimStateLoaded=false mSignal=0 mRoam=0 mBatteryCharge=2
04-08 11:43:14.834 13129 13129 D BluetoothAdapterService: onProfileServiceStateChange() - Profile still not running:com.android.bluetooth.a2dp.A2dpService
04-08 11:43:14.835 13129 13129 I BluetoothHeadsetClientServiceJni: classInitNative succeeds
04-08 11:43:14.836 13129 13129 D BluetoothAdapterService: getAdapterService() - returning com.android.bluetooth.btservice.AdapterService@e97793c
04-08 11:43:14.837 13129 13129 D HeadsetClientService: Received start request. Starting profile...
04-08 11:43:14.837 13129 13129 D BluetoothHeadsetClientServiceJni: initializeNative: HfpClient
04-08 11:43:14.837 13129 13129 I bt_btif : get_profile_interface: id = handsfree_client
04-08 11:43:14.838 13129 13150 I bt_stack: [INFO:port_api.cc(123)] RFCOMM_CreateConnection BDA: ff:ff:ff:ff:ff:ff
04-08 11:43:14.838 13129 13150 I bt_btif_storage: btif_storage_get_adapter_property service_mask:0x21100048
04-08 11:43:14.843 13129 13129 D BluetoothHeadsetClientServiceJni: initializeNative: HfpClient
04-08 11:43:14.843 13129 13129 W BluetoothHeadsetClientServiceJni: Cleaning up Bluetooth HFP Client Interface before initializing
04-08 11:43:14.843 13129 13129 W BluetoothHeadsetClientServiceJni: Cleaning up Bluetooth HFP Client callback object
04-08 11:43:14.843 13129 13150 I bt_btif_queue: queue_int_cleanup: UUID=111E
04-08 11:43:14.843 13129 13129 I bt_btif : get_profile_interface: id = handsfree_client
04-08 11:43:14.843 13129 13129 D BluetoothAdapterService: getAdapterService() - returning com.android.bluetooth.btservice.AdapterService@e97793c
04-08 11:43:14.844 13129 13150 I bt_btif_storage: btif_storage_get_adapter_property service_mask:0x21100048
04-08 11:43:14.845 13129 13150 I bt_stack: [INFO:port_api.cc(123)] RFCOMM_CreateConnection BDA: ff:ff:ff:ff:ff:ff
04-08 11:43:14.845 13129 13150 I bt_btif_storage: btif_storage_get_adapter_property service_mask:0x21100048
04-08 11:43:14.845 13129 13129 I BluetoothAvrcpControllerJni: classInitNative: succeeds
04-08 11:43:14.845 13129 13129 I bt_btif : get_profile_interface: id = avrcp_ctrl
04-08 11:43:14.847 13129 13129 D BluetoothAdapterService: getAdapterService() - returning com.android.bluetooth.btservice.AdapterService@e97793c
04-08 11:43:14.847 13129 13129 D AvrcpControllerService: Received start request. Starting profile...
04-08 11:43:14.854 13129 13129 D AvrcpControllerService: setAvrcpControllerService(): set to: null
04-08 11:43:14.854 13129 13129 D BluetoothAdapterService: getAdapterService() - returning com.android.bluetooth.btservice.AdapterService@e97793c
04-08 11:43:14.856 13129 13129 V SapService: SapBinder()
04-08 11:43:14.857 13129 13129 D BluetoothAdapterService: getAdapterService() - returning com.android.bluetooth.btservice.AdapterService@e97793c
04-08 11:43:14.857 13129 13129 D SapService: Received start request. Starting profile...
04-08 11:43:14.858 13129 13129 V SapService: start()
04-08 11:43:14.860 13129 13129 D BluetoothAdapterService: getAdapterService() - returning com.android.bluetooth.btservice.AdapterService@e97793c
04-08 11:43:14.874 13129 13129 D BluetoothAdapterService: getAdapterService() - returning com.android.bluetooth.btservice.AdapterService@e97793c
04-08 11:43:14.876 13129 13129 D BluetoothOppService: Received start request. Starting profile...
04-08 11:43:14.876 13129 13129 D BluetoothAdapterService: getAdapterService() - returning com.android.bluetooth.btservice.AdapterService@e97793c
04-08 11:43:14.878 13129 13129 V BluetoothPbapService: PbapBinder()
04-08 11:43:14.879 13129 13129 D BluetoothAdapterService: getAdapterService() - returning com.android.bluetooth.btservice.AdapterService@e97793c
04-08 11:43:14.880 13129 13129 D BluetoothPbapService: Received start request. Starting profile...
04-08 11:43:14.881 13129 13129 V BluetoothPbapService: start()
04-08 11:43:14.883 13129 13129 D BluetoothPbapService: Registering observer
04-08 11:43:14.892 13129 13129 D BluetoothAdapterService: getAdapterService() - returning com.android.bluetooth.btservice.AdapterService@e97793c
04-08 11:43:14.893 13129 13129 D BluetoothAdapterService: handleMessage() - Message: 1
04-08 11:43:14.893 13129 13129 D BluetoothAdapterService: handleMessage() - MESSAGE_PROFILE_SERVICE_STATE_CHANGED
04-08 11:43:14.893 13129 13129 D BluetoothAdapterService: processProfileServiceStateChanged() - serviceName=com.android.bluetooth.a2dp.A2dpService isTurningOn=true isTurningOff=false isBleTurningOn=false isBleTurningOff=false
04-08 11:43:14.894 13129 13129 D BluetoothAdapterService: onProfileServiceStateChange() - Profile still not running:com.android.bluetooth.map.BluetoothMapService
04-08 11:43:14.894 13129 13129 D BluetoothAdapterService: handleMessage() - Message: 1
04-08 11:43:14.894 13129 13129 D BluetoothAdapterService: handleMessage() - MESSAGE_PROFILE_SERVICE_STATE_CHANGED
04-08 11:43:14.894 13129 13129 D BluetoothAdapterService: processProfileServiceStateChanged() - serviceName=com.android.bluetooth.hid.HidService isTurningOn=true isTurningOff=false isBleTurningOn=false isBleTurningOff=false
04-08 11:43:14.895 13129 13129 D BluetoothAdapterService: onProfileServiceStateChange() - Profile still not running:com.android.bluetooth.map.BluetoothMapService
04-08 11:43:14.895 13129 13129 D BluetoothAdapterService: handleMessage() - Message: 1
04-08 11:43:14.895 13129 13129 D BluetoothAdapterService: handleMessage() - MESSAGE_PROFILE_SERVICE_STATE_CHANGED
04-08 11:43:14.895 13129 13129 D BluetoothAdapterService: processProfileServiceStateChanged() - serviceName=com.android.bluetooth.hdp.HealthService isTurningOn=true isTurningOff=false isBleTurningOn=false isBleTurningOff=false
04-08 11:43:14.896 13129 13129 D BluetoothAdapterService: onProfileServiceStateChange() - Profile still not running:com.android.bluetooth.map.BluetoothMapService
04-08 11:43:14.896 13129 13129 D BluetoothAdapterService: handleMessage() - Message: 1
04-08 11:43:14.896 13129 13129 D BluetoothAdapterService: handleMessage() - MESSAGE_PROFILE_SERVICE_STATE_CHANGED
04-08 11:43:14.897 13129 13129 D BluetoothAdapterService: processProfileServiceStateChanged() - serviceName=com.android.bluetooth.pan.PanService isTurningOn=true isTurningOff=false isBleTurningOn=false isBleTurningOff=false
04-08 11:43:14.897 13129 13129 D BluetoothAdapterService: onProfileServiceStateChange() - Profile still not running:com.android.bluetooth.map.BluetoothMapService
04-08 11:43:14.898 13129 13129 D BluetoothAdapterService: handleMessage() - Message: 1
04-08 11:43:14.898 13129 13129 D BluetoothAdapterService: handleMessage() - MESSAGE_PROFILE_SERVICE_STATE_CHANGED
04-08 11:43:14.898 13129 13129 D BluetoothAdapterService: processProfileServiceStateChanged() - serviceName=com.android.bluetooth.map.BluetoothMapService isTurningOn=true isTurningOff=false isBleTurningOn=false isBleTurningOff=false
04-08 11:43:14.898 13129 13129 D BluetoothAdapterService: onProfileServiceStateChange() - Profile still not running:com.android.bluetooth.avrcpcontroller.AvrcpControllerService
04-08 11:43:14.898 13129 13129 D BluetoothAdapterService: handleMessage() - Message: 1
04-08 11:43:14.898 13129 13129 D BluetoothAdapterService: handleMessage() - MESSAGE_PROFILE_SERVICE_STATE_CHANGED
04-08 11:43:14.899 13129 13129 D BluetoothAdapterService: processProfileServiceStateChanged() - serviceName=com.android.bluetooth.hfpclient.HeadsetClientService isTurningOn=true isTurningOff=false isBleTurningOn=false isBleTurningOff=false
04-08 11:43:14.899 13129 13129 D BluetoothAdapterService: onProfileServiceStateChange() - Profile still not running:com.android.bluetooth.avrcpcontroller.AvrcpControllerService
04-08 11:43:14.899 13129 13129 D BluetoothAdapterService: handleMessage() - Message: 1
04-08 11:43:14.899 13129 13129 D BluetoothAdapterService: handleMessage() - MESSAGE_PROFILE_SERVICE_STATE_CHANGED
04-08 11:43:14.899 13129 13129 D BluetoothAdapterService: processProfileServiceStateChanged() - serviceName=com.android.bluetooth.avrcpcontroller.AvrcpControllerService isTurningOn=true isTurningOff=false isBleTurningOn=false isBleTurningOff=false
04-08 11:43:14.900 13129 13129 D BluetoothAdapterService: onProfileServiceStateChange() - Profile still not running:com.android.bluetooth.sap.SapService
04-08 11:43:14.901 13129 13129 D BluetoothAdapterService: handleMessage() - Message: 1
04-08 11:43:14.901 13129 13129 D BluetoothAdapterService: handleMessage() - MESSAGE_PROFILE_SERVICE_STATE_CHANGED
04-08 11:43:14.901 13129 13129 D BluetoothAdapterService: processProfileServiceStateChanged() - serviceName=com.android.bluetooth.sap.SapService isTurningOn=true isTurningOff=false isBleTurningOn=false isBleTurningOff=false
04-08 11:43:14.902 13129 13129 D BluetoothAdapterService: onProfileServiceStateChange() - Profile still not running:com.android.bluetooth.pbap.BluetoothPbapService
04-08 11:43:14.906 13129 13129 D BluetoothAdapterService: handleMessage() - Message: 1
04-08 11:43:14.907 13129 13129 D BluetoothAdapterService: handleMessage() - MESSAGE_PROFILE_SERVICE_STATE_CHANGED
04-08 11:43:14.907 13129 13129 D BluetoothAdapterService: processProfileServiceStateChanged() - serviceName=com.android.bluetooth.opp.BluetoothOppService isTurningOn=true isTurningOff=false isBleTurningOn=false isBleTurningOff=false
04-08 11:43:14.907 13129 13129 D BluetoothAdapterService: onProfileServiceStateChange() - Profile still not running:com.android.bluetooth.pbap.BluetoothPbapService
04-08 11:43:14.915 13129 13129 D BluetoothAdapterService: handleMessage() - Message: 1
04-08 11:43:14.915 13129 13129 D BluetoothAdapterService: handleMessage() - MESSAGE_PROFILE_SERVICE_STATE_CHANGED
04-08 11:43:14.915 13129 13129 D BluetoothAdapterService: processProfileServiceStateChanged() - serviceName=com.android.bluetooth.pbap.BluetoothPbapService isTurningOn=true isTurningOff=false isBleTurningOn=false isBleTurningOff=false
04-08 11:43:14.916 13129 13129 D BluetoothAdapterService: onProfileServiceStateChange() - All profile services started.
04-08 11:43:14.916 13129 13144 V BluetoothAdapterState: PendingCommand - transient state(s): isTurningOn
04-08 11:43:14.916 13129 13144 D BluetoothAdapterState: Current state: PENDING_COMMAND, message: 2
04-08 11:43:14.916 13129 13144 D BluetoothAdapterProperties: onBluetoothReady, state=11, ScanMode=20
04-08 11:43:14.917 13129 13144 D BluetoothAdapterProperties: Setting state to 12
04-08 11:43:14.917 13129 13144 I BluetoothAdapterState: Bluetooth adapter state changed: 11-> 12
04-08 11:43:14.917 13129 13144 D BluetoothAdapterService: updateAdapterState() - Broadcasting state to 1 receivers.
04-08 11:43:14.918 13129 13144 I BluetoothAdapterState: Entering OnState
04-08 11:43:14.918 13129 13144 D BluetoothAdapterService: updateUuids() - Updating UUIDs for bonded devices
04-08 11:43:14.924 13129 13150 D BluetoothAdapterProperties: Scan Mode:21
04-08 11:43:14.925 13129 13150 D BluetoothAdapterProperties: Discoverable Timeout:120
04-08 11:43:14.954 13129 13150 D BluetoothAdapterProperties: Discoverable Timeout:120
04-08 11:43:14.959 13129 13150 D BluetoothAdapterProperties: Scan Mode:23
04-08 11:43:14.968 13129 13129 D BluetoothMapService: onReceive
04-08 11:43:14.968 13129 13129 D BluetoothMapService: onReceive: android.bluetooth.adapter.action.STATE_CHANGED
04-08 11:43:14.968 13129 13129 D BluetoothMapService: STATE_ON
04-08 11:43:14.972 13129 13129 D BluetoothPbapService: action: android.bluetooth.adapter.action.STATE_CHANGED
04-08 11:43:14.972 13129 13129 D BluetoothPbapService: state: 12
04-08 11:43:14.973 13129 13129 D BluetoothAdapterService: isQuetModeEnabled() - Enabled = false
04-08 11:43:14.973 13129 13129 D BluetoothPhonePolicy: autoConnect() - Initiate auto connection on BT on...
04-08 11:43:14.977 13129 13129 D BtOppService: start Socket Listeners
04-08 11:43:14.977 13129 13129 D BtOppService: stopListeners   mServerSocket :null
04-08 11:43:14.978 13129 13129 D ObexServerSockets: create(rfcomm = -2, l2capPsm = -2)
04-08 11:43:14.980 13129 13129 W BluetoothAdapter: getBluetoothService() called with no BluetoothManagerCallback
04-08 11:43:14.981 13129 13189 W BluetoothAdapter: getBluetoothService() called with no BluetoothManagerCallback
04-08 11:43:14.983 13129 13166 I bt_stack: [INFO:port_api.cc(123)] RFCOMM_CreateConnection BDA: ff:ff:ff:ff:ff:ff
04-08 11:43:14.983 13129 13166 I bt_stack: [INFO:port_api.cc(123)] RFCOMM_CreateConnection BDA: ff:ff:ff:ff:ff:ff
04-08 11:43:14.984 13129 13189 D BluetoothSdpJni: sdpCreateSapsRecordNative
04-08 11:43:14.984 13129 13189 D BluetoothSdpJni: SDP Create record success - handle: 0
04-08 11:43:14.984 13129 13129 W BluetoothAdapter: getBluetoothService() called with no BluetoothManagerCallback
04-08 11:43:14.987 13129 13129 D ObexServerSockets: Succeed to create listening sockets 
04-08 11:43:14.988 13129 13129 D ObexServerSockets0: startAccept()
04-08 11:43:14.988 13129 13129 D ObexServerSockets0: prepareForNewConnect()
04-08 11:43:14.993 13129 13129 D BluetoothSdpJni: sdpCreateOppOpsRecordNative
04-08 11:43:14.993 13129 13129 D BluetoothSdpJni: SDP Create record success - handle: 1
04-08 11:43:14.993 13129 13129 D BtOppService: mOppSdpHandle :1
04-08 11:43:14.993 13129 13178 D BluetoothMapMasInstance0: Map Service startRfcommSocketListener
04-08 11:43:14.994 13129 13178 D ObexServerSockets: create(rfcomm = -2, l2capPsm = -2)
04-08 11:43:14.995 13129 13178 W BluetoothAdapter: getBluetoothService() called with no BluetoothManagerCallback
04-08 11:43:14.996 13129 13166 I bt_stack: [INFO:port_api.cc(123)] RFCOMM_CreateConnection BDA: ff:ff:ff:ff:ff:ff
04-08 11:43:14.998 13129 13129 D BluetoothPbapService: startsocketListener
04-08 11:43:14.998 13129 13178 W BluetoothAdapter: getBluetoothService() called with no BluetoothManagerCallback
04-08 11:43:14.998 13129 13129 D ObexServerSockets: create(rfcomm = -2, l2capPsm = -2)
04-08 11:43:14.998 13129 13190 D ObexServerSockets0: Accepting socket connection...
04-08 11:43:14.998 13129 13191 D ObexServerSockets0: Accepting socket connection...
04-08 11:43:14.998 13129 13129 W BluetoothAdapter: getBluetoothService() called with no BluetoothManagerCallback
04-08 11:43:15.001 13129 13166 I bt_stack: [INFO:port_api.cc(123)] RFCOMM_CreateConnection BDA: ff:ff:ff:ff:ff:ff
04-08 11:43:15.001 13129 13178 D ObexServerSockets: Succeed to create listening sockets 
04-08 11:43:15.001 13129 13178 D ObexServerSockets1: startAccept()
04-08 11:43:15.001 13129 13178 D ObexServerSockets1: prepareForNewConnect()
04-08 11:43:15.001 13129 13129 W BluetoothAdapter: getBluetoothService() called with no BluetoothManagerCallback
04-08 11:43:15.003 13129 13129 D ObexServerSockets: Succeed to create listening sockets 
04-08 11:43:15.003 13129 13129 D ObexServerSockets2: startAccept()
04-08 11:43:15.003 13129 13129 D ObexServerSockets2: prepareForNewConnect()
04-08 11:43:15.004 13129 13129 D BluetoothSdpJni: sdpCreatePbapPseRecordNative
04-08 11:43:15.004 13129 13129 D BluetoothSdpJni: SDP Create record success - handle: 2
04-08 11:43:15.005 13129 13192 D ObexServerSockets1: Accepting socket connection...
04-08 11:43:15.008 13129 13194 D ObexServerSockets2: Accepting socket connection...
04-08 11:43:15.010 13129 13193 D ObexServerSockets2: Accepting socket connection...
04-08 11:43:15.010 13129 13178 D BluetoothSdpJni: sdpCreateMapMasRecordNative
04-08 11:43:15.012 13129 13178 D BluetoothSdpJni: SDP Create record success - handle: 3
04-08 11:43:15.015 13129 13196 D ObexServerSockets1: Accepting socket connection...
04-08 11:43:15.017 13129 13129 D BluetoothPbapService: PBAP server with handle:2
04-08 11:43:16.080 13129 13166 W bt_btif : bta_dm_acl_change info: 0x10
04-08 11:43:16.081 13129 13150 D bt_btif_dm: remote version info [a0:a4:c5:68:0f:dc]: 8, 2, 100
04-08 11:43:16.083 13129 13150 E BluetoothRemoteDevices: aclStateChangeCallback: device is NULL, address=A0:A4:C5:68:0F:DC, newState=0
04-08 11:43:16.424 13129 13150 D bt_btif_config: btif_get_device_type: Device [a0:a4:c5:68:0f:dc] type 1
04-08 11:43:16.424 13129 13150 I bt_btif_dm: get_cod remote_cod = 0x000c010c
04-08 11:43:16.427 13129 13150 I BluetoothBondStateMachine: bondStateChangeCallback: Status: 0 Address: A0:A4:C5:68:0F:DC newState: 1
04-08 11:43:16.427 13129 13150 I bt_btif_dm: get_cod remote_cod = 0x000c010c
04-08 11:43:16.446 13129 13156 I BluetoothBondStateMachine: Bond State Change Intent:A0:A4:C5:68:0F:DC OldState: 10 NewState: 11
04-08 11:43:16.447 13129 13156 I BluetoothBondStateMachine: Entering PendingCommandState State
04-08 11:43:16.703 13129 13155 D BluetoothAdapterService: startDiscovery
04-08 11:43:16.705 13129 13166 W bt_btif : bta_dm_check_av:0
04-08 11:43:16.706 13129 13166 E bt_btif : bte_scan_filt_param_cfg_evt, 23
04-08 11:43:17.128 13129 13150 D BluetoothAdapterProperties: Discoverable Timeout:120
04-08 11:43:17.132 13129 13150 D BluetoothAdapterProperties: Scan Mode:21
04-08 11:43:17.166 13129 13150 D BluetoothAdapterProperties: Discoverable Timeout:120
04-08 11:43:17.176 13129 13150 D BluetoothAdapterProperties: Scan Mode:23
04-08 11:43:17.498 13129 13150 D BluetoothAdapterProperties: Discoverable Timeout:120
04-08 11:43:17.504 13129 13150 D BluetoothAdapterProperties: Scan Mode:21
04-08 11:43:17.506 13129 13141 D BluetoothAdapterService: cancelDiscovery
04-08 11:43:17.627 13129 13150 D bt_btif_config: btif_get_device_type: Device [a0:a4:c5:68:0f:dc] type 1
04-08 11:43:17.627 13129 13150 I bt_btif_dm: get_cod remote_cod = 0x000c010c
04-08 11:43:17.627 13129 13150 I BluetoothBondStateMachine: bondStateChangeCallback: Status: 0 Address: A0:A4:C5:68:0F:DC newState: 0
04-08 11:43:17.627 13129 13156 D BluetoothAdapterProperties: Failed to remove device: A0:A4:C5:68:0F:DC
04-08 11:43:17.629 13129 13156 I BluetoothBondStateMachine: Bond State Change Intent:A0:A4:C5:68:0F:DC OldState: 11 NewState: 10
04-08 11:43:17.631 13129 13156 D HidService: getHidService(): returning com.android.bluetooth.hid.HidService@d0b2600
04-08 11:43:17.632 13129 13156 D A2dpSinkService: getA2dpSinkService(): service is NULL
04-08 11:43:17.634 13129 13156 D HidService: Saved priority A0:A4:C5:68:0F:DC = -1
04-08 11:43:17.641 13129 13156 I BluetoothBondStateMachine: StableState(): Entering Off State
04-08 11:44:08.100 13129 13166 I bt_btm_sec: btm_sec_disconnected clearing pending flag handle:1 reason:19
04-08 11:44:08.101 13129 13150 W bt_btif : btif_av_move_idle: ACL Disconnected state 0 bd_addr=a0:a4:c5:68:0f:dc peer_bda=00:00:00:00:00:00
04-08 11:44:08.110 13129 13129 D BluetoothMapService: onReceive
04-08 11:44:08.110 13129 13129 D BluetoothMapService: onReceive: android.bluetooth.device.action.ACL_DISCONNECTED
04-08 11:44:08.111 13129 13129 D BluetoothPbapService: action: android.bluetooth.device.action.ACL_DISCONNECTED
04-08 11:44:08.111 13129 13129 D BluetoothPbapService: state: -2147483648
04-08 11:44:08.111 13129 13129 W BluetoothPbapService: Unrecognized intent!
04-08 11:44:15.625 13129 13150 D BluetoothAdapterProperties: Discoverable Timeout:120
04-08 11:44:15.628 13129 13150 D BluetoothAdapterProperties: Scan Mode:23
04-08 11:44:15.632 13129 13186 D BluetoothAdapterService: startDiscovery
04-08 11:44:15.635 13129 13166 W bt_btif : bta_dm_check_av:0
04-08 11:44:15.652 13129 13166 E bt_btif : bte_scan_filt_param_cfg_evt, 23
04-08 11:44:16.561 13129 13150 D bt_btif_config: btif_get_device_type: Device [a0:a4:c5:68:0f:dc] type 1
04-08 11:44:29.774 13129 13155 D BluetoothAdapterService: startDiscovery
04-08 11:44:29.776 13129 13166 W bt_btif : bta_dm_check_av:0
04-08 11:44:29.789 13129 13166 E bt_btif : bte_scan_filt_param_cfg_evt, 23
04-08 11:44:34.624 13129 13150 D bt_btif_config: btif_get_device_type: Device [a0:a4:c5:68:0f:dc] type 1
04-08 11:44:43.914 13129 13141 D BluetoothAdapterService: startDiscovery
04-08 11:44:43.917 13129 13166 W bt_btif : bta_dm_check_av:0
04-08 11:44:43.925 13129 13166 E bt_btif : bte_scan_filt_param_cfg_evt, 23
04-08 11:44:47.424 13129 13150 D bt_btif_config: btif_get_device_type: Device [a0:a4:c5:68:0f:dc] type 1
04-08 11:44:51.014 13129 13150 D bt_btif_config: btif_get_device_type: Device [de:5b:8c:e9:b6:24] type 2
04-08 11:44:58.053 13129 13186 D BluetoothAdapterService: startDiscovery
04-08 11:44:58.056 13129 13166 W bt_btif : bta_dm_check_av:0
04-08 11:44:58.062 13129 13166 E bt_btif : bte_scan_filt_param_cfg_evt, 23
04-08 11:45:02.783 13129 13150 D bt_btif_config: btif_get_device_type: Device [a0:a4:c5:68:0f:dc] type 1
04-08 11:45:12.183 13129 13142 D BluetoothAdapterService: startDiscovery
04-08 11:45:12.185 13129 13166 W bt_btif : bta_dm_check_av:0
04-08 11:45:12.192 13129 13166 E bt_btif : bte_scan_filt_param_cfg_evt, 23
04-08 11:45:15.582 13129 13150 D bt_btif_config: btif_get_device_type: Device [a0:a4:c5:68:0f:dc] type 1
04-08 11:45:26.317 13129 13141 D BluetoothAdapterService: startDiscovery
04-08 11:45:26.318 13129 13166 W bt_btif : bta_dm_check_av:0
04-08 11:45:26.325 13129 13166 E bt_btif : bte_scan_filt_param_cfg_evt, 23
04-08 11:45:30.594 13129 13150 D bt_btif_config: btif_get_device_type: Device [de:5b:8c:e9:b6:24] type 2
04-08 11:45:30.941 13129 13150 D bt_btif_config: btif_get_device_type: Device [a0:a4:c5:68:0f:dc] type 1
04-08 11:45:40.466 13129 13186 D BluetoothAdapterService: startDiscovery
04-08 11:45:40.468 13129 13166 W bt_btif : bta_dm_check_av:0
04-08 11:45:40.473 13129 13166 E bt_btif : bte_scan_filt_param_cfg_evt, 23
04-08 11:45:41.184 13129 13150 D bt_btif_config: btif_get_device_type: Device [a0:a4:c5:68:0f:dc] type 1
04-08 11:45:54.582 13129 13155 D BluetoothAdapterService: startDiscovery
04-08 11:45:54.584 13129 13166 W bt_btif : bta_dm_check_av:0
04-08 11:45:54.588 13129 13166 E bt_btif : bte_scan_filt_param_cfg_evt, 23
04-08 11:45:59.108 13129 13150 D bt_btif_config: btif_get_device_type: Device [a0:a4:c5:68:0f:dc] type 1
04-08 11:46:04.396 13129 13150 D bt_btif_config: btif_get_device_type: Device [de:5b:8c:e9:b6:24] type 2
04-08 11:46:08.713 13129 13186 D BluetoothAdapterService: startDiscovery
04-08 11:46:08.717 13129 13166 W bt_btif : bta_dm_check_av:0
04-08 11:46:08.723 13129 13166 E bt_btif : bte_scan_filt_param_cfg_evt, 23
04-08 11:46:10.206 13129 13150 D bt_btif_config: btif_get_device_type: Device [de:5b:8c:e9:b6:24] type 2
04-08 11:46:19.397 13129 13150 D bt_btif_config: btif_get_device_type: Device [a0:a4:c5:68:0f:dc] type 1
04-08 11:46:19.428 13129 13150 D bt_btif_config: btif_get_device_type: Device [a0:a4:c5:68:0f:dc] type 1
04-08 11:46:22.850 13129 13155 D BluetoothAdapterService: startDiscovery
04-08 11:46:22.854 13129 13166 W bt_btif : bta_dm_check_av:0
04-08 11:46:22.861 13129 13166 E bt_btif : bte_scan_filt_param_cfg_evt, 23
04-08 11:46:28.541 13129 13150 D bt_btif_config: btif_get_device_type: Device [de:5b:8c:e9:b6:24] type 2
04-08 11:46:28.674 13129 13166 W bt_btif : bta_dm_acl_change info: 0x10
04-08 11:46:28.674 13129 13150 D bt_btif_dm: remote version info [a0:a4:c5:68:0f:dc]: 0, 0, 0
04-08 11:46:31.849 13129 13150 D bt_btif_config: btif_get_device_type: Device [a0:a4:c5:68:0f:dc] type 1
04-08 11:46:31.863 13129 13150 D bt_btif_config: btif_get_device_type: Device [a0:a4:c5:68:0f:dc] type 1
04-08 11:46:31.864 13129 13150 I bt_btif_dm: get_cod remote_cod = 0x000c010c
04-08 11:46:31.865 13129 13150 I BluetoothBondStateMachine: bondStateChangeCallback: Status: 0 Address: A0:A4:C5:68:0F:DC newState: 1
04-08 11:46:31.866 13129 13150 I bt_btif_dm: get_cod remote_cod = 0x000c010c
04-08 11:46:31.870 13129 13156 I BluetoothBondStateMachine: Bond State Change Intent:A0:A4:C5:68:0F:DC OldState: 10 NewState: 11
04-08 11:46:31.870 13129 13156 I BluetoothBondStateMachine: Entering PendingCommandState State
04-08 11:46:32.708 13129 13166 W bt_smp  : for SMP over BR max_key_size: 0x10, local_i_key: 0x07, local_r_key: 0x07, p_cb->loc_auth_req: 0x21
04-08 11:46:32.709 13129 13166 W bt_smp  : AES128_CMAC started, allocate buffer size = 16
04-08 11:46:32.709 13129 13166 W bt_smp  : flag = 1 round = 1
04-08 11:46:32.709 13129 13166 W bt_smp  : AES128_CMAC started, allocate buffer size = 16
04-08 11:46:32.709 13129 13166 W bt_smp  : flag = 0 round = 1
04-08 11:46:32.709 13129 13166 W bt_smp  : smp_send_id_info
04-08 11:46:32.709 13129 13166 W bt_l2cap: L2CAP ignoring duplicate echo request (0)
04-08 11:46:32.712 13129 13161 W bt_hci_packet_fragmenter: reassemble_and_dispatch got packet which would exceed expected length of 84. Truncating.
04-08 11:46:32.713 13129 13166 F bt_stack: [FATAL:allocation_tracker.cc(161)] Check failed: end_canary[i] == canary[i]. 
--------- beginning of crash
04-08 11:46:32.713 13129 13166 F libc    : Fatal signal 6 (SIGABRT), code -6 in tid 13166 (btu message loo), pid 13129 (droid.bluetooth)
