--------- beginning of main
04-08 11:46:33.937 13364 13364 D BluetoothOppFileProvider: Initialized
04-08 11:46:33.952 13364 13364 D AdapterServiceConfig: Adding HeadsetService
04-08 11:46:33.953 13364 13364 D AdapterServiceConfig: Adding A2dpService
04-08 11:46:33.953 13364 13364 D AdapterServiceConfig: Adding HidService
04-08 11:46:33.953 13364 13364 D AdapterServiceConfig: Adding HealthService
04-08 11:46:33.953 13364 13364 D AdapterServiceConfig: Adding PanService
04-08 11:46:33.953 13364 13364 D AdapterServiceConfig: Adding GattService
04-08 11:46:33.953 13364 13364 D AdapterServiceConfig: Adding BluetoothMapService
04-08 11:46:33.954 13364 13364 D AdapterServiceConfig: Adding HeadsetClientService
04-08 11:46:33.954 13364 13364 D AdapterServiceConfig: Adding AvrcpControllerService
04-08 11:46:33.954 13364 13364 D AdapterServiceConfig: Adding SapService
04-08 11:46:33.954 13364 13364 W AdapterServiceConfig: Could not find profile bit mask
04-08 11:46:33.954 13364 13364 D AdapterServiceConfig: Adding BluetoothOppService
04-08 11:46:33.954 13364 13364 W AdapterServiceConfig: Could not find profile bit mask
04-08 11:46:33.954 13364 13364 D AdapterServiceConfig: Adding BluetoothPbapService
04-08 11:46:33.969 13364 13364 D BluetoothAdapterService: onCreate()
04-08 11:46:33.972 13364 13364 D BluetoothAdapterState: make() - Creating AdapterState
04-08 11:46:33.974 13364 13364 I bt_btif : init
04-08 11:46:33.974 13364 13364 D bt_osi_allocation_tracker: canary initialized
04-08 11:46:33.974 13364 13379 I BluetoothAdapterState: Entering OffState
04-08 11:46:33.975 13364 13380 I bt_osi_thread: run_thread: thread id 13380, thread name stack_manager started
04-08 11:46:33.975 13364 13380 I bt_stack_manager: event_init_stack is initializing the stack
04-08 11:46:33.976 13364 13380 E bt_osi_config: config_new unable to open file '/data/misc/bluedroid/bt_config.conf': No such file or directory
04-08 11:46:33.976 13364 13380 W bt_btif_config: init unable to load config file: /data/misc/bluedroid/bt_config.conf; using backup.
04-08 11:46:33.978 13364 13383 I bt_osi_thread: run_thread: thread id 13383, thread name alarm_default_ca started
04-08 11:46:33.979 13364 13384 I bt_osi_thread: run_thread: thread id 13384, thread name alarm_dispatcher started
04-08 11:46:33.982 13364 13380 I bt_btif_core: btif_init_bluetooth entered
04-08 11:46:33.982 13364 13380 I bt_stack_config: init attempt to load stack conf from /etc/bluetooth/bt_stack.conf
04-08 11:46:33.984 13364 13385 I bt_osi_thread: run_thread: thread id 13385, thread name bt_jni_workqueue started
04-08 11:46:33.984 13364 13380 I bt_btif_core: btif_init_bluetooth finished
04-08 11:46:33.984 13364 13380 I bt_stack_manager: event_init_stack finished
04-08 11:46:33.984 13364 13385 I bt_btif_core: run_message_loop entered
04-08 11:46:33.985 13364 13364 I bt_osi_wakelock: wakelock_set_os_callouts set to non-native
04-08 11:46:33.985 13364 13364 I bt_btif : get_profile_interface: id = socket
04-08 11:46:33.985 13364 13385 E bt_btif_storage: btif_storage_get_adapter_property: Controller not ready! Unable to return Bluetooth Address
04-08 11:46:33.985 13364 13385 E BluetoothServiceJni: adapter_properties_callback: Status 1 is incorrect
04-08 11:46:33.987 13364 13385 D BluetoothAdapterProperties: Name is: LeEco Le 2
04-08 11:46:33.988 13364 13364 I bt_btif : get_profile_interface: id = sdp
04-08 11:46:33.991 13364 13364 I BluetoothAdapterService: Phone policy enabled
04-08 11:46:33.993 13364 13364 D BluetoothAdapterService: setAdapterService() - set to: null
04-08 11:46:33.994 13364 13364 D BluetoothAdapterService: onBind()
04-08 11:46:33.999 13364 13364 I BtGatt.JNI: classInitNative(L871): classInitNative: Success!
04-08 11:46:34.004 13364 13376 D BluetoothAdapterService: enable() - Enable called with quiet mode status =  false
04-08 11:46:34.004 13364 13379 D BluetoothAdapterState: Current state: OFF, message: 0
04-08 11:46:34.004 13364 13379 D BluetoothAdapterProperties: Setting state to 14
04-08 11:46:34.004 13364 13379 I BluetoothAdapterState: Bluetooth adapter state changed: 10-> 14
04-08 11:46:34.004 13364 13379 D BluetoothAdapterService: updateAdapterState() - Broadcasting state to 1 receivers.
04-08 11:46:34.005 13364 13379 D BluetoothAdapterService: BleOnProcessStart()
04-08 11:46:34.006 13364 13379 D BluetoothAdapterService: BleOnProcessStart() - Make Bond State Machine
04-08 11:46:34.006 13364 13379 D BluetoothBondStateMachine: make
04-08 11:46:34.008 13364 13390 I BluetoothBondStateMachine: StableState(): Entering Off State
04-08 11:46:34.008 13364 13379 D BluetoothAdapterService: setProfileServiceState() - Starting service com.android.bluetooth.gatt.GattService
04-08 11:46:34.010 13364 13379 I BluetoothAdapterState: Entering PendingCommandState
04-08 11:46:34.010 13364 13364 D BtGatt.DebugUtils: handleDebugAction() action=null
04-08 11:46:34.010 13364 13364 D BluetoothAdapterService: getAdapterService() - returning com.android.bluetooth.btservice.AdapterService@e97793c
04-08 11:46:34.010 13364 13364 D BtGatt.GattService: Received start request. Starting profile...
04-08 11:46:34.011 13364 13364 I bt_btif : get_profile_interface: id = gatt
04-08 11:46:34.011 13364 13364 D BluetoothAdapterService: getAdapterService() - returning com.android.bluetooth.btservice.AdapterService@e97793c
04-08 11:46:34.016 13364 13364 I chatty  : uid=1002(bluetooth) com.android.bluetooth identical 1 line
04-08 11:46:34.016 13364 13364 D BluetoothAdapterService: getAdapterService() - returning com.android.bluetooth.btservice.AdapterService@e97793c
04-08 11:46:34.017 13364 13364 D BluetoothAdapterService: handleMessage() - Message: 1
04-08 11:46:34.017 13364 13364 D BluetoothAdapterService: handleMessage() - MESSAGE_PROFILE_SERVICE_STATE_CHANGED
04-08 11:46:34.017 13364 13364 D BluetoothAdapterService: processProfileServiceStateChanged() - serviceName=com.android.bluetooth.gatt.GattService isTurningOn=false isTurningOff=false isBleTurningOn=true isBleTurningOff=false
04-08 11:46:34.017 13364 13364 D BluetoothAdapterService: GattService is started
04-08 11:46:34.017 13364 13379 V BluetoothAdapterState: PendingCommand - transient state(s): isBleTurningOn
04-08 11:46:34.017 13364 13379 D BluetoothAdapterState: Current state: PENDING_COMMAND, message: 4
04-08 11:46:34.018 13364 13379 I bt_btif : enable: start restricted = 0
04-08 11:46:34.018 13364 13380 I bt_stack_manager: event_start_up_stack is bringing up the stack
04-08 11:46:34.019 13364 13380 I bt_core_module: module_start_up Starting module "btif_config_module"
04-08 11:46:34.019 13364 13380 I bt_core_module: module_start_up Started module "btif_config_module"
04-08 11:46:34.019 13364 13380 I bt_core_module: module_start_up Starting module "btsnoop_module"
04-08 11:46:34.019 13364 13380 I bt_core_module: module_start_up Started module "btsnoop_module"
04-08 11:46:34.019 13364 13380 I bt_core_module: module_start_up Starting module "hci_module"
04-08 11:46:34.019 13364 13380 I bt_hci  : hci_module_start_up
04-08 11:46:34.020 13364 13394 I bt_osi_thread: run_thread: thread id 13394, thread name hci_thread started
04-08 11:46:34.021 13364 13394 I bt_hci  : hci_initialize
04-08 11:46:34.021 13364 13380 D bt_hci  : hci_module_start_up starting async portion
04-08 11:46:34.023 13364 13394 I bt_hci  : hci_initialize: IBluetoothHci::getService() returned 0x7f0263d480 (remote)
04-08 11:46:34.111 13364 13394 I bt_hci  : event_finish_startup
04-08 11:46:34.111 13364 13380 I bt_core_module: module_start_up Started module "hci_module"
04-08 11:46:34.111 13364 13399 I bt_osi_thread: run_thread: thread id 13399, thread name bt_workqueue started
04-08 11:46:34.112 13364 13399 I         : [0408/114634:INFO:btu_task.cc(107)] Bluetooth chip preload is complete
04-08 11:46:34.113 13364 13399 I         : [0408/114634:INFO:gatt_api.cc(1004)] GATT_Register
04-08 11:46:34.113 13364 13399 I         : [0408/114634:INFO:gatt_api.cc(1027)] allocated gatt_if=1
04-08 11:46:34.113 13364 13399 I         : [0408/114634:INFO:gatt_api.cc(207)] GATTS_AddService
04-08 11:46:34.113 13364 13399 I         : [0408/114634:INFO:gatt_api.cc(317)] GATTS_AddService: service parsed correctly, now starting
04-08 11:46:34.113 13364 13399 E         : [0408/114634:ERROR:gatt_attr.cc(301)] gatt_profile_db_init:  gatt_if=1
04-08 11:46:34.113 13364 13399 I         : [0408/114634:INFO:gatt_api.cc(1004)] GATT_Register
04-08 11:46:34.114 13364 13399 I         : [0408/114634:INFO:gatt_api.cc(1027)] allocated gatt_if=2
04-08 11:46:34.114 13364 13399 I         : [0408/114634:INFO:gatt_api.cc(207)] GATTS_AddService
04-08 11:46:34.114 13364 13399 I         : [0408/114634:INFO:gatt_api.cc(317)] GATTS_AddService: service parsed correctly, now starting
04-08 11:46:34.115 13364 13400 I bt_osi_thread: run_thread: thread id 13400, thread name btu message loop started
04-08 11:46:34.117 13364 13401 I bt_osi_thread: run_thread: thread id 13401, thread name module_wrapper started
04-08 11:46:34.117 13364 13401 I bt_core_module: module_start_up Starting module "controller_module"
04-08 11:46:34.311 13364 13401 I bt_core_module: module_start_up Started module "controller_module"
04-08 11:46:34.312 13364 13401 W bt_osi_thread: run_thread: thread id 13401, thread name module_wrapper exited
04-08 11:46:34.312 13364 13399 W bt_btm  : btm_decode_ext_features_page: feature page 1 ignored
04-08 11:46:34.312 13364 13399 W bt_btm  : btm_decode_ext_features_page: feature page 2 ignored
04-08 11:46:34.313 13364 13400 I bt_btm_sec: BTM_SecRegister p_cb_info->p_le_callback == 0x0x7ef4b4ed2c
04-08 11:46:34.313 13364 13400 I bt_btm_sec: BTM_SecRegister btm_cb.api.p_le_callback = 0x0x7ef4b4ed2c 
04-08 11:46:34.315 13364 13400 I bt_stack: [INFO:gatt_api.cc(1004)] GATT_Register
04-08 11:46:34.315 13364 13400 I bt_stack: [INFO:gatt_api.cc(1027)] allocated gatt_if=3
04-08 11:46:34.340 13364 13400 I bt_stack: [INFO:ble_advertiser_hci_interface.cc(708)] VSC advertising will be in use
04-08 11:46:34.340 13364 13400 I bt_stack: [INFO:ble_advertiser_hci_interface.cc(259)] QuirkAdvertiserZeroHandle in use
04-08 11:46:34.341 13364 13385 D BluetoothAdapterProperties: BT_PROPERTY_LOCAL_LE_FEATURES: update from BT controller mNumOfAdvertisementInstancesSupported = 10 mRpaOffloadSupported = true mNumOfOffloadedIrkSupported = 8 mNumOfOffloadedScanFilterSupported = 16 mOffloadedScanResultStorageBytes= 10240 mIsActivityAndEnergyReporting = true mVersSupported = 96 mTotNumOfTrackableAdv = 32 mIsExtendedScanSupported = true mIsDebugLogSupported = true mIsLe2MPhySupported = false mIsLeCodedPhySupported = false mIsLeExtendedAdvertisingSupported = false mIsLePeriodicAdvertisingSupported = false mLeMaximumAdvertisingDataLength = 31
04-08 11:46:34.346 13364 13385 E bt_btif_storage: btif_storage_get_adapter_property: Controller ready!
04-08 11:46:34.347 13364 13385 I bt_btif_storage: btif_storage_get_adapter_property service_mask:0x20000000
04-08 11:46:34.347 13364 13385 D BluetoothAdapterProperties: Address is:80:1D:00:33:D8:82
04-08 11:46:34.350 13364 13385 D BluetoothAdapterProperties: Name is: LeEco Le 2
04-08 11:46:34.351 13364 13385 D BluetoothAdapterProperties: Scan Mode:20
04-08 11:46:34.351 13364 13385 D BluetoothAdapterProperties: Discoverable Timeout:120
04-08 11:46:34.352 13364 13385 I bt_btif_core: btif_enable_bluetooth_evt entered: status 0
04-08 11:46:34.354 13364 13403 I bt_osi_thread: run_thread: thread id 13403, thread name btif_sock started
04-08 11:46:34.354 13364 13385 D bt_bte_conf: Device ID record 1 : primary
04-08 11:46:34.354 13364 13385 D bt_bte_conf:   vendorId            = 000f
04-08 11:46:34.354 13364 13385 D bt_bte_conf:   vendorIdSource      = 0001
04-08 11:46:34.354 13364 13385 D bt_bte_conf:   product             = 1200
04-08 11:46:34.354 13364 13385 D bt_bte_conf:   version             = 1436
04-08 11:46:34.354 13364 13385 D bt_bte_conf:   clientExecutableURL = 
04-08 11:46:34.354 13364 13385 D bt_bte_conf:   serviceDescription  = 
04-08 11:46:34.354 13364 13385 D bt_bte_conf:   documentationURL    = 
04-08 11:46:34.355 13364 13385 D bt_bte_conf: bte_load_did_conf no section named DID2.
04-08 11:46:34.355 13364 13380 I bt_stack_manager: event_start_up_stack finished
04-08 11:46:34.355 13364 13385 I bt_btif_core: btif_enable_bluetooth_evt finished
04-08 11:46:34.355 13364 13379 V BluetoothAdapterState: PendingCommand - transient state(s): isBleTurningOn
04-08 11:46:34.355 13364 13379 D BluetoothAdapterState: Current state: PENDING_COMMAND, message: 3
04-08 11:46:34.355 13364 13379 D BluetoothAdapterProperties: Setting state to 15
04-08 11:46:34.356 13364 13379 I BluetoothAdapterState: Bluetooth adapter state changed: 14-> 15
04-08 11:46:34.356 13364 13379 D BluetoothAdapterService: updateAdapterState() - Broadcasting state to 1 receivers.
04-08 11:46:34.357 13364 13379 I BluetoothAdapterState: Entering BleOnState
04-08 11:46:34.358 13364 13379 D BluetoothAdapterState: Current state: BLE ON, message: 1
04-08 11:46:34.358 13364 13379 D BluetoothAdapterProperties: Setting state to 11
04-08 11:46:34.358 13364 13379 I BluetoothAdapterState: Bluetooth adapter state changed: 15-> 11
04-08 11:46:34.358 13364 13379 D BluetoothAdapterService: updateAdapterState() - Broadcasting state to 1 receivers.
04-08 11:46:34.359 13364 13379 D BluetoothAdapterService: startCoreServices()
04-08 11:46:34.359 13364 13379 D BluetoothAdapterService: setProfileServiceState() - Starting service com.android.bluetooth.hfp.HeadsetService
04-08 11:46:34.361 13364 13379 D BluetoothAdapterService: setProfileServiceState() - Starting service com.android.bluetooth.a2dp.A2dpService
04-08 11:46:34.361 13364 13364 D BluetoothAdapterService: getAdapterService() - returning com.android.bluetooth.btservice.AdapterService@e97793c
04-08 11:46:34.363 13364 13364 D HeadsetService: Received start request. Starting profile...
04-08 11:46:34.365 13364 13364 I BluetoothHeadsetServiceJni: classInitNative: succeeds
04-08 11:46:34.365 13364 13364 D HeadsetStateMachine: make
04-08 11:46:34.366 13364 13379 D BluetoothAdapterService: setProfileServiceState() - Starting service com.android.bluetooth.hid.HidService
04-08 11:46:34.368 13364 13379 D BluetoothAdapterService: setProfileServiceState() - Starting service com.android.bluetooth.hdp.HealthService
04-08 11:46:34.371 13364 13379 D BluetoothAdapterService: setProfileServiceState() - Starting service com.android.bluetooth.pan.PanService
04-08 11:46:34.374 13364 13379 D BluetoothAdapterService: setProfileServiceState() - Starting service com.android.bluetooth.map.BluetoothMapService
04-08 11:46:34.374 13364 13364 D HeadsetStateMachine: max_hf_connections = 1
04-08 11:46:34.374 13364 13364 D HeadsetStateMachine: in-band_ringing_support = true
04-08 11:46:34.374 13364 13364 I bt_btif : get_profile_interface: id = handsfree
04-08 11:46:34.374 13364 13385 I bt_btif_storage: btif_storage_get_adapter_property service_mask:0x20000040
04-08 11:46:34.374 13364 13400 I bt_stack: [INFO:port_api.cc(123)] RFCOMM_CreateConnection BDA: ff:ff:ff:ff:ff:ff
04-08 11:46:34.374 13364 13385 E bt_btif : btif_hf_upstreams_evt: Invalid index 54915
04-08 11:46:34.374 13364 13400 I bt_stack: [INFO:port_api.cc(123)] RFCOMM_CreateConnection BDA: ff:ff:ff:ff:ff:ff
04-08 11:46:34.378 13364 13379 D BluetoothAdapterService: setProfileServiceState() - Starting service com.android.bluetooth.hfpclient.HeadsetClientService
04-08 11:46:34.378 13364 13364 D BluetoothAdapterService: getAdapterService() - returning com.android.bluetooth.btservice.AdapterService@e97793c
04-08 11:46:34.379 13364 13364 D BluetoothAdapterService: getAdapterService() - returning com.android.bluetooth.btservice.AdapterService@e97793c
04-08 11:46:34.380 13364 13379 D BluetoothAdapterService: setProfileServiceState() - Starting service com.android.bluetooth.avrcpcontroller.AvrcpControllerService
04-08 11:46:34.380 13364 13364 D A2dpService: Received start request. Starting profile...
04-08 11:46:34.381 13364 13364 I BluetoothAvrcpServiceJni: classInitNative: succeeds
04-08 11:46:34.381 13364 13364 V Avrcp   : make
04-08 11:46:34.383 13364 13364 I bt_btif : get_profile_interface: id = avrcp
04-08 11:46:34.387 13364 13379 D BluetoothAdapterService: setProfileServiceState() - Starting service com.android.bluetooth.sap.SapService
04-08 11:46:34.391 13364 13379 D BluetoothAdapterService: setProfileServiceState() - Starting service com.android.bluetooth.opp.BluetoothOppService
04-08 11:46:34.395 13364 13379 D BluetoothAdapterService: setProfileServiceState() - Starting service com.android.bluetooth.pbap.BluetoothPbapService
04-08 11:46:34.397 13364 13379 I BluetoothAdapterState: Entering PendingCommandState
04-08 11:46:34.403 13364 13364 V Avrcp   : initMediaPlayerInfoList: 0 controllers
04-08 11:46:34.404 13364 13364 V Avrcp   : updatePlaybackState (1): -1➡0(PlaybackState {state=0, position=-1, buffered position=0, speed=0.0, updated=62596290, actions=0, custom actions=[], active item id=-1, error=null})
04-08 11:46:34.405 13364 13364 I Avrcp   : Skipping update due to invalid playback state
04-08 11:46:34.405 13364 13364 E Avrcp   : play status change -1➡0 mPlayStatusChangedNT: 1
04-08 11:46:34.405 13364 13364 E bt_btif : register_notification_rsp: Avrcp device is not connected, handle: 0x0
04-08 11:46:34.405 13364 13364 D Avrcp   : sendPlayPosNotificationRsp: Not registered or requesting.
04-08 11:46:34.406 13364 13364 D Avrcp   : User already unlocked, initializing player lists
04-08 11:46:34.407 13364 13364 V Avrcp   : updatePlaybackState (1): 0➡0(PlaybackState {state=0, position=-1, buffered position=0, speed=0.0, updated=62596294, actions=0, custom actions=[], active item id=-1, error=null})
04-08 11:46:34.407 13364 13364 I Avrcp   : Skipping update due to invalid playback state
04-08 11:46:34.407 13364 13364 E Avrcp   : play status change 0➡0 mPlayStatusChangedNT: 1
04-08 11:46:34.407 13364 13364 D Avrcp   : sendPlayPosNotificationRsp: Not registered or requesting.
04-08 11:46:34.409 13364 13364 I BluetoothA2dpServiceJni: classInitNative: succeeds
04-08 11:46:34.409 13364 13364 D A2dpStateMachine: make
04-08 11:46:34.410 13364 13364 I bt_btif : get_profile_interface: id = a2dp
04-08 11:46:34.410 13364 13408 I bt_osi_thread: run_thread: thread id 13408, thread name btif_a2dp_source started
04-08 11:46:34.410 13364 13364 D a2dp_codec: init
04-08 11:46:34.410 13364 13364 D a2dp_codec: createCodec: codec SBC
04-08 11:46:34.410 13364 13364 I a2dp_codec: init: updated SBC codec priority to 1001
04-08 11:46:34.411 13364 13364 D a2dp_codec: createCodec: codec AAC
04-08 11:46:34.411 13364 13364 I a2dp_codec: init: updated AAC codec priority to 2001
04-08 11:46:34.411 13364 13364 D a2dp_codec: createCodec: codec aptX
04-08 11:46:34.411 13364 13385 I bt_btif_storage: btif_storage_get_adapter_property service_mask:0x20000048
04-08 11:46:34.411 13364 13400 I bt_bta_av: AVRCP version used for sdp: "avrcp14"
04-08 11:46:34.411 13364 13385 E bt_btif : btif_sm_dispatch : Invalid handle
04-08 11:46:34.411 13364 13385 E bt_btif : btif_sm_dispatch : Invalid handle
04-08 11:46:34.412 13364 13364 E a2dp_vendor_aptx_encoder: A2DP_VendorLoadEncoderAptx: cannot open aptX encoder library libaptX_encoder.so: dlopen failed: library "libaptX_encoder.so" not found
04-08 11:46:34.412 13364 13364 E a2dp_vendor_aptx: init: cannot load the encoder
04-08 11:46:34.412 13364 13364 D a2dp_codec: createCodec: codec aptX-HD
04-08 11:46:34.413 13364 13364 E a2dp_vendor_aptx_hd_encoder: A2DP_VendorLoadEncoderAptxHd: cannot open aptX-HD encoder library libaptXHD_encoder.so: dlopen failed: library "libaptXHD_encoder.so" not found
04-08 11:46:34.413 13364 13364 E a2dp_vendor_aptx_hd: init: cannot load the encoder
04-08 11:46:34.413 13364 13364 D a2dp_codec: createCodec: codec LDAC
04-08 11:46:34.415 13364 13364 I a2dp_codec: init: updated LDAC codec priority to 5001
04-08 11:46:34.415 13364 13364 D a2dp_codec: createCodec: codec SBC SINK
04-08 11:46:34.415 13364 13364 I a2dp_codec: init: initialized Source codec LDAC
04-08 11:46:34.415 13364 13364 I a2dp_codec: init: initialized Source codec AAC
04-08 11:46:34.415 13364 13364 I a2dp_codec: init: initialized Source codec SBC
04-08 11:46:34.415 13364 13364 I a2dp_codec: init: initialized Sink codec SBC(Sink)
04-08 11:46:34.415 13364 13364 W bt_btif : ## ON A2DP IDLE ## peer_sep = 0
04-08 11:46:34.415 13364 13385 E bt_btif : btif_sm_dispatch : Invalid handle
04-08 11:46:34.416 13364 13407 D A2dpStateMachine: Enter Disconnected: -2
04-08 11:46:34.418 13364 13364 D BluetoothAdapterService: getAdapterService() - returning com.android.bluetooth.btservice.AdapterService@e97793c
04-08 11:46:34.418 13364 13364 I BluetoothHidServiceJni: classInitNative: succeeds
04-08 11:46:34.420 13364 13364 D BluetoothAdapterService: getAdapterService() - returning com.android.bluetooth.btservice.AdapterService@e97793c
04-08 11:46:34.421 13364 13364 D HidService: Received start request. Starting profile...
04-08 11:46:34.421 13364 13364 I bt_btif : get_profile_interface: id = hidhost
04-08 11:46:34.421 13364 13364 D HidService: setHidService(): set to: null
04-08 11:46:34.421 13364 13364 D BluetoothAdapterService: getAdapterService() - returning com.android.bluetooth.btservice.AdapterService@e97793c
04-08 11:46:34.421 13364 13385 I bt_bta_hh: BTA_HhEnable sec_mask:0x36 p_cback:0x7ef4bb4448
04-08 11:46:34.421 13364 13385 I bt_btif_storage: btif_storage_get_adapter_property service_mask:0x20100048
04-08 11:46:34.422 13364 13400 I bt_stack: [INFO:gatt_api.cc(1004)] GATT_Register
04-08 11:46:34.422 13364 13400 I bt_stack: [INFO:gatt_api.cc(1027)] allocated gatt_if=4
04-08 11:46:34.427 13364 13364 I BluetoothHealthServiceJni: classInitNative: succeeds
04-08 11:46:34.428 13364 13364 D BluetoothAdapterService: getAdapterService() - returning com.android.bluetooth.btservice.AdapterService@e97793c
04-08 11:46:34.429 13364 13364 D HealthService: Received start request. Starting profile...
04-08 11:46:34.430 13364 13364 I bt_btif : get_profile_interface: id = health
04-08 11:46:34.430 13364 13364 D BluetoothAdapterService: getAdapterService() - returning com.android.bluetooth.btservice.AdapterService@e97793c
04-08 11:46:34.431 13364 13364 I BluetoothPanServiceJni: classInitNative(L111): succeeds
04-08 11:46:34.432 13364 13364 D BluetoothAdapterService: getAdapterService() - returning com.android.bluetooth.btservice.AdapterService@e97793c
04-08 11:46:34.433 13364 13364 D PanService: Received start request. Starting profile...
04-08 11:46:34.433 13364 13364 D BluetoothPanServiceJni: initializeNative(L116): pan
04-08 11:46:34.433 13364 13364 I bt_btif : get_profile_interface: id = pan
04-08 11:46:34.434 13364 13385 D BluetoothPanServiceJni: control_state_callback(L63): state:0, local_role:3, ifname:bt-pan
04-08 11:46:34.434 13364 13364 D BluetoothAdapterService: getAdapterService() - returning com.android.bluetooth.btservice.AdapterService@e97793c
04-08 11:46:34.437 13364 13364 D BluetoothAdapterService: getAdapterService() - returning com.android.bluetooth.btservice.AdapterService@e97793c
04-08 11:46:34.437 13364 13364 D BluetoothMapService: Received start request. Starting profile...
04-08 11:46:34.437 13364 13364 D BluetoothMapService: start()
04-08 11:46:34.441 13364 13364 D BluetoothMapAccountLoader: Found 0 application(s) with intent android.bluetooth.action.BLUETOOTH_MAP_PROVIDER
04-08 11:46:34.442 13364 13364 D BluetoothMapAccountLoader: Found 0 application(s) with intent android.bluetooth.action.BLUETOOTH_MAP_IM_PROVIDER
04-08 11:46:34.442 13364 13364 D BluetoothMapAppObserver: createReceiver()
04-08 11:46:34.443 13364 13364 D BluetoothMapAppObserver: initObservers()
04-08 11:46:34.443 13364 13364 D BluetoothMapAppObserver: getEnabledAccountItems()
04-08 11:46:34.444 13364 13364 D BluetoothAdapterService: getAdapterService() - returning com.android.bluetooth.btservice.AdapterService@e97793c
04-08 11:46:34.444 13364 13364 D BluetoothAdapterService: handleMessage() - Message: 1
04-08 11:46:34.445 13364 13364 D BluetoothAdapterService: handleMessage() - MESSAGE_PROFILE_SERVICE_STATE_CHANGED
04-08 11:46:34.445 13364 13364 D BluetoothAdapterService: processProfileServiceStateChanged() - serviceName=com.android.bluetooth.hfp.HeadsetService isTurningOn=true isTurningOff=false isBleTurningOn=false isBleTurningOff=false
04-08 11:46:34.445 13364 13404 D HeadsetPhoneState: sendDeviceStateChanged. mService=0 mIsSimStateLoaded=false mSignal=0 mRoam=0 mBatteryCharge=2
04-08 11:46:34.445 13364 13364 D BluetoothAdapterService: onProfileServiceStateChange() - Profile still not running:com.android.bluetooth.a2dp.A2dpService
04-08 11:46:34.446 13364 13364 I BluetoothHeadsetClientServiceJni: classInitNative succeeds
04-08 11:46:34.447 13364 13364 D BluetoothAdapterService: getAdapterService() - returning com.android.bluetooth.btservice.AdapterService@e97793c
04-08 11:46:34.448 13364 13364 D HeadsetClientService: Received start request. Starting profile...
04-08 11:46:34.448 13364 13364 D BluetoothHeadsetClientServiceJni: initializeNative: HfpClient
04-08 11:46:34.448 13364 13364 I bt_btif : get_profile_interface: id = handsfree_client
04-08 11:46:34.449 13364 13385 I bt_stack: [INFO:port_api.cc(123)] RFCOMM_CreateConnection BDA: ff:ff:ff:ff:ff:ff
04-08 11:46:34.449 13364 13385 I bt_btif_storage: btif_storage_get_adapter_property service_mask:0x21100048
04-08 11:46:34.454 13364 13364 D BluetoothHeadsetClientServiceJni: initializeNative: HfpClient
04-08 11:46:34.454 13364 13364 W BluetoothHeadsetClientServiceJni: Cleaning up Bluetooth HFP Client Interface before initializing
04-08 11:46:34.454 13364 13364 W BluetoothHeadsetClientServiceJni: Cleaning up Bluetooth HFP Client callback object
04-08 11:46:34.454 13364 13385 I bt_btif_queue: queue_int_cleanup: UUID=111E
04-08 11:46:34.454 13364 13364 I bt_btif : get_profile_interface: id = handsfree_client
04-08 11:46:34.454 13364 13385 I bt_btif_storage: btif_storage_get_adapter_property service_mask:0x21100048
04-08 11:46:34.454 13364 13364 D BluetoothAdapterService: getAdapterService() - returning com.android.bluetooth.btservice.AdapterService@e97793c
04-08 11:46:34.455 13364 13385 I bt_stack: [INFO:port_api.cc(123)] RFCOMM_CreateConnection BDA: ff:ff:ff:ff:ff:ff
04-08 11:46:34.455 13364 13385 I bt_btif_storage: btif_storage_get_adapter_property service_mask:0x21100048
04-08 11:46:34.455 13364 13364 I BluetoothAvrcpControllerJni: classInitNative: succeeds
04-08 11:46:34.455 13364 13364 I bt_btif : get_profile_interface: id = avrcp_ctrl
04-08 11:46:34.456 13364 13364 D BluetoothAdapterService: getAdapterService() - returning com.android.bluetooth.btservice.AdapterService@e97793c
04-08 11:46:34.457 13364 13364 D AvrcpControllerService: Received start request. Starting profile...
04-08 11:46:34.462 13364 13364 D AvrcpControllerService: setAvrcpControllerService(): set to: null
04-08 11:46:34.462 13364 13364 D BluetoothAdapterService: getAdapterService() - returning com.android.bluetooth.btservice.AdapterService@e97793c
04-08 11:46:34.463 13364 13364 V SapService: SapBinder()
04-08 11:46:34.464 13364 13364 D BluetoothAdapterService: getAdapterService() - returning com.android.bluetooth.btservice.AdapterService@e97793c
04-08 11:46:34.465 13364 13364 D SapService: Received start request. Starting profile...
04-08 11:46:34.465 13364 13364 V SapService: start()
04-08 11:46:34.466 13364 13364 D BluetoothAdapterService: getAdapterService() - returning com.android.bluetooth.btservice.AdapterService@e97793c
04-08 11:46:34.475 13364 13364 D BluetoothAdapterService: getAdapterService() - returning com.android.bluetooth.btservice.AdapterService@e97793c
04-08 11:46:34.476 13364 13364 D BluetoothOppService: Received start request. Starting profile...
04-08 11:46:34.476 13364 13364 D BluetoothAdapterService: getAdapterService() - returning com.android.bluetooth.btservice.AdapterService@e97793c
04-08 11:46:34.478 13364 13364 V BluetoothPbapService: PbapBinder()
04-08 11:46:34.478 13364 13364 D BluetoothAdapterService: getAdapterService() - returning com.android.bluetooth.btservice.AdapterService@e97793c
04-08 11:46:34.478 13364 13364 D BluetoothPbapService: Received start request. Starting profile...
04-08 11:46:34.479 13364 13364 V BluetoothPbapService: start()
04-08 11:46:34.480 13364 13364 D BluetoothPbapService: Registering observer
04-08 11:46:34.487 13364 13364 D BluetoothAdapterService: getAdapterService() - returning com.android.bluetooth.btservice.AdapterService@e97793c
04-08 11:46:34.487 13364 13364 D BluetoothAdapterService: handleMessage() - Message: 1
04-08 11:46:34.487 13364 13364 D BluetoothAdapterService: handleMessage() - MESSAGE_PROFILE_SERVICE_STATE_CHANGED
04-08 11:46:34.487 13364 13364 D BluetoothAdapterService: processProfileServiceStateChanged() - serviceName=com.android.bluetooth.a2dp.A2dpService isTurningOn=true isTurningOff=false isBleTurningOn=false isBleTurningOff=false
04-08 11:46:34.487 13364 13364 D BluetoothAdapterService: onProfileServiceStateChange() - Profile still not running:com.android.bluetooth.map.BluetoothMapService
04-08 11:46:34.487 13364 13364 D BluetoothAdapterService: handleMessage() - Message: 1
04-08 11:46:34.487 13364 13364 D BluetoothAdapterService: handleMessage() - MESSAGE_PROFILE_SERVICE_STATE_CHANGED
04-08 11:46:34.488 13364 13364 D BluetoothAdapterService: processProfileServiceStateChanged() - serviceName=com.android.bluetooth.hid.HidService isTurningOn=true isTurningOff=false isBleTurningOn=false isBleTurningOff=false
04-08 11:46:34.488 13364 13364 D BluetoothAdapterService: onProfileServiceStateChange() - Profile still not running:com.android.bluetooth.map.BluetoothMapService
04-08 11:46:34.488 13364 13364 D BluetoothAdapterService: handleMessage() - Message: 1
04-08 11:46:34.488 13364 13364 D BluetoothAdapterService: handleMessage() - MESSAGE_PROFILE_SERVICE_STATE_CHANGED
04-08 11:46:34.488 13364 13364 D BluetoothAdapterService: processProfileServiceStateChanged() - serviceName=com.android.bluetooth.hdp.HealthService isTurningOn=true isTurningOff=false isBleTurningOn=false isBleTurningOff=false
04-08 11:46:34.488 13364 13364 D BluetoothAdapterService: onProfileServiceStateChange() - Profile still not running:com.android.bluetooth.map.BluetoothMapService
04-08 11:46:34.488 13364 13364 D BluetoothAdapterService: handleMessage() - Message: 1
04-08 11:46:34.488 13364 13364 D BluetoothAdapterService: handleMessage() - MESSAGE_PROFILE_SERVICE_STATE_CHANGED
04-08 11:46:34.488 13364 13364 D BluetoothAdapterService: processProfileServiceStateChanged() - serviceName=com.android.bluetooth.pan.PanService isTurningOn=true isTurningOff=false isBleTurningOn=false isBleTurningOff=false
04-08 11:46:34.489 13364 13364 D BluetoothAdapterService: onProfileServiceStateChange() - Profile still not running:com.android.bluetooth.map.BluetoothMapService
04-08 11:46:34.489 13364 13364 D BluetoothAdapterService: handleMessage() - Message: 1
04-08 11:46:34.489 13364 13364 D BluetoothAdapterService: handleMessage() - MESSAGE_PROFILE_SERVICE_STATE_CHANGED
04-08 11:46:34.489 13364 13364 D BluetoothAdapterService: processProfileServiceStateChanged() - serviceName=com.android.bluetooth.map.BluetoothMapService isTurningOn=true isTurningOff=false isBleTurningOn=false isBleTurningOff=false
04-08 11:46:34.489 13364 13364 D BluetoothAdapterService: onProfileServiceStateChange() - Profile still not running:com.android.bluetooth.avrcpcontroller.AvrcpControllerService
04-08 11:46:34.489 13364 13364 D BluetoothAdapterService: handleMessage() - Message: 1
04-08 11:46:34.489 13364 13364 D BluetoothAdapterService: handleMessage() - MESSAGE_PROFILE_SERVICE_STATE_CHANGED
04-08 11:46:34.489 13364 13364 D BluetoothAdapterService: processProfileServiceStateChanged() - serviceName=com.android.bluetooth.hfpclient.HeadsetClientService isTurningOn=true isTurningOff=false isBleTurningOn=false isBleTurningOff=false
04-08 11:46:34.489 13364 13364 D BluetoothAdapterService: onProfileServiceStateChange() - Profile still not running:com.android.bluetooth.avrcpcontroller.AvrcpControllerService
04-08 11:46:34.489 13364 13364 D BluetoothAdapterService: handleMessage() - Message: 1
04-08 11:46:34.490 13364 13364 D BluetoothAdapterService: handleMessage() - MESSAGE_PROFILE_SERVICE_STATE_CHANGED
04-08 11:46:34.490 13364 13364 D BluetoothAdapterService: processProfileServiceStateChanged() - serviceName=com.android.bluetooth.avrcpcontroller.AvrcpControllerService isTurningOn=true isTurningOff=false isBleTurningOn=false isBleTurningOff=false
04-08 11:46:34.490 13364 13364 D BluetoothAdapterService: onProfileServiceStateChange() - Profile still not running:com.android.bluetooth.sap.SapService
04-08 11:46:34.491 13364 13364 D BluetoothAdapterService: handleMessage() - Message: 1
04-08 11:46:34.491 13364 13364 D BluetoothAdapterService: handleMessage() - MESSAGE_PROFILE_SERVICE_STATE_CHANGED
04-08 11:46:34.491 13364 13364 D BluetoothAdapterService: processProfileServiceStateChanged() - serviceName=com.android.bluetooth.sap.SapService isTurningOn=true isTurningOff=false isBleTurningOn=false isBleTurningOff=false
04-08 11:46:34.492 13364 13364 D BluetoothAdapterService: onProfileServiceStateChange() - Profile still not running:com.android.bluetooth.pbap.BluetoothPbapService
04-08 11:46:34.493 13364 13364 D BluetoothAdapterService: handleMessage() - Message: 1
04-08 11:46:34.493 13364 13364 D BluetoothAdapterService: handleMessage() - MESSAGE_PROFILE_SERVICE_STATE_CHANGED
04-08 11:46:34.493 13364 13364 D BluetoothAdapterService: processProfileServiceStateChanged() - serviceName=com.android.bluetooth.opp.BluetoothOppService isTurningOn=true isTurningOff=false isBleTurningOn=false isBleTurningOff=false
04-08 11:46:34.494 13364 13364 D BluetoothAdapterService: onProfileServiceStateChange() - Profile still not running:com.android.bluetooth.pbap.BluetoothPbapService
04-08 11:46:34.496 13364 13364 D BluetoothAdapterService: handleMessage() - Message: 1
04-08 11:46:34.496 13364 13364 D BluetoothAdapterService: handleMessage() - MESSAGE_PROFILE_SERVICE_STATE_CHANGED
04-08 11:46:34.497 13364 13364 D BluetoothAdapterService: processProfileServiceStateChanged() - serviceName=com.android.bluetooth.pbap.BluetoothPbapService isTurningOn=true isTurningOff=false isBleTurningOn=false isBleTurningOff=false
04-08 11:46:34.497 13364 13364 D BluetoothAdapterService: onProfileServiceStateChange() - All profile services started.
04-08 11:46:34.497 13364 13379 V BluetoothAdapterState: PendingCommand - transient state(s): isTurningOn
04-08 11:46:34.498 13364 13379 D BluetoothAdapterState: Current state: PENDING_COMMAND, message: 2
04-08 11:46:34.498 13364 13379 D BluetoothAdapterProperties: onBluetoothReady, state=11, ScanMode=20
04-08 11:46:34.499 13364 13379 D BluetoothAdapterProperties: Setting state to 12
04-08 11:46:34.499 13364 13379 I BluetoothAdapterState: Bluetooth adapter state changed: 11-> 12
04-08 11:46:34.499 13364 13379 D BluetoothAdapterService: updateAdapterState() - Broadcasting state to 1 receivers.
04-08 11:46:34.501 13364 13379 I BluetoothAdapterState: Entering OnState
04-08 11:46:34.501 13364 13379 D BluetoothAdapterService: updateUuids() - Updating UUIDs for bonded devices
04-08 11:46:34.503 13364 13385 D BluetoothAdapterProperties: Scan Mode:21
04-08 11:46:34.503 13364 13385 D BluetoothAdapterProperties: Discoverable Timeout:120
04-08 11:46:34.517 13364 13364 D BluetoothMapService: onReceive
04-08 11:46:34.517 13364 13364 D BluetoothMapService: onReceive: android.bluetooth.adapter.action.STATE_CHANGED
04-08 11:46:34.517 13364 13364 D BluetoothMapService: STATE_ON
04-08 11:46:34.523 13364 13364 D BluetoothPbapService: action: android.bluetooth.adapter.action.STATE_CHANGED
04-08 11:46:34.523 13364 13364 D BluetoothPbapService: state: 12
04-08 11:46:34.529 13364 13364 D BluetoothAdapterService: isQuetModeEnabled() - Enabled = false
04-08 11:46:34.529 13364 13364 D BluetoothPhonePolicy: autoConnect() - Initiate auto connection on BT on...
04-08 11:46:34.531 13364 13364 D BtOppService: start Socket Listeners
04-08 11:46:34.531 13364 13364 D BtOppService: stopListeners   mServerSocket :null
04-08 11:46:34.531 13364 13364 D ObexServerSockets: create(rfcomm = -2, l2capPsm = -2)
04-08 11:46:34.534 13364 13423 W BluetoothAdapter: getBluetoothService() called with no BluetoothManagerCallback
04-08 11:46:34.534 13364 13364 W BluetoothAdapter: getBluetoothService() called with no BluetoothManagerCallback
04-08 11:46:34.536 13364 13400 I bt_stack: [INFO:port_api.cc(123)] RFCOMM_CreateConnection BDA: ff:ff:ff:ff:ff:ff
04-08 11:46:34.536 13364 13400 I bt_stack: [INFO:port_api.cc(123)] RFCOMM_CreateConnection BDA: ff:ff:ff:ff:ff:ff
04-08 11:46:34.536 13364 13423 D BluetoothSdpJni: sdpCreateSapsRecordNative
04-08 11:46:34.536 13364 13423 D BluetoothSdpJni: SDP Create record success - handle: 0
04-08 11:46:34.536 13364 13364 W BluetoothAdapter: getBluetoothService() called with no BluetoothManagerCallback
04-08 11:46:34.541 13364 13412 D BluetoothMapMasInstance0: Map Service startRfcommSocketListener
04-08 11:46:34.541 13364 13364 D ObexServerSockets: Succeed to create listening sockets 
04-08 11:46:34.541 13364 13412 D ObexServerSockets: create(rfcomm = -2, l2capPsm = -2)
04-08 11:46:34.541 13364 13364 D ObexServerSockets0: startAccept()
04-08 11:46:34.541 13364 13364 D ObexServerSockets0: prepareForNewConnect()
04-08 11:46:34.541 13364 13412 W BluetoothAdapter: getBluetoothService() called with no BluetoothManagerCallback
04-08 11:46:34.543 13364 13364 D BluetoothSdpJni: sdpCreateOppOpsRecordNative
04-08 11:46:34.543 13364 13364 D BluetoothSdpJni: SDP Create record success - handle: 1
04-08 11:46:34.544 13364 13364 D BtOppService: mOppSdpHandle :1
04-08 11:46:34.544 13364 13400 I bt_stack: [INFO:port_api.cc(123)] RFCOMM_CreateConnection BDA: ff:ff:ff:ff:ff:ff
04-08 11:46:34.544 13364 13364 D BluetoothPbapService: startsocketListener
04-08 11:46:34.544 13364 13364 D ObexServerSockets: create(rfcomm = -2, l2capPsm = -2)
04-08 11:46:34.544 13364 13424 D ObexServerSockets0: Accepting socket connection...
04-08 11:46:34.544 13364 13425 D ObexServerSockets0: Accepting socket connection...
04-08 11:46:34.545 13364 13364 W BluetoothAdapter: getBluetoothService() called with no BluetoothManagerCallback
04-08 11:46:34.546 13364 13412 W BluetoothAdapter: getBluetoothService() called with no BluetoothManagerCallback
04-08 11:46:34.546 13364 13400 I bt_stack: [INFO:port_api.cc(123)] RFCOMM_CreateConnection BDA: ff:ff:ff:ff:ff:ff
04-08 11:46:34.547 13364 13364 W BluetoothAdapter: getBluetoothService() called with no BluetoothManagerCallback
04-08 11:46:34.549 13364 13412 D ObexServerSockets: Succeed to create listening sockets 
04-08 11:46:34.549 13364 13412 D ObexServerSockets1: startAccept()
04-08 11:46:34.549 13364 13412 D ObexServerSockets1: prepareForNewConnect()
04-08 11:46:34.549 13364 13364 D ObexServerSockets: Succeed to create listening sockets 
04-08 11:46:34.549 13364 13364 D ObexServerSockets2: startAccept()
04-08 11:46:34.549 13364 13364 D ObexServerSockets2: prepareForNewConnect()
04-08 11:46:34.550 13364 13412 D BluetoothSdpJni: sdpCreateMapMasRecordNative
04-08 11:46:34.550 13364 13412 D BluetoothSdpJni: SDP Create record success - handle: 2
04-08 11:46:34.551 13364 13427 D ObexServerSockets1: Accepting socket connection...
04-08 11:46:34.552 13364 13426 D ObexServerSockets1: Accepting socket connection...
04-08 11:46:34.552 13364 13428 D ObexServerSockets2: Accepting socket connection...
04-08 11:46:34.555 13364 13429 D ObexServerSockets2: Accepting socket connection...
04-08 11:46:34.556 13364 13364 D BluetoothSdpJni: sdpCreatePbapPseRecordNative
04-08 11:46:34.556 13364 13364 D BluetoothSdpJni: SDP Create record success - handle: 3
04-08 11:46:34.558 13364 13364 D BluetoothPbapService: PBAP server with handle:3
04-08 11:46:48.812 13364 13385 D BluetoothAdapterProperties: Discoverable Timeout:120
04-08 11:46:48.819 13364 13431 D BluetoothAdapterService: startDiscovery
04-08 11:46:48.820 13364 13400 W bt_btif : bta_dm_check_av:0
04-08 11:46:48.830 13364 13385 D BluetoothAdapterProperties: Scan Mode:23
04-08 11:46:48.846 13364 13400 E bt_btif : bte_scan_filt_param_cfg_evt, 23
04-08 11:46:51.706 13364 13385 D BluetoothAdapterProperties: Discoverable Timeout:120
04-08 11:46:51.710 13364 13385 D BluetoothAdapterProperties: Scan Mode:21
04-08 11:46:51.715 13364 13421 D BluetoothAdapterService: cancelDiscovery
04-08 11:46:51.752 13364 13385 D BluetoothAdapterProperties: Discoverable Timeout:120
04-08 11:46:51.756 13364 13385 D BluetoothAdapterProperties: Scan Mode:23
04-08 11:46:53.726 13364 13385 D BluetoothAdapterProperties: Discoverable Timeout:120
04-08 11:46:53.738 13364 13385 D BluetoothAdapterProperties: Scan Mode:21
