--------- beginning of main
04-11 18:52:39.968 23230 23230 D BluetoothOppFileProvider: Initialized
04-11 18:52:39.985 23230 23230 D AdapterServiceConfig: Adding HeadsetService
04-11 18:52:39.986 23230 23230 D AdapterServiceConfig: Adding A2dpService
04-11 18:52:39.986 23230 23230 D AdapterServiceConfig: Adding HidService
04-11 18:52:39.986 23230 23230 D AdapterServiceConfig: Adding HealthService
04-11 18:52:39.986 23230 23230 D AdapterServiceConfig: Adding PanService
04-11 18:52:39.986 23230 23230 D AdapterServiceConfig: Adding GattService
04-11 18:52:39.986 23230 23230 D AdapterServiceConfig: Adding BluetoothMapService
04-11 18:52:39.986 23230 23230 D AdapterServiceConfig: Adding HeadsetClientService
04-11 18:52:39.986 23230 23230 D AdapterServiceConfig: Adding AvrcpControllerService
04-11 18:52:39.986 23230 23230 D AdapterServiceConfig: Adding SapService
04-11 18:52:39.986 23230 23230 W AdapterServiceConfig: Could not find profile bit mask
04-11 18:52:39.987 23230 23230 D AdapterServiceConfig: Adding BluetoothOppService
04-11 18:52:39.987 23230 23230 W AdapterServiceConfig: Could not find profile bit mask
04-11 18:52:39.987 23230 23230 D AdapterServiceConfig: Adding BluetoothPbapService
04-11 18:52:40.008 23230 23230 D BluetoothAdapterService: onCreate()
04-11 18:52:40.013 23230 23230 D BluetoothAdapterState: make() - Creating AdapterState
04-11 18:52:40.015 23230 23230 I bt_btif : init
04-11 18:52:40.015 23230 23245 I BluetoothAdapterState: Entering OffState
04-11 18:52:40.015 23230 23230 D bt_osi_allocation_tracker: canary initialized
04-11 18:52:40.016 23230 23246 I bt_osi_thread: run_thread: thread id 23246, thread name stack_manager started
04-11 18:52:40.016 23230 23246 I bt_stack_manager: event_init_stack is initializing the stack
04-11 18:52:40.018 23230 23249 I bt_osi_thread: run_thread: thread id 23249, thread name alarm_default_ca started
04-11 18:52:40.020 23230 23250 I bt_osi_thread: run_thread: thread id 23250, thread name alarm_dispatcher started
04-11 18:52:40.022 23230 23246 I bt_btif_core: btif_init_bluetooth entered
04-11 18:52:40.022 23230 23246 I bt_stack_config: init attempt to load stack conf from /etc/bluetooth/bt_stack.conf
04-11 18:52:40.023 23230 23251 I bt_osi_thread: run_thread: thread id 23251, thread name bt_jni_workqueue started
04-11 18:52:40.023 23230 23246 I bt_btif_core: btif_init_bluetooth finished
04-11 18:52:40.023 23230 23251 I bt_btif_core: run_message_loop entered
04-11 18:52:40.023 23230 23246 I bt_stack_manager: event_init_stack finished
04-11 18:52:40.024 23230 23230 I bt_osi_wakelock: wakelock_set_os_callouts set to non-native
04-11 18:52:40.024 23230 23230 I bt_btif : get_profile_interface: id = socket
04-11 18:52:40.024 23230 23251 E bt_btif_storage: btif_storage_get_adapter_property: Controller not ready! Unable to return Bluetooth Address
04-11 18:52:40.024 23230 23251 E BluetoothServiceJni: adapter_properties_callback: Status 1 is incorrect
04-11 18:52:40.027 23230 23251 D BluetoothAdapterProperties: Name is: LeEco Le 2
04-11 18:52:40.030 23230 23230 I bt_btif : get_profile_interface: id = sdp
04-11 18:52:40.034 23230 23230 I BluetoothAdapterService: Phone policy enabled
04-11 18:52:40.036 23230 23230 D BluetoothAdapterService: setAdapterService() - set to: null
04-11 18:52:40.036 23230 23230 D BluetoothAdapterService: onBind()
04-11 18:52:40.046 23230 23242 D BluetoothAdapterService: enable() - Enable called with quiet mode status =  false
04-11 18:52:40.046 23230 23245 D BluetoothAdapterState: Current state: OFF, message: 0
04-11 18:52:40.046 23230 23245 D BluetoothAdapterProperties: Setting state to 14
04-11 18:52:40.046 23230 23245 I BluetoothAdapterState: Bluetooth adapter state changed: 10-> 14
04-11 18:52:40.046 23230 23245 D BluetoothAdapterService: updateAdapterState() - Broadcasting state to 1 receivers.
04-11 18:52:40.047 23230 23245 D BluetoothAdapterService: BleOnProcessStart()
04-11 18:52:40.052 23230 23245 D BluetoothAdapterService: BleOnProcessStart() - Make Bond State Machine
04-11 18:52:40.052 23230 23245 D BluetoothBondStateMachine: make
04-11 18:52:40.056 23230 23256 I BluetoothBondStateMachine: StableState(): Entering Off State
04-11 18:52:40.057 23230 23245 D BluetoothAdapterService: setProfileServiceState() - Starting service com.android.bluetooth.gatt.GattService
04-11 18:52:40.061 23230 23245 I BluetoothAdapterState: Entering PendingCommandState
04-11 18:52:40.062 23230 23230 I BtGatt.JNI: classInitNative(L871): classInitNative: Success!
04-11 18:52:40.062 23230 23230 D BtGatt.DebugUtils: handleDebugAction() action=null
04-11 18:52:40.063 23230 23230 D BluetoothAdapterService: getAdapterService() - returning com.android.bluetooth.btservice.AdapterService@e97793c
04-11 18:52:40.063 23230 23230 D BtGatt.GattService: Received start request. Starting profile...
04-11 18:52:40.063 23230 23230 I bt_btif : get_profile_interface: id = gatt
04-11 18:52:40.064 23230 23230 D BluetoothAdapterService: getAdapterService() - returning com.android.bluetooth.btservice.AdapterService@e97793c
04-11 18:52:40.069 23230 23230 I chatty  : uid=1002(bluetooth) com.android.bluetooth identical 1 line
04-11 18:52:40.069 23230 23230 D BluetoothAdapterService: getAdapterService() - returning com.android.bluetooth.btservice.AdapterService@e97793c
04-11 18:52:40.070 23230 23230 D BluetoothAdapterService: handleMessage() - Message: 1
04-11 18:52:40.070 23230 23230 D BluetoothAdapterService: handleMessage() - MESSAGE_PROFILE_SERVICE_STATE_CHANGED
04-11 18:52:40.071 23230 23230 D BluetoothAdapterService: processProfileServiceStateChanged() - serviceName=com.android.bluetooth.gatt.GattService isTurningOn=false isTurningOff=false isBleTurningOn=true isBleTurningOff=false
04-11 18:52:40.071 23230 23230 D BluetoothAdapterService: GattService is started
04-11 18:52:40.071 23230 23245 V BluetoothAdapterState: PendingCommand - transient state(s): isBleTurningOn
04-11 18:52:40.071 23230 23245 D BluetoothAdapterState: Current state: PENDING_COMMAND, message: 4
04-11 18:52:40.072 23230 23245 I bt_btif : enable: start restricted = 0
04-11 18:52:40.072 23230 23246 I bt_stack_manager: event_start_up_stack is bringing up the stack
04-11 18:52:40.074 23230 23246 I bt_core_module: module_start_up Starting module "btif_config_module"
04-11 18:52:40.074 23230 23246 I bt_core_module: module_start_up Started module "btif_config_module"
04-11 18:52:40.074 23230 23246 I bt_core_module: module_start_up Starting module "btsnoop_module"
04-11 18:52:40.074 23230 23246 I bt_core_module: module_start_up Started module "btsnoop_module"
04-11 18:52:40.075 23230 23246 I bt_core_module: module_start_up Starting module "hci_module"
04-11 18:52:40.075 23230 23246 I bt_hci  : hci_module_start_up
04-11 18:52:40.075 23230 23260 I bt_osi_thread: run_thread: thread id 23260, thread name hci_thread started
04-11 18:52:40.076 23230 23246 D bt_hci  : hci_module_start_up starting async portion
04-11 18:52:40.076 23230 23260 I bt_hci  : hci_initialize
04-11 18:52:40.079 23230 23260 I bt_hci  : hci_initialize: IBluetoothHci::getService() returned 0x7f0263d2c0 (remote)
04-11 18:52:40.166 23230 23260 I bt_hci  : event_finish_startup
04-11 18:52:40.167 23230 23246 I bt_core_module: module_start_up Started module "hci_module"
04-11 18:52:40.167 23230 23265 I bt_osi_thread: run_thread: thread id 23265, thread name bt_workqueue started
04-11 18:52:40.168 23230 23265 I         : [0411/185240:INFO:btu_task.cc(107)] Bluetooth chip preload is complete
04-11 18:52:40.168 23230 23265 I         : [0411/185240:INFO:gatt_api.cc(1004)] GATT_Register
04-11 18:52:40.168 23230 23265 I         : [0411/185240:INFO:gatt_api.cc(1027)] allocated gatt_if=1
04-11 18:52:40.168 23230 23265 I         : [0411/185240:INFO:gatt_api.cc(207)] GATTS_AddService
04-11 18:52:40.168 23230 23265 I         : [0411/185240:INFO:gatt_api.cc(317)] GATTS_AddService: service parsed correctly, now starting
04-11 18:52:40.168 23230 23265 E         : [0411/185240:ERROR:gatt_attr.cc(301)] gatt_profile_db_init:  gatt_if=1
04-11 18:52:40.168 23230 23265 I         : [0411/185240:INFO:gatt_api.cc(1004)] GATT_Register
04-11 18:52:40.168 23230 23265 I         : [0411/185240:INFO:gatt_api.cc(1027)] allocated gatt_if=2
04-11 18:52:40.169 23230 23265 I         : [0411/185240:INFO:gatt_api.cc(207)] GATTS_AddService
04-11 18:52:40.169 23230 23265 I         : [0411/185240:INFO:gatt_api.cc(317)] GATTS_AddService: service parsed correctly, now starting
04-11 18:52:40.169 23230 23266 I bt_osi_thread: run_thread: thread id 23266, thread name btu message loop started
04-11 18:52:40.170 23230 23267 I bt_osi_thread: run_thread: thread id 23267, thread name module_wrapper started
04-11 18:52:40.170 23230 23267 I bt_core_module: module_start_up Starting module "controller_module"
04-11 18:52:40.365 23230 23267 I bt_core_module: module_start_up Started module "controller_module"
04-11 18:52:40.366 23230 23267 W bt_osi_thread: run_thread: thread id 23267, thread name module_wrapper exited
04-11 18:52:40.366 23230 23265 W bt_btm  : btm_decode_ext_features_page: feature page 1 ignored
04-11 18:52:40.366 23230 23265 W bt_btm  : btm_decode_ext_features_page: feature page 2 ignored
04-11 18:52:40.367 23230 23266 I bt_btm_sec: BTM_SecRegister p_cb_info->p_le_callback == 0x0x7ef4ad0d2c
04-11 18:52:40.367 23230 23266 I bt_btm_sec: BTM_SecRegister btm_cb.api.p_le_callback = 0x0x7ef4ad0d2c 
04-11 18:52:40.368 23230 23266 I bt_stack: [INFO:gatt_api.cc(1004)] GATT_Register
04-11 18:52:40.369 23230 23266 I bt_stack: [INFO:gatt_api.cc(1027)] allocated gatt_if=3
04-11 18:52:40.387 23230 23266 I bt_stack: [INFO:ble_advertiser_hci_interface.cc(708)] VSC advertising will be in use
04-11 18:52:40.387 23230 23266 I bt_stack: [INFO:ble_advertiser_hci_interface.cc(259)] QuirkAdvertiserZeroHandle in use
04-11 18:52:40.388 23230 23251 D BluetoothAdapterProperties: BT_PROPERTY_LOCAL_LE_FEATURES: update from BT controller mNumOfAdvertisementInstancesSupported = 10 mRpaOffloadSupported = true mNumOfOffloadedIrkSupported = 8 mNumOfOffloadedScanFilterSupported = 16 mOffloadedScanResultStorageBytes= 10240 mIsActivityAndEnergyReporting = true mVersSupported = 96 mTotNumOfTrackableAdv = 32 mIsExtendedScanSupported = true mIsDebugLogSupported = true mIsLe2MPhySupported = false mIsLeCodedPhySupported = false mIsLeExtendedAdvertisingSupported = false mIsLePeriodicAdvertisingSupported = false mLeMaximumAdvertisingDataLength = 31
04-11 18:52:40.391 23230 23251 E bt_btif_storage: btif_storage_get_adapter_property: Controller ready!
04-11 18:52:40.391 23230 23251 I bt_btif_storage: btif_storage_get_adapter_property service_mask:0x20000000
04-11 18:52:40.393 23230 23251 D BluetoothAdapterProperties: Address is:80:1D:00:33:D8:82
04-11 18:52:40.396 23230 23251 D BluetoothAdapterProperties: Name is: LeEco Le 2
04-11 18:52:40.398 23230 23251 D BluetoothAdapterProperties: Scan Mode:20
04-11 18:52:40.398 23230 23251 D BluetoothAdapterProperties: Discoverable Timeout:120
04-11 18:52:40.399 23230 23251 I bt_btif_core: btif_enable_bluetooth_evt entered: status 0
04-11 18:52:40.400 23230 23269 I bt_osi_thread: run_thread: thread id 23269, thread name btif_sock started
04-11 18:52:40.400 23230 23251 D bt_bte_conf: Device ID record 1 : primary
04-11 18:52:40.400 23230 23251 D bt_bte_conf:   vendorId            = 000f
04-11 18:52:40.400 23230 23251 D bt_bte_conf:   vendorIdSource      = 0001
04-11 18:52:40.400 23230 23251 D bt_bte_conf:   product             = 1200
04-11 18:52:40.400 23230 23251 D bt_bte_conf:   version             = 1436
04-11 18:52:40.400 23230 23251 D bt_bte_conf:   clientExecutableURL = 
04-11 18:52:40.400 23230 23251 D bt_bte_conf:   serviceDescription  = 
04-11 18:52:40.400 23230 23251 D bt_bte_conf:   documentationURL    = 
04-11 18:52:40.401 23230 23251 D bt_bte_conf: bte_load_did_conf no section named DID2.
04-11 18:52:40.401 23230 23251 I bt_btif_core: btif_enable_bluetooth_evt finished
04-11 18:52:40.401 23230 23246 I bt_stack_manager: event_start_up_stack finished
04-11 18:52:40.401 23230 23245 V BluetoothAdapterState: PendingCommand - transient state(s): isBleTurningOn
04-11 18:52:40.402 23230 23245 D BluetoothAdapterState: Current state: PENDING_COMMAND, message: 3
04-11 18:52:40.402 23230 23245 D BluetoothAdapterProperties: Setting state to 15
04-11 18:52:40.402 23230 23245 I BluetoothAdapterState: Bluetooth adapter state changed: 14-> 15
04-11 18:52:40.402 23230 23245 D BluetoothAdapterService: updateAdapterState() - Broadcasting state to 1 receivers.
04-11 18:52:40.403 23230 23245 I BluetoothAdapterState: Entering BleOnState
04-11 18:52:40.407 23230 23245 D BluetoothAdapterState: Current state: BLE ON, message: 1
04-11 18:52:40.407 23230 23245 D BluetoothAdapterProperties: Setting state to 11
04-11 18:52:40.407 23230 23245 I BluetoothAdapterState: Bluetooth adapter state changed: 15-> 11
04-11 18:52:40.407 23230 23245 D BluetoothAdapterService: updateAdapterState() - Broadcasting state to 1 receivers.
04-11 18:52:40.408 23230 23245 D BluetoothAdapterService: startCoreServices()
04-11 18:52:40.408 23230 23245 D BluetoothAdapterService: setProfileServiceState() - Starting service com.android.bluetooth.hfp.HeadsetService
04-11 18:52:40.410 23230 23245 D BluetoothAdapterService: setProfileServiceState() - Starting service com.android.bluetooth.a2dp.A2dpService
04-11 18:52:40.411 23230 23230 D BluetoothAdapterService: getAdapterService() - returning com.android.bluetooth.btservice.AdapterService@e97793c
04-11 18:52:40.411 23230 23230 D HeadsetService: Received start request. Starting profile...
04-11 18:52:40.412 23230 23245 D BluetoothAdapterService: setProfileServiceState() - Starting service com.android.bluetooth.hid.HidService
04-11 18:52:40.413 23230 23230 I BluetoothHeadsetServiceJni: classInitNative: succeeds
04-11 18:52:40.413 23230 23230 D HeadsetStateMachine: make
04-11 18:52:40.415 23230 23245 D BluetoothAdapterService: setProfileServiceState() - Starting service com.android.bluetooth.hdp.HealthService
04-11 18:52:40.419 23230 23245 D BluetoothAdapterService: setProfileServiceState() - Starting service com.android.bluetooth.pan.PanService
04-11 18:52:40.423 23230 23245 D BluetoothAdapterService: setProfileServiceState() - Starting service com.android.bluetooth.map.BluetoothMapService
04-11 18:52:40.425 23230 23230 D HeadsetStateMachine: max_hf_connections = 1
04-11 18:52:40.425 23230 23230 D HeadsetStateMachine: in-band_ringing_support = true
04-11 18:52:40.425 23230 23230 I bt_btif : get_profile_interface: id = handsfree
04-11 18:52:40.426 23230 23251 I bt_btif_storage: btif_storage_get_adapter_property service_mask:0x20000040
04-11 18:52:40.426 23230 23266 I bt_stack: [INFO:port_api.cc(123)] RFCOMM_CreateConnection BDA: ff:ff:ff:ff:ff:ff
04-11 18:52:40.426 23230 23251 E bt_btif : btif_hf_upstreams_evt: Invalid index 12230
04-11 18:52:40.426 23230 23266 I bt_stack: [INFO:port_api.cc(123)] RFCOMM_CreateConnection BDA: ff:ff:ff:ff:ff:ff
04-11 18:52:40.426 23230 23245 D BluetoothAdapterService: setProfileServiceState() - Starting service com.android.bluetooth.hfpclient.HeadsetClientService
04-11 18:52:40.428 23230 23245 D BluetoothAdapterService: setProfileServiceState() - Starting service com.android.bluetooth.avrcpcontroller.AvrcpControllerService
04-11 18:52:40.431 23230 23245 D BluetoothAdapterService: setProfileServiceState() - Starting service com.android.bluetooth.sap.SapService
04-11 18:52:40.432 23230 23230 D BluetoothAdapterService: getAdapterService() - returning com.android.bluetooth.btservice.AdapterService@e97793c
04-11 18:52:40.434 23230 23230 D BluetoothAdapterService: getAdapterService() - returning com.android.bluetooth.btservice.AdapterService@e97793c
04-11 18:52:40.434 23230 23230 D A2dpService: Received start request. Starting profile...
04-11 18:52:40.434 23230 23245 D BluetoothAdapterService: setProfileServiceState() - Starting service com.android.bluetooth.opp.BluetoothOppService
04-11 18:52:40.435 23230 23230 I BluetoothAvrcpServiceJni: classInitNative: succeeds
04-11 18:52:40.435 23230 23230 V Avrcp   : make
04-11 18:52:40.436 23230 23230 I bt_btif : get_profile_interface: id = avrcp
04-11 18:52:40.443 23230 23245 D BluetoothAdapterService: setProfileServiceState() - Starting service com.android.bluetooth.pbap.BluetoothPbapService
04-11 18:52:40.447 23230 23245 I BluetoothAdapterState: Entering PendingCommandState
04-11 18:52:40.452 23230 23230 V Avrcp   : initMediaPlayerInfoList: 0 controllers
04-11 18:52:40.454 23230 23230 V Avrcp   : updatePlaybackState (1): -1➡0(PlaybackState {state=0, position=-1, buffered position=0, speed=0.0, updated=336562339, actions=0, custom actions=[], active item id=-1, error=null})
04-11 18:52:40.454 23230 23230 I Avrcp   : Skipping update due to invalid playback state
04-11 18:52:40.454 23230 23230 E Avrcp   : play status change -1➡0 mPlayStatusChangedNT: 1
04-11 18:52:40.454 23230 23230 E bt_btif : register_notification_rsp: Avrcp device is not connected, handle: 0x0
04-11 18:52:40.454 23230 23230 D Avrcp   : sendPlayPosNotificationRsp: Not registered or requesting.
04-11 18:52:40.455 23230 23230 D Avrcp   : User already unlocked, initializing player lists
04-11 18:52:40.456 23230 23230 V Avrcp   : updatePlaybackState (1): 0➡0(PlaybackState {state=0, position=-1, buffered position=0, speed=0.0, updated=336562343, actions=0, custom actions=[], active item id=-1, error=null})
04-11 18:52:40.457 23230 23230 I Avrcp   : Skipping update due to invalid playback state
04-11 18:52:40.457 23230 23230 E Avrcp   : play status change 0➡0 mPlayStatusChangedNT: 1
04-11 18:52:40.457 23230 23230 D Avrcp   : sendPlayPosNotificationRsp: Not registered or requesting.
04-11 18:52:40.458 23230 23230 I BluetoothA2dpServiceJni: classInitNative: succeeds
04-11 18:52:40.458 23230 23230 D A2dpStateMachine: make
04-11 18:52:40.459 23230 23230 I bt_btif : get_profile_interface: id = a2dp
04-11 18:52:40.460 23230 23274 I bt_osi_thread: run_thread: thread id 23274, thread name btif_a2dp_source started
04-11 18:52:40.460 23230 23230 D a2dp_codec: init
04-11 18:52:40.460 23230 23230 D a2dp_codec: createCodec: codec SBC
04-11 18:52:40.461 23230 23230 I a2dp_codec: init: updated SBC codec priority to 1001
04-11 18:52:40.461 23230 23230 D a2dp_codec: createCodec: codec AAC
04-11 18:52:40.461 23230 23230 I a2dp_codec: init: updated AAC codec priority to 2001
04-11 18:52:40.461 23230 23251 I bt_btif_storage: btif_storage_get_adapter_property service_mask:0x20000048
04-11 18:52:40.461 23230 23266 I bt_bta_av: AVRCP version used for sdp: "avrcp14"
04-11 18:52:40.461 23230 23230 D a2dp_codec: createCodec: codec aptX
04-11 18:52:40.461 23230 23251 E bt_btif : btif_sm_dispatch : Invalid handle
04-11 18:52:40.461 23230 23251 E bt_btif : btif_sm_dispatch : Invalid handle
04-11 18:52:40.462 23230 23230 E a2dp_vendor_aptx_encoder: A2DP_VendorLoadEncoderAptx: cannot open aptX encoder library libaptX_encoder.so: dlopen failed: library "libaptX_encoder.so" not found
04-11 18:52:40.462 23230 23230 E a2dp_vendor_aptx: init: cannot load the encoder
04-11 18:52:40.462 23230 23230 D a2dp_codec: createCodec: codec aptX-HD
04-11 18:52:40.463 23230 23230 E a2dp_vendor_aptx_hd_encoder: A2DP_VendorLoadEncoderAptxHd: cannot open aptX-HD encoder library libaptXHD_encoder.so: dlopen failed: library "libaptXHD_encoder.so" not found
04-11 18:52:40.463 23230 23230 E a2dp_vendor_aptx_hd: init: cannot load the encoder
04-11 18:52:40.463 23230 23230 D a2dp_codec: createCodec: codec LDAC
04-11 18:52:40.465 23230 23230 I a2dp_codec: init: updated LDAC codec priority to 5001
04-11 18:52:40.465 23230 23230 D a2dp_codec: createCodec: codec SBC SINK
04-11 18:52:40.465 23230 23230 I a2dp_codec: init: initialized Source codec LDAC
04-11 18:52:40.465 23230 23230 I a2dp_codec: init: initialized Source codec AAC
04-11 18:52:40.465 23230 23230 I a2dp_codec: init: initialized Source codec SBC
04-11 18:52:40.465 23230 23230 I a2dp_codec: init: initialized Sink codec SBC(Sink)
04-11 18:52:40.465 23230 23230 W bt_btif : ## ON A2DP IDLE ## peer_sep = 0
04-11 18:52:40.465 23230 23251 I BluetoothA2dpServiceJni: bta2dp_audio_config_callback
04-11 18:52:40.466 23230 23251 D A2dpStateMachine: A2DP Codec Config: null->{codecName:SBC,mCodecType:0,mCodecPriority:0,mSampleRate:0x0(NONE),mBitsPerSample:0x0(NONE),mChannelMode:0x0(NONE),mCodecSpecific1:0,mCodecSpecific2:0,mCodecSpecific3:0,mCodecSpecific4:0}
04-11 18:52:40.466 23230 23251 D A2dpStateMachine: A2DP Codec Local Capability: {codecName:LDAC,mCodecType:4,mCodecPriority:5001,mSampleRate:0xf(44100|48000|88200|96000),mBitsPerSample:0x7(16|24|32),mChannelMode:0x2(STEREO),mCodecSpecific1:0,mCodecSpecific2:0,mCodecSpecific3:0,mCodecSpecific4:0}
04-11 18:52:40.466 23230 23251 D A2dpStateMachine: A2DP Codec Local Capability: {codecName:AAC,mCodecType:1,mCodecPriority:2001,mSampleRate:0x1(44100),mBitsPerSample:0x1(16),mChannelMode:0x2(STEREO),mCodecSpecific1:0,mCodecSpecific2:0,mCodecSpecific3:0,mCodecSpecific4:0}
04-11 18:52:40.466 23230 23251 D A2dpStateMachine: A2DP Codec Local Capability: {codecName:SBC,mCodecType:0,mCodecPriority:1001,mSampleRate:0x1(44100),mBitsPerSample:0x1(16),mChannelMode:0x3(MONO|STEREO),mCodecSpecific1:0,mCodecSpecific2:0,mCodecSpecific3:0,mCodecSpecific4:0}
04-11 18:52:40.467 23230 23273 D A2dpStateMachine: Enter Disconnected: -2
04-11 18:52:40.468 23230 23230 D BluetoothAdapterService: getAdapterService() - returning com.android.bluetooth.btservice.AdapterService@e97793c
04-11 18:52:40.469 23230 23230 I BluetoothHidServiceJni: classInitNative: succeeds
04-11 18:52:40.470 23230 23230 D BluetoothAdapterService: getAdapterService() - returning com.android.bluetooth.btservice.AdapterService@e97793c
04-11 18:52:40.470 23230 23230 D HidService: Received start request. Starting profile...
04-11 18:52:40.471 23230 23230 I bt_btif : get_profile_interface: id = hidhost
04-11 18:52:40.471 23230 23251 I bt_bta_hh: BTA_HhEnable sec_mask:0x36 p_cback:0x7ef4b36448
04-11 18:52:40.471 23230 23230 D HidService: setHidService(): set to: null
04-11 18:52:40.471 23230 23251 I bt_btif_storage: btif_storage_get_adapter_property service_mask:0x20100048
04-11 18:52:40.471 23230 23230 D BluetoothAdapterService: getAdapterService() - returning com.android.bluetooth.btservice.AdapterService@e97793c
04-11 18:52:40.471 23230 23266 I bt_stack: [INFO:gatt_api.cc(1004)] GATT_Register
04-11 18:52:40.471 23230 23266 I bt_stack: [INFO:gatt_api.cc(1027)] allocated gatt_if=4
04-11 18:52:40.476 23230 23230 I BluetoothHealthServiceJni: classInitNative: succeeds
04-11 18:52:40.477 23230 23230 D BluetoothAdapterService: getAdapterService() - returning com.android.bluetooth.btservice.AdapterService@e97793c
04-11 18:52:40.478 23230 23230 D HealthService: Received start request. Starting profile...
04-11 18:52:40.479 23230 23230 I bt_btif : get_profile_interface: id = health
04-11 18:52:40.479 23230 23230 D BluetoothAdapterService: getAdapterService() - returning com.android.bluetooth.btservice.AdapterService@e97793c
04-11 18:52:40.480 23230 23230 I BluetoothPanServiceJni: classInitNative(L111): succeeds
04-11 18:52:40.481 23230 23230 D BluetoothAdapterService: getAdapterService() - returning com.android.bluetooth.btservice.AdapterService@e97793c
04-11 18:52:40.481 23230 23230 D PanService: Received start request. Starting profile...
04-11 18:52:40.481 23230 23230 D BluetoothPanServiceJni: initializeNative(L116): pan
04-11 18:52:40.482 23230 23230 I bt_btif : get_profile_interface: id = pan
04-11 18:52:40.482 23230 23230 D BluetoothAdapterService: getAdapterService() - returning com.android.bluetooth.btservice.AdapterService@e97793c
04-11 18:52:40.482 23230 23251 D BluetoothPanServiceJni: control_state_callback(L63): state:0, local_role:3, ifname:bt-pan
04-11 18:52:40.484 23230 23230 D BluetoothAdapterService: getAdapterService() - returning com.android.bluetooth.btservice.AdapterService@e97793c
04-11 18:52:40.485 23230 23230 D BluetoothMapService: Received start request. Starting profile...
04-11 18:52:40.485 23230 23230 D BluetoothMapService: start()
04-11 18:52:40.490 23230 23230 D BluetoothMapAccountLoader: Found 0 application(s) with intent android.bluetooth.action.BLUETOOTH_MAP_PROVIDER
04-11 18:52:40.490 23230 23230 D BluetoothMapAccountLoader: Found 0 application(s) with intent android.bluetooth.action.BLUETOOTH_MAP_IM_PROVIDER
04-11 18:52:40.491 23230 23230 D BluetoothMapAppObserver: createReceiver()
04-11 18:52:40.492 23230 23230 D BluetoothMapAppObserver: initObservers()
04-11 18:52:40.492 23230 23230 D BluetoothMapAppObserver: getEnabledAccountItems()
04-11 18:52:40.493 23230 23230 D BluetoothAdapterService: getAdapterService() - returning com.android.bluetooth.btservice.AdapterService@e97793c
04-11 18:52:40.494 23230 23230 I BluetoothHeadsetClientServiceJni: classInitNative succeeds
04-11 18:52:40.495 23230 23230 D BluetoothAdapterService: getAdapterService() - returning com.android.bluetooth.btservice.AdapterService@e97793c
04-11 18:52:40.496 23230 23230 D HeadsetClientService: Received start request. Starting profile...
04-11 18:52:40.496 23230 23230 D BluetoothHeadsetClientServiceJni: initializeNative: HfpClient
04-11 18:52:40.496 23230 23230 I bt_btif : get_profile_interface: id = handsfree_client
04-11 18:52:40.496 23230 23251 I bt_stack: [INFO:port_api.cc(123)] RFCOMM_CreateConnection BDA: ff:ff:ff:ff:ff:ff
04-11 18:52:40.496 23230 23251 I bt_btif_storage: btif_storage_get_adapter_property service_mask:0x21100048
04-11 18:52:40.500 23230 23230 D BluetoothHeadsetClientServiceJni: initializeNative: HfpClient
04-11 18:52:40.500 23230 23230 W BluetoothHeadsetClientServiceJni: Cleaning up Bluetooth HFP Client Interface before initializing
04-11 18:52:40.500 23230 23230 W BluetoothHeadsetClientServiceJni: Cleaning up Bluetooth HFP Client callback object
04-11 18:52:40.500 23230 23230 I bt_btif : get_profile_interface: id = handsfree_client
04-11 18:52:40.500 23230 23251 I bt_btif_queue: queue_int_cleanup: UUID=111E
04-11 18:52:40.500 23230 23230 D BluetoothAdapterService: getAdapterService() - returning com.android.bluetooth.btservice.AdapterService@e97793c
04-11 18:52:40.501 23230 23230 I BluetoothAvrcpControllerJni: classInitNative: succeeds
04-11 18:52:40.501 23230 23251 I bt_btif_storage: btif_storage_get_adapter_property service_mask:0x21100048
04-11 18:52:40.501 23230 23230 I bt_btif : get_profile_interface: id = avrcp_ctrl
04-11 18:52:40.501 23230 23251 I bt_stack: [INFO:port_api.cc(123)] RFCOMM_CreateConnection BDA: ff:ff:ff:ff:ff:ff
04-11 18:52:40.501 23230 23251 I bt_btif_storage: btif_storage_get_adapter_property service_mask:0x21100048
04-11 18:52:40.502 23230 23230 D BluetoothAdapterService: getAdapterService() - returning com.android.bluetooth.btservice.AdapterService@e97793c
04-11 18:52:40.502 23230 23230 D AvrcpControllerService: Received start request. Starting profile...
04-11 18:52:40.506 23230 23230 D AvrcpControllerService: setAvrcpControllerService(): set to: null
04-11 18:52:40.506 23230 23230 D BluetoothAdapterService: getAdapterService() - returning com.android.bluetooth.btservice.AdapterService@e97793c
04-11 18:52:40.507 23230 23230 D BluetoothAdapterService: handleMessage() - Message: 1
04-11 18:52:40.507 23230 23230 D BluetoothAdapterService: handleMessage() - MESSAGE_PROFILE_SERVICE_STATE_CHANGED
04-11 18:52:40.507 23230 23230 D BluetoothAdapterService: processProfileServiceStateChanged() - serviceName=com.android.bluetooth.hfp.HeadsetService isTurningOn=true isTurningOff=false isBleTurningOn=false isBleTurningOff=false
04-11 18:52:40.507 23230 23271 D HeadsetPhoneState: sendDeviceStateChanged. mService=0 mIsSimStateLoaded=false mSignal=0 mRoam=0 mBatteryCharge=3
04-11 18:52:40.508 23230 23230 D BluetoothAdapterService: onProfileServiceStateChange() - Profile still not running:com.android.bluetooth.a2dp.A2dpService
04-11 18:52:40.509 23230 23230 V SapService: SapBinder()
04-11 18:52:40.509 23230 23230 D BluetoothAdapterService: getAdapterService() - returning com.android.bluetooth.btservice.AdapterService@e97793c
04-11 18:52:40.510 23230 23230 D SapService: Received start request. Starting profile...
04-11 18:52:40.510 23230 23230 V SapService: start()
04-11 18:52:40.511 23230 23230 D BluetoothAdapterService: getAdapterService() - returning com.android.bluetooth.btservice.AdapterService@e97793c
04-11 18:52:40.520 23230 23230 D BluetoothAdapterService: getAdapterService() - returning com.android.bluetooth.btservice.AdapterService@e97793c
04-11 18:52:40.521 23230 23230 D BluetoothOppService: Received start request. Starting profile...
04-11 18:52:40.521 23230 23230 D BluetoothAdapterService: getAdapterService() - returning com.android.bluetooth.btservice.AdapterService@e97793c
04-11 18:52:40.524 23230 23230 V BluetoothPbapService: PbapBinder()
04-11 18:52:40.524 23230 23230 D BluetoothAdapterService: getAdapterService() - returning com.android.bluetooth.btservice.AdapterService@e97793c
04-11 18:52:40.525 23230 23230 D BluetoothPbapService: Received start request. Starting profile...
04-11 18:52:40.525 23230 23230 V BluetoothPbapService: start()
04-11 18:52:40.527 23230 23230 D BluetoothPbapService: Registering observer
04-11 18:52:40.532 23230 23230 D BluetoothAdapterService: getAdapterService() - returning com.android.bluetooth.btservice.AdapterService@e97793c
04-11 18:52:40.532 23230 23230 D BluetoothAdapterService: handleMessage() - Message: 1
04-11 18:52:40.532 23230 23230 D BluetoothAdapterService: handleMessage() - MESSAGE_PROFILE_SERVICE_STATE_CHANGED
04-11 18:52:40.532 23230 23230 D BluetoothAdapterService: processProfileServiceStateChanged() - serviceName=com.android.bluetooth.a2dp.A2dpService isTurningOn=true isTurningOff=false isBleTurningOn=false isBleTurningOff=false
04-11 18:52:40.533 23230 23230 D BluetoothAdapterService: onProfileServiceStateChange() - Profile still not running:com.android.bluetooth.map.BluetoothMapService
04-11 18:52:40.533 23230 23230 D BluetoothAdapterService: handleMessage() - Message: 1
04-11 18:52:40.533 23230 23230 D BluetoothAdapterService: handleMessage() - MESSAGE_PROFILE_SERVICE_STATE_CHANGED
04-11 18:52:40.533 23230 23230 D BluetoothAdapterService: processProfileServiceStateChanged() - serviceName=com.android.bluetooth.hid.HidService isTurningOn=true isTurningOff=false isBleTurningOn=false isBleTurningOff=false
04-11 18:52:40.533 23230 23230 D BluetoothAdapterService: onProfileServiceStateChange() - Profile still not running:com.android.bluetooth.map.BluetoothMapService
04-11 18:52:40.533 23230 23230 D BluetoothAdapterService: handleMessage() - Message: 1
04-11 18:52:40.533 23230 23230 D BluetoothAdapterService: handleMessage() - MESSAGE_PROFILE_SERVICE_STATE_CHANGED
04-11 18:52:40.533 23230 23230 D BluetoothAdapterService: processProfileServiceStateChanged() - serviceName=com.android.bluetooth.hdp.HealthService isTurningOn=true isTurningOff=false isBleTurningOn=false isBleTurningOff=false
04-11 18:52:40.533 23230 23230 D BluetoothAdapterService: onProfileServiceStateChange() - Profile still not running:com.android.bluetooth.map.BluetoothMapService
04-11 18:52:40.534 23230 23230 D BluetoothAdapterService: handleMessage() - Message: 1
04-11 18:52:40.534 23230 23230 D BluetoothAdapterService: handleMessage() - MESSAGE_PROFILE_SERVICE_STATE_CHANGED
04-11 18:52:40.534 23230 23230 D BluetoothAdapterService: processProfileServiceStateChanged() - serviceName=com.android.bluetooth.pan.PanService isTurningOn=true isTurningOff=false isBleTurningOn=false isBleTurningOff=false
04-11 18:52:40.534 23230 23230 D BluetoothAdapterService: onProfileServiceStateChange() - Profile still not running:com.android.bluetooth.map.BluetoothMapService
04-11 18:52:40.534 23230 23230 D BluetoothAdapterService: handleMessage() - Message: 1
04-11 18:52:40.534 23230 23230 D BluetoothAdapterService: handleMessage() - MESSAGE_PROFILE_SERVICE_STATE_CHANGED
04-11 18:52:40.534 23230 23230 D BluetoothAdapterService: processProfileServiceStateChanged() - serviceName=com.android.bluetooth.map.BluetoothMapService isTurningOn=true isTurningOff=false isBleTurningOn=false isBleTurningOff=false
04-11 18:52:40.535 23230 23230 D BluetoothAdapterService: onProfileServiceStateChange() - Profile still not running:com.android.bluetooth.avrcpcontroller.AvrcpControllerService
04-11 18:52:40.535 23230 23230 D BluetoothAdapterService: handleMessage() - Message: 1
04-11 18:52:40.535 23230 23230 D BluetoothAdapterService: handleMessage() - MESSAGE_PROFILE_SERVICE_STATE_CHANGED
04-11 18:52:40.535 23230 23230 D BluetoothAdapterService: processProfileServiceStateChanged() - serviceName=com.android.bluetooth.hfpclient.HeadsetClientService isTurningOn=true isTurningOff=false isBleTurningOn=false isBleTurningOff=false
04-11 18:52:40.535 23230 23230 D BluetoothAdapterService: onProfileServiceStateChange() - Profile still not running:com.android.bluetooth.avrcpcontroller.AvrcpControllerService
04-11 18:52:40.535 23230 23230 D BluetoothAdapterService: handleMessage() - Message: 1
04-11 18:52:40.535 23230 23230 D BluetoothAdapterService: handleMessage() - MESSAGE_PROFILE_SERVICE_STATE_CHANGED
04-11 18:52:40.536 23230 23230 D BluetoothAdapterService: processProfileServiceStateChanged() - serviceName=com.android.bluetooth.avrcpcontroller.AvrcpControllerService isTurningOn=true isTurningOff=false isBleTurningOn=false isBleTurningOff=false
04-11 18:52:40.537 23230 23230 D BluetoothAdapterService: onProfileServiceStateChange() - Profile still not running:com.android.bluetooth.sap.SapService
04-11 18:52:40.538 23230 23230 D BluetoothAdapterService: handleMessage() - Message: 1
04-11 18:52:40.538 23230 23230 D BluetoothAdapterService: handleMessage() - MESSAGE_PROFILE_SERVICE_STATE_CHANGED
04-11 18:52:40.538 23230 23230 D BluetoothAdapterService: processProfileServiceStateChanged() - serviceName=com.android.bluetooth.sap.SapService isTurningOn=true isTurningOff=false isBleTurningOn=false isBleTurningOff=false
04-11 18:52:40.538 23230 23230 D BluetoothAdapterService: onProfileServiceStateChange() - Profile still not running:com.android.bluetooth.pbap.BluetoothPbapService
04-11 18:52:40.539 23230 23230 D BluetoothAdapterService: handleMessage() - Message: 1
04-11 18:52:40.539 23230 23230 D BluetoothAdapterService: handleMessage() - MESSAGE_PROFILE_SERVICE_STATE_CHANGED
04-11 18:52:40.539 23230 23230 D BluetoothAdapterService: processProfileServiceStateChanged() - serviceName=com.android.bluetooth.opp.BluetoothOppService isTurningOn=true isTurningOff=false isBleTurningOn=false isBleTurningOff=false
04-11 18:52:40.539 23230 23230 D BluetoothAdapterService: onProfileServiceStateChange() - Profile still not running:com.android.bluetooth.pbap.BluetoothPbapService
04-11 18:52:40.541 23230 23230 D BluetoothAdapterService: handleMessage() - Message: 1
04-11 18:52:40.541 23230 23230 D BluetoothAdapterService: handleMessage() - MESSAGE_PROFILE_SERVICE_STATE_CHANGED
04-11 18:52:40.542 23230 23230 D BluetoothAdapterService: processProfileServiceStateChanged() - serviceName=com.android.bluetooth.pbap.BluetoothPbapService isTurningOn=true isTurningOff=false isBleTurningOn=false isBleTurningOff=false
04-11 18:52:40.542 23230 23230 D BluetoothAdapterService: onProfileServiceStateChange() - All profile services started.
04-11 18:52:40.542 23230 23245 V BluetoothAdapterState: PendingCommand - transient state(s): isTurningOn
04-11 18:52:40.543 23230 23245 D BluetoothAdapterState: Current state: PENDING_COMMAND, message: 2
04-11 18:52:40.543 23230 23245 D BluetoothAdapterProperties: onBluetoothReady, state=11, ScanMode=20
04-11 18:52:40.543 23230 23245 D BluetoothAdapterProperties: Setting state to 12
04-11 18:52:40.543 23230 23245 I BluetoothAdapterState: Bluetooth adapter state changed: 11-> 12
04-11 18:52:40.543 23230 23245 D BluetoothAdapterService: updateAdapterState() - Broadcasting state to 1 receivers.
04-11 18:52:40.544 23230 23245 I BluetoothAdapterState: Entering OnState
04-11 18:52:40.545 23230 23245 D BluetoothAdapterService: updateUuids() - Updating UUIDs for bonded devices
04-11 18:52:40.545 23230 23251 D BluetoothAdapterProperties: Scan Mode:21
04-11 18:52:40.545 23230 23251 D BluetoothAdapterProperties: Discoverable Timeout:120
04-11 18:52:40.584 23230 23230 D BluetoothMapService: onReceive
04-11 18:52:40.584 23230 23230 D BluetoothMapService: onReceive: android.bluetooth.adapter.action.STATE_CHANGED
04-11 18:52:40.584 23230 23230 D BluetoothMapService: STATE_ON
04-11 18:52:40.591 23230 23251 D BluetoothAdapterProperties: Discoverable Timeout:120
04-11 18:52:40.593 23230 23251 D BluetoothAdapterProperties: Scan Mode:23
04-11 18:52:40.604 23230 23230 D BluetoothPbapService: action: android.bluetooth.adapter.action.STATE_CHANGED
04-11 18:52:40.604 23230 23230 D BluetoothPbapService: state: 12
04-11 18:52:40.605 23230 23278 D BluetoothMapMasInstance0: Map Service startRfcommSocketListener
04-11 18:52:40.606 23230 23278 D ObexServerSockets: create(rfcomm = -2, l2capPsm = -2)
04-11 18:52:40.614 23230 23278 W BluetoothAdapter: getBluetoothService() called with no BluetoothManagerCallback
04-11 18:52:40.614 23230 23230 D BluetoothAdapterService: isQuetModeEnabled() - Enabled = false
04-11 18:52:40.614 23230 23230 D BluetoothPhonePolicy: autoConnect() - Initiate auto connection on BT on...
04-11 18:52:40.616 23230 23266 I bt_stack: [INFO:port_api.cc(123)] RFCOMM_CreateConnection BDA: ff:ff:ff:ff:ff:ff
04-11 18:52:40.618 23230 23230 D BtOppService: start Socket Listeners
04-11 18:52:40.618 23230 23230 D BtOppService: stopListeners   mServerSocket :null
04-11 18:52:40.618 23230 23230 D ObexServerSockets: create(rfcomm = -2, l2capPsm = -2)
04-11 18:52:40.618 23230 23278 W BluetoothAdapter: getBluetoothService() called with no BluetoothManagerCallback
04-11 18:52:40.619 23230 23230 W BluetoothAdapter: getBluetoothService() called with no BluetoothManagerCallback
04-11 18:52:40.619 23230 23290 W BluetoothAdapter: getBluetoothService() called with no BluetoothManagerCallback
04-11 18:52:40.622 23230 23278 D ObexServerSockets: Succeed to create listening sockets 
04-11 18:52:40.622 23230 23278 D ObexServerSockets0: startAccept()
04-11 18:52:40.622 23230 23278 D ObexServerSockets0: prepareForNewConnect()
04-11 18:52:40.623 23230 23266 I bt_stack: [INFO:port_api.cc(123)] RFCOMM_CreateConnection BDA: ff:ff:ff:ff:ff:ff
04-11 18:52:40.624 23230 23266 I bt_stack: [INFO:port_api.cc(123)] RFCOMM_CreateConnection BDA: ff:ff:ff:ff:ff:ff
04-11 18:52:40.625 23230 23230 W BluetoothAdapter: getBluetoothService() called with no BluetoothManagerCallback
04-11 18:52:40.625 23230 23278 D BluetoothSdpJni: sdpCreateMapMasRecordNative
04-11 18:52:40.625 23230 23278 D BluetoothSdpJni: SDP Create record success - handle: 0
04-11 18:52:40.626 23230 23290 D BluetoothSdpJni: sdpCreateSapsRecordNative
04-11 18:52:40.626 23230 23290 D BluetoothSdpJni: SDP Create record success - handle: 1
04-11 18:52:40.627 23230 23230 D ObexServerSockets: Succeed to create listening sockets 
04-11 18:52:40.627 23230 23230 D ObexServerSockets1: startAccept()
04-11 18:52:40.627 23230 23230 D ObexServerSockets1: prepareForNewConnect()
04-11 18:52:40.627 23230 23291 D ObexServerSockets0: Accepting socket connection...
04-11 18:52:40.628 23230 23292 D ObexServerSockets0: Accepting socket connection...
04-11 18:52:40.635 23230 23230 D BluetoothSdpJni: sdpCreateOppOpsRecordNative
04-11 18:52:40.635 23230 23230 D BluetoothSdpJni: SDP Create record success - handle: 2
04-11 18:52:40.635 23230 23230 D BtOppService: mOppSdpHandle :2
04-11 18:52:40.636 23230 23230 D BluetoothPbapService: startsocketListener
04-11 18:52:40.636 23230 23230 D ObexServerSockets: create(rfcomm = -2, l2capPsm = -2)
04-11 18:52:40.638 23230 23230 W BluetoothAdapter: getBluetoothService() called with no BluetoothManagerCallback
04-11 18:52:40.639 23230 23294 D ObexServerSockets1: Accepting socket connection...
04-11 18:52:40.640 23230 23293 D ObexServerSockets1: Accepting socket connection...
04-11 18:52:40.644 23230 23266 I bt_stack: [INFO:port_api.cc(123)] RFCOMM_CreateConnection BDA: ff:ff:ff:ff:ff:ff
04-11 18:52:40.646 23230 23230 W BluetoothAdapter: getBluetoothService() called with no BluetoothManagerCallback
04-11 18:52:40.648 23230 23230 D ObexServerSockets: Succeed to create listening sockets 
04-11 18:52:40.648 23230 23230 D ObexServerSockets2: startAccept()
04-11 18:52:40.648 23230 23230 D ObexServerSockets2: prepareForNewConnect()
04-11 18:52:40.649 23230 23230 D BluetoothSdpJni: sdpCreatePbapPseRecordNative
04-11 18:52:40.649 23230 23230 D BluetoothSdpJni: SDP Create record success - handle: 3
04-11 18:52:40.650 23230 23295 D ObexServerSockets2: Accepting socket connection...
04-11 18:52:40.651 23230 23296 D ObexServerSockets2: Accepting socket connection...
04-11 18:52:40.654 23230 23230 D BluetoothPbapService: PBAP server with handle:3
04-11 18:52:41.598 23230 23251 D BluetoothAdapterProperties: Discoverable Timeout:120
04-11 18:52:41.599 23230 23251 D BluetoothAdapterProperties: Scan Mode:21
04-11 18:54:09.284 23230 23266 W bt_btif : bta_dm_acl_change info: 0x10
04-11 18:54:09.284 23230 23251 D bt_btif_dm: remote version info [a0:a4:c5:68:0f:dc]: 0, 0, 0
04-11 18:54:09.286 23230 23251 E BluetoothRemoteDevices: aclStateChangeCallback: device is NULL, address=A0:A4:C5:68:0F:DC, newState=0
04-11 18:54:09.667 23230 23251 D bt_btif_config: btif_get_device_type: Device [a0:a4:c5:68:0f:dc] type 1
04-11 18:54:09.667 23230 23251 I bt_btif_dm: get_cod remote_cod = 0x000c010c
04-11 18:54:09.668 23230 23251 I BluetoothBondStateMachine: bondStateChangeCallback: Status: 0 Address: A0:A4:C5:68:0F:DC newState: 1
04-11 18:54:09.668 23230 23251 I bt_btif_dm: get_cod remote_cod = 0x000c010c
04-11 18:54:09.674 23230 23256 I BluetoothBondStateMachine: Bond State Change Intent:A0:A4:C5:68:0F:DC OldState: 10 NewState: 11
04-11 18:54:09.675 23230 23256 I BluetoothBondStateMachine: Entering PendingCommandState State
04-11 18:54:10.005 23230 23266 W bt_smp  : for SMP over BR max_key_size: 0x10, local_i_key: 0x07, local_r_key: 0x07, p_cb->loc_auth_req: 0x21
04-11 18:54:10.006 23230 23266 W bt_smp  : smp_send_id_info
04-11 18:54:10.007 23230 23261 W bt_hci_packet_fragmenter: reassemble_and_dispatch got packet which would exceed expected length of 84. Truncating.
04-11 18:54:10.007 23230 23266 F bt_stack: [FATAL:allocation_tracker.cc(161)] Check failed: end_canary[i] == canary[i]. 
--------- beginning of crash
04-11 18:54:10.008 23230 23266 F libc    : Fatal signal 6 (SIGABRT), code -6 in tid 23266 (btu message loo), pid 23230 (droid.bluetooth)
