--------- beginning of main
04-11 18:54:11.238 23325 23325 D BluetoothOppFileProvider: Initialized
04-11 18:54:11.255 23325 23325 D AdapterServiceConfig: Adding HeadsetService
04-11 18:54:11.256 23325 23325 D AdapterServiceConfig: Adding A2dpService
04-11 18:54:11.256 23325 23325 D AdapterServiceConfig: Adding HidService
04-11 18:54:11.256 23325 23325 D AdapterServiceConfig: Adding HealthService
04-11 18:54:11.256 23325 23325 D AdapterServiceConfig: Adding PanService
04-11 18:54:11.256 23325 23325 D AdapterServiceConfig: Adding GattService
04-11 18:54:11.256 23325 23325 D AdapterServiceConfig: Adding BluetoothMapService
04-11 18:54:11.257 23325 23325 D AdapterServiceConfig: Adding HeadsetClientService
04-11 18:54:11.257 23325 23325 D AdapterServiceConfig: Adding AvrcpControllerService
04-11 18:54:11.257 23325 23325 D AdapterServiceConfig: Adding SapService
04-11 18:54:11.257 23325 23325 W AdapterServiceConfig: Could not find profile bit mask
04-11 18:54:11.257 23325 23325 D AdapterServiceConfig: Adding BluetoothOppService
04-11 18:54:11.257 23325 23325 W AdapterServiceConfig: Could not find profile bit mask
04-11 18:54:11.257 23325 23325 D AdapterServiceConfig: Adding BluetoothPbapService
04-11 18:54:11.272 23325 23325 D BluetoothAdapterService: onCreate()
04-11 18:54:11.276 23325 23325 D BluetoothAdapterState: make() - Creating AdapterState
04-11 18:54:11.278 23325 23325 I bt_btif : init
04-11 18:54:11.278 23325 23340 I BluetoothAdapterState: Entering OffState
04-11 18:54:11.278 23325 23325 D bt_osi_allocation_tracker: canary initialized
04-11 18:54:11.281 23325 23341 I bt_osi_thread: run_thread: thread id 23341, thread name stack_manager started
04-11 18:54:11.282 23325 23341 I bt_stack_manager: event_init_stack is initializing the stack
04-11 18:54:11.283 23325 23341 E bt_osi_config: config_new unable to open file '/data/misc/bluedroid/bt_config.conf': No such file or directory
04-11 18:54:11.283 23325 23341 W bt_btif_config: init unable to load config file: /data/misc/bluedroid/bt_config.conf; using backup.
04-11 18:54:11.284 23325 23344 I bt_osi_thread: run_thread: thread id 23344, thread name alarm_default_ca started
04-11 18:54:11.288 23325 23345 I bt_osi_thread: run_thread: thread id 23345, thread name alarm_dispatcher started
04-11 18:54:11.290 23325 23341 I bt_btif_core: btif_init_bluetooth entered
04-11 18:54:11.290 23325 23341 I bt_stack_config: init attempt to load stack conf from /etc/bluetooth/bt_stack.conf
04-11 18:54:11.294 23325 23346 I bt_osi_thread: run_thread: thread id 23346, thread name bt_jni_workqueue started
04-11 18:54:11.294 23325 23341 I bt_btif_core: btif_init_bluetooth finished
04-11 18:54:11.294 23325 23341 I bt_stack_manager: event_init_stack finished
04-11 18:54:11.294 23325 23325 I bt_osi_wakelock: wakelock_set_os_callouts set to non-native
04-11 18:54:11.294 23325 23325 I bt_btif : get_profile_interface: id = socket
04-11 18:54:11.294 23325 23346 I bt_btif_core: run_message_loop entered
04-11 18:54:11.294 23325 23325 W bt_btif : do_in_jni_thread: Dropped message, message_loop not initialized yet!
04-11 18:54:11.294 23325 23346 E BluetoothServiceJni: adapter_properties_callback: Callback env fail: env: 0x0, callback: 0x0
04-11 18:54:11.302 23325 23325 I bt_btif : get_profile_interface: id = sdp
04-11 18:54:11.306 23325 23325 I BluetoothAdapterService: Phone policy enabled
04-11 18:54:11.307 23325 23325 D BluetoothAdapterService: setAdapterService() - set to: null
04-11 18:54:11.308 23325 23325 D BluetoothAdapterService: onBind()
04-11 18:54:11.311 23325 23325 I BtGatt.JNI: classInitNative(L871): classInitNative: Success!
04-11 18:54:11.320 23325 23337 D BluetoothAdapterService: enable() - Enable called with quiet mode status =  false
04-11 18:54:11.320 23325 23340 D BluetoothAdapterState: Current state: OFF, message: 0
04-11 18:54:11.320 23325 23340 D BluetoothAdapterProperties: Setting state to 14
04-11 18:54:11.321 23325 23340 I BluetoothAdapterState: Bluetooth adapter state changed: 10-> 14
04-11 18:54:11.321 23325 23340 D BluetoothAdapterService: updateAdapterState() - Broadcasting state to 1 receivers.
04-11 18:54:11.322 23325 23340 D BluetoothAdapterService: BleOnProcessStart()
04-11 18:54:11.325 23325 23340 D BluetoothAdapterService: BleOnProcessStart() - Make Bond State Machine
04-11 18:54:11.325 23325 23340 D BluetoothBondStateMachine: make
04-11 18:54:11.326 23325 23352 I BluetoothBondStateMachine: StableState(): Entering Off State
04-11 18:54:11.327 23325 23340 D BluetoothAdapterService: setProfileServiceState() - Starting service com.android.bluetooth.gatt.GattService
04-11 18:54:11.329 23325 23340 I BluetoothAdapterState: Entering PendingCommandState
04-11 18:54:11.330 23325 23325 D BtGatt.DebugUtils: handleDebugAction() action=null
04-11 18:54:11.330 23325 23325 D BluetoothAdapterService: getAdapterService() - returning com.android.bluetooth.btservice.AdapterService@e97793c
04-11 18:54:11.331 23325 23325 D BtGatt.GattService: Received start request. Starting profile...
04-11 18:54:11.331 23325 23325 I bt_btif : get_profile_interface: id = gatt
04-11 18:54:11.332 23325 23325 D BluetoothAdapterService: getAdapterService() - returning com.android.bluetooth.btservice.AdapterService@e97793c
04-11 18:54:11.336 23325 23325 I chatty  : uid=1002(bluetooth) com.android.bluetooth identical 1 line
04-11 18:54:11.337 23325 23325 D BluetoothAdapterService: getAdapterService() - returning com.android.bluetooth.btservice.AdapterService@e97793c
04-11 18:54:11.338 23325 23325 D BluetoothAdapterService: handleMessage() - Message: 1
04-11 18:54:11.338 23325 23325 D BluetoothAdapterService: handleMessage() - MESSAGE_PROFILE_SERVICE_STATE_CHANGED
04-11 18:54:11.339 23325 23325 D BluetoothAdapterService: processProfileServiceStateChanged() - serviceName=com.android.bluetooth.gatt.GattService isTurningOn=false isTurningOff=false isBleTurningOn=true isBleTurningOff=false
04-11 18:54:11.339 23325 23325 D BluetoothAdapterService: GattService is started
04-11 18:54:11.339 23325 23340 V BluetoothAdapterState: PendingCommand - transient state(s): isBleTurningOn
04-11 18:54:11.339 23325 23340 D BluetoothAdapterState: Current state: PENDING_COMMAND, message: 4
04-11 18:54:11.340 23325 23340 I bt_btif : enable: start restricted = 0
04-11 18:54:11.340 23325 23341 I bt_stack_manager: event_start_up_stack is bringing up the stack
04-11 18:54:11.341 23325 23341 I bt_core_module: module_start_up Starting module "btif_config_module"
04-11 18:54:11.341 23325 23341 I bt_core_module: module_start_up Started module "btif_config_module"
04-11 18:54:11.341 23325 23341 I bt_core_module: module_start_up Starting module "btsnoop_module"
04-11 18:54:11.341 23325 23341 I bt_core_module: module_start_up Started module "btsnoop_module"
04-11 18:54:11.341 23325 23341 I bt_core_module: module_start_up Starting module "hci_module"
04-11 18:54:11.341 23325 23341 I bt_hci  : hci_module_start_up
04-11 18:54:11.341 23325 23356 I bt_osi_thread: run_thread: thread id 23356, thread name hci_thread started
04-11 18:54:11.342 23325 23341 D bt_hci  : hci_module_start_up starting async portion
04-11 18:54:11.342 23325 23356 I bt_hci  : hci_initialize
04-11 18:54:11.344 23325 23356 I bt_hci  : hci_initialize: IBluetoothHci::getService() returned 0x7f0263d3a0 (remote)
04-11 18:54:11.437 23325 23356 I bt_hci  : event_finish_startup
04-11 18:54:11.438 23325 23341 I bt_core_module: module_start_up Started module "hci_module"
04-11 18:54:11.438 23325 23361 I bt_osi_thread: run_thread: thread id 23361, thread name bt_workqueue started
04-11 18:54:11.440 23325 23361 I         : [0411/185411:INFO:btu_task.cc(107)] Bluetooth chip preload is complete
04-11 18:54:11.441 23325 23361 I         : [0411/185411:INFO:gatt_api.cc(1004)] GATT_Register
04-11 18:54:11.441 23325 23361 I         : [0411/185411:INFO:gatt_api.cc(1027)] allocated gatt_if=1
04-11 18:54:11.441 23325 23361 I         : [0411/185411:INFO:gatt_api.cc(207)] GATTS_AddService
04-11 18:54:11.442 23325 23361 I         : [0411/185411:INFO:gatt_api.cc(317)] GATTS_AddService: service parsed correctly, now starting
04-11 18:54:11.442 23325 23361 E         : [0411/185411:ERROR:gatt_attr.cc(301)] gatt_profile_db_init:  gatt_if=1
04-11 18:54:11.442 23325 23361 I         : [0411/185411:INFO:gatt_api.cc(1004)] GATT_Register
04-11 18:54:11.442 23325 23361 I         : [0411/185411:INFO:gatt_api.cc(1027)] allocated gatt_if=2
04-11 18:54:11.443 23325 23361 I         : [0411/185411:INFO:gatt_api.cc(207)] GATTS_AddService
04-11 18:54:11.443 23325 23361 I         : [0411/185411:INFO:gatt_api.cc(317)] GATTS_AddService: service parsed correctly, now starting
04-11 18:54:11.444 23325 23362 I bt_osi_thread: run_thread: thread id 23362, thread name btu message loop started
04-11 18:54:11.446 23325 23363 I bt_osi_thread: run_thread: thread id 23363, thread name module_wrapper started
04-11 18:54:11.447 23325 23363 I bt_core_module: module_start_up Starting module "controller_module"
04-11 18:54:11.676 23325 23363 I bt_core_module: module_start_up Started module "controller_module"
04-11 18:54:11.676 23325 23363 W bt_osi_thread: run_thread: thread id 23363, thread name module_wrapper exited
04-11 18:54:11.677 23325 23361 W bt_btm  : btm_decode_ext_features_page: feature page 1 ignored
04-11 18:54:11.677 23325 23361 W bt_btm  : btm_decode_ext_features_page: feature page 2 ignored
04-11 18:54:11.678 23325 23362 I bt_btm_sec: BTM_SecRegister p_cb_info->p_le_callback == 0x0x7ef497ad2c
04-11 18:54:11.678 23325 23362 I bt_btm_sec: BTM_SecRegister btm_cb.api.p_le_callback = 0x0x7ef497ad2c 
04-11 18:54:11.681 23325 23362 I bt_stack: [INFO:gatt_api.cc(1004)] GATT_Register
04-11 18:54:11.682 23325 23362 I bt_stack: [INFO:gatt_api.cc(1027)] allocated gatt_if=3
04-11 18:54:11.723 23325 23362 I bt_stack: [INFO:ble_advertiser_hci_interface.cc(708)] VSC advertising will be in use
04-11 18:54:11.724 23325 23362 I bt_stack: [INFO:ble_advertiser_hci_interface.cc(259)] QuirkAdvertiserZeroHandle in use
04-11 18:54:11.725 23325 23346 D BluetoothAdapterProperties: BT_PROPERTY_LOCAL_LE_FEATURES: update from BT controller mNumOfAdvertisementInstancesSupported = 10 mRpaOffloadSupported = true mNumOfOffloadedIrkSupported = 8 mNumOfOffloadedScanFilterSupported = 16 mOffloadedScanResultStorageBytes= 10240 mIsActivityAndEnergyReporting = true mVersSupported = 96 mTotNumOfTrackableAdv = 32 mIsExtendedScanSupported = true mIsDebugLogSupported = true mIsLe2MPhySupported = false mIsLeCodedPhySupported = false mIsLeExtendedAdvertisingSupported = false mIsLePeriodicAdvertisingSupported = false mLeMaximumAdvertisingDataLength = 31
04-11 18:54:11.732 23325 23346 E bt_btif_storage: btif_storage_get_adapter_property: Controller ready!
04-11 18:54:11.732 23325 23346 I bt_btif_storage: btif_storage_get_adapter_property service_mask:0x20000000
04-11 18:54:11.735 23325 23346 D BluetoothAdapterProperties: Address is:80:1D:00:33:D8:82
04-11 18:54:11.739 23325 23346 D BluetoothAdapterProperties: Name is: LeEco Le 2
04-11 18:54:11.742 23325 23346 D BluetoothAdapterProperties: Scan Mode:20
04-11 18:54:11.742 23325 23346 D BluetoothAdapterProperties: Discoverable Timeout:120
04-11 18:54:11.743 23325 23346 I bt_btif_core: btif_enable_bluetooth_evt entered: status 0
04-11 18:54:11.745 23325 23365 I bt_osi_thread: run_thread: thread id 23365, thread name btif_sock started
04-11 18:54:11.746 23325 23346 D bt_bte_conf: Device ID record 1 : primary
04-11 18:54:11.747 23325 23346 D bt_bte_conf:   vendorId            = 000f
04-11 18:54:11.747 23325 23346 D bt_bte_conf:   vendorIdSource      = 0001
04-11 18:54:11.747 23325 23346 D bt_bte_conf:   product             = 1200
04-11 18:54:11.747 23325 23346 D bt_bte_conf:   version             = 1436
04-11 18:54:11.747 23325 23346 D bt_bte_conf:   clientExecutableURL = 
04-11 18:54:11.747 23325 23346 D bt_bte_conf:   serviceDescription  = 
04-11 18:54:11.747 23325 23346 D bt_bte_conf:   documentationURL    = 
04-11 18:54:11.747 23325 23346 D bt_bte_conf: bte_load_did_conf no section named DID2.
04-11 18:54:11.748 23325 23346 I bt_btif_core: btif_enable_bluetooth_evt finished
04-11 18:54:11.748 23325 23341 I bt_stack_manager: event_start_up_stack finished
04-11 18:54:11.748 23325 23340 V BluetoothAdapterState: PendingCommand - transient state(s): isBleTurningOn
04-11 18:54:11.749 23325 23340 D BluetoothAdapterState: Current state: PENDING_COMMAND, message: 3
04-11 18:54:11.749 23325 23340 D BluetoothAdapterProperties: Setting state to 15
04-11 18:54:11.749 23325 23340 I BluetoothAdapterState: Bluetooth adapter state changed: 14-> 15
04-11 18:54:11.749 23325 23340 D BluetoothAdapterService: updateAdapterState() - Broadcasting state to 1 receivers.
04-11 18:54:11.751 23325 23340 I BluetoothAdapterState: Entering BleOnState
04-11 18:54:11.753 23325 23340 D BluetoothAdapterState: Current state: BLE ON, message: 1
04-11 18:54:11.754 23325 23340 D BluetoothAdapterProperties: Setting state to 11
04-11 18:54:11.754 23325 23340 I BluetoothAdapterState: Bluetooth adapter state changed: 15-> 11
04-11 18:54:11.754 23325 23340 D BluetoothAdapterService: updateAdapterState() - Broadcasting state to 1 receivers.
04-11 18:54:11.755 23325 23340 D BluetoothAdapterService: startCoreServices()
04-11 18:54:11.755 23325 23340 D BluetoothAdapterService: setProfileServiceState() - Starting service com.android.bluetooth.hfp.HeadsetService
04-11 18:54:11.761 23325 23325 D BluetoothAdapterService: getAdapterService() - returning com.android.bluetooth.btservice.AdapterService@e97793c
04-11 18:54:11.763 23325 23325 D HeadsetService: Received start request. Starting profile...
04-11 18:54:11.763 23325 23340 D BluetoothAdapterService: setProfileServiceState() - Starting service com.android.bluetooth.a2dp.A2dpService
04-11 18:54:11.766 23325 23325 I BluetoothHeadsetServiceJni: classInitNative: succeeds
04-11 18:54:11.766 23325 23325 D HeadsetStateMachine: make
04-11 18:54:11.767 23325 23340 D BluetoothAdapterService: setProfileServiceState() - Starting service com.android.bluetooth.hid.HidService
04-11 18:54:11.770 23325 23340 D BluetoothAdapterService: setProfileServiceState() - Starting service com.android.bluetooth.hdp.HealthService
04-11 18:54:11.773 23325 23340 D BluetoothAdapterService: setProfileServiceState() - Starting service com.android.bluetooth.pan.PanService
04-11 18:54:11.777 23325 23325 D HeadsetStateMachine: max_hf_connections = 1
04-11 18:54:11.777 23325 23340 D BluetoothAdapterService: setProfileServiceState() - Starting service com.android.bluetooth.map.BluetoothMapService
04-11 18:54:11.777 23325 23325 D HeadsetStateMachine: in-band_ringing_support = true
04-11 18:54:11.777 23325 23325 I bt_btif : get_profile_interface: id = handsfree
04-11 18:54:11.778 23325 23346 I bt_btif_storage: btif_storage_get_adapter_property service_mask:0x20000040
04-11 18:54:11.778 23325 23362 I bt_stack: [INFO:port_api.cc(123)] RFCOMM_CreateConnection BDA: ff:ff:ff:ff:ff:ff
04-11 18:54:11.778 23325 23346 E bt_btif : btif_hf_upstreams_evt: Invalid index 2961
04-11 18:54:11.778 23325 23362 I bt_stack: [INFO:port_api.cc(123)] RFCOMM_CreateConnection BDA: ff:ff:ff:ff:ff:ff
04-11 18:54:11.780 23325 23340 D BluetoothAdapterService: setProfileServiceState() - Starting service com.android.bluetooth.hfpclient.HeadsetClientService
04-11 18:54:11.781 23325 23325 D BluetoothAdapterService: getAdapterService() - returning com.android.bluetooth.btservice.AdapterService@e97793c
04-11 18:54:11.783 23325 23325 D BluetoothAdapterService: getAdapterService() - returning com.android.bluetooth.btservice.AdapterService@e97793c
04-11 18:54:11.783 23325 23325 D A2dpService: Received start request. Starting profile...
04-11 18:54:11.783 23325 23340 D BluetoothAdapterService: setProfileServiceState() - Starting service com.android.bluetooth.avrcpcontroller.AvrcpControllerService
04-11 18:54:11.784 23325 23325 I BluetoothAvrcpServiceJni: classInitNative: succeeds
04-11 18:54:11.784 23325 23325 V Avrcp   : make
04-11 18:54:11.785 23325 23325 I bt_btif : get_profile_interface: id = avrcp
04-11 18:54:11.787 23325 23340 D BluetoothAdapterService: setProfileServiceState() - Starting service com.android.bluetooth.sap.SapService
04-11 18:54:11.790 23325 23340 D BluetoothAdapterService: setProfileServiceState() - Starting service com.android.bluetooth.opp.BluetoothOppService
04-11 18:54:11.793 23325 23340 D BluetoothAdapterService: setProfileServiceState() - Starting service com.android.bluetooth.pbap.BluetoothPbapService
04-11 18:54:11.797 23325 23340 I BluetoothAdapterState: Entering PendingCommandState
04-11 18:54:11.801 23325 23325 V Avrcp   : initMediaPlayerInfoList: 0 controllers
04-11 18:54:11.804 23325 23325 V Avrcp   : updatePlaybackState (1): -1➡0(PlaybackState {state=0, position=-1, buffered position=0, speed=0.0, updated=336653688, actions=0, custom actions=[], active item id=-1, error=null})
04-11 18:54:11.804 23325 23325 I Avrcp   : Skipping update due to invalid playback state
04-11 18:54:11.804 23325 23325 E Avrcp   : play status change -1➡0 mPlayStatusChangedNT: 1
04-11 18:54:11.804 23325 23325 E bt_btif : register_notification_rsp: Avrcp device is not connected, handle: 0x0
04-11 18:54:11.804 23325 23325 D Avrcp   : sendPlayPosNotificationRsp: Not registered or requesting.
04-11 18:54:11.806 23325 23325 D Avrcp   : User already unlocked, initializing player lists
04-11 18:54:11.807 23325 23325 V Avrcp   : updatePlaybackState (1): 0➡0(PlaybackState {state=0, position=-1, buffered position=0, speed=0.0, updated=336653694, actions=0, custom actions=[], active item id=-1, error=null})
04-11 18:54:11.808 23325 23325 I Avrcp   : Skipping update due to invalid playback state
04-11 18:54:11.808 23325 23325 E Avrcp   : play status change 0➡0 mPlayStatusChangedNT: 1
04-11 18:54:11.808 23325 23325 D Avrcp   : sendPlayPosNotificationRsp: Not registered or requesting.
04-11 18:54:11.810 23325 23325 I BluetoothA2dpServiceJni: classInitNative: succeeds
04-11 18:54:11.810 23325 23325 D A2dpStateMachine: make
04-11 18:54:11.811 23325 23325 I bt_btif : get_profile_interface: id = a2dp
04-11 18:54:11.812 23325 23369 I bt_osi_thread: run_thread: thread id 23369, thread name btif_a2dp_source started
04-11 18:54:11.813 23325 23325 D a2dp_codec: init
04-11 18:54:11.813 23325 23346 I bt_btif_storage: btif_storage_get_adapter_property service_mask:0x20000048
04-11 18:54:11.813 23325 23325 D a2dp_codec: createCodec: codec SBC
04-11 18:54:11.813 23325 23325 I a2dp_codec: init: updated SBC codec priority to 1001
04-11 18:54:11.813 23325 23325 D a2dp_codec: createCodec: codec AAC
04-11 18:54:11.813 23325 23325 I a2dp_codec: init: updated AAC codec priority to 2001
04-11 18:54:11.813 23325 23325 D a2dp_codec: createCodec: codec aptX
04-11 18:54:11.813 23325 23362 I bt_bta_av: AVRCP version used for sdp: "avrcp14"
04-11 18:54:11.813 23325 23346 E bt_btif : btif_sm_dispatch : Invalid handle
04-11 18:54:11.814 23325 23346 E bt_btif : btif_sm_dispatch : Invalid handle
04-11 18:54:11.815 23325 23325 E a2dp_vendor_aptx_encoder: A2DP_VendorLoadEncoderAptx: cannot open aptX encoder library libaptX_encoder.so: dlopen failed: library "libaptX_encoder.so" not found
04-11 18:54:11.815 23325 23325 E a2dp_vendor_aptx: init: cannot load the encoder
04-11 18:54:11.815 23325 23325 D a2dp_codec: createCodec: codec aptX-HD
04-11 18:54:11.816 23325 23325 E a2dp_vendor_aptx_hd_encoder: A2DP_VendorLoadEncoderAptxHd: cannot open aptX-HD encoder library libaptXHD_encoder.so: dlopen failed: library "libaptXHD_encoder.so" not found
04-11 18:54:11.816 23325 23325 E a2dp_vendor_aptx_hd: init: cannot load the encoder
04-11 18:54:11.816 23325 23325 D a2dp_codec: createCodec: codec LDAC
04-11 18:54:11.819 23325 23325 I a2dp_codec: init: updated LDAC codec priority to 5001
04-11 18:54:11.819 23325 23325 D a2dp_codec: createCodec: codec SBC SINK
04-11 18:54:11.820 23325 23325 I a2dp_codec: init: initialized Source codec LDAC
04-11 18:54:11.820 23325 23325 I a2dp_codec: init: initialized Source codec AAC
04-11 18:54:11.820 23325 23325 I a2dp_codec: init: initialized Source codec SBC
04-11 18:54:11.820 23325 23325 I a2dp_codec: init: initialized Sink codec SBC(Sink)
04-11 18:54:11.820 23325 23325 W bt_btif : ## ON A2DP IDLE ## peer_sep = 0
04-11 18:54:11.820 23325 23346 I BluetoothA2dpServiceJni: bta2dp_audio_config_callback
04-11 18:54:11.821 23325 23346 D A2dpStateMachine: A2DP Codec Config: null->{codecName:SBC,mCodecType:0,mCodecPriority:0,mSampleRate:0x0(NONE),mBitsPerSample:0x0(NONE),mChannelMode:0x0(NONE),mCodecSpecific1:0,mCodecSpecific2:0,mCodecSpecific3:0,mCodecSpecific4:0}
04-11 18:54:11.821 23325 23346 D A2dpStateMachine: A2DP Codec Local Capability: {codecName:LDAC,mCodecType:4,mCodecPriority:5001,mSampleRate:0xf(44100|48000|88200|96000),mBitsPerSample:0x7(16|24|32),mChannelMode:0x2(STEREO),mCodecSpecific1:0,mCodecSpecific2:0,mCodecSpecific3:0,mCodecSpecific4:0}
04-11 18:54:11.821 23325 23346 D A2dpStateMachine: A2DP Codec Local Capability: {codecName:AAC,mCodecType:1,mCodecPriority:2001,mSampleRate:0x1(44100),mBitsPerSample:0x1(16),mChannelMode:0x2(STEREO),mCodecSpecific1:0,mCodecSpecific2:0,mCodecSpecific3:0,mCodecSpecific4:0}
04-11 18:54:11.821 23325 23346 D A2dpStateMachine: A2DP Codec Local Capability: {codecName:SBC,mCodecType:0,mCodecPriority:1001,mSampleRate:0x1(44100),mBitsPerSample:0x1(16),mChannelMode:0x3(MONO|STEREO),mCodecSpecific1:0,mCodecSpecific2:0,mCodecSpecific3:0,mCodecSpecific4:0}
04-11 18:54:11.822 23325 23368 D A2dpStateMachine: Enter Disconnected: -2
04-11 18:54:11.823 23325 23325 D BluetoothAdapterService: getAdapterService() - returning com.android.bluetooth.btservice.AdapterService@e97793c
04-11 18:54:11.823 23325 23325 I BluetoothHidServiceJni: classInitNative: succeeds
04-11 18:54:11.825 23325 23325 D BluetoothAdapterService: getAdapterService() - returning com.android.bluetooth.btservice.AdapterService@e97793c
04-11 18:54:11.826 23325 23325 D HidService: Received start request. Starting profile...
04-11 18:54:11.826 23325 23325 I bt_btif : get_profile_interface: id = hidhost
04-11 18:54:11.827 23325 23346 I bt_bta_hh: BTA_HhEnable sec_mask:0x36 p_cback:0x7ef49e0448
04-11 18:54:11.827 23325 23325 D HidService: setHidService(): set to: null
04-11 18:54:11.827 23325 23346 I bt_btif_storage: btif_storage_get_adapter_property service_mask:0x20100048
04-11 18:54:11.827 23325 23362 I bt_stack: [INFO:gatt_api.cc(1004)] GATT_Register
04-11 18:54:11.827 23325 23362 I bt_stack: [INFO:gatt_api.cc(1027)] allocated gatt_if=4
04-11 18:54:11.827 23325 23325 D BluetoothAdapterService: getAdapterService() - returning com.android.bluetooth.btservice.AdapterService@e97793c
04-11 18:54:11.835 23325 23325 I BluetoothHealthServiceJni: classInitNative: succeeds
04-11 18:54:11.836 23325 23325 D BluetoothAdapterService: getAdapterService() - returning com.android.bluetooth.btservice.AdapterService@e97793c
04-11 18:54:11.837 23325 23325 D HealthService: Received start request. Starting profile...
04-11 18:54:11.838 23325 23325 I bt_btif : get_profile_interface: id = health
04-11 18:54:11.838 23325 23325 D BluetoothAdapterService: getAdapterService() - returning com.android.bluetooth.btservice.AdapterService@e97793c
04-11 18:54:11.839 23325 23325 I BluetoothPanServiceJni: classInitNative(L111): succeeds
04-11 18:54:11.840 23325 23325 D BluetoothAdapterService: getAdapterService() - returning com.android.bluetooth.btservice.AdapterService@e97793c
04-11 18:54:11.841 23325 23325 D PanService: Received start request. Starting profile...
04-11 18:54:11.841 23325 23325 D BluetoothPanServiceJni: initializeNative(L116): pan
04-11 18:54:11.841 23325 23325 I bt_btif : get_profile_interface: id = pan
04-11 18:54:11.842 23325 23325 D BluetoothAdapterService: getAdapterService() - returning com.android.bluetooth.btservice.AdapterService@e97793c
04-11 18:54:11.842 23325 23346 D BluetoothPanServiceJni: control_state_callback(L63): state:0, local_role:3, ifname:bt-pan
04-11 18:54:11.845 23325 23325 D BluetoothAdapterService: getAdapterService() - returning com.android.bluetooth.btservice.AdapterService@e97793c
04-11 18:54:11.846 23325 23325 D BluetoothMapService: Received start request. Starting profile...
04-11 18:54:11.846 23325 23325 D BluetoothMapService: start()
04-11 18:54:11.851 23325 23325 D BluetoothMapAccountLoader: Found 0 application(s) with intent android.bluetooth.action.BLUETOOTH_MAP_PROVIDER
04-11 18:54:11.852 23325 23325 D BluetoothMapAccountLoader: Found 0 application(s) with intent android.bluetooth.action.BLUETOOTH_MAP_IM_PROVIDER
04-11 18:54:11.852 23325 23325 D BluetoothMapAppObserver: createReceiver()
04-11 18:54:11.854 23325 23325 D BluetoothMapAppObserver: initObservers()
04-11 18:54:11.854 23325 23325 D BluetoothMapAppObserver: getEnabledAccountItems()
04-11 18:54:11.855 23325 23325 D BluetoothAdapterService: getAdapterService() - returning com.android.bluetooth.btservice.AdapterService@e97793c
04-11 18:54:11.855 23325 23325 D BluetoothAdapterService: handleMessage() - Message: 1
04-11 18:54:11.855 23325 23325 D BluetoothAdapterService: handleMessage() - MESSAGE_PROFILE_SERVICE_STATE_CHANGED
04-11 18:54:11.856 23325 23325 D BluetoothAdapterService: processProfileServiceStateChanged() - serviceName=com.android.bluetooth.hfp.HeadsetService isTurningOn=true isTurningOff=false isBleTurningOn=false isBleTurningOff=false
04-11 18:54:11.856 23325 23366 D HeadsetPhoneState: sendDeviceStateChanged. mService=0 mIsSimStateLoaded=false mSignal=0 mRoam=0 mBatteryCharge=3
04-11 18:54:11.857 23325 23325 D BluetoothAdapterService: onProfileServiceStateChange() - Profile still not running:com.android.bluetooth.a2dp.A2dpService
04-11 18:54:11.857 23325 23325 I BluetoothHeadsetClientServiceJni: classInitNative succeeds
04-11 18:54:11.859 23325 23325 D BluetoothAdapterService: getAdapterService() - returning com.android.bluetooth.btservice.AdapterService@e97793c
04-11 18:54:11.860 23325 23325 D HeadsetClientService: Received start request. Starting profile...
04-11 18:54:11.860 23325 23325 D BluetoothHeadsetClientServiceJni: initializeNative: HfpClient
04-11 18:54:11.860 23325 23325 I bt_btif : get_profile_interface: id = handsfree_client
04-11 18:54:11.860 23325 23346 I bt_stack: [INFO:port_api.cc(123)] RFCOMM_CreateConnection BDA: ff:ff:ff:ff:ff:ff
04-11 18:54:11.861 23325 23346 I bt_btif_storage: btif_storage_get_adapter_property service_mask:0x21100048
04-11 18:54:11.866 23325 23325 D BluetoothHeadsetClientServiceJni: initializeNative: HfpClient
04-11 18:54:11.866 23325 23325 W BluetoothHeadsetClientServiceJni: Cleaning up Bluetooth HFP Client Interface before initializing
04-11 18:54:11.866 23325 23325 W BluetoothHeadsetClientServiceJni: Cleaning up Bluetooth HFP Client callback object
04-11 18:54:11.866 23325 23325 I bt_btif : get_profile_interface: id = handsfree_client
04-11 18:54:11.866 23325 23346 I bt_btif_queue: queue_int_cleanup: UUID=111E
04-11 18:54:11.866 23325 23325 D BluetoothAdapterService: getAdapterService() - returning com.android.bluetooth.btservice.AdapterService@e97793c
04-11 18:54:11.866 23325 23346 I bt_btif_storage: btif_storage_get_adapter_property service_mask:0x21100048
04-11 18:54:11.867 23325 23346 I bt_stack: [INFO:port_api.cc(123)] RFCOMM_CreateConnection BDA: ff:ff:ff:ff:ff:ff
04-11 18:54:11.867 23325 23346 I bt_btif_storage: btif_storage_get_adapter_property service_mask:0x21100048
04-11 18:54:11.867 23325 23325 I BluetoothAvrcpControllerJni: classInitNative: succeeds
04-11 18:54:11.867 23325 23325 I bt_btif : get_profile_interface: id = avrcp_ctrl
04-11 18:54:11.868 23325 23325 D BluetoothAdapterService: getAdapterService() - returning com.android.bluetooth.btservice.AdapterService@e97793c
04-11 18:54:11.869 23325 23325 D AvrcpControllerService: Received start request. Starting profile...
04-11 18:54:11.875 23325 23325 D AvrcpControllerService: setAvrcpControllerService(): set to: null
04-11 18:54:11.875 23325 23325 D BluetoothAdapterService: getAdapterService() - returning com.android.bluetooth.btservice.AdapterService@e97793c
04-11 18:54:11.876 23325 23325 V SapService: SapBinder()
04-11 18:54:11.877 23325 23325 D BluetoothAdapterService: getAdapterService() - returning com.android.bluetooth.btservice.AdapterService@e97793c
04-11 18:54:11.878 23325 23325 D SapService: Received start request. Starting profile...
04-11 18:54:11.878 23325 23325 V SapService: start()
04-11 18:54:11.880 23325 23325 D BluetoothAdapterService: getAdapterService() - returning com.android.bluetooth.btservice.AdapterService@e97793c
04-11 18:54:11.888 23325 23325 D BluetoothAdapterService: getAdapterService() - returning com.android.bluetooth.btservice.AdapterService@e97793c
04-11 18:54:11.888 23325 23325 D BluetoothOppService: Received start request. Starting profile...
04-11 18:54:11.889 23325 23325 D BluetoothAdapterService: getAdapterService() - returning com.android.bluetooth.btservice.AdapterService@e97793c
04-11 18:54:11.892 23325 23325 V BluetoothPbapService: PbapBinder()
04-11 18:54:11.892 23325 23325 D BluetoothAdapterService: getAdapterService() - returning com.android.bluetooth.btservice.AdapterService@e97793c
04-11 18:54:11.893 23325 23325 D BluetoothPbapService: Received start request. Starting profile...
04-11 18:54:11.893 23325 23325 V BluetoothPbapService: start()
04-11 18:54:11.896 23325 23325 D BluetoothPbapService: Registering observer
04-11 18:54:11.907 23325 23325 D BluetoothAdapterService: getAdapterService() - returning com.android.bluetooth.btservice.AdapterService@e97793c
04-11 18:54:11.908 23325 23325 D BluetoothAdapterService: handleMessage() - Message: 1
04-11 18:54:11.908 23325 23325 D BluetoothAdapterService: handleMessage() - MESSAGE_PROFILE_SERVICE_STATE_CHANGED
04-11 18:54:11.908 23325 23325 D BluetoothAdapterService: processProfileServiceStateChanged() - serviceName=com.android.bluetooth.a2dp.A2dpService isTurningOn=true isTurningOff=false isBleTurningOn=false isBleTurningOff=false
04-11 18:54:11.908 23325 23325 D BluetoothAdapterService: onProfileServiceStateChange() - Profile still not running:com.android.bluetooth.map.BluetoothMapService
04-11 18:54:11.908 23325 23325 D BluetoothAdapterService: handleMessage() - Message: 1
04-11 18:54:11.909 23325 23325 D BluetoothAdapterService: handleMessage() - MESSAGE_PROFILE_SERVICE_STATE_CHANGED
04-11 18:54:11.909 23325 23325 D BluetoothAdapterService: processProfileServiceStateChanged() - serviceName=com.android.bluetooth.hid.HidService isTurningOn=true isTurningOff=false isBleTurningOn=false isBleTurningOff=false
04-11 18:54:11.909 23325 23325 D BluetoothAdapterService: onProfileServiceStateChange() - Profile still not running:com.android.bluetooth.map.BluetoothMapService
04-11 18:54:11.910 23325 23325 D BluetoothAdapterService: handleMessage() - Message: 1
04-11 18:54:11.910 23325 23325 D BluetoothAdapterService: handleMessage() - MESSAGE_PROFILE_SERVICE_STATE_CHANGED
04-11 18:54:11.910 23325 23325 D BluetoothAdapterService: processProfileServiceStateChanged() - serviceName=com.android.bluetooth.hdp.HealthService isTurningOn=true isTurningOff=false isBleTurningOn=false isBleTurningOff=false
04-11 18:54:11.910 23325 23325 D BluetoothAdapterService: onProfileServiceStateChange() - Profile still not running:com.android.bluetooth.map.BluetoothMapService
04-11 18:54:11.910 23325 23325 D BluetoothAdapterService: handleMessage() - Message: 1
04-11 18:54:11.910 23325 23325 D BluetoothAdapterService: handleMessage() - MESSAGE_PROFILE_SERVICE_STATE_CHANGED
04-11 18:54:11.910 23325 23325 D BluetoothAdapterService: processProfileServiceStateChanged() - serviceName=com.android.bluetooth.pan.PanService isTurningOn=true isTurningOff=false isBleTurningOn=false isBleTurningOff=false
04-11 18:54:11.910 23325 23325 D BluetoothAdapterService: onProfileServiceStateChange() - Profile still not running:com.android.bluetooth.map.BluetoothMapService
04-11 18:54:11.911 23325 23325 D BluetoothAdapterService: handleMessage() - Message: 1
04-11 18:54:11.911 23325 23325 D BluetoothAdapterService: handleMessage() - MESSAGE_PROFILE_SERVICE_STATE_CHANGED
04-11 18:54:11.911 23325 23325 D BluetoothAdapterService: processProfileServiceStateChanged() - serviceName=com.android.bluetooth.map.BluetoothMapService isTurningOn=true isTurningOff=false isBleTurningOn=false isBleTurningOff=false
04-11 18:54:11.911 23325 23325 D BluetoothAdapterService: onProfileServiceStateChange() - Profile still not running:com.android.bluetooth.avrcpcontroller.AvrcpControllerService
04-11 18:54:11.911 23325 23325 D BluetoothAdapterService: handleMessage() - Message: 1
04-11 18:54:11.911 23325 23325 D BluetoothAdapterService: handleMessage() - MESSAGE_PROFILE_SERVICE_STATE_CHANGED
04-11 18:54:11.911 23325 23325 D BluetoothAdapterService: processProfileServiceStateChanged() - serviceName=com.android.bluetooth.hfpclient.HeadsetClientService isTurningOn=true isTurningOff=false isBleTurningOn=false isBleTurningOff=false
04-11 18:54:11.911 23325 23325 D BluetoothAdapterService: onProfileServiceStateChange() - Profile still not running:com.android.bluetooth.avrcpcontroller.AvrcpControllerService
04-11 18:54:11.911 23325 23325 D BluetoothAdapterService: handleMessage() - Message: 1
04-11 18:54:11.911 23325 23325 D BluetoothAdapterService: handleMessage() - MESSAGE_PROFILE_SERVICE_STATE_CHANGED
04-11 18:54:11.911 23325 23325 D BluetoothAdapterService: processProfileServiceStateChanged() - serviceName=com.android.bluetooth.avrcpcontroller.AvrcpControllerService isTurningOn=true isTurningOff=false isBleTurningOn=false isBleTurningOff=false
04-11 18:54:11.912 23325 23325 D BluetoothAdapterService: onProfileServiceStateChange() - Profile still not running:com.android.bluetooth.sap.SapService
04-11 18:54:11.913 23325 23325 D BluetoothAdapterService: handleMessage() - Message: 1
04-11 18:54:11.913 23325 23325 D BluetoothAdapterService: handleMessage() - MESSAGE_PROFILE_SERVICE_STATE_CHANGED
04-11 18:54:11.913 23325 23325 D BluetoothAdapterService: processProfileServiceStateChanged() - serviceName=com.android.bluetooth.sap.SapService isTurningOn=true isTurningOff=false isBleTurningOn=false isBleTurningOff=false
04-11 18:54:11.913 23325 23325 D BluetoothAdapterService: onProfileServiceStateChange() - Profile still not running:com.android.bluetooth.pbap.BluetoothPbapService
04-11 18:54:11.916 23325 23325 D BluetoothAdapterService: handleMessage() - Message: 1
04-11 18:54:11.917 23325 23325 D BluetoothAdapterService: handleMessage() - MESSAGE_PROFILE_SERVICE_STATE_CHANGED
04-11 18:54:11.917 23325 23325 D BluetoothAdapterService: processProfileServiceStateChanged() - serviceName=com.android.bluetooth.opp.BluetoothOppService isTurningOn=true isTurningOff=false isBleTurningOn=false isBleTurningOff=false
04-11 18:54:11.917 23325 23325 D BluetoothAdapterService: onProfileServiceStateChange() - Profile still not running:com.android.bluetooth.pbap.BluetoothPbapService
04-11 18:54:11.927 23325 23325 D BluetoothAdapterService: handleMessage() - Message: 1
04-11 18:54:11.927 23325 23325 D BluetoothAdapterService: handleMessage() - MESSAGE_PROFILE_SERVICE_STATE_CHANGED
04-11 18:54:11.927 23325 23325 D BluetoothAdapterService: processProfileServiceStateChanged() - serviceName=com.android.bluetooth.pbap.BluetoothPbapService isTurningOn=true isTurningOff=false isBleTurningOn=false isBleTurningOff=false
04-11 18:54:11.928 23325 23325 D BluetoothAdapterService: onProfileServiceStateChange() - All profile services started.
04-11 18:54:11.932 23325 23340 V BluetoothAdapterState: PendingCommand - transient state(s): isTurningOn
04-11 18:54:11.933 23325 23340 D BluetoothAdapterState: Current state: PENDING_COMMAND, message: 2
04-11 18:54:11.933 23325 23340 D BluetoothAdapterProperties: onBluetoothReady, state=11, ScanMode=20
04-11 18:54:11.933 23325 23340 D BluetoothAdapterProperties: Setting state to 12
04-11 18:54:11.933 23325 23340 I BluetoothAdapterState: Bluetooth adapter state changed: 11-> 12
04-11 18:54:11.933 23325 23340 D BluetoothAdapterService: updateAdapterState() - Broadcasting state to 1 receivers.
04-11 18:54:11.934 23325 23340 I BluetoothAdapterState: Entering OnState
04-11 18:54:11.934 23325 23340 D BluetoothAdapterService: updateUuids() - Updating UUIDs for bonded devices
04-11 18:54:11.940 23325 23346 D BluetoothAdapterProperties: Scan Mode:21
04-11 18:54:11.940 23325 23346 D BluetoothAdapterProperties: Discoverable Timeout:120
04-11 18:54:11.971 23325 23325 D BluetoothMapService: onReceive
04-11 18:54:11.971 23325 23325 D BluetoothMapService: onReceive: android.bluetooth.adapter.action.STATE_CHANGED
04-11 18:54:11.971 23325 23325 D BluetoothMapService: STATE_ON
04-11 18:54:11.976 23325 23325 D BluetoothPbapService: action: android.bluetooth.adapter.action.STATE_CHANGED
04-11 18:54:11.976 23325 23325 D BluetoothPbapService: state: 12
04-11 18:54:11.977 23325 23325 D BluetoothAdapterService: isQuetModeEnabled() - Enabled = false
04-11 18:54:11.977 23325 23325 D BluetoothPhonePolicy: autoConnect() - Initiate auto connection on BT on...
04-11 18:54:11.981 23325 23325 D BtOppService: start Socket Listeners
04-11 18:54:11.981 23325 23325 D BtOppService: stopListeners   mServerSocket :null
04-11 18:54:11.981 23325 23325 D ObexServerSockets: create(rfcomm = -2, l2capPsm = -2)
04-11 18:54:11.983 23325 23325 W BluetoothAdapter: getBluetoothService() called with no BluetoothManagerCallback
04-11 18:54:11.983 23325 23384 W BluetoothAdapter: getBluetoothService() called with no BluetoothManagerCallback
04-11 18:54:11.985 23325 23362 I bt_stack: [INFO:port_api.cc(123)] RFCOMM_CreateConnection BDA: ff:ff:ff:ff:ff:ff
04-11 18:54:11.985 23325 23325 W BluetoothAdapter: getBluetoothService() called with no BluetoothManagerCallback
04-11 18:54:11.986 23325 23362 I bt_stack: [INFO:port_api.cc(123)] RFCOMM_CreateConnection BDA: ff:ff:ff:ff:ff:ff
04-11 18:54:11.986 23325 23384 D BluetoothSdpJni: sdpCreateSapsRecordNative
04-11 18:54:11.986 23325 23384 D BluetoothSdpJni: SDP Create record success - handle: 0
04-11 18:54:11.987 23325 23325 D ObexServerSockets: Succeed to create listening sockets 
04-11 18:54:11.987 23325 23325 D ObexServerSockets0: startAccept()
04-11 18:54:11.987 23325 23325 D ObexServerSockets0: prepareForNewConnect()
04-11 18:54:11.990 23325 23325 D BluetoothSdpJni: sdpCreateOppOpsRecordNative
04-11 18:54:11.990 23325 23325 D BluetoothSdpJni: SDP Create record success - handle: 1
04-11 18:54:11.990 23325 23325 D BtOppService: mOppSdpHandle :1
04-11 18:54:11.990 23325 23385 D ObexServerSockets0: Accepting socket connection...
04-11 18:54:11.990 23325 23386 D ObexServerSockets0: Accepting socket connection...
04-11 18:54:11.991 23325 23325 D BluetoothPbapService: startsocketListener
04-11 18:54:11.991 23325 23325 D ObexServerSockets: create(rfcomm = -2, l2capPsm = -2)
04-11 18:54:11.992 23325 23325 W BluetoothAdapter: getBluetoothService() called with no BluetoothManagerCallback
04-11 18:54:11.993 23325 23373 D BluetoothMapMasInstance0: Map Service startRfcommSocketListener
04-11 18:54:11.993 23325 23362 I bt_stack: [INFO:port_api.cc(123)] RFCOMM_CreateConnection BDA: ff:ff:ff:ff:ff:ff
04-11 18:54:11.993 23325 23373 D ObexServerSockets: create(rfcomm = -2, l2capPsm = -2)
04-11 18:54:11.994 23325 23325 W BluetoothAdapter: getBluetoothService() called with no BluetoothManagerCallback
04-11 18:54:11.994 23325 23373 W BluetoothAdapter: getBluetoothService() called with no BluetoothManagerCallback
04-11 18:54:11.997 23325 23325 D ObexServerSockets: Succeed to create listening sockets 
04-11 18:54:11.997 23325 23325 D ObexServerSockets1: startAccept()
04-11 18:54:11.997 23325 23325 D ObexServerSockets1: prepareForNewConnect()
04-11 18:54:11.997 23325 23362 I bt_stack: [INFO:port_api.cc(123)] RFCOMM_CreateConnection BDA: ff:ff:ff:ff:ff:ff
04-11 18:54:11.999 23325 23373 W BluetoothAdapter: getBluetoothService() called with no BluetoothManagerCallback
04-11 18:54:12.001 23325 23373 D ObexServerSockets: Succeed to create listening sockets 
04-11 18:54:12.001 23325 23387 D ObexServerSockets1: Accepting socket connection...
04-11 18:54:12.001 23325 23373 D ObexServerSockets2: startAccept()
04-11 18:54:12.001 23325 23373 D ObexServerSockets2: prepareForNewConnect()
04-11 18:54:12.002 23325 23325 D BluetoothSdpJni: sdpCreatePbapPseRecordNative
04-11 18:54:12.002 23325 23325 D BluetoothSdpJni: SDP Create record success - handle: 2
04-11 18:54:12.005 23325 23389 D ObexServerSockets2: Accepting socket connection...
04-11 18:54:12.007 23325 23388 D ObexServerSockets1: Accepting socket connection...
04-11 18:54:12.008 23325 23373 D BluetoothSdpJni: sdpCreateMapMasRecordNative
04-11 18:54:12.008 23325 23373 D BluetoothSdpJni: SDP Create record success - handle: 3
04-11 18:54:12.013 23325 23390 D ObexServerSockets2: Accepting socket connection...
04-11 18:54:12.020 23325 23325 D BluetoothPbapService: PBAP server with handle:2
