--------- beginning of main
05-29 19:20:25.962 24812 24854 I bt_stack: [INFO:gatt_api.cc(1004)] GATT_Register
05-29 19:20:25.962 24812 24854 I bt_stack: [INFO:gatt_api.cc(1027)] allocated gatt_if=6
05-29 19:20:26.452 24812 24854 I bt_stack: [INFO:gatt_api.cc(1004)] GATT_Register
05-29 19:20:26.453 24812 24854 I bt_stack: [INFO:gatt_api.cc(1027)] allocated gatt_if=5
05-29 19:20:28.578 24812 24854 I bt_stack: [INFO:gatt_api.cc(1004)] GATT_Register
05-29 19:20:28.578 24812 24854 I bt_stack: [INFO:gatt_api.cc(1027)] allocated gatt_if=6
05-29 19:20:34.623 24812 24854 I bt_stack: [INFO:gatt_api.cc(1004)] GATT_Register
05-29 19:20:34.624 24812 24854 I bt_stack: [INFO:gatt_api.cc(1027)] allocated gatt_if=6
05-29 19:20:40.675 24812 24854 I bt_stack: [INFO:gatt_api.cc(1004)] GATT_Register
05-29 19:20:40.675 24812 24854 I bt_stack: [INFO:gatt_api.cc(1027)] allocated gatt_if=6
05-29 19:20:43.917 24812 24854 I bt_stack: [INFO:gatt_api.cc(1004)] GATT_Register
05-29 19:20:43.917 24812 24854 I bt_stack: [INFO:gatt_api.cc(1027)] allocated gatt_if=6
05-29 19:20:49.970 24812 24826 E BtGatt.GattService: App 'com.xiaomi.hm.health' is scanning too frequently
05-29 19:20:56.002 24812 24854 I bt_stack: [INFO:gatt_api.cc(1004)] GATT_Register
05-29 19:20:56.003 24812 24854 I bt_stack: [INFO:gatt_api.cc(1027)] allocated gatt_if=6
05-29 19:20:58.614 24812 24854 I bt_stack: [INFO:gatt_api.cc(1004)] GATT_Register
05-29 19:20:58.615 24812 24854 I bt_stack: [INFO:gatt_api.cc(1027)] allocated gatt_if=6
05-29 19:21:04.656 24812 24854 I bt_stack: [INFO:gatt_api.cc(1004)] GATT_Register
05-29 19:21:04.657 24812 24854 I bt_stack: [INFO:gatt_api.cc(1027)] allocated gatt_if=6
05-29 19:21:10.704 24812 24854 I bt_stack: [INFO:gatt_api.cc(1004)] GATT_Register
05-29 19:21:10.704 24812 24854 I bt_stack: [INFO:gatt_api.cc(1027)] allocated gatt_if=6
05-29 19:21:13.947 24812 24854 I bt_stack: [INFO:gatt_api.cc(1004)] GATT_Register
05-29 19:21:13.947 24812 24854 I bt_stack: [INFO:gatt_api.cc(1027)] allocated gatt_if=6
05-29 19:21:19.992 24812 24826 E BtGatt.GattService: App 'com.xiaomi.hm.health' is scanning too frequently
05-29 19:21:26.023 24812 24854 I bt_stack: [INFO:gatt_api.cc(1004)] GATT_Register
05-29 19:21:26.024 24812 24854 I bt_stack: [INFO:gatt_api.cc(1027)] allocated gatt_if=6
05-29 19:21:28.628 24812 24839 E BtGatt.ContextMap: Context not found for ID 6
05-29 19:21:28.641 24812 24854 I bt_stack: [INFO:gatt_api.cc(1004)] GATT_Register
05-29 19:21:28.641 24812 24854 I bt_stack: [INFO:gatt_api.cc(1027)] allocated gatt_if=6
05-29 19:21:34.680 24812 24854 I bt_stack: [INFO:gatt_api.cc(1004)] GATT_Register
05-29 19:21:34.680 24812 24854 I bt_stack: [INFO:gatt_api.cc(1027)] allocated gatt_if=6
05-29 19:21:40.725 24812 24854 I bt_stack: [INFO:gatt_api.cc(1004)] GATT_Register
05-29 19:21:40.725 24812 24854 I bt_stack: [INFO:gatt_api.cc(1027)] allocated gatt_if=6
05-29 19:21:43.977 24812 24854 I bt_stack: [INFO:gatt_api.cc(1004)] GATT_Register
05-29 19:21:43.978 24812 24854 I bt_stack: [INFO:gatt_api.cc(1027)] allocated gatt_if=6
05-29 19:21:50.024 24812 24826 E BtGatt.GattService: App 'com.xiaomi.hm.health' is scanning too frequently
05-29 19:21:56.055 24812 24854 I bt_stack: [INFO:gatt_api.cc(1004)] GATT_Register
05-29 19:21:56.056 24812 24854 I bt_stack: [INFO:gatt_api.cc(1027)] allocated gatt_if=6
05-29 19:21:58.674 24812 24854 I bt_stack: [INFO:gatt_api.cc(1004)] GATT_Register
05-29 19:21:58.675 24812 24854 I bt_stack: [INFO:gatt_api.cc(1027)] allocated gatt_if=6
05-29 19:22:04.722 24812 24854 I bt_stack: [INFO:gatt_api.cc(1004)] GATT_Register
05-29 19:22:04.722 24812 24854 I bt_stack: [INFO:gatt_api.cc(1027)] allocated gatt_if=6
05-29 19:22:10.764 24812 24854 I bt_stack: [INFO:gatt_api.cc(1004)] GATT_Register
05-29 19:22:10.764 24812 24854 I bt_stack: [INFO:gatt_api.cc(1027)] allocated gatt_if=6
05-29 19:22:14.002 24812 24854 I bt_stack: [INFO:gatt_api.cc(1004)] GATT_Register
05-29 19:22:14.002 24812 24854 I bt_stack: [INFO:gatt_api.cc(1027)] allocated gatt_if=6
05-29 19:22:20.048 24812 24826 E BtGatt.GattService: App 'com.xiaomi.hm.health' is scanning too frequently
05-29 19:22:26.076 24812 24854 I bt_stack: [INFO:gatt_api.cc(1004)] GATT_Register
05-29 19:22:26.077 24812 24854 I bt_stack: [INFO:gatt_api.cc(1027)] allocated gatt_if=6
05-29 19:22:28.682 24812 24854 I bt_stack: [INFO:gatt_api.cc(1004)] GATT_Register
05-29 19:22:28.682 24812 24854 I bt_stack: [INFO:gatt_api.cc(1027)] allocated gatt_if=5
05-29 19:22:28.690 24812 24846 E BtGatt.ScanManager: Cannot start unfiltered scan in screen-off. This scan will be resumed later: 5
05-29 19:22:34.712 24812 24876 E BtGatt.GattService: App 'com.xiaomi.hm.health' is scanning too frequently
05-29 19:22:40.732 24812 24854 I bt_stack: [INFO:gatt_api.cc(1004)] GATT_Register
05-29 19:22:40.732 24812 24854 I bt_stack: [INFO:gatt_api.cc(1027)] allocated gatt_if=5
05-29 19:22:40.740 24812 24846 E BtGatt.ScanManager: Cannot start unfiltered scan in screen-off. This scan will be resumed later: 5
05-29 19:22:43.341 24812 24854 W bt_btif : bta_dm_acl_change info: 0x10
05-29 19:22:43.341 24812 24839 D bt_btif_dm: remote version info [b8:27:eb:72:c9:8d]: 0, 0, 0
05-29 19:22:43.343 24812 24839 E BluetoothRemoteDevices: aclStateChangeCallback: device is NULL, address=B8:27:EB:72:C9:8D, newState=0
05-29 19:22:43.741 24812 24839 D bt_btif_config: btif_get_device_type: Device [b8:27:eb:72:c9:8d] type 1
05-29 19:22:43.741 24812 24839 I bt_btif_dm: get_cod remote_cod = 0x00480000
05-29 19:22:43.742 24812 24839 I BluetoothBondStateMachine: bondStateChangeCallback: Status: 0 Address: B8:27:EB:72:C9:8D newState: 1
05-29 19:22:43.742 24812 24839 I bt_btif_dm: get_cod remote_cod = 0x00480000
05-29 19:22:43.746 24812 24844 I BluetoothBondStateMachine: Bond State Change Intent:B8:27:EB:72:C9:8D OldState: 10 NewState: 11
05-29 19:22:43.746 24812 24844 I BluetoothBondStateMachine: Entering PendingCommandState State
05-29 19:22:43.816 24812 24839 D bt_btif_config: btif_get_device_type: Device [b8:27:eb:72:c9:8d] type 1
05-29 19:22:43.818 24812 24839 I bt_btif_dm: get_cod remote_cod = 0x00480000
05-29 19:22:43.821 24812 24839 I BluetoothBondStateMachine: bondStateChangeCallback: Status: 0 Address: B8:27:EB:72:C9:8D newState: 0
05-29 19:22:43.824 24812 24844 D BluetoothAdapterProperties: Failed to remove device: B8:27:EB:72:C9:8D
05-29 19:22:43.829 24812 24844 I BluetoothBondStateMachine: Bond State Change Intent:B8:27:EB:72:C9:8D OldState: 11 NewState: 10
05-29 19:22:43.832 24812 24844 D HidService: getHidService(): returning com.android.bluetooth.hid.HidService@3ef05ef
***05-29 19:22:43.833 24812 24844 I BluetoothHeadsetClientServiceJni: classInitNative succeeds
05-29 19:22:43.833 24812 24844 D A2dpSinkService: getA2dpSinkService(): service is NULL
05-29 19:22:43.836 24812 24844 D HidService: Saved priority B8:27:EB:72:C9:8D = -1
05-29 19:22:43.845 24812 24844 I BluetoothBondStateMachine: StableState(): Entering Off State
***05-29 19:22:43.865 24812 24854 W bt_l2cap: L2CAP ignoring duplicate echo request (0)
05-29 19:22:43.868 24812 24850 W bt_hci_packet_fragmenter: reassemble_and_dispatch got packet which would exceed expected length of 84. Truncating.
--------- beginning of crash
05-29 19:22:43.869 24812 24850 F libc    : Fatal signal 11 (SIGSEGV), code 1, fault addr 0xe4380000 in tid 24850 (HwBinder:24812_), pid 24812 (droid.bluetooth)
05-29 19:22:43.990 24812 24850 I libc    : orig_dumpable: 0

