05-29 19:31:50.149 26771 26798 D A2dpStateMachine: A2DP Codec Local Capability: {codecName:SBC,mCodecType:0,mCodecPriority:1001,mSampleRate:0x1(44100),mBitsPerSample:0x1(16),mChannelMode:0x3(MONO|STEREO),mCodecSpecific1:0,mCodecSpecific2:0,mCodecSpecific3:0,mCodecSpecific4:0}
05-29 19:31:50.151 26771 26820 D A2dpStateMachine: Enter Disconnected: 101
05-29 19:31:50.152 26771 26771 D A2dpStateMachine: Connection state 1C:52:16:D6:5D:54: 1->0
05-29 19:31:50.154 26771 26771 D BluetoothAdapterProperties: PROFILE_CONNECTION_STATE_CHANGE: profile=2, device=1C:52:16:D6:5D:54, 1 -> 0
05-29 19:31:50.154 26771 26771 D BluetoothAdapterProperties: ADAPTER_CONNECTION_STATE_CHANGE: 1C:52:16:D6:5D:54: 1 -> 0
05-29 19:31:50.156 26771 26771 D BluetoothPhonePolicy: processProfileStateChanged, device=1C:52:16:D6:5D:54, profile=2, 1 -> 0
05-29 19:31:52.968 26771 26813 I bt_stack: [INFO:gatt_api.cc(1004)] GATT_Register
05-29 19:31:52.969 26771 26813 I bt_stack: [INFO:gatt_api.cc(1027)] allocated gatt_if=5
05-29 19:31:59.014 26771 26818 E BtGatt.GattService: App 'com.xiaomi.hm.health' is scanning too frequently
05-29 19:31:59.127 26771 26818 E BtGatt.GattService: App 'com.xiaomi.hm.health' is scanning too frequently
05-29 19:32:05.161 26771 26818 E BtGatt.GattService: App 'com.xiaomi.hm.health' is scanning too frequently
05-29 19:32:06.785 26771 26818 E BtGatt.GattService: App 'com.xiaomi.hm.health' is scanning too frequently
05-29 19:32:12.808 26771 26813 I bt_stack: [INFO:gatt_api.cc(1004)] GATT_Register
05-29 19:32:12.808 26771 26813 I bt_stack: [INFO:gatt_api.cc(1027)] allocated gatt_if=5
05-29 19:32:15.757 26771 26813 I bt_stack: [INFO:gatt_api.cc(1004)] GATT_Register
05-29 19:32:15.757 26771 26813 I bt_stack: [INFO:gatt_api.cc(1027)] allocated gatt_if=5
05-29 19:32:16.964 26771 26813 I bt_stack: [INFO:gatt_api.cc(1004)] GATT_Register
05-29 19:32:16.964 26771 26813 I bt_stack: [INFO:gatt_api.cc(1027)] allocated gatt_if=5
05-29 19:32:23.010 26771 26813 I bt_stack: [INFO:gatt_api.cc(1004)] GATT_Register
05-29 19:32:23.010 26771 26813 I bt_stack: [INFO:gatt_api.cc(1027)] allocated gatt_if=5
05-29 19:32:29.057 26771 26813 I bt_stack: [INFO:gatt_api.cc(1004)] GATT_Register
05-29 19:32:29.058 26771 26813 I bt_stack: [INFO:gatt_api.cc(1027)] allocated gatt_if=5
05-29 19:32:29.143 26771 26818 E BtGatt.GattService: App 'com.xiaomi.hm.health' is scanning too frequently
05-29 19:32:35.174 26771 26818 E BtGatt.GattService: App 'com.xiaomi.hm.health' is scanning too frequently
05-29 19:32:36.824 26771 26818 E BtGatt.GattService: App 'com.xiaomi.hm.health' is scanning too frequently
05-29 19:32:42.856 26771 26813 I bt_stack: [INFO:gatt_api.cc(1004)] GATT_Register
05-29 19:32:42.856 26771 26813 I bt_stack: [INFO:gatt_api.cc(1027)] allocated gatt_if=5
05-29 19:32:45.796 26771 26813 I bt_stack: [INFO:gatt_api.cc(1004)] GATT_Register
05-29 19:32:45.797 26771 26813 I bt_stack: [INFO:gatt_api.cc(1027)] allocated gatt_if=5
05-29 19:32:46.988 26771 26813 I bt_stack: [INFO:gatt_api.cc(1004)] GATT_Register
05-29 19:32:46.988 26771 26813 I bt_stack: [INFO:gatt_api.cc(1027)] allocated gatt_if=5
05-29 19:32:53.028 26771 26813 I bt_stack: [INFO:gatt_api.cc(1004)] GATT_Register
05-29 19:32:53.029 26771 26813 I bt_stack: [INFO:gatt_api.cc(1027)] allocated gatt_if=5
05-29 19:32:59.077 26771 26813 I bt_stack: [INFO:gatt_api.cc(1004)] GATT_Register
05-29 19:32:59.078 26771 26813 I bt_stack: [INFO:gatt_api.cc(1027)] allocated gatt_if=5
05-29 19:32:59.157 26771 26818 E BtGatt.GattService: App 'com.xiaomi.hm.health' is scanning too frequently
05-29 19:33:05.189 26771 26818 E BtGatt.GattService: App 'com.xiaomi.hm.health' is scanning too frequently
05-29 19:33:06.856 26771 26818 E BtGatt.GattService: App 'com.xiaomi.hm.health' is scanning too frequently
05-29 19:33:12.888 26771 26813 I bt_stack: [INFO:gatt_api.cc(1004)] GATT_Register
05-29 19:33:12.888 26771 26813 I bt_stack: [INFO:gatt_api.cc(1027)] allocated gatt_if=5
05-29 19:33:15.826 26771 26813 I bt_stack: [INFO:gatt_api.cc(1004)] GATT_Register
05-29 19:33:15.827 26771 26813 I bt_stack: [INFO:gatt_api.cc(1027)] allocated gatt_if=5
05-29 19:33:17.015 26771 26813 I bt_stack: [INFO:gatt_api.cc(1004)] GATT_Register
05-29 19:33:17.015 26771 26813 I bt_stack: [INFO:gatt_api.cc(1027)] allocated gatt_if=5
05-29 19:33:23.061 26771 26813 I bt_stack: [INFO:gatt_api.cc(1004)] GATT_Register
05-29 19:33:23.061 26771 26813 I bt_stack: [INFO:gatt_api.cc(1027)] allocated gatt_if=5
05-29 19:33:29.107 26771 26813 I bt_stack: [INFO:gatt_api.cc(1004)] GATT_Register
05-29 19:33:29.108 26771 26813 I bt_stack: [INFO:gatt_api.cc(1027)] allocated gatt_if=5
05-29 19:33:29.180 26771 26818 E BtGatt.GattService: App 'com.xiaomi.hm.health' is scanning too frequently
05-29 19:33:34.712 26771 26813 W bt_btif : bta_dm_acl_change info: 0x10
05-29 19:33:34.712 26771 26798 D bt_btif_dm: remote version info [b8:27:eb:72:c9:8d]: 0, 0, 0
05-29 19:33:34.714 26771 26798 E BluetoothRemoteDevices: aclStateChangeCallback: device is NULL, address=B8:27:EB:72:C9:8D, newState=0
05-29 19:33:34.974 26771 26798 D bt_btif_config: btif_get_device_type: Device [b8:27:eb:72:c9:8d] type 1
05-29 19:33:34.974 26771 26798 I bt_btif_dm: get_cod remote_cod = 0x00480000
05-29 19:33:34.976 26771 26798 I BluetoothBondStateMachine: bondStateChangeCallback: Status: 0 Address: B8:27:EB:72:C9:8D newState: 1
05-29 19:33:34.976 26771 26798 I bt_btif_dm: get_cod remote_cod = 0x00480000
05-29 19:33:34.982 26771 26803 I BluetoothBondStateMachine: Bond State Change Intent:B8:27:EB:72:C9:8D OldState: 10 NewState: 11
05-29 19:33:34.982 26771 26803 I BluetoothBondStateMachine: Entering PendingCommandState State
05-29 19:33:35.077 26771 26798 D bt_btif_config: btif_get_device_type: Device [b8:27:eb:72:c9:8d] type 1
05-29 19:33:35.077 26771 26798 I bt_btif_dm: get_cod remote_cod = 0x00480000
05-29 19:33:35.078 26771 26798 I BluetoothBondStateMachine: bondStateChangeCallback: Status: 0 Address: B8:27:EB:72:C9:8D newState: 0
05-29 19:33:35.078 26771 26803 D BluetoothAdapterProperties: Failed to remove device: B8:27:EB:72:C9:8D
05-29 19:33:35.089 26771 26803 I BluetoothBondStateMachine: Bond State Change Intent:B8:27:EB:72:C9:8D OldState: 11 NewState: 10
05-29 19:33:35.092 26771 26803 D HidService: getHidService(): returning com.android.bluetooth.hid.HidService@fee62ce
05-29 19:33:35.092 26771 26803 I BluetoothHeadsetClientServiceJni: classInitNative succeeds
05-29 19:33:35.093 26771 26803 D A2dpSinkService: getA2dpSinkService(): service is NULL
05-29 19:33:35.095 26771 26803 D HidService: Saved priority B8:27:EB:72:C9:8D = -1
05-29 19:33:35.114 26771 26803 I BluetoothBondStateMachine: StableState(): Entering Off State
05-29 19:33:35.146 26771 26813 W bt_l2cap: L2CAP ignoring duplicate echo request (0)
05-29 19:33:35.150 26771 26809 W bt_hci_packet_fragmenter: reassemble_and_dispatch got packet which would exceed expected length of 84. Truncating.
--------- beginning of crash
05-29 19:33:35.151 26771 26809 F libc    : Fatal signal 11 (SIGSEGV), code 1, fault addr 0xe4380000 in tid 26809 (HwBinder:26771_), pid 26771 (droid.bluetooth)
05-29 19:33:35.240 26771 26809 I libc    : orig_dumpable: 0
