--------- beginning of main
05-29 19:31:35.754 26771 26771 I zygote  : The ClassLoaderContext is a special shared library.
05-29 19:31:35.802 26771 26771 D BluetoothOppFileProvider: Initialized
05-29 19:31:35.823 26771 26771 D AdapterServiceConfig: Adding HeadsetService
05-29 19:31:35.824 26771 26771 D AdapterServiceConfig: Adding A2dpService
05-29 19:31:35.824 26771 26771 D AdapterServiceConfig: Adding HidService
05-29 19:31:35.824 26771 26771 D AdapterServiceConfig: Adding HealthService
05-29 19:31:35.824 26771 26771 D AdapterServiceConfig: Adding PanService
05-29 19:31:35.824 26771 26771 D AdapterServiceConfig: Adding GattService
05-29 19:31:35.824 26771 26771 D AdapterServiceConfig: Adding BluetoothMapService
05-29 19:31:35.824 26771 26771 W AdapterServiceConfig: Could not find profile bit mask
05-29 19:31:35.824 26771 26771 D AdapterServiceConfig: Adding BluetoothOppService
05-29 19:31:35.824 26771 26771 W AdapterServiceConfig: Could not find profile bit mask
05-29 19:31:35.824 26771 26771 D AdapterServiceConfig: Adding BluetoothPbapService
05-29 19:31:35.837 26771 26771 D BluetoothAdapterService: onCreate()
05-29 19:31:35.844 26771 26771 D BluetoothAdapterState: make() - Creating AdapterState
05-29 19:31:35.846 26771 26771 I bt_btif : init
05-29 19:31:35.846 26771 26792 I BluetoothAdapterState: Entering OffState
05-29 19:31:35.847 26771 26793 I bt_osi_thread: run_thread: thread id 26793, thread name stack_manager started
05-29 19:31:35.847 26771 26793 I bt_stack_manager: event_init_stack is initializing the stack
05-29 19:31:35.850 26771 26796 I bt_osi_thread: run_thread: thread id 26796, thread name alarm_default_ca started
05-29 19:31:35.850 26771 26797 I bt_osi_thread: run_thread: thread id 26797, thread name alarm_dispatcher started
05-29 19:31:35.853 26771 26793 I bt_btif_core: btif_init_bluetooth entered
05-29 19:31:35.854 26771 26793 I bt_stack_config: init attempt to load stack conf from /etc/bluetooth/bt_stack.conf
05-29 19:31:35.854 26771 26793 E         : [0529/193135:ERROR:at_exit.cc(55)] NOTREACHED() hit.
05-29 19:31:35.854 26771 26793 E         : [0529/193135:ERROR:at_exit.cc(55)] NOTREACHED() hit.
05-29 19:31:35.855 26771 26798 I bt_osi_thread: run_thread: thread id 26798, thread name bt_jni_workqueue started
05-29 19:31:35.855 26771 26798 I bt_btif_core: run_message_loop entered
05-29 19:31:35.855 26771 26793 I bt_btif_core: btif_init_bluetooth finished
05-29 19:31:35.855 26771 26793 I bt_stack_manager: event_init_stack finished
05-29 19:31:35.855 26771 26771 I bt_osi_wakelock: wakelock_set_os_callouts set to non-native
05-29 19:31:35.856 26771 26771 I bt_btif : get_profile_interface: id = socket
05-29 19:31:35.856 26771 26798 E bt_btif_storage: btif_storage_get_adapter_property: Controller not ready! Unable to return Bluetooth Address
05-29 19:31:35.857 26771 26798 E BluetoothServiceJni: adapter_properties_callback: Status 1 is incorrect
05-29 19:31:35.858 26771 26771 I bt_btif : get_profile_interface: id = sdp
05-29 19:31:35.858 26771 26798 D BluetoothAdapterProperties: Name is: Power_3S
05-29 19:31:35.863 26771 26771 I BluetoothAdapterService: Phone policy enabled
05-29 19:31:35.866 26771 26771 D BluetoothAdapterService: setAdapterService() - set to: null
05-29 19:31:35.867 26771 26771 D BluetoothAdapterService: onBind()
05-29 19:31:35.870 26771 26771 I BtGatt.JNI: classInitNative(L871): classInitNative: Success!
05-29 19:31:35.874 26771 26784 D BluetoothAdapterService: enable() - Enable called with quiet mode status =  false
05-29 19:31:35.874 26771 26792 D BluetoothAdapterState: Current state: OFF, message: 0
05-29 19:31:35.875 26771 26792 D BluetoothAdapterProperties: Setting state to 14
05-29 19:31:35.875 26771 26792 I BluetoothAdapterState: Bluetooth adapter state changed: 10-> 14
05-29 19:31:35.875 26771 26792 D BluetoothAdapterService: updateAdapterState() - Broadcasting state to 1 receivers.
05-29 19:31:35.875 26771 26783 D BluetoothAdapter: onBluetoothServiceUp: com.android.bluetooth.btservice.AdapterService$AdapterServiceBinder@11b80be
05-29 19:31:35.875 26771 26792 D BluetoothAdapterService: BleOnProcessStart()
05-29 19:31:35.879 26771 26792 D BluetoothAdapterService: BleOnProcessStart() - Make Bond State Machine
05-29 19:31:35.879 26771 26792 D BluetoothBondStateMachine: make
05-29 19:31:35.880 26771 26803 I BluetoothBondStateMachine: StableState(): Entering Off State
05-29 19:31:35.881 26771 26792 D BluetoothAdapterService: setProfileServiceState() - Starting service com.android.bluetooth.gatt.GattService
05-29 19:31:35.883 26771 26792 I BluetoothAdapterState: Entering PendingCommandState
05-29 19:31:35.883 26771 26771 D BtGatt.DebugUtils: handleDebugAction() action=null
05-29 19:31:35.883 26771 26771 D BluetoothAdapterService: getAdapterService() - returning com.android.bluetooth.btservice.AdapterService@f75d1c5
05-29 19:31:35.883 26771 26771 D BtGatt.GattService: Received start request. Starting profile...
05-29 19:31:35.884 26771 26771 I bt_btif : get_profile_interface: id = gatt
05-29 19:31:35.884 26771 26771 D BluetoothAdapterService: getAdapterService() - returning com.android.bluetooth.btservice.AdapterService@f75d1c5
05-29 19:31:35.890 26771 26771 D BluetoothAdapterService: getAdapterService() - returning com.android.bluetooth.btservice.AdapterService@f75d1c5
05-29 19:31:35.890 26771 26771 D BluetoothAdapterService: getAdapterService() - returning com.android.bluetooth.btservice.AdapterService@f75d1c5
05-29 19:31:35.891 26771 26771 D BluetoothAdapterService: handleMessage() - Message: 1
05-29 19:31:35.892 26771 26771 D BluetoothAdapterService: handleMessage() - MESSAGE_PROFILE_SERVICE_STATE_CHANGED
05-29 19:31:35.892 26771 26771 D BluetoothAdapterService: processProfileServiceStateChanged() - serviceName=com.android.bluetooth.gatt.GattService isTurningOn=false isTurningOff=false isBleTurningOn=true isBleTurningOff=false
05-29 19:31:35.892 26771 26771 D BluetoothAdapterService: GattService is started
05-29 19:31:35.892 26771 26792 V BluetoothAdapterState: PendingCommand - transient state(s): isBleTurningOn
05-29 19:31:35.892 26771 26792 D BluetoothAdapterState: Current state: PENDING_COMMAND, message: 4
05-29 19:31:35.893 26771 26792 I bt_btif : enable: start restricted = 0
05-29 19:31:35.894 26771 26793 I bt_stack_manager: event_start_up_stack is bringing up the stack
05-29 19:31:35.894 26771 26793 I bt_core_module: module_start_up Starting module "btif_config_module"
05-29 19:31:35.894 26771 26793 I bt_core_module: module_start_up Started module "btif_config_module"
05-29 19:31:35.894 26771 26793 I bt_core_module: module_start_up Starting module "mtk_btsnoop_module"
05-29 19:31:35.894 26771 26807 I bt_osi_thread: run_thread: thread id 26807, thread name mbtsnoop_thread started
05-29 19:31:35.895 26771 26793 I bt_core_module: module_start_up Started module "mtk_btsnoop_module"
05-29 19:31:35.895 26771 26807 I bt_snoop_twrite: BTSnoopInitialize: Try to delete snoop log under /sdcard/mtklog/btlog/ 
05-29 19:31:35.895 26771 26793 I bt_core_module: module_start_up Starting module "hci_module"
05-29 19:31:35.895 26771 26793 I bt_hci  : hci_module_start_up
05-29 19:31:35.895 26771 26808 I bt_osi_thread: run_thread: thread id 26808, thread name hci_thread started
05-29 19:31:35.895 26771 26793 D bt_hci  : hci_module_start_up starting async portion
05-29 19:31:35.896 26771 26808 I bt_hci  : hci_initialize
05-29 19:31:35.898 26771 26808 I bt_hci  : hci_initialize: IBluetoothHci::getService() returned 0xe4047d60 (remote)
05-29 19:31:36.224 26771 26808 I bt_hci  : event_finish_startup
05-29 19:31:36.225 26771 26793 I bt_core_module: module_start_up Started module "hci_module"
05-29 19:31:36.226 26771 26812 I bt_osi_thread: run_thread: thread id 26812, thread name bt_workqueue started
05-29 19:31:36.227 26771 26812 I         : [0529/193136:INFO:btu_task.cc(107)] Bluetooth chip preload is complete
05-29 19:31:36.228 26771 26812 I         : [0529/193136:INFO:gatt_api.cc(1004)] GATT_Register
05-29 19:31:36.228 26771 26812 I         : [0529/193136:INFO:gatt_api.cc(1027)] allocated gatt_if=1
05-29 19:31:36.228 26771 26812 I         : [0529/193136:INFO:gatt_api.cc(207)] GATTS_AddService
05-29 19:31:36.229 26771 26812 I         : [0529/193136:INFO:gatt_api.cc(317)] GATTS_AddService: service parsed correctly, now starting
05-29 19:31:36.229 26771 26812 E         : [0529/193136:ERROR:gatt_attr.cc(347)] gatt_profile_db_init:  gatt_if=1
05-29 19:31:36.229 26771 26812 I         : [0529/193136:INFO:gatt_api.cc(1004)] GATT_Register
05-29 19:31:36.230 26771 26812 I         : [0529/193136:INFO:gatt_api.cc(1027)] allocated gatt_if=2
05-29 19:31:36.230 26771 26812 I         : [0529/193136:INFO:gatt_api.cc(207)] GATTS_AddService
05-29 19:31:36.230 26771 26812 I         : [0529/193136:INFO:gatt_api.cc(317)] GATTS_AddService: service parsed correctly, now starting
05-29 19:31:36.231 26771 26813 I bt_osi_thread: run_thread: thread id 26813, thread name btu message loop started
05-29 19:31:36.233 26771 26814 I bt_osi_thread: run_thread: thread id 26814, thread name module_wrapper started
05-29 19:31:36.233 26771 26814 I bt_core_module: module_start_up Starting module "controller_module"
05-29 19:31:36.309 26771 26814 E bt_hci  : read_command_complete_header: return status - 0x20
05-29 19:31:36.314 26771 26814 I bt_core_module: module_start_up Started module "controller_module"
05-29 19:31:36.315 26771 26814 W bt_osi_thread: run_thread: thread id 26814, thread name module_wrapper exited
05-29 19:31:36.315 26771 26812 W bt_btm  : btm_decode_ext_features_page: feature page 1 ignored
05-29 19:31:36.316 26771 26813 I bt_btm_sec: BTM_SecRegister p_cb_info->p_le_callback == 0x0xd0569525
05-29 19:31:36.316 26771 26813 I bt_btm_sec: BTM_SecRegister btm_cb.api.p_le_callback = 0x0xd0569525 
05-29 19:31:36.318 26771 26813 I bt_stack: [INFO:gatt_api.cc(1004)] GATT_Register
05-29 19:31:36.318 26771 26813 I bt_stack: [INFO:gatt_api.cc(1027)] allocated gatt_if=3
05-29 19:31:36.324 26771 26813 I bt_stack: [INFO:ble_advertiser_hci_interface.cc(708)] VSC advertising will be in use
05-29 19:31:36.324 26771 26813 I bt_stack: [INFO:ble_advertiser_hci_interface.cc(259)] QuirkAdvertiserZeroHandle in use
05-29 19:31:36.325 26771 26798 D BluetoothAdapterProperties: BT_PROPERTY_LOCAL_LE_FEATURES: update from BT controller mNumOfAdvertisementInstancesSupported = 40 mRpaOffloadSupported = true mNumOfOffloadedIrkSupported = 128 mNumOfOffloadedScanFilterSupported = 40 mOffloadedScanResultStorageBytes= 8160 mIsActivityAndEnergyReporting = true mVersSupported = 96 mTotNumOfTrackableAdv = 40 mIsExtendedScanSupported = false mIsDebugLogSupported = false mIsLe2MPhySupported = false mIsLeCodedPhySupported = false mIsLeExtendedAdvertisingSupported = false mIsLePeriodicAdvertisingSupported = false mLeMaximumAdvertisingDataLength = 31
05-29 19:31:36.329 26771 26798 E bt_btif_storage: btif_storage_get_adapter_property: Controller ready!
05-29 19:31:36.329 26771 26798 I bt_btif_storage: btif_storage_get_adapter_property service_mask:0x20000000
05-29 19:31:36.331 26771 26798 D BluetoothAdapterProperties: Address is:4E:34:46:00:00:70
05-29 19:31:36.334 26771 26798 D BluetoothAdapterProperties: Name is: Power_3S
05-29 19:31:36.337 26771 26798 D BluetoothAdapterProperties: Scan Mode:20
05-29 19:31:36.337 26771 26798 D BluetoothAdapterProperties: Discoverable Timeout:300
05-29 19:31:36.340 26771 26798 D BluetoothAdapterProperties: Adding bonded device:C9:33:D7:DD:72:38
05-29 19:31:36.349 26771 26798 D BluetoothAdapterProperties: Adding bonded device:0C:FC:85:36:76:24
05-29 19:31:36.350 26771 26798 D BluetoothAdapterProperties: Adding bonded device:1C:52:16:D6:5D:54
05-29 19:31:36.367 26771 26798 I bt_btif_core: btif_enable_bluetooth_evt entered: status 0
05-29 19:31:36.368 26771 26816 I bt_osi_thread: run_thread: thread id 26816, thread name btif_sock started
05-29 19:31:36.371 26771 26798 D bt_bte_conf: Device ID record 1 : primary
05-29 19:31:36.371 26771 26798 D bt_bte_conf:   vendorId            = 0046
05-29 19:31:36.371 26771 26798 D bt_bte_conf:   vendorIdSource      = 0001
05-29 19:31:36.371 26771 26798 D bt_bte_conf:   product             = 1200
05-29 19:31:36.372 26771 26798 D bt_bte_conf:   version             = 1436
05-29 19:31:36.372 26771 26798 D bt_bte_conf:   clientExecutableURL = 
05-29 19:31:36.372 26771 26798 D bt_bte_conf:   serviceDescription  = 
05-29 19:31:36.372 26771 26798 D bt_bte_conf:   documentationURL    = 
05-29 19:31:36.372 26771 26798 D bt_bte_conf: bte_load_did_conf no section named DID2.
05-29 19:31:36.373 26771 26793 I bt_stack_manager: event_start_up_stack finished
05-29 19:31:36.373 26771 26798 I bt_btif_core: btif_enable_bluetooth_evt finished
05-29 19:31:36.375 26771 26792 V BluetoothAdapterState: PendingCommand - transient state(s): isBleTurningOn
05-29 19:31:36.376 26771 26792 D BluetoothAdapterState: Current state: PENDING_COMMAND, message: 3
05-29 19:31:36.376 26771 26792 D BluetoothAdapterProperties: Setting state to 15
05-29 19:31:36.376 26771 26792 I BluetoothAdapterState: Bluetooth adapter state changed: 14-> 15
05-29 19:31:36.376 26771 26792 D BluetoothAdapterService: updateAdapterState() - Broadcasting state to 1 receivers.
05-29 19:31:36.377 26771 26792 I BluetoothAdapterState: Entering BleOnState
05-29 19:31:36.378 26771 26792 D BluetoothAdapterState: Current state: BLE ON, message: 1
05-29 19:31:36.378 26771 26792 D BluetoothAdapterProperties: Setting state to 11
05-29 19:31:36.378 26771 26792 I BluetoothAdapterState: Bluetooth adapter state changed: 15-> 11
05-29 19:31:36.378 26771 26792 D BluetoothAdapterService: updateAdapterState() - Broadcasting state to 1 receivers.
05-29 19:31:36.379 26771 26792 D BluetoothAdapterService: startCoreServices()
05-29 19:31:36.379 26771 26792 D BluetoothAdapterService: setProfileServiceState() - Starting service com.android.bluetooth.hfp.HeadsetService
05-29 19:31:36.383 26771 26792 D BluetoothAdapterService: setProfileServiceState() - Starting service com.android.bluetooth.a2dp.A2dpService
05-29 19:31:36.384 26771 26771 D BluetoothAdapterService: getAdapterService() - returning com.android.bluetooth.btservice.AdapterService@f75d1c5
05-29 19:31:36.385 26771 26771 D HeadsetService: Received start request. Starting profile...
05-29 19:31:36.389 26771 26771 I BluetoothHeadsetServiceJni: classInitNative: succeeds
05-29 19:31:36.389 26771 26771 D HeadsetStateMachine: make
05-29 19:31:36.390 26771 26792 D BluetoothAdapterService: setProfileServiceState() - Starting service com.android.bluetooth.hid.HidService
05-29 19:31:36.393 26771 26792 D BluetoothAdapterService: setProfileServiceState() - Starting service com.android.bluetooth.hdp.HealthService
05-29 19:31:36.424 26771 26792 D BluetoothAdapterService: setProfileServiceState() - Starting service com.android.bluetooth.pan.PanService
05-29 19:31:36.425 26771 26771 D HeadsetStateMachine: max_hf_connections = 1
05-29 19:31:36.426 26771 26771 D HeadsetStateMachine: in-band_ringing_support = false
05-29 19:31:36.426 26771 26771 I bt_btif : get_profile_interface: id = handsfree
05-29 19:31:36.426 26771 26798 I bt_btif_storage: btif_storage_get_adapter_property service_mask:0x20000040
05-29 19:31:36.426 26771 26813 I bt_stack: [INFO:port_api.cc(129)] RFCOMM_CreateConnection BDA: ff:ff:ff:ff:ff:ff
05-29 19:31:36.427 26771 26813 I bt_stack: [INFO:port_api.cc(129)] RFCOMM_CreateConnection BDA: ff:ff:ff:ff:ff:ff
05-29 19:31:36.431 26771 26771 D BluetoothAdapterService: getAdapterService() - returning com.android.bluetooth.btservice.AdapterService@f75d1c5
05-29 19:31:36.432 26771 26792 D BluetoothAdapterService: setProfileServiceState() - Starting service com.android.bluetooth.map.BluetoothMapService
05-29 19:31:36.436 26771 26792 D BluetoothAdapterService: setProfileServiceState() - Starting service com.android.bluetooth.opp.BluetoothOppService
05-29 19:31:36.451 26771 26771 D BluetoothAdapterService: getAdapterService() - returning com.android.bluetooth.btservice.AdapterService@f75d1c5
05-29 19:31:36.451 26771 26771 D A2dpService: Received start request. Starting profile...
05-29 19:31:36.452 26771 26792 D BluetoothAdapterService: setProfileServiceState() - Starting service com.android.bluetooth.pbap.BluetoothPbapService
05-29 19:31:36.452 26771 26771 I BluetoothAvrcpServiceJni: classInitNative: succeeds
05-29 19:31:36.454 26771 26771 I bt_btif : get_profile_interface: id = avrcp
05-29 19:31:36.457 26771 26792 I BluetoothAdapterState: Entering PendingCommandState
05-29 19:31:36.469 26771 26771 V Avrcp   : newState.getState() 0 mAudioManagerIsPlaying false mAudioManager.isMusicActive() false
05-29 19:31:36.470 26771 26771 I Avrcp   : Skipping update due to invalid playback state
05-29 19:31:36.470 26771 26771 E Avrcp   : play status change -1➡0 mPlayStatusChangedNT: 2
05-29 19:31:36.504 26771 26771 W ResourceType: ResTable_typeSpec entry count inconsistent: given 30, previously 36
05-29 19:31:36.504 26771 26771 W ResourceType: ResTable_typeSpec entry count inconsistent: given 2551, previously 2554
05-29 19:31:36.505 26771 26771 W ResourceType: ResTable_typeSpec entry count inconsistent: given 30, previously 36
05-29 19:31:36.505 26771 26771 W ResourceType: ResTable_typeSpec entry count inconsistent: given 2551, previously 2554
05-29 19:31:36.505 26771 26771 W ResourceType: ResTable_typeSpec entry count inconsistent: given 2297, previously 2294
05-29 19:31:36.505 26771 26771 W ResourceType: ResTable_typeSpec entry count inconsistent: given 295, previously 1596
05-29 19:31:36.513 26771 26771 W ResourceType: ResTable_typeSpec entry count inconsistent: given 1158, previously 1160
05-29 19:31:36.513 26771 26771 W ResourceType: ResTable_typeSpec entry count inconsistent: given 161, previously 553
05-29 19:31:36.577 26771 26771 V Avrcp   : newState.getState() 0 mAudioManagerIsPlaying false mAudioManager.isMusicActive() false
05-29 19:31:36.577 26771 26771 I Avrcp   : Skipping update due to invalid playback state
05-29 19:31:36.577 26771 26771 E Avrcp   : play status change -1➡0 mPlayStatusChangedNT: 2
05-29 19:31:36.591 26771 26771 I BluetoothA2dpServiceJni: classInitNative: succeeds
05-29 19:31:36.591 26771 26771 D A2dpStateMachine: make
05-29 19:31:36.606 26771 26771 I bt_btif : get_profile_interface: id = a2dp
05-29 19:31:36.606 26771 26821 I bt_osi_thread: run_thread: thread id 26821, thread name btif_a2dp_source started
05-29 19:31:36.606 26771 26771 D a2dp_codec: init
05-29 19:31:36.606 26771 26771 D a2dp_codec: createCodec: codec SBC
05-29 19:31:36.606 26771 26771 I a2dp_codec: init: updated SBC codec priority to 1001
05-29 19:31:36.606 26771 26771 D a2dp_codec: createCodec: codec AAC
05-29 19:31:36.606 26771 26771 I a2dp_codec: init: updated AAC codec priority to 2001
05-29 19:31:36.606 26771 26771 D a2dp_codec: createCodec: codec aptX
05-29 19:31:36.607 26771 26771 E a2dp_vendor_aptx_encoder: A2DP_VendorLoadEncoderAptx: cannot open aptX encoder library libaptX_encoder.so: dlopen failed: library "libaptX_encoder.so" not found
05-29 19:31:36.607 26771 26771 E a2dp_vendor_aptx: init: cannot load the encoder
05-29 19:31:36.607 26771 26771 D a2dp_codec: createCodec: codec aptX-HD
05-29 19:31:36.608 26771 26771 E a2dp_vendor_aptx_hd_encoder: A2DP_VendorLoadEncoderAptxHd: cannot open aptX-HD encoder library libaptXHD_encoder.so: dlopen failed: library "libaptXHD_encoder.so" not found
05-29 19:31:36.608 26771 26771 E a2dp_vendor_aptx_hd: init: cannot load the encoder
05-29 19:31:36.608 26771 26771 D a2dp_codec: createCodec: codec LDAC
05-29 19:31:36.610 26771 26771 I a2dp_codec: init: updated LDAC codec priority to 5001
05-29 19:31:36.610 26771 26771 D a2dp_codec: createCodec: codec SBC SINK
05-29 19:31:36.610 26771 26771 I a2dp_codec: init: initialized Source codec LDAC
05-29 19:31:36.610 26771 26771 I a2dp_codec: init: initialized Source codec AAC
05-29 19:31:36.610 26771 26771 I a2dp_codec: init: initialized Source codec SBC
05-29 19:31:36.610 26771 26771 I a2dp_codec: init: initialized Sink codec SBC(Sink)
05-29 19:31:36.611 26771 26771 W bt_btif : ## ON A2DP IDLE ## peer_sep = 0
05-29 19:31:36.611 26771 26798 E bt_btif : btif_sm_dispatch : Invalid handle
05-29 19:31:36.611 26771 26798 I bt_btif_storage: btif_storage_get_adapter_property service_mask:0x20000048
05-29 19:31:36.611 26771 26813 I bt_bta_av: AVRCP version used for sdp: "avrcp14"
05-29 19:31:36.612 26771 26820 D A2dpStateMachine: Enter Disconnected: -2
05-29 19:31:36.614 26771 26771 D BluetoothAdapterService: getAdapterService() - returning com.android.bluetooth.btservice.AdapterService@f75d1c5
05-29 19:31:36.615 26771 26771 I BluetoothHidServiceJni: classInitNative: succeeds
05-29 19:31:36.616 26771 26771 D BluetoothAdapterService: getAdapterService() - returning com.android.bluetooth.btservice.AdapterService@f75d1c5
05-29 19:31:36.616 26771 26771 D HidService: Received start request. Starting profile...
05-29 19:31:36.616 26771 26771 I bt_btif : get_profile_interface: id = hidhost
05-29 19:31:36.617 26771 26771 D HidService: setHidService(): set to: null
05-29 19:31:36.617 26771 26798 I bt_bta_hh: BTA_HhEnable sec_mask:0x36 p_cback:0xd05b9285
05-29 19:31:36.617 26771 26771 D BluetoothAdapterService: getAdapterService() - returning com.android.bluetooth.btservice.AdapterService@f75d1c5
05-29 19:31:36.617 26771 26798 I bt_btif_storage: btif_storage_get_adapter_property service_mask:0x20100048
05-29 19:31:36.617 26771 26813 I bt_stack: [INFO:gatt_api.cc(1004)] GATT_Register
05-29 19:31:36.617 26771 26813 I bt_stack: [INFO:gatt_api.cc(1027)] allocated gatt_if=4
05-29 19:31:36.618 26771 26798 W bt_stack: [WARNING:btif_hh.cc(436)]  Added device 0c:fc:85:36:76:24
05-29 19:31:36.618 26771 26798 W bt_btif : BTA_HH_ADD_DEV_EVT: status = 0, handle = 0
05-29 19:31:36.624 26771 26771 I BluetoothHealthServiceJni: classInitNative: succeeds
05-29 19:31:36.625 26771 26771 D BluetoothAdapterService: getAdapterService() - returning com.android.bluetooth.btservice.AdapterService@f75d1c5
05-29 19:31:36.626 26771 26771 D HealthService: Received start request. Starting profile...
05-29 19:31:36.627 26771 26771 I bt_btif : get_profile_interface: id = health
05-29 19:31:36.627 26771 26771 D BluetoothAdapterService: getAdapterService() - returning com.android.bluetooth.btservice.AdapterService@f75d1c5
05-29 19:31:36.628 26771 26771 I BluetoothPanServiceJni: classInitNative(L111): succeeds
05-29 19:31:36.629 26771 26771 D BluetoothAdapterService: getAdapterService() - returning com.android.bluetooth.btservice.AdapterService@f75d1c5
05-29 19:31:36.630 26771 26771 D PanService: Received start request. Starting profile...
05-29 19:31:36.630 26771 26771 D BluetoothPanServiceJni: initializeNative(L116): pan
05-29 19:31:36.630 26771 26771 I bt_btif : get_profile_interface: id = pan
05-29 19:31:36.630 26771 26771 D BluetoothAdapterService: getAdapterService() - returning com.android.bluetooth.btservice.AdapterService@f75d1c5
05-29 19:31:36.630 26771 26798 D BluetoothPanServiceJni: control_state_callback(L63): state:0, local_role:3, ifname:bt-pan
05-29 19:31:36.630 26771 26771 D BluetoothAdapterService: handleMessage() - Message: 1
05-29 19:31:36.630 26771 26771 D BluetoothAdapterService: handleMessage() - MESSAGE_PROFILE_SERVICE_STATE_CHANGED
05-29 19:31:36.630 26771 26771 D BluetoothAdapterService: processProfileServiceStateChanged() - serviceName=com.android.bluetooth.hfp.HeadsetService isTurningOn=true isTurningOff=false isBleTurningOn=false isBleTurningOff=false
05-29 19:31:36.631 26771 26771 D BluetoothAdapterService: onProfileServiceStateChange() - Profile still not running:com.android.bluetooth.a2dp.A2dpService
05-29 19:31:36.632 26771 26817 D HeadsetPhoneState: sendDeviceStateChanged. mService=0 mSignal=0 mRoam=0 mBatteryCharge=2
05-29 19:31:36.632 26771 26771 V BluetoothMapService: BluetoothMapBinder()
05-29 19:31:36.633 26771 26771 D BluetoothAdapterService: getAdapterService() - returning com.android.bluetooth.btservice.AdapterService@f75d1c5
05-29 19:31:36.633 26771 26771 D BluetoothMapService: Received start request. Starting profile...
05-29 19:31:36.633 26771 26771 D BluetoothMapService: start()
05-29 19:31:36.639 26771 26771 D BluetoothMapAccountLoader: Found 0 application(s) with intent android.bluetooth.action.BLUETOOTH_MAP_PROVIDER
05-29 19:31:36.640 26771 26771 D BluetoothMapAccountLoader: Found 0 application(s) with intent android.bluetooth.action.BLUETOOTH_MAP_IM_PROVIDER
05-29 19:31:36.640 26771 26771 D BluetoothMapAppObserver: createReceiver()
05-29 19:31:36.643 26771 26771 D BluetoothMapAppObserver: initObservers()
05-29 19:31:36.643 26771 26771 D BluetoothMapAppObserver: getEnabledAccountItems()
05-29 19:31:36.643 26771 26771 D BluetoothAdapterService: getAdapterService() - returning com.android.bluetooth.btservice.AdapterService@f75d1c5
05-29 19:31:36.652 26771 26771 D BluetoothAdapterService: getAdapterService() - returning com.android.bluetooth.btservice.AdapterService@f75d1c5
05-29 19:31:36.653 26771 26771 D BluetoothOppService: Received start request. Starting profile...
05-29 19:31:36.653 26771 26771 D BluetoothAdapterService: getAdapterService() - returning com.android.bluetooth.btservice.AdapterService@f75d1c5
05-29 19:31:36.654 26771 26771 V BluetoothPbapService: PbapBinder()
05-29 19:31:36.655 26771 26771 D BluetoothAdapterService: getAdapterService() - returning com.android.bluetooth.btservice.AdapterService@f75d1c5
05-29 19:31:36.655 26771 26771 D BluetoothPbapService: Received start request. Starting profile...
05-29 19:31:36.655 26771 26771 V BluetoothPbapService: start()
05-29 19:31:36.659 26771 26771 D BluetoothPbapService: Registering observer
05-29 19:31:36.663 26771 26825 V BluetoothMapService: Handler(): got msg=1
05-29 19:31:36.665 26771 26771 D BluetoothAdapterService: getAdapterService() - returning com.android.bluetooth.btservice.AdapterService@f75d1c5
05-29 19:31:36.666 26771 26771 W Avrcp   : No package name for player (0 not valid)
05-29 19:31:36.666 26771 26771 V Avrcp   : newState.getState() 0 mAudioManagerIsPlaying false mAudioManager.isMusicActive() false
05-29 19:31:36.667 26771 26771 I Avrcp   : Skipping update due to invalid playback state
05-29 19:31:36.667 26771 26771 E Avrcp   : play status change -1➡0 mPlayStatusChangedNT: 2
05-29 19:31:36.667 26771 26771 D BluetoothAdapterService: handleMessage() - Message: 1
05-29 19:31:36.667 26771 26771 D BluetoothAdapterService: handleMessage() - MESSAGE_PROFILE_SERVICE_STATE_CHANGED
05-29 19:31:36.667 26771 26771 D BluetoothAdapterService: processProfileServiceStateChanged() - serviceName=com.android.bluetooth.a2dp.A2dpService isTurningOn=true isTurningOff=false isBleTurningOn=false isBleTurningOff=false
05-29 19:31:36.667 26771 26771 D BluetoothAdapterService: onProfileServiceStateChange() - Profile still not running:com.android.bluetooth.map.BluetoothMapService
05-29 19:31:36.667 26771 26771 D BluetoothAdapterService: handleMessage() - Message: 1
05-29 19:31:36.667 26771 26771 D BluetoothAdapterService: handleMessage() - MESSAGE_PROFILE_SERVICE_STATE_CHANGED
05-29 19:31:36.667 26771 26771 D BluetoothAdapterService: processProfileServiceStateChanged() - serviceName=com.android.bluetooth.hid.HidService isTurningOn=true isTurningOff=false isBleTurningOn=false isBleTurningOff=false
05-29 19:31:36.667 26771 26771 D BluetoothAdapterService: onProfileServiceStateChange() - Profile still not running:com.android.bluetooth.map.BluetoothMapService
05-29 19:31:36.672 26771 26771 D OperatorCustomizationFactoryLoader: Slot -1's OperatorInfo is__
05-29 19:31:36.672 26771 26771 D OperatorCustomizationFactoryLoader: It's OM load or parse failed, because operator is null
05-29 19:31:36.672 26771 26771 E OperatorCustomizationFactoryLoader: can not find operatorFactoryInfo by slot id -1 from 
05-29 19:31:36.672 26771 26771 E OperatorCustomizationFactoryLoader: 0: OperatorFactoryInfo(OP09_null_SEGDEFAULT:OP09ATelephony.jar:com.mediatek.op09a.telephony.MtkOp09ATelephonyCustomizationFactory:null)
05-29 19:31:36.672 26771 26771 E OperatorCustomizationFactoryLoader: 1: OperatorFactoryInfo(OP09_null_SEGC:OP09CTelephony.jar:com.mediatek.op09c.telephony.MtkOp09CTelephonyCustomizationFactory:null)
05-29 19:31:36.672 26771 26771 E OperatorCustomizationFactoryLoader: 2: OperatorFactoryInfo(OP01_null_null:OP01Telephony.jar:com.mediatek.op01.telephony.MtkOp01TelephonyCustomizationFactory:null)
05-29 19:31:36.672 26771 26771 E OperatorCustomizationFactoryLoader: 3: OperatorFactoryInfo(OP02_null_null:OP02Telephony.jar:com.mediatek.op02.telephony.MtkOp02TelephonyCustomizationFactory:null)
05-29 19:31:36.673 26771 26771 I chenxingsm: mapLteSignalLevel - rsrp:-114 snr:35 rsrpIconLevel:2 snrIconLevel:-1
05-29 19:31:36.673 26771 26771 D HeadsetPhoneState: sendDeviceStateChanged. mService=1 mSignal=3 mRoam=0 mBatteryCharge=2
05-29 19:31:36.673 26771 26771 D BluetoothAdapterService: handleMessage() - Message: 1
05-29 19:31:36.673 26771 26771 D BluetoothAdapterService: handleMessage() - MESSAGE_PROFILE_SERVICE_STATE_CHANGED
05-29 19:31:36.673 26771 26771 D BluetoothAdapterService: processProfileServiceStateChanged() - serviceName=com.android.bluetooth.hdp.HealthService isTurningOn=true isTurningOff=false isBleTurningOn=false isBleTurningOff=false
05-29 19:31:36.673 26771 26771 D BluetoothAdapterService: onProfileServiceStateChange() - Profile still not running:com.android.bluetooth.map.BluetoothMapService
05-29 19:31:36.673 26771 26771 D BluetoothAdapterService: handleMessage() - Message: 1
05-29 19:31:36.673 26771 26771 D BluetoothAdapterService: handleMessage() - MESSAGE_PROFILE_SERVICE_STATE_CHANGED
05-29 19:31:36.673 26771 26771 D BluetoothAdapterService: processProfileServiceStateChanged() - serviceName=com.android.bluetooth.pan.PanService isTurningOn=true isTurningOff=false isBleTurningOn=false isBleTurningOff=false
05-29 19:31:36.673 26771 26771 D BluetoothAdapterService: onProfileServiceStateChange() - Profile still not running:com.android.bluetooth.map.BluetoothMapService
05-29 19:31:36.673 26771 26771 D BluetoothAdapterService: handleMessage() - Message: 1
05-29 19:31:36.673 26771 26771 D BluetoothAdapterService: handleMessage() - MESSAGE_PROFILE_SERVICE_STATE_CHANGED
05-29 19:31:36.673 26771 26771 D BluetoothAdapterService: processProfileServiceStateChanged() - serviceName=com.android.bluetooth.map.BluetoothMapService isTurningOn=true isTurningOff=false isBleTurningOn=false isBleTurningOff=false
05-29 19:31:36.673 26771 26771 D BluetoothAdapterService: onProfileServiceStateChange() - Profile still not running:com.android.bluetooth.pbap.BluetoothPbapService
05-29 19:31:36.674 26771 26771 D BluetoothAdapterService: handleMessage() - Message: 1
05-29 19:31:36.674 26771 26771 D BluetoothAdapterService: handleMessage() - MESSAGE_PROFILE_SERVICE_STATE_CHANGED
05-29 19:31:36.674 26771 26771 D BluetoothAdapterService: processProfileServiceStateChanged() - serviceName=com.android.bluetooth.opp.BluetoothOppService isTurningOn=true isTurningOff=false isBleTurningOn=false isBleTurningOff=false
05-29 19:31:36.674 26771 26771 D BluetoothAdapterService: onProfileServiceStateChange() - Profile still not running:com.android.bluetooth.pbap.BluetoothPbapService
05-29 19:31:36.675 26771 26771 D BluetoothAdapterService: handleMessage() - Message: 1
05-29 19:31:36.675 26771 26771 D BluetoothAdapterService: handleMessage() - MESSAGE_PROFILE_SERVICE_STATE_CHANGED
05-29 19:31:36.675 26771 26771 D BluetoothAdapterService: processProfileServiceStateChanged() - serviceName=com.android.bluetooth.pbap.BluetoothPbapService isTurningOn=true isTurningOff=false isBleTurningOn=false isBleTurningOff=false
05-29 19:31:36.675 26771 26771 D BluetoothAdapterService: onProfileServiceStateChange() - All profile services started.
05-29 19:31:36.676 26771 26771 D HeadsetPhoneState: sendDeviceStateChanged. mService=1 mSignal=3 mRoam=0 mBatteryCharge=2
05-29 19:31:36.676 26771 26792 V BluetoothAdapterState: PendingCommand - transient state(s): isTurningOn
05-29 19:31:36.676 26771 26792 D BluetoothAdapterState: Current state: PENDING_COMMAND, message: 2
05-29 19:31:36.676 26771 26792 D BluetoothAdapterProperties: onBluetoothReady, state=11, ScanMode=20
05-29 19:31:36.676 26771 26792 D BluetoothAdapterProperties: Setting state to 12
05-29 19:31:36.676 26771 26792 I BluetoothAdapterState: Bluetooth adapter state changed: 11-> 12
05-29 19:31:36.676 26771 26792 D BluetoothAdapterService: updateAdapterState() - Broadcasting state to 1 receivers.
05-29 19:31:36.677 26771 26792 I BluetoothAdapterState: Entering OnState
05-29 19:31:36.677 26771 26792 D BluetoothAdapterService: updateUuids() - Updating UUIDs for bonded devices
05-29 19:31:36.678 26771 26798 D BluetoothAdapterProperties: Scan Mode:21
05-29 19:31:36.678 26771 26798 D BluetoothAdapterProperties: Discoverable Timeout:300
05-29 19:31:36.708 26771 26798 D BluetoothAdapterProperties: Discoverable Timeout:300
05-29 19:31:36.730 26771 26771 D BluetoothPhonePolicy: Received ACTION_UUID for device C9:33:D7:DD:72:38
05-29 19:31:36.730 26771 26771 D BluetoothPhonePolicy: Received ACTION_UUID for device 0C:FC:85:36:76:24
05-29 19:31:36.731 26771 26771 D BluetoothPhonePolicy: index=0uuid=00001124-0000-1000-8000-00805f9b34fb
05-29 19:31:36.731 26771 26771 D BluetoothPhonePolicy: index=1uuid=00000000-0000-1000-8000-00805f9b34fb
05-29 19:31:36.731 26771 26771 D BluetoothPhonePolicy: index=2uuid=00000000-0000-1000-8000-00805f9b34fb
05-29 19:31:36.731 26771 26771 D BluetoothPhonePolicy: processInitProfilePriorities() - device 0C:FC:85:36:76:24
05-29 19:31:36.731 26771 26771 D HidService: getHidService(): returning com.android.bluetooth.hid.HidService@fee62ce
05-29 19:31:36.735 26771 26798 D BluetoothAdapterProperties: Scan Mode:23
05-29 19:31:36.739 26771 26828 D BluetoothOppNotification: Completed counter = 0
05-29 19:31:36.746 26771 26782 V BluetoothMapService: getConnectedDevices()
05-29 19:31:36.747 26771 26771 D BluetoothPhonePolicy: Received ACTION_UUID for device 1C:52:16:D6:5D:54
05-29 19:31:36.747 26771 26771 D BluetoothPhonePolicy: index=0uuid=00001101-0000-1000-8000-00805f9b34fb
05-29 19:31:36.747 26771 26771 D BluetoothPhonePolicy: index=1uuid=00001108-0000-1000-8000-00805f9b34fb
05-29 19:31:36.747 26771 26771 D BluetoothPhonePolicy: index=2uuid=0000111e-0000-1000-8000-00805f9b34fb
05-29 19:31:36.747 26771 26771 D BluetoothPhonePolicy: index=3uuid=0000110b-0000-1000-8000-00805f9b34fb
05-29 19:31:36.747 26771 26771 D BluetoothPhonePolicy: index=4uuid=0000110e-0000-1000-8000-00805f9b34fb
05-29 19:31:36.747 26771 26771 D BluetoothPhonePolicy: index=5uuid=00000000-0000-1000-8000-00805f9b34fb
05-29 19:31:36.747 26771 26771 D BluetoothPhonePolicy: index=6uuid=00000000-0000-1000-8000-00805f9b34fb
05-29 19:31:36.747 26771 26771 D BluetoothPhonePolicy: processInitProfilePriorities() - device 1C:52:16:D6:5D:54
05-29 19:31:36.747 26771 26771 D HidService: getHidService(): returning com.android.bluetooth.hid.HidService@fee62ce
05-29 19:31:36.749 26771 26771 D BluetoothMapService: onReceive
05-29 19:31:36.749 26771 26771 D BluetoothMapService: onReceive: android.bluetooth.adapter.action.STATE_CHANGED
05-29 19:31:36.749 26771 26771 D BluetoothMapService: STATE_ON
05-29 19:31:36.754 26771 26771 D BluetoothPbapService: action: android.bluetooth.adapter.action.STATE_CHANGED
05-29 19:31:36.754 26771 26771 D BluetoothPbapService: state: 12
05-29 19:31:36.755 26771 26771 D BluetoothAdapterService: isQuetModeEnabled() - Enabled = false
05-29 19:31:36.755 26771 26771 D BluetoothPhonePolicy: autoConnect() - Initiate auto connection on BT on...
05-29 19:31:36.755 26771 26771 D BluetoothPhonePolicy: autoConnectHeadset, attempt auto-connect with device C9:33:D7:DD:72:38
05-29 19:31:36.756 26771 26771 D BluetoothPhonePolicy: autoConnectHeadset, attempt auto-connect with device 0C:FC:85:36:76:24
05-29 19:31:36.757 26771 26771 D BluetoothPhonePolicy: autoConnectHeadset, attempt auto-connect with device 1C:52:16:D6:5D:54
05-29 19:31:36.758 26771 26771 D BluetoothPhonePolicy: autoConnectHeadset, Connecting HFP with 1C:52:16:D6:5D:54
05-29 19:31:36.758 26771 26771 D HeadsetService: connect: device=1C:52:16:D6:5D:54
05-29 19:31:36.759 26771 26817 D HeadsetStateMachine: Disconnected: connecting to device=1C:52:16:D6:5D:54
05-29 19:31:36.759 26771 26771 D BluetoothPhonePolicy: autoConnectA2dp, attempt auto-connect with device C9:33:D7:DD:72:38
05-29 19:31:36.761 26771 26771 D BluetoothPhonePolicy: autoConnectA2dp, attempt auto-connect with device 0C:FC:85:36:76:24
05-29 19:31:36.761 26771 26817 I BluetoothHeadsetServiceJni: connectHfpNative: sBluetoothHfpInterface: 0xd06fbf88
05-29 19:31:36.762 26771 26798 I bt_btif_queue: queue_int_add: allocating profile queue
05-29 19:31:36.762 26771 26798 I bt_btif_queue: queue_int_add: adding connection request UUID=111F, bd_addr=1c:52:16:d6:5d:54, busy=0
05-29 19:31:36.762 26771 26798 I bt_btif_queue: btif_queue_connect_next: executing connection request UUID=111F, bd_addr=1c:52:16:d6:5d:54, busy=0
05-29 19:31:36.762 26771 26771 D BluetoothPhonePolicy: autoConnectA2dp, attempt auto-connect with device 1C:52:16:D6:5D:54
05-29 19:31:36.763 26771 26771 D BluetoothPhonePolicy: autoConnectA2dp, connecting A2DP with 1C:52:16:D6:5D:54
05-29 19:31:36.768 26771 26820 D A2dpStateMachine: Disconnected process message: 1
05-29 19:31:36.768 26771 26820 D AudioManager: setBluetoothA2dpDeviceConnectionState: state = 1
05-29 19:31:36.768 26771 26771 D BtOppService: start Socket Listeners - fix channel
05-29 19:31:36.768 26771 26771 D BtOppService: stopListeners   mServerSocket :null
05-29 19:31:36.769 26771 26771 D ObexServerSockets: createInsecureWithFixedChannels(rfcomm = 12, l2capPsm = 4131)
05-29 19:31:36.769 26771 26771 D ObexServerSockets: create(rfcomm = 12, l2capPsm = 4131)
05-29 19:31:36.769 26771 26825 V BluetoothMapService: Handler(): got msg=1
05-29 19:31:36.770 26771 26825 D BluetoothMapMasInstance0: Map Service startRfcommSocketListener
05-29 19:31:36.770 26771 26825 D ObexServerSockets: createWithFixedChannels(rfcomm = 26, l2capPsm = 4137)
05-29 19:31:36.770 26771 26825 D ObexServerSockets: create(rfcomm = 26, l2capPsm = 4137)
05-29 19:31:36.771 26771 26771 W BluetoothAdapter: getBluetoothService() called with no BluetoothManagerCallback
05-29 19:31:36.772 26771 26813 I bt_stack: [INFO:port_api.cc(129)] RFCOMM_CreateConnection BDA: ff:ff:ff:ff:ff:ff
05-29 19:31:36.771 26771 26825 W BluetoothAdapter: getBluetoothService() called with no BluetoothManagerCallback
05-29 19:31:36.773 26771 26771 W BluetoothAdapter: getBluetoothService() called with no BluetoothManagerCallback
05-29 19:31:36.774 26771 26820 I BluetoothA2dpServiceJni: connectA2dpNative: sBluetoothA2dpInterface: 0xd06fbe08
05-29 19:31:36.774 26771 26820 D A2dpStateMachine: Exit Disconnected: 1
05-29 19:31:36.774 26771 26798 I bt_btif_queue: queue_int_add: adding connection request UUID=110A, bd_addr=1c:52:16:d6:5d:54, busy=0
05-29 19:31:36.775 26771 26820 D A2dpStateMachine: Enter Pending: 1
05-29 19:31:36.775 26771 26798 I bt_btif_queue: btif_queue_connect_next: executing connection request UUID=111F, bd_addr=1c:52:16:d6:5d:54, busy=1
05-29 19:31:36.776 26771 26813 I bt_stack: [INFO:port_api.cc(129)] RFCOMM_CreateConnection BDA: ff:ff:ff:ff:ff:ff
05-29 19:31:36.776 26771 26825 W BluetoothAdapter: getBluetoothService() called with no BluetoothManagerCallback
05-29 19:31:36.777 26771 26771 D ObexServerSockets: Succeed to create listening sockets 
05-29 19:31:36.777 26771 26771 D ObexServerSockets0: startAccept()
05-29 19:31:36.777 26771 26771 D ObexServerSockets0: prepareForNewConnect()
05-29 19:31:36.778 26771 26825 D ObexServerSockets: Succeed to create listening sockets 
05-29 19:31:36.778 26771 26825 D ObexServerSockets1: startAccept()
05-29 19:31:36.778 26771 26825 D ObexServerSockets1: prepareForNewConnect()
05-29 19:31:36.779 26771 26771 D BluetoothSdpJni: sdpCreateOppOpsRecordNative
05-29 19:31:36.779 26771 26771 D BluetoothSdpJni: SDP Create record success - handle: 0
05-29 19:31:36.779 26771 26771 D BtOppService: mOppSdpHandle :0
05-29 19:31:36.779 26771 26825 D BluetoothSdpJni: sdpCreateMapMasRecordNative
05-29 19:31:36.779 26771 26825 D BluetoothSdpJni: SDP Create record success - handle: 1
05-29 19:31:36.779 26771 26825 D BluetoothMapMasInstance0: Creating new SDP record for MAS instance: 0 Object reference: MasId: 0 Uri:null SMS/MMS:trueSDP handle: 1
05-29 19:31:36.780 26771 26771 D BluetoothPbapService: startsocketListener
05-29 19:31:36.780 26771 26771 D ObexServerSockets: createWithFixedChannels(rfcomm = 19, l2capPsm = 4133)
05-29 19:31:36.780 26771 26771 D ObexServerSockets: create(rfcomm = 19, l2capPsm = 4133)
05-29 19:31:36.780 26771 26771 W BluetoothAdapter: getBluetoothService() called with no BluetoothManagerCallback
05-29 19:31:36.780 26771 26834 D ObexServerSockets0: Accepting socket connection...
05-29 19:31:36.781 26771 26813 I bt_stack: [INFO:gatt_api.cc(1004)] GATT_Register
05-29 19:31:36.781 26771 26813 I bt_stack: [INFO:gatt_api.cc(1027)] allocated gatt_if=5
05-29 19:31:36.782 26771 26813 I bt_stack: [INFO:port_api.cc(129)] RFCOMM_CreateConnection BDA: ff:ff:ff:ff:ff:ff
05-29 19:31:36.782 26771 26837 D ObexServerSockets1: Accepting socket connection...
05-29 19:31:36.783 26771 26836 D ObexServerSockets1: Accepting socket connection...
05-29 19:31:36.783 26771 26835 D ObexServerSockets0: Accepting socket connection...
05-29 19:31:36.783 26771 26771 W BluetoothAdapter: getBluetoothService() called with no BluetoothManagerCallback
05-29 19:31:36.785 26771 26771 D ObexServerSockets: Succeed to create listening sockets 
05-29 19:31:36.785 26771 26771 D ObexServerSockets2: startAccept()
05-29 19:31:36.785 26771 26771 D ObexServerSockets2: prepareForNewConnect()
05-29 19:31:36.786 26771 26771 D BluetoothSdpJni: sdpCreatePbapPseRecordNative
05-29 19:31:36.786 26771 26771 D BluetoothSdpJni: SDP Create record success - handle: 2
05-29 19:31:36.787 26771 26838 D ObexServerSockets2: Accepting socket connection...
05-29 19:31:36.787 26771 26839 D ObexServerSockets2: Accepting socket connection...
05-29 19:31:36.789 26771 26771 D BluetoothPbapService: PBAP server with handle:2
05-29 19:31:36.789 26771 26771 D BluetoothAdapterProperties: PROFILE_CONNECTION_STATE_CHANGE: profile=1, device=1C:52:16:D6:5D:54, 0 -> 1
05-29 19:31:36.790 26771 26771 D BluetoothAdapterProperties: ADAPTER_CONNECTION_STATE_CHANGE: 1C:52:16:D6:5D:54: 0 -> 1
05-29 19:31:36.793 26771 26771 D A2dpStateMachine: Connection state 1C:52:16:D6:5D:54: 0->1
05-29 19:31:36.796 26771 26771 D BluetoothPhonePolicy: processProfileStateChanged, device=1C:52:16:D6:5D:54, profile=1, 0 -> 1
05-29 19:31:36.796 26771 26771 D BluetoothAdapterProperties: PROFILE_CONNECTION_STATE_CHANGE: profile=2, device=1C:52:16:D6:5D:54, 0 -> 1
05-29 19:31:36.796 26771 26771 D BluetoothPhonePolicy: processProfileStateChanged, device=1C:52:16:D6:5D:54, profile=2, 0 -> 1
05-29 19:31:36.797 26771 26818 V BluetoothMapService: getConnectedDevices()
05-29 19:31:36.799 26771 26805 D BluetoothAdapterService: getAdapterService() - returning com.android.bluetooth.btservice.AdapterService@f75d1c5
05-29 19:31:36.800 26771 26833 V BluetoothMapService: getConnectionState()
05-29 19:31:36.814 26771 26818 V BluetoothMapService: getConnectedDevices()
05-29 19:31:36.826 26771 26833 V BluetoothMapService: getConnectedDevices()
05-29 19:31:36.827 26771 26833 V BluetoothMapService: getConnectionState()
05-29 19:31:36.844 26771 26798 D BluetoothAdapterProperties: Discoverable Timeout:300
05-29 19:31:36.847 26771 26798 D BluetoothAdapterProperties: Scan Mode:23
05-29 19:31:37.060 26771 26813 I bt_stack: [INFO:gatt_api.cc(1004)] GATT_Register
05-29 19:31:37.061 26771 26813 I bt_stack: [INFO:gatt_api.cc(1027)] allocated gatt_if=6
05-29 19:31:37.133 26771 26771 I chenxingsm: mapLteSignalLevel - rsrp:-113 snr:42 rsrpIconLevel:2 snrIconLevel:-1
05-29 19:31:37.685 26771 26980 D BluetoothOppNotification: Completed counter = 0
05-29 19:31:42.258 26771 26771 I chenxingsm: mapLteSignalLevel - rsrp:-112 snr:52 rsrpIconLevel:2 snrIconLevel:-1
05-29 19:31:42.836 26771 26813 I bt_stack: [INFO:gatt_api.cc(1004)] GATT_Register
05-29 19:31:42.836 26771 26813 I bt_stack: [INFO:gatt_api.cc(1027)] allocated gatt_if=5
05-29 19:31:43.136 26771 26813 I bt_stack: [INFO:gatt_api.cc(1004)] GATT_Register
05-29 19:31:43.136 26771 26813 I bt_stack: [INFO:gatt_api.cc(1027)] allocated gatt_if=6
05-29 19:31:43.451 26771 26813 W bt_sdp  : SDP - Rcvd conn cnf with error: 0x4  CID 0x40
05-29 19:31:43.452 26771 26813 I bt_stack: [INFO:port_api.cc(129)] RFCOMM_CreateConnection BDA: ff:ff:ff:ff:ff:ff
05-29 19:31:43.452 26771 26813 I bt_stack: [INFO:port_api.cc(129)] RFCOMM_CreateConnection BDA: ff:ff:ff:ff:ff:ff
05-29 19:31:43.453 26771 26798 I BluetoothHeadsetServiceJni: connection_state_callback
05-29 19:31:43.454 26771 26798 I bt_btif_queue: queue_int_advance: removing connection request UUID=111F, bd_addr=1c:52:16:d6:5d:54, busy=1
05-29 19:31:43.455 26771 26798 I bt_btif_queue: btif_queue_connect_next: executing connection request UUID=110A, bd_addr=1c:52:16:d6:5d:54, busy=0
05-29 19:31:43.455 26771 26798 I BluetoothA2dpServiceJni: bta2dp_connection_state_callback
05-29 19:31:43.455 26771 26817 D HeadsetStateMachine: Pending: processConnectionEvent, state=0, device=1C:52:16:D6:5D:54
05-29 19:31:43.455 26771 26813 E bt_btif : bta_av_save_addr: reset flags
05-29 19:31:43.456 26771 26820 D A2dpStateMachine: Pending process message: 101
05-29 19:31:43.457 26771 26820 D A2dpStateMachine: Stack and target device are connecting
05-29 19:31:43.460 26771 26817 D HeadsetStateMachine: Pending: removed CONNECT_TIMEOUT for device=1C:52:16:D6:5D:54
05-29 19:31:43.473 26771 26771 D BluetoothAdapterProperties: PROFILE_CONNECTION_STATE_CHANGE: profile=1, device=1C:52:16:D6:5D:54, 1 -> 0
05-29 19:31:43.474 26771 26771 D BluetoothPhonePolicy: processProfileStateChanged, device=1C:52:16:D6:5D:54, profile=1, 1 -> 0
05-29 19:31:45.734 26771 26813 I bt_stack: [INFO:gatt_api.cc(1004)] GATT_Register
05-29 19:31:45.734 26771 26813 I bt_stack: [INFO:gatt_api.cc(1027)] allocated gatt_if=5
05-29 19:31:46.935 26771 26813 I bt_stack: [INFO:gatt_api.cc(1004)] GATT_Register
05-29 19:31:46.935 26771 26813 I bt_stack: [INFO:gatt_api.cc(1027)] allocated gatt_if=5
05-29 19:31:50.143 26771 26813 W bt_sdp  : SDP - Rcvd conn cnf with error: 0x4  CID 0x41
05-29 19:31:50.144 26771 26813 E bt_btif : bta_av_sdp_failed: peer_addr=1c:52:16:d6:5d:54 open_status=0
05-29 19:31:50.144 26771 26813 W bt_btif : bta_av_str_closed: peer_addr=1c:52:16:d6:5d:54 open_status=2 chnl=64 hndl=65 co_started=0
05-29 19:31:50.144 26771 26813 W bt_btif : bta_dm_rm_cback:0, status:1
05-29 19:31:50.144 26771 26813 W bt_btif : bta_dm_act no entry for connected service cbs
05-29 19:31:50.144 26771 26798 W bt_btif : btif_av_state_opening_handler: BTA_AV_OPEN_EVT status=2, edr=0x30
05-29 19:31:50.144 26771 26798 W bt_btif : btif_av_state_opening_handler: BTA_AV_OPEN_EVT::FAILED status: 2
05-29 19:31:50.144 26771 26798 E bt_btif : get_connected_device: returning NULL
05-29 19:31:50.144 26771 26798 I BluetoothA2dpServiceJni: bta2dp_connection_state_callback
05-29 19:31:50.145 26771 26798 D a2dp_codec: init
05-29 19:31:50.145 26771 26798 D a2dp_codec: createCodec: codec SBC
05-29 19:31:50.145 26771 26798 I a2dp_codec: init: updated SBC codec priority to 1001
05-29 19:31:50.145 26771 26798 D a2dp_codec: createCodec: codec AAC
05-29 19:31:50.145 26771 26820 D A2dpStateMachine: Pending process message: 101
05-29 19:31:50.145 26771 26798 I a2dp_codec: init: updated AAC codec priority to 2001
05-29 19:31:50.145 26771 26798 D a2dp_codec: createCodec: codec aptX
05-29 19:31:50.145 26771 26820 D AudioManager: setBluetoothA2dpDeviceConnectionState: state = 0
05-29 19:31:50.146 26771 26798 E a2dp_vendor_aptx_encoder: A2DP_VendorLoadEncoderAptx: cannot open aptX encoder library libaptX_encoder.so: dlopen failed: library "libaptX_encoder.so" not found
05-29 19:31:50.146 26771 26798 E a2dp_vendor_aptx: init: cannot load the encoder
05-29 19:31:50.146 26771 26798 D a2dp_codec: createCodec: codec aptX-HD
05-29 19:31:50.147 26771 26798 E a2dp_vendor_aptx_hd_encoder: A2DP_VendorLoadEncoderAptxHd: cannot open aptX-HD encoder library libaptXHD_encoder.so: dlopen failed: library "libaptXHD_encoder.so" not found
05-29 19:31:50.147 26771 26798 E a2dp_vendor_aptx_hd: init: cannot load the encoder
05-29 19:31:50.147 26771 26798 D a2dp_codec: createCodec: codec LDAC
05-29 19:31:50.147 26771 26798 I a2dp_codec: init: updated LDAC codec priority to 5001
05-29 19:31:50.147 26771 26798 D a2dp_codec: createCodec: codec SBC SINK
05-29 19:31:50.147 26771 26798 I a2dp_codec: init: initialized Source codec LDAC
05-29 19:31:50.147 26771 26798 I a2dp_codec: init: initialized Source codec AAC
05-29 19:31:50.147 26771 26798 I a2dp_codec: init: initialized Source codec SBC
05-29 19:31:50.147 26771 26798 I a2dp_codec: init: initialized Sink codec SBC(Sink)
05-29 19:31:50.147 26771 26798 W bt_btif : ## ON A2DP IDLE ## peer_sep = 0
05-29 19:31:50.147 26771 26798 I bt_btif_queue: queue_int_advance: removing connection request UUID=110A, bd_addr=1c:52:16:d6:5d:54, busy=1
05-29 19:31:50.147 26771 26798 I BluetoothA2dpServiceJni: bta2dp_audio_config_callback
05-29 19:31:50.148 26771 26798 D A2dpStateMachine: A2DP Codec Config: null->{codecName:SBC,mCodecType:0,mCodecPriority:0,mSampleRate:0x0(NONE),mBitsPerSample:0x0(NONE),mChannelMode:0x0(NONE),mCodecSpecific1:0,mCodecSpecific2:0,mCodecSpecific3:0,mCodecSpecific4:0}
05-29 19:31:50.149 26771 26798 D A2dpStateMachine: A2DP Codec Local Capability: {codecName:LDAC,mCodecType:4,mCodecPriority:5001,mSampleRate:0xf(44100|48000|88200|96000),mBitsPerSample:0x7(16|24|32),mChannelMode:0x2(STEREO),mCodecSpecific1:0,mCodecSpecific2:0,mCodecSpecific3:0,mCodecSpecific4:0}
05-29 19:31:50.149 26771 26798 D A2dpStateMachine: A2DP Codec Local Capability: {codecName:AAC,mCodecType:1,mCodecPriority:2001,mSampleRate:0x1(44100),mBitsPerSample:0x1(16),mChannelMode:0x2(STEREO),mCodecSpecific1:0,mCodecSpecific2:0,mCodecSpecific3:0,mCodecSpecific4:0}
