--------- beginning of main
04-11 19:46:19.555 24189 24189 D BluetoothOppFileProvider: Initialized
04-11 19:46:19.581 24189 24189 D AdapterServiceConfig: Adding HeadsetService
04-11 19:46:19.583 24189 24189 D AdapterServiceConfig: Adding A2dpService
04-11 19:46:19.583 24189 24189 D AdapterServiceConfig: Adding HidService
04-11 19:46:19.584 24189 24189 D AdapterServiceConfig: Adding HealthService
04-11 19:46:19.584 24189 24189 D AdapterServiceConfig: Adding PanService
04-11 19:46:19.584 24189 24189 D AdapterServiceConfig: Adding GattService
04-11 19:46:19.584 24189 24189 D AdapterServiceConfig: Adding BluetoothMapService
04-11 19:46:19.584 24189 24189 D AdapterServiceConfig: Adding HeadsetClientService
04-11 19:46:19.584 24189 24189 D AdapterServiceConfig: Adding AvrcpControllerService
04-11 19:46:19.584 24189 24189 D AdapterServiceConfig: Adding SapService
04-11 19:46:19.585 24189 24189 W AdapterServiceConfig: Could not find profile bit mask
04-11 19:46:19.585 24189 24189 D AdapterServiceConfig: Adding BluetoothOppService
04-11 19:46:19.585 24189 24189 W AdapterServiceConfig: Could not find profile bit mask
04-11 19:46:19.585 24189 24189 D AdapterServiceConfig: Adding BluetoothPbapService
04-11 19:46:19.611 24189 24189 D BluetoothAdapterService: onCreate()
04-11 19:46:19.617 24189 24189 D BluetoothAdapterState: make() - Creating AdapterState
04-11 19:46:19.619 24189 24189 I bt_btif : init
04-11 19:46:19.620 24189 24204 I BluetoothAdapterState: Entering OffState
04-11 19:46:19.620 24189 24189 D bt_osi_allocation_tracker: canary initialized
04-11 19:46:19.620 24189 24205 I bt_osi_thread: run_thread: thread id 24205, thread name stack_manager started
04-11 19:46:19.621 24189 24205 I bt_stack_manager: event_init_stack is initializing the stack
04-11 19:46:19.623 24189 24208 I bt_osi_thread: run_thread: thread id 24208, thread name alarm_default_ca started
04-11 19:46:19.624 24189 24209 I bt_osi_thread: run_thread: thread id 24209, thread name alarm_dispatcher started
04-11 19:46:19.627 24189 24205 I bt_btif_core: btif_init_bluetooth entered
04-11 19:46:19.627 24189 24205 I bt_stack_config: init attempt to load stack conf from /etc/bluetooth/bt_stack.conf
04-11 19:46:19.628 24189 24210 I bt_osi_thread: run_thread: thread id 24210, thread name bt_jni_workqueue started
04-11 19:46:19.629 24189 24205 I bt_btif_core: btif_init_bluetooth finished
04-11 19:46:19.629 24189 24205 I bt_stack_manager: event_init_stack finished
04-11 19:46:19.629 24189 24210 I bt_btif_core: run_message_loop entered
04-11 19:46:19.629 24189 24189 I bt_osi_wakelock: wakelock_set_os_callouts set to non-native
04-11 19:46:19.629 24189 24189 I bt_btif : get_profile_interface: id = socket
04-11 19:46:19.629 24189 24210 E bt_btif_storage: btif_storage_get_adapter_property: Controller not ready! Unable to return Bluetooth Address
04-11 19:46:19.630 24189 24210 E BluetoothServiceJni: adapter_properties_callback: Status 1 is incorrect
04-11 19:46:19.632 24189 24189 I bt_btif : get_profile_interface: id = sdp
04-11 19:46:19.633 24189 24210 D BluetoothAdapterProperties: Name is: LeEco Le 2
04-11 19:46:19.637 24189 24189 I BluetoothAdapterService: Phone policy enabled
04-11 19:46:19.640 24189 24189 D BluetoothAdapterService: setAdapterService() - set to: null
04-11 19:46:19.641 24189 24189 D BluetoothAdapterService: onBind()
04-11 19:46:19.666 24189 24201 D BluetoothAdapterService: enable() - Enable called with quiet mode status =  false
04-11 19:46:19.667 24189 24204 D BluetoothAdapterState: Current state: OFF, message: 0
04-11 19:46:19.667 24189 24204 D BluetoothAdapterProperties: Setting state to 14
04-11 19:46:19.667 24189 24204 I BluetoothAdapterState: Bluetooth adapter state changed: 10-> 14
04-11 19:46:19.667 24189 24204 D BluetoothAdapterService: updateAdapterState() - Broadcasting state to 1 receivers.
04-11 19:46:19.669 24189 24204 D BluetoothAdapterService: BleOnProcessStart()
04-11 19:46:19.674 24189 24204 D BluetoothAdapterService: BleOnProcessStart() - Make Bond State Machine
04-11 19:46:19.674 24189 24204 D BluetoothBondStateMachine: make
04-11 19:46:19.676 24189 24216 I BluetoothBondStateMachine: StableState(): Entering Off State
04-11 19:46:19.678 24189 24204 D BluetoothAdapterService: setProfileServiceState() - Starting service com.android.bluetooth.gatt.GattService
04-11 19:46:19.683 24189 24204 I BluetoothAdapterState: Entering PendingCommandState
04-11 19:46:19.686 24189 24189 I BtGatt.JNI: classInitNative(L871): classInitNative: Success!
04-11 19:46:19.688 24189 24189 D BtGatt.DebugUtils: handleDebugAction() action=null
04-11 19:46:19.688 24189 24189 D BluetoothAdapterService: getAdapterService() - returning com.android.bluetooth.btservice.AdapterService@e97793c
04-11 19:46:19.689 24189 24189 D BtGatt.GattService: Received start request. Starting profile...
04-11 19:46:19.690 24189 24189 I bt_btif : get_profile_interface: id = gatt
04-11 19:46:19.692 24189 24189 D BluetoothAdapterService: getAdapterService() - returning com.android.bluetooth.btservice.AdapterService@e97793c
04-11 19:46:19.703 24189 24189 I chatty  : uid=1002(bluetooth) com.android.bluetooth identical 1 line
04-11 19:46:19.704 24189 24189 D BluetoothAdapterService: getAdapterService() - returning com.android.bluetooth.btservice.AdapterService@e97793c
04-11 19:46:19.706 24189 24189 D BluetoothAdapterService: handleMessage() - Message: 1
04-11 19:46:19.706 24189 24189 D BluetoothAdapterService: handleMessage() - MESSAGE_PROFILE_SERVICE_STATE_CHANGED
04-11 19:46:19.706 24189 24189 D BluetoothAdapterService: processProfileServiceStateChanged() - serviceName=com.android.bluetooth.gatt.GattService isTurningOn=false isTurningOff=false isBleTurningOn=true isBleTurningOff=false
04-11 19:46:19.707 24189 24189 D BluetoothAdapterService: GattService is started
04-11 19:46:19.708 24189 24204 V BluetoothAdapterState: PendingCommand - transient state(s): isBleTurningOn
04-11 19:46:19.708 24189 24204 D BluetoothAdapterState: Current state: PENDING_COMMAND, message: 4
04-11 19:46:19.711 24189 24204 I bt_btif : enable: start restricted = 0
04-11 19:46:19.712 24189 24205 I bt_stack_manager: event_start_up_stack is bringing up the stack
04-11 19:46:19.713 24189 24205 I bt_core_module: module_start_up Starting module "btif_config_module"
04-11 19:46:19.713 24189 24205 I bt_core_module: module_start_up Started module "btif_config_module"
04-11 19:46:19.713 24189 24205 I bt_core_module: module_start_up Starting module "btsnoop_module"
04-11 19:46:19.714 24189 24205 I bt_core_module: module_start_up Started module "btsnoop_module"
04-11 19:46:19.714 24189 24205 I bt_core_module: module_start_up Starting module "hci_module"
04-11 19:46:19.714 24189 24205 I bt_hci  : hci_module_start_up
04-11 19:46:19.715 24189 24220 I bt_osi_thread: run_thread: thread id 24220, thread name hci_thread started
04-11 19:46:19.716 24189 24205 D bt_hci  : hci_module_start_up starting async portion
04-11 19:46:19.716 24189 24220 I bt_hci  : hci_initialize
04-11 19:46:19.722 24189 24220 I bt_hci  : hci_initialize: IBluetoothHci::getService() returned 0x7f0263d480 (remote)
04-11 19:46:19.832 24189 24220 I bt_hci  : event_finish_startup
04-11 19:46:19.835 24189 24205 I bt_core_module: module_start_up Started module "hci_module"
04-11 19:46:19.836 24189 24225 I bt_osi_thread: run_thread: thread id 24225, thread name bt_workqueue started
04-11 19:46:19.838 24189 24225 I         : [0411/194619:INFO:btu_task.cc(107)] Bluetooth chip preload is complete
04-11 19:46:19.839 24189 24225 I         : [0411/194619:INFO:gatt_api.cc(1004)] GATT_Register
04-11 19:46:19.839 24189 24225 I         : [0411/194619:INFO:gatt_api.cc(1027)] allocated gatt_if=1
04-11 19:46:19.839 24189 24225 I         : [0411/194619:INFO:gatt_api.cc(207)] GATTS_AddService
04-11 19:46:19.840 24189 24225 I         : [0411/194619:INFO:gatt_api.cc(317)] GATTS_AddService: service parsed correctly, now starting
04-11 19:46:19.840 24189 24225 E         : [0411/194619:ERROR:gatt_attr.cc(301)] gatt_profile_db_init:  gatt_if=1
04-11 19:46:19.840 24189 24225 I         : [0411/194619:INFO:gatt_api.cc(1004)] GATT_Register
04-11 19:46:19.840 24189 24225 I         : [0411/194619:INFO:gatt_api.cc(1027)] allocated gatt_if=2
04-11 19:46:19.841 24189 24225 I         : [0411/194619:INFO:gatt_api.cc(207)] GATTS_AddService
04-11 19:46:19.841 24189 24225 I         : [0411/194619:INFO:gatt_api.cc(317)] GATTS_AddService: service parsed correctly, now starting
04-11 19:46:19.842 24189 24226 I bt_osi_thread: run_thread: thread id 24226, thread name btu message loop started
04-11 19:46:19.845 24189 24227 I bt_osi_thread: run_thread: thread id 24227, thread name module_wrapper started
04-11 19:46:19.846 24189 24227 I bt_core_module: module_start_up Starting module "controller_module"
04-11 19:46:20.060 24189 24227 I bt_core_module: module_start_up Started module "controller_module"
04-11 19:46:20.061 24189 24227 W bt_osi_thread: run_thread: thread id 24227, thread name module_wrapper exited
04-11 19:46:20.061 24189 24225 W bt_btm  : btm_decode_ext_features_page: feature page 1 ignored
04-11 19:46:20.061 24189 24225 W bt_btm  : btm_decode_ext_features_page: feature page 2 ignored
04-11 19:46:20.061 24189 24226 I bt_btm_sec: BTM_SecRegister p_cb_info->p_le_callback == 0x0x7ef4984d2c
04-11 19:46:20.062 24189 24226 I bt_btm_sec: BTM_SecRegister btm_cb.api.p_le_callback = 0x0x7ef4984d2c 
04-11 19:46:20.064 24189 24226 I bt_stack: [INFO:gatt_api.cc(1004)] GATT_Register
04-11 19:46:20.064 24189 24226 I bt_stack: [INFO:gatt_api.cc(1027)] allocated gatt_if=3
04-11 19:46:20.085 24189 24226 I bt_stack: [INFO:ble_advertiser_hci_interface.cc(708)] VSC advertising will be in use
04-11 19:46:20.086 24189 24226 I bt_stack: [INFO:ble_advertiser_hci_interface.cc(259)] QuirkAdvertiserZeroHandle in use
04-11 19:46:20.086 24189 24210 D BluetoothAdapterProperties: BT_PROPERTY_LOCAL_LE_FEATURES: update from BT controller mNumOfAdvertisementInstancesSupported = 10 mRpaOffloadSupported = true mNumOfOffloadedIrkSupported = 8 mNumOfOffloadedScanFilterSupported = 16 mOffloadedScanResultStorageBytes= 10240 mIsActivityAndEnergyReporting = true mVersSupported = 96 mTotNumOfTrackableAdv = 32 mIsExtendedScanSupported = true mIsDebugLogSupported = true mIsLe2MPhySupported = false mIsLeCodedPhySupported = false mIsLeExtendedAdvertisingSupported = false mIsLePeriodicAdvertisingSupported = false mLeMaximumAdvertisingDataLength = 31
04-11 19:46:20.092 24189 24210 E bt_btif_storage: btif_storage_get_adapter_property: Controller ready!
04-11 19:46:20.092 24189 24210 I bt_btif_storage: btif_storage_get_adapter_property service_mask:0x20000000
04-11 19:46:20.094 24189 24210 D BluetoothAdapterProperties: Address is:80:1D:00:33:D8:82
04-11 19:46:20.096 24189 24210 D BluetoothAdapterProperties: Name is: LeEco Le 2
04-11 19:46:20.098 24189 24210 D BluetoothAdapterProperties: Scan Mode:20
04-11 19:46:20.098 24189 24210 D BluetoothAdapterProperties: Discoverable Timeout:120
04-11 19:46:20.099 24189 24210 I bt_btif_core: btif_enable_bluetooth_evt entered: status 0
04-11 19:46:20.100 24189 24229 I bt_osi_thread: run_thread: thread id 24229, thread name btif_sock started
04-11 19:46:20.101 24189 24210 D bt_bte_conf: Device ID record 1 : primary
04-11 19:46:20.101 24189 24210 D bt_bte_conf:   vendorId            = 000f
04-11 19:46:20.101 24189 24210 D bt_bte_conf:   vendorIdSource      = 0001
04-11 19:46:20.101 24189 24210 D bt_bte_conf:   product             = 1200
04-11 19:46:20.101 24189 24210 D bt_bte_conf:   version             = 1436
04-11 19:46:20.101 24189 24210 D bt_bte_conf:   clientExecutableURL = 
04-11 19:46:20.101 24189 24210 D bt_bte_conf:   serviceDescription  = 
04-11 19:46:20.101 24189 24210 D bt_bte_conf:   documentationURL    = 
04-11 19:46:20.101 24189 24210 D bt_bte_conf: bte_load_did_conf no section named DID2.
04-11 19:46:20.101 24189 24210 I bt_btif_core: btif_enable_bluetooth_evt finished
04-11 19:46:20.101 24189 24205 I bt_stack_manager: event_start_up_stack finished
04-11 19:46:20.102 24189 24204 V BluetoothAdapterState: PendingCommand - transient state(s): isBleTurningOn
04-11 19:46:20.102 24189 24204 D BluetoothAdapterState: Current state: PENDING_COMMAND, message: 3
04-11 19:46:20.102 24189 24204 D BluetoothAdapterProperties: Setting state to 15
04-11 19:46:20.102 24189 24204 I BluetoothAdapterState: Bluetooth adapter state changed: 14-> 15
04-11 19:46:20.103 24189 24204 D BluetoothAdapterService: updateAdapterState() - Broadcasting state to 1 receivers.
04-11 19:46:20.103 24189 24204 I BluetoothAdapterState: Entering BleOnState
04-11 19:46:20.108 24189 24204 D BluetoothAdapterState: Current state: BLE ON, message: 1
04-11 19:46:20.108 24189 24204 D BluetoothAdapterProperties: Setting state to 11
04-11 19:46:20.108 24189 24204 I BluetoothAdapterState: Bluetooth adapter state changed: 15-> 11
04-11 19:46:20.108 24189 24204 D BluetoothAdapterService: updateAdapterState() - Broadcasting state to 1 receivers.
04-11 19:46:20.109 24189 24204 D BluetoothAdapterService: startCoreServices()
04-11 19:46:20.109 24189 24204 D BluetoothAdapterService: setProfileServiceState() - Starting service com.android.bluetooth.hfp.HeadsetService
04-11 19:46:20.113 24189 24189 D BluetoothAdapterService: getAdapterService() - returning com.android.bluetooth.btservice.AdapterService@e97793c
04-11 19:46:20.114 24189 24204 D BluetoothAdapterService: setProfileServiceState() - Starting service com.android.bluetooth.a2dp.A2dpService
04-11 19:46:20.114 24189 24189 D HeadsetService: Received start request. Starting profile...
04-11 19:46:20.116 24189 24189 I BluetoothHeadsetServiceJni: classInitNative: succeeds
04-11 19:46:20.116 24189 24189 D HeadsetStateMachine: make
04-11 19:46:20.117 24189 24204 D BluetoothAdapterService: setProfileServiceState() - Starting service com.android.bluetooth.hid.HidService
04-11 19:46:20.125 24189 24204 D BluetoothAdapterService: setProfileServiceState() - Starting service com.android.bluetooth.hdp.HealthService
04-11 19:46:20.131 24189 24204 D BluetoothAdapterService: setProfileServiceState() - Starting service com.android.bluetooth.pan.PanService
04-11 19:46:20.131 24189 24189 D HeadsetStateMachine: max_hf_connections = 1
04-11 19:46:20.131 24189 24189 D HeadsetStateMachine: in-band_ringing_support = true
04-11 19:46:20.132 24189 24189 I bt_btif : get_profile_interface: id = handsfree
04-11 19:46:20.133 24189 24226 I bt_stack: [INFO:port_api.cc(123)] RFCOMM_CreateConnection BDA: ff:ff:ff:ff:ff:ff
04-11 19:46:20.133 24189 24226 I bt_stack: [INFO:port_api.cc(123)] RFCOMM_CreateConnection BDA: ff:ff:ff:ff:ff:ff
04-11 19:46:20.133 24189 24210 I bt_btif_storage: btif_storage_get_adapter_property service_mask:0x20000040
04-11 19:46:20.133 24189 24210 E bt_btif : btif_hf_upstreams_evt: Invalid index 23509
04-11 19:46:20.137 24189 24189 D BluetoothAdapterService: getAdapterService() - returning com.android.bluetooth.btservice.AdapterService@e97793c
04-11 19:46:20.137 24189 24204 D BluetoothAdapterService: setProfileServiceState() - Starting service com.android.bluetooth.map.BluetoothMapService
04-11 19:46:20.138 24189 24189 D BluetoothAdapterService: getAdapterService() - returning com.android.bluetooth.btservice.AdapterService@e97793c
04-11 19:46:20.139 24189 24189 D A2dpService: Received start request. Starting profile...
04-11 19:46:20.139 24189 24204 D BluetoothAdapterService: setProfileServiceState() - Starting service com.android.bluetooth.hfpclient.HeadsetClientService
04-11 19:46:20.140 24189 24189 I BluetoothAvrcpServiceJni: classInitNative: succeeds
04-11 19:46:20.140 24189 24189 V Avrcp   : make
04-11 19:46:20.143 24189 24189 I bt_btif : get_profile_interface: id = avrcp
04-11 19:46:20.143 24189 24204 D BluetoothAdapterService: setProfileServiceState() - Starting service com.android.bluetooth.avrcpcontroller.AvrcpControllerService
04-11 19:46:20.146 24189 24204 D BluetoothAdapterService: setProfileServiceState() - Starting service com.android.bluetooth.sap.SapService
04-11 19:46:20.151 24189 24204 D BluetoothAdapterService: setProfileServiceState() - Starting service com.android.bluetooth.opp.BluetoothOppService
04-11 19:46:20.154 24189 24204 D BluetoothAdapterService: setProfileServiceState() - Starting service com.android.bluetooth.pbap.BluetoothPbapService
04-11 19:46:20.157 24189 24204 I BluetoothAdapterState: Entering PendingCommandState
04-11 19:46:20.158 24189 24189 V Avrcp   : initMediaPlayerInfoList: 0 controllers
04-11 19:46:20.160 24189 24189 V Avrcp   : updatePlaybackState (1): -1➡0(PlaybackState {state=0, position=-1, buffered position=0, speed=0.0, updated=339782045, actions=0, custom actions=[], active item id=-1, error=null})
04-11 19:46:20.161 24189 24189 I Avrcp   : Skipping update due to invalid playback state
04-11 19:46:20.161 24189 24189 E Avrcp   : play status change -1➡0 mPlayStatusChangedNT: 1
04-11 19:46:20.161 24189 24189 E bt_btif : register_notification_rsp: Avrcp device is not connected, handle: 0x0
04-11 19:46:20.161 24189 24189 D Avrcp   : sendPlayPosNotificationRsp: Not registered or requesting.
04-11 19:46:20.162 24189 24189 D Avrcp   : User already unlocked, initializing player lists
04-11 19:46:20.164 24189 24189 V Avrcp   : updatePlaybackState (1): 0➡0(PlaybackState {state=0, position=-1, buffered position=0, speed=0.0, updated=339782050, actions=0, custom actions=[], active item id=-1, error=null})
04-11 19:46:20.164 24189 24189 I Avrcp   : Skipping update due to invalid playback state
04-11 19:46:20.164 24189 24189 E Avrcp   : play status change 0➡0 mPlayStatusChangedNT: 1
04-11 19:46:20.164 24189 24189 D Avrcp   : sendPlayPosNotificationRsp: Not registered or requesting.
04-11 19:46:20.166 24189 24189 I BluetoothA2dpServiceJni: classInitNative: succeeds
04-11 19:46:20.166 24189 24189 D A2dpStateMachine: make
04-11 19:46:20.167 24189 24189 I bt_btif : get_profile_interface: id = a2dp
04-11 19:46:20.168 24189 24234 I bt_osi_thread: run_thread: thread id 24234, thread name btif_a2dp_source started
04-11 19:46:20.168 24189 24189 D a2dp_codec: init
04-11 19:46:20.168 24189 24189 D a2dp_codec: createCodec: codec SBC
04-11 19:46:20.168 24189 24189 I a2dp_codec: init: updated SBC codec priority to 1001
04-11 19:46:20.169 24189 24210 I bt_btif_storage: btif_storage_get_adapter_property service_mask:0x20000048
04-11 19:46:20.169 24189 24189 D a2dp_codec: createCodec: codec AAC
04-11 19:46:20.169 24189 24189 I a2dp_codec: init: updated AAC codec priority to 2001
04-11 19:46:20.169 24189 24226 I bt_bta_av: AVRCP version used for sdp: "avrcp14"
04-11 19:46:20.169 24189 24189 D a2dp_codec: createCodec: codec aptX
04-11 19:46:20.169 24189 24210 E bt_btif : btif_sm_dispatch : Invalid handle
04-11 19:46:20.170 24189 24210 E bt_btif : btif_sm_dispatch : Invalid handle
04-11 19:46:20.172 24189 24189 E a2dp_vendor_aptx_encoder: A2DP_VendorLoadEncoderAptx: cannot open aptX encoder library libaptX_encoder.so: dlopen failed: library "libaptX_encoder.so" not found
04-11 19:46:20.172 24189 24189 E a2dp_vendor_aptx: init: cannot load the encoder
04-11 19:46:20.172 24189 24189 D a2dp_codec: createCodec: codec aptX-HD
04-11 19:46:20.172 24189 24189 E a2dp_vendor_aptx_hd_encoder: A2DP_VendorLoadEncoderAptxHd: cannot open aptX-HD encoder library libaptXHD_encoder.so: dlopen failed: library "libaptXHD_encoder.so" not found
04-11 19:46:20.172 24189 24189 E a2dp_vendor_aptx_hd: init: cannot load the encoder
04-11 19:46:20.173 24189 24189 D a2dp_codec: createCodec: codec LDAC
04-11 19:46:20.177 24189 24189 I a2dp_codec: init: updated LDAC codec priority to 5001
04-11 19:46:20.177 24189 24189 D a2dp_codec: createCodec: codec SBC SINK
04-11 19:46:20.177 24189 24189 I a2dp_codec: init: initialized Source codec LDAC
04-11 19:46:20.177 24189 24189 I a2dp_codec: init: initialized Source codec AAC
04-11 19:46:20.177 24189 24189 I a2dp_codec: init: initialized Source codec SBC
04-11 19:46:20.177 24189 24189 I a2dp_codec: init: initialized Sink codec SBC(Sink)
04-11 19:46:20.177 24189 24189 W bt_btif : ## ON A2DP IDLE ## peer_sep = 0
04-11 19:46:20.178 24189 24210 I BluetoothA2dpServiceJni: bta2dp_audio_config_callback
04-11 19:46:20.178 24189 24233 D A2dpStateMachine: Enter Disconnected: -2
04-11 19:46:20.178 24189 24210 D A2dpStateMachine: A2DP Codec Config: null->{codecName:SBC,mCodecType:0,mCodecPriority:0,mSampleRate:0x0(NONE),mBitsPerSample:0x0(NONE),mChannelMode:0x0(NONE),mCodecSpecific1:0,mCodecSpecific2:0,mCodecSpecific3:0,mCodecSpecific4:0}
04-11 19:46:20.179 24189 24210 D A2dpStateMachine: A2DP Codec Local Capability: {codecName:LDAC,mCodecType:4,mCodecPriority:5001,mSampleRate:0xf(44100|48000|88200|96000),mBitsPerSample:0x7(16|24|32),mChannelMode:0x2(STEREO),mCodecSpecific1:0,mCodecSpecific2:0,mCodecSpecific3:0,mCodecSpecific4:0}
04-11 19:46:20.179 24189 24210 D A2dpStateMachine: A2DP Codec Local Capability: {codecName:AAC,mCodecType:1,mCodecPriority:2001,mSampleRate:0x1(44100),mBitsPerSample:0x1(16),mChannelMode:0x2(STEREO),mCodecSpecific1:0,mCodecSpecific2:0,mCodecSpecific3:0,mCodecSpecific4:0}
04-11 19:46:20.180 24189 24210 D A2dpStateMachine: A2DP Codec Local Capability: {codecName:SBC,mCodecType:0,mCodecPriority:1001,mSampleRate:0x1(44100),mBitsPerSample:0x1(16),mChannelMode:0x3(MONO|STEREO),mCodecSpecific1:0,mCodecSpecific2:0,mCodecSpecific3:0,mCodecSpecific4:0}
04-11 19:46:20.180 24189 24189 D BluetoothAdapterService: getAdapterService() - returning com.android.bluetooth.btservice.AdapterService@e97793c
04-11 19:46:20.188 24189 24189 I BluetoothHidServiceJni: classInitNative: succeeds
04-11 19:46:20.189 24189 24189 D BluetoothAdapterService: getAdapterService() - returning com.android.bluetooth.btservice.AdapterService@e97793c
04-11 19:46:20.190 24189 24189 D HidService: Received start request. Starting profile...
04-11 19:46:20.190 24189 24189 I bt_btif : get_profile_interface: id = hidhost
04-11 19:46:20.190 24189 24189 D HidService: setHidService(): set to: null
04-11 19:46:20.190 24189 24189 D BluetoothAdapterService: getAdapterService() - returning com.android.bluetooth.btservice.AdapterService@e97793c
04-11 19:46:20.191 24189 24210 I bt_bta_hh: BTA_HhEnable sec_mask:0x36 p_cback:0x7ef49ea448
04-11 19:46:20.191 24189 24210 I bt_btif_storage: btif_storage_get_adapter_property service_mask:0x20100048
04-11 19:46:20.191 24189 24226 I bt_stack: [INFO:gatt_api.cc(1004)] GATT_Register
04-11 19:46:20.191 24189 24189 I BluetoothHealthServiceJni: classInitNative: succeeds
04-11 19:46:20.191 24189 24226 I bt_stack: [INFO:gatt_api.cc(1027)] allocated gatt_if=4
04-11 19:46:20.192 24189 24189 D BluetoothAdapterService: getAdapterService() - returning com.android.bluetooth.btservice.AdapterService@e97793c
04-11 19:46:20.193 24189 24189 D HealthService: Received start request. Starting profile...
04-11 19:46:20.194 24189 24189 I bt_btif : get_profile_interface: id = health
04-11 19:46:20.195 24189 24189 D BluetoothAdapterService: getAdapterService() - returning com.android.bluetooth.btservice.AdapterService@e97793c
04-11 19:46:20.196 24189 24189 I BluetoothPanServiceJni: classInitNative(L111): succeeds
04-11 19:46:20.198 24189 24189 D BluetoothAdapterService: getAdapterService() - returning com.android.bluetooth.btservice.AdapterService@e97793c
04-11 19:46:20.199 24189 24189 D PanService: Received start request. Starting profile...
04-11 19:46:20.199 24189 24189 D BluetoothPanServiceJni: initializeNative(L116): pan
04-11 19:46:20.199 24189 24189 I bt_btif : get_profile_interface: id = pan
04-11 19:46:20.200 24189 24210 D BluetoothPanServiceJni: control_state_callback(L63): state:0, local_role:3, ifname:bt-pan
04-11 19:46:20.200 24189 24189 D BluetoothAdapterService: getAdapterService() - returning com.android.bluetooth.btservice.AdapterService@e97793c
04-11 19:46:20.201 24189 24189 D BluetoothAdapterService: handleMessage() - Message: 1
04-11 19:46:20.201 24189 24189 D BluetoothAdapterService: handleMessage() - MESSAGE_PROFILE_SERVICE_STATE_CHANGED
04-11 19:46:20.201 24189 24189 D BluetoothAdapterService: processProfileServiceStateChanged() - serviceName=com.android.bluetooth.hfp.HeadsetService isTurningOn=true isTurningOff=false isBleTurningOn=false isBleTurningOff=false
04-11 19:46:20.201 24189 24231 D HeadsetPhoneState: sendDeviceStateChanged. mService=0 mIsSimStateLoaded=false mSignal=0 mRoam=0 mBatteryCharge=3
04-11 19:46:20.202 24189 24189 D BluetoothAdapterService: onProfileServiceStateChange() - Profile still not running:com.android.bluetooth.a2dp.A2dpService
04-11 19:46:20.204 24189 24189 D BluetoothAdapterService: getAdapterService() - returning com.android.bluetooth.btservice.AdapterService@e97793c
04-11 19:46:20.205 24189 24189 D BluetoothMapService: Received start request. Starting profile...
04-11 19:46:20.205 24189 24189 D BluetoothMapService: start()
04-11 19:46:20.211 24189 24189 D BluetoothMapAccountLoader: Found 0 application(s) with intent android.bluetooth.action.BLUETOOTH_MAP_PROVIDER
04-11 19:46:20.213 24189 24189 D BluetoothMapAccountLoader: Found 0 application(s) with intent android.bluetooth.action.BLUETOOTH_MAP_IM_PROVIDER
04-11 19:46:20.213 24189 24189 D BluetoothMapAppObserver: createReceiver()
04-11 19:46:20.216 24189 24189 D BluetoothMapAppObserver: initObservers()
04-11 19:46:20.216 24189 24189 D BluetoothMapAppObserver: getEnabledAccountItems()
04-11 19:46:20.217 24189 24189 D BluetoothAdapterService: getAdapterService() - returning com.android.bluetooth.btservice.AdapterService@e97793c
04-11 19:46:20.217 24189 24189 I BluetoothHeadsetClientServiceJni: classInitNative succeeds
04-11 19:46:20.220 24189 24189 D BluetoothAdapterService: getAdapterService() - returning com.android.bluetooth.btservice.AdapterService@e97793c
04-11 19:46:20.221 24189 24189 D HeadsetClientService: Received start request. Starting profile...
04-11 19:46:20.221 24189 24189 D BluetoothHeadsetClientServiceJni: initializeNative: HfpClient
04-11 19:46:20.221 24189 24189 I bt_btif : get_profile_interface: id = handsfree_client
04-11 19:46:20.222 24189 24210 I bt_stack: [INFO:port_api.cc(123)] RFCOMM_CreateConnection BDA: ff:ff:ff:ff:ff:ff
04-11 19:46:20.222 24189 24210 I bt_btif_storage: btif_storage_get_adapter_property service_mask:0x21100048
04-11 19:46:20.228 24189 24189 D BluetoothHeadsetClientServiceJni: initializeNative: HfpClient
04-11 19:46:20.228 24189 24189 W BluetoothHeadsetClientServiceJni: Cleaning up Bluetooth HFP Client Interface before initializing
04-11 19:46:20.228 24189 24189 W BluetoothHeadsetClientServiceJni: Cleaning up Bluetooth HFP Client callback object
04-11 19:46:20.228 24189 24189 I bt_btif : get_profile_interface: id = handsfree_client
04-11 19:46:20.228 24189 24210 I bt_btif_queue: queue_int_cleanup: UUID=111E
04-11 19:46:20.229 24189 24189 D BluetoothAdapterService: getAdapterService() - returning com.android.bluetooth.btservice.AdapterService@e97793c
04-11 19:46:20.229 24189 24210 I bt_btif_storage: btif_storage_get_adapter_property service_mask:0x21100048
04-11 19:46:20.230 24189 24210 I bt_stack: [INFO:port_api.cc(123)] RFCOMM_CreateConnection BDA: ff:ff:ff:ff:ff:ff
04-11 19:46:20.230 24189 24210 I bt_btif_storage: btif_storage_get_adapter_property service_mask:0x21100048
04-11 19:46:20.230 24189 24189 I BluetoothAvrcpControllerJni: classInitNative: succeeds
04-11 19:46:20.230 24189 24189 I bt_btif : get_profile_interface: id = avrcp_ctrl
04-11 19:46:20.232 24189 24189 D BluetoothAdapterService: getAdapterService() - returning com.android.bluetooth.btservice.AdapterService@e97793c
04-11 19:46:20.233 24189 24189 D AvrcpControllerService: Received start request. Starting profile...
04-11 19:46:20.242 24189 24189 D AvrcpControllerService: setAvrcpControllerService(): set to: null
04-11 19:46:20.242 24189 24189 D BluetoothAdapterService: getAdapterService() - returning com.android.bluetooth.btservice.AdapterService@e97793c
04-11 19:46:20.244 24189 24189 V SapService: SapBinder()
04-11 19:46:20.244 24189 24189 D BluetoothAdapterService: getAdapterService() - returning com.android.bluetooth.btservice.AdapterService@e97793c
04-11 19:46:20.245 24189 24189 D SapService: Received start request. Starting profile...
04-11 19:46:20.245 24189 24189 V SapService: start()
04-11 19:46:20.254 24189 24189 D BluetoothAdapterService: getAdapterService() - returning com.android.bluetooth.btservice.AdapterService@e97793c
04-11 19:46:20.267 24189 24189 D BluetoothAdapterService: getAdapterService() - returning com.android.bluetooth.btservice.AdapterService@e97793c
04-11 19:46:20.268 24189 24189 D BluetoothOppService: Received start request. Starting profile...
04-11 19:46:20.269 24189 24189 D BluetoothAdapterService: getAdapterService() - returning com.android.bluetooth.btservice.AdapterService@e97793c
04-11 19:46:20.270 24189 24189 V BluetoothPbapService: PbapBinder()
04-11 19:46:20.271 24189 24189 D BluetoothAdapterService: getAdapterService() - returning com.android.bluetooth.btservice.AdapterService@e97793c
04-11 19:46:20.272 24189 24189 D BluetoothPbapService: Received start request. Starting profile...
04-11 19:46:20.272 24189 24189 V BluetoothPbapService: start()
04-11 19:46:20.275 24189 24189 D BluetoothPbapService: Registering observer
04-11 19:46:20.283 24189 24189 D BluetoothAdapterService: getAdapterService() - returning com.android.bluetooth.btservice.AdapterService@e97793c
04-11 19:46:20.284 24189 24189 D BluetoothAdapterService: handleMessage() - Message: 1
04-11 19:46:20.284 24189 24189 D BluetoothAdapterService: handleMessage() - MESSAGE_PROFILE_SERVICE_STATE_CHANGED
04-11 19:46:20.284 24189 24189 D BluetoothAdapterService: processProfileServiceStateChanged() - serviceName=com.android.bluetooth.a2dp.A2dpService isTurningOn=true isTurningOff=false isBleTurningOn=false isBleTurningOff=false
04-11 19:46:20.284 24189 24189 D BluetoothAdapterService: onProfileServiceStateChange() - Profile still not running:com.android.bluetooth.map.BluetoothMapService
04-11 19:46:20.285 24189 24189 D BluetoothAdapterService: handleMessage() - Message: 1
04-11 19:46:20.285 24189 24189 D BluetoothAdapterService: handleMessage() - MESSAGE_PROFILE_SERVICE_STATE_CHANGED
04-11 19:46:20.285 24189 24189 D BluetoothAdapterService: processProfileServiceStateChanged() - serviceName=com.android.bluetooth.hid.HidService isTurningOn=true isTurningOff=false isBleTurningOn=false isBleTurningOff=false
04-11 19:46:20.285 24189 24189 D BluetoothAdapterService: onProfileServiceStateChange() - Profile still not running:com.android.bluetooth.map.BluetoothMapService
04-11 19:46:20.285 24189 24189 D BluetoothAdapterService: handleMessage() - Message: 1
04-11 19:46:20.285 24189 24189 D BluetoothAdapterService: handleMessage() - MESSAGE_PROFILE_SERVICE_STATE_CHANGED
04-11 19:46:20.285 24189 24189 D BluetoothAdapterService: processProfileServiceStateChanged() - serviceName=com.android.bluetooth.hdp.HealthService isTurningOn=true isTurningOff=false isBleTurningOn=false isBleTurningOff=false
04-11 19:46:20.286 24189 24189 D BluetoothAdapterService: onProfileServiceStateChange() - Profile still not running:com.android.bluetooth.map.BluetoothMapService
04-11 19:46:20.286 24189 24189 D BluetoothAdapterService: handleMessage() - Message: 1
04-11 19:46:20.286 24189 24189 D BluetoothAdapterService: handleMessage() - MESSAGE_PROFILE_SERVICE_STATE_CHANGED
04-11 19:46:20.286 24189 24189 D BluetoothAdapterService: processProfileServiceStateChanged() - serviceName=com.android.bluetooth.pan.PanService isTurningOn=true isTurningOff=false isBleTurningOn=false isBleTurningOff=false
04-11 19:46:20.287 24189 24189 D BluetoothAdapterService: onProfileServiceStateChange() - Profile still not running:com.android.bluetooth.map.BluetoothMapService
04-11 19:46:20.287 24189 24189 D BluetoothAdapterService: handleMessage() - Message: 1
04-11 19:46:20.287 24189 24189 D BluetoothAdapterService: handleMessage() - MESSAGE_PROFILE_SERVICE_STATE_CHANGED
04-11 19:46:20.288 24189 24189 D BluetoothAdapterService: processProfileServiceStateChanged() - serviceName=com.android.bluetooth.map.BluetoothMapService isTurningOn=true isTurningOff=false isBleTurningOn=false isBleTurningOff=false
04-11 19:46:20.288 24189 24189 D BluetoothAdapterService: onProfileServiceStateChange() - Profile still not running:com.android.bluetooth.avrcpcontroller.AvrcpControllerService
04-11 19:46:20.289 24189 24189 D BluetoothAdapterService: handleMessage() - Message: 1
04-11 19:46:20.289 24189 24189 D BluetoothAdapterService: handleMessage() - MESSAGE_PROFILE_SERVICE_STATE_CHANGED
04-11 19:46:20.289 24189 24189 D BluetoothAdapterService: processProfileServiceStateChanged() - serviceName=com.android.bluetooth.hfpclient.HeadsetClientService isTurningOn=true isTurningOff=false isBleTurningOn=false isBleTurningOff=false
04-11 19:46:20.289 24189 24189 D BluetoothAdapterService: onProfileServiceStateChange() - Profile still not running:com.android.bluetooth.avrcpcontroller.AvrcpControllerService
04-11 19:46:20.290 24189 24189 D BluetoothAdapterService: handleMessage() - Message: 1
04-11 19:46:20.290 24189 24189 D BluetoothAdapterService: handleMessage() - MESSAGE_PROFILE_SERVICE_STATE_CHANGED
04-11 19:46:20.290 24189 24189 D BluetoothAdapterService: processProfileServiceStateChanged() - serviceName=com.android.bluetooth.avrcpcontroller.AvrcpControllerService isTurningOn=true isTurningOff=false isBleTurningOn=false isBleTurningOff=false
04-11 19:46:20.290 24189 24189 D BluetoothAdapterService: onProfileServiceStateChange() - Profile still not running:com.android.bluetooth.sap.SapService
04-11 19:46:20.291 24189 24189 D BluetoothAdapterService: handleMessage() - Message: 1
04-11 19:46:20.291 24189 24189 D BluetoothAdapterService: handleMessage() - MESSAGE_PROFILE_SERVICE_STATE_CHANGED
04-11 19:46:20.291 24189 24189 D BluetoothAdapterService: processProfileServiceStateChanged() - serviceName=com.android.bluetooth.sap.SapService isTurningOn=true isTurningOff=false isBleTurningOn=false isBleTurningOff=false
04-11 19:46:20.292 24189 24189 D BluetoothAdapterService: onProfileServiceStateChange() - Profile still not running:com.android.bluetooth.pbap.BluetoothPbapService
04-11 19:46:20.294 24189 24189 D BluetoothAdapterService: handleMessage() - Message: 1
04-11 19:46:20.294 24189 24189 D BluetoothAdapterService: handleMessage() - MESSAGE_PROFILE_SERVICE_STATE_CHANGED
04-11 19:46:20.294 24189 24189 D BluetoothAdapterService: processProfileServiceStateChanged() - serviceName=com.android.bluetooth.opp.BluetoothOppService isTurningOn=true isTurningOff=false isBleTurningOn=false isBleTurningOff=false
04-11 19:46:20.295 24189 24189 D BluetoothAdapterService: onProfileServiceStateChange() - Profile still not running:com.android.bluetooth.pbap.BluetoothPbapService
04-11 19:46:20.297 24189 24189 D BluetoothAdapterService: handleMessage() - Message: 1
04-11 19:46:20.297 24189 24189 D BluetoothAdapterService: handleMessage() - MESSAGE_PROFILE_SERVICE_STATE_CHANGED
04-11 19:46:20.297 24189 24189 D BluetoothAdapterService: processProfileServiceStateChanged() - serviceName=com.android.bluetooth.pbap.BluetoothPbapService isTurningOn=true isTurningOff=false isBleTurningOn=false isBleTurningOff=false
04-11 19:46:20.298 24189 24189 D BluetoothAdapterService: onProfileServiceStateChange() - All profile services started.
04-11 19:46:20.299 24189 24204 V BluetoothAdapterState: PendingCommand - transient state(s): isTurningOn
04-11 19:46:20.299 24189 24204 D BluetoothAdapterState: Current state: PENDING_COMMAND, message: 2
04-11 19:46:20.299 24189 24204 D BluetoothAdapterProperties: onBluetoothReady, state=11, ScanMode=20
04-11 19:46:20.300 24189 24204 D BluetoothAdapterProperties: Setting state to 12
04-11 19:46:20.300 24189 24204 I BluetoothAdapterState: Bluetooth adapter state changed: 11-> 12
04-11 19:46:20.300 24189 24204 D BluetoothAdapterService: updateAdapterState() - Broadcasting state to 1 receivers.
04-11 19:46:20.300 24189 24204 I BluetoothAdapterState: Entering OnState
04-11 19:46:20.301 24189 24204 D BluetoothAdapterService: updateUuids() - Updating UUIDs for bonded devices
04-11 19:46:20.303 24189 24210 D BluetoothAdapterProperties: Scan Mode:21
04-11 19:46:20.303 24189 24210 D BluetoothAdapterProperties: Discoverable Timeout:120
04-11 19:46:20.322 24189 24189 D BluetoothMapService: onReceive
04-11 19:46:20.322 24189 24189 D BluetoothMapService: onReceive: android.bluetooth.adapter.action.STATE_CHANGED
04-11 19:46:20.322 24189 24189 D BluetoothMapService: STATE_ON
04-11 19:46:20.332 24189 24189 D BluetoothPbapService: action: android.bluetooth.adapter.action.STATE_CHANGED
04-11 19:46:20.332 24189 24189 D BluetoothPbapService: state: 12
04-11 19:46:20.334 24189 24210 D BluetoothAdapterProperties: Discoverable Timeout:120
04-11 19:46:20.339 24189 24210 D BluetoothAdapterProperties: Scan Mode:23
04-11 19:46:20.344 24189 24189 D BluetoothAdapterService: isQuetModeEnabled() - Enabled = false
04-11 19:46:20.345 24189 24189 D BluetoothPhonePolicy: autoConnect() - Initiate auto connection on BT on...
04-11 19:46:20.345 24189 24238 D BluetoothMapMasInstance0: Map Service startRfcommSocketListener
04-11 19:46:20.349 24189 24238 D ObexServerSockets: create(rfcomm = -2, l2capPsm = -2)
04-11 19:46:20.352 24189 24238 W BluetoothAdapter: getBluetoothService() called with no BluetoothManagerCallback
04-11 19:46:20.354 24189 24189 D BtOppService: start Socket Listeners
04-11 19:46:20.354 24189 24189 D BtOppService: stopListeners   mServerSocket :null
04-11 19:46:20.354 24189 24189 D ObexServerSockets: create(rfcomm = -2, l2capPsm = -2)
04-11 19:46:20.354 24189 24226 I bt_stack: [INFO:port_api.cc(123)] RFCOMM_CreateConnection BDA: ff:ff:ff:ff:ff:ff
04-11 19:46:20.355 24189 24248 W BluetoothAdapter: getBluetoothService() called with no BluetoothManagerCallback
04-11 19:46:20.355 24189 24238 W BluetoothAdapter: getBluetoothService() called with no BluetoothManagerCallback
04-11 19:46:20.358 24189 24189 W BluetoothAdapter: getBluetoothService() called with no BluetoothManagerCallback
04-11 19:46:20.359 24189 24226 I bt_stack: [INFO:port_api.cc(123)] RFCOMM_CreateConnection BDA: ff:ff:ff:ff:ff:ff
04-11 19:46:20.359 24189 24248 D BluetoothSdpJni: sdpCreateSapsRecordNative
04-11 19:46:20.359 24189 24248 D BluetoothSdpJni: SDP Create record success - handle: 0
04-11 19:46:20.360 24189 24238 D ObexServerSockets: Succeed to create listening sockets 
04-11 19:46:20.360 24189 24238 D ObexServerSockets0: startAccept()
04-11 19:46:20.360 24189 24238 D ObexServerSockets0: prepareForNewConnect()
04-11 19:46:20.361 24189 24238 D BluetoothSdpJni: sdpCreateMapMasRecordNative
04-11 19:46:20.361 24189 24226 I bt_stack: [INFO:port_api.cc(123)] RFCOMM_CreateConnection BDA: ff:ff:ff:ff:ff:ff
04-11 19:46:20.361 24189 24238 D BluetoothSdpJni: SDP Create record success - handle: 1
04-11 19:46:20.361 24189 24189 W BluetoothAdapter: getBluetoothService() called with no BluetoothManagerCallback
04-11 19:46:20.362 24189 24250 D ObexServerSockets0: Accepting socket connection...
04-11 19:46:20.362 24189 24249 D ObexServerSockets0: Accepting socket connection...
04-11 19:46:20.364 24189 24189 D ObexServerSockets: Succeed to create listening sockets 
04-11 19:46:20.365 24189 24189 D ObexServerSockets1: startAccept()
04-11 19:46:20.365 24189 24189 D ObexServerSockets1: prepareForNewConnect()
04-11 19:46:20.365 24189 24189 D BluetoothSdpJni: sdpCreateOppOpsRecordNative
04-11 19:46:20.365 24189 24189 D BluetoothSdpJni: SDP Create record success - handle: 2
04-11 19:46:20.366 24189 24189 D BtOppService: mOppSdpHandle :2
04-11 19:46:20.366 24189 24252 D ObexServerSockets1: Accepting socket connection...
04-11 19:46:20.367 24189 24189 D BluetoothPbapService: startsocketListener
04-11 19:46:20.367 24189 24189 D ObexServerSockets: create(rfcomm = -2, l2capPsm = -2)
04-11 19:46:20.368 24189 24251 D ObexServerSockets1: Accepting socket connection...
04-11 19:46:20.369 24189 24189 W BluetoothAdapter: getBluetoothService() called with no BluetoothManagerCallback
04-11 19:46:20.372 24189 24226 I bt_stack: [INFO:port_api.cc(123)] RFCOMM_CreateConnection BDA: ff:ff:ff:ff:ff:ff
04-11 19:46:20.373 24189 24189 W BluetoothAdapter: getBluetoothService() called with no BluetoothManagerCallback
04-11 19:46:20.375 24189 24189 D ObexServerSockets: Succeed to create listening sockets 
04-11 19:46:20.375 24189 24189 D ObexServerSockets2: startAccept()
04-11 19:46:20.376 24189 24189 D ObexServerSockets2: prepareForNewConnect()
04-11 19:46:20.376 24189 24254 D ObexServerSockets2: Accepting socket connection...
04-11 19:46:20.377 24189 24253 D ObexServerSockets2: Accepting socket connection...
04-11 19:46:20.377 24189 24189 D BluetoothSdpJni: sdpCreatePbapPseRecordNative
04-11 19:46:20.377 24189 24189 D BluetoothSdpJni: SDP Create record success - handle: 3
04-11 19:46:20.379 24189 24189 D BluetoothPbapService: PBAP server with handle:3
04-11 19:46:50.921 24189 24226 W bt_btif : bta_dm_acl_change info: 0x10
04-11 19:46:50.922 24189 24210 D bt_btif_dm: remote version info [a0:a4:c5:68:0f:dc]: 0, 0, 0
04-11 19:46:50.924 24189 24210 E BluetoothRemoteDevices: aclStateChangeCallback: device is NULL, address=A0:A4:C5:68:0F:DC, newState=0
04-11 19:46:51.297 24189 24210 D bt_btif_config: btif_get_device_type: Device [a0:a4:c5:68:0f:dc] type 1
04-11 19:46:51.298 24189 24210 I bt_btif_dm: get_cod remote_cod = 0x000c010c
04-11 19:46:51.299 24189 24210 I BluetoothBondStateMachine: bondStateChangeCallback: Status: 0 Address: A0:A4:C5:68:0F:DC newState: 1
04-11 19:46:51.299 24189 24210 I bt_btif_dm: get_cod remote_cod = 0x000c010c
04-11 19:46:51.303 24189 24216 I BluetoothBondStateMachine: Bond State Change Intent:A0:A4:C5:68:0F:DC OldState: 10 NewState: 11
04-11 19:46:51.304 24189 24216 I BluetoothBondStateMachine: Entering PendingCommandState State
04-11 19:46:51.660 24189 24226 W bt_smp  : for SMP over BR max_key_size: 0x10, local_i_key: 0x07, local_r_key: 0x07, p_cb->loc_auth_req: 0x21
04-11 19:46:51.660 24189 24226 W bt_smp  : smp_send_id_info
04-11 19:46:51.664 24189 24221 W bt_hci_packet_fragmenter: reassemble_and_dispatch got packet which would exceed expected length of 84. Truncating.
04-11 19:46:51.664 24189 24226 F bt_stack: [FATAL:allocation_tracker.cc(161)] Check failed: end_canary[i] == canary[i]. 
--------- beginning of crash
04-11 19:46:51.665 24189 24226 F libc    : Fatal signal 6 (SIGABRT), code -6 in tid 24226 (btu message loo), pid 24189 (droid.bluetooth)
