--------- beginning of main
04-08 18:57:33.727 20061 20061 D BluetoothOppFileProvider: Initialized
04-08 18:57:33.756 20061 20061 D AdapterServiceConfig: Adding HeadsetService
04-08 18:57:33.758 20061 20061 D AdapterServiceConfig: Adding A2dpService
04-08 18:57:33.758 20061 20061 D AdapterServiceConfig: Adding HidService
04-08 18:57:33.759 20061 20061 D AdapterServiceConfig: Adding HealthService
04-08 18:57:33.759 20061 20061 D AdapterServiceConfig: Adding PanService
04-08 18:57:33.759 20061 20061 D AdapterServiceConfig: Adding GattService
04-08 18:57:33.759 20061 20061 D AdapterServiceConfig: Adding BluetoothMapService
04-08 18:57:33.759 20061 20061 D AdapterServiceConfig: Adding HeadsetClientService
04-08 18:57:33.759 20061 20061 D AdapterServiceConfig: Adding AvrcpControllerService
04-08 18:57:33.759 20061 20061 D AdapterServiceConfig: Adding SapService
04-08 18:57:33.760 20061 20061 W AdapterServiceConfig: Could not find profile bit mask
04-08 18:57:33.760 20061 20061 D AdapterServiceConfig: Adding BluetoothOppService
04-08 18:57:33.760 20061 20061 W AdapterServiceConfig: Could not find profile bit mask
04-08 18:57:33.760 20061 20061 D AdapterServiceConfig: Adding BluetoothPbapService
04-08 18:57:33.792 20061 20061 D BluetoothAdapterService: onCreate()
04-08 18:57:33.798 20061 20061 D BluetoothAdapterState: make() - Creating AdapterState
04-08 18:57:33.801 20061 20061 I bt_btif : init
04-08 18:57:33.801 20061 20076 I BluetoothAdapterState: Entering OffState
04-08 18:57:33.801 20061 20061 D bt_osi_allocation_tracker: canary initialized
04-08 18:57:33.802 20061 20077 I bt_osi_thread: run_thread: thread id 20077, thread name stack_manager started
04-08 18:57:33.802 20061 20077 I bt_stack_manager: event_init_stack is initializing the stack
04-08 18:57:33.805 20061 20080 I bt_osi_thread: run_thread: thread id 20080, thread name alarm_default_ca started
04-08 18:57:33.806 20061 20081 I bt_osi_thread: run_thread: thread id 20081, thread name alarm_dispatcher started
04-08 18:57:33.809 20061 20077 I bt_btif_core: btif_init_bluetooth entered
04-08 18:57:33.809 20061 20077 I bt_stack_config: init attempt to load stack conf from /etc/bluetooth/bt_stack.conf
04-08 18:57:33.810 20061 20082 I bt_osi_thread: run_thread: thread id 20082, thread name bt_jni_workqueue started
04-08 18:57:33.811 20061 20077 I bt_btif_core: btif_init_bluetooth finished
04-08 18:57:33.811 20061 20077 I bt_stack_manager: event_init_stack finished
04-08 18:57:33.811 20061 20082 I bt_btif_core: run_message_loop entered
04-08 18:57:33.811 20061 20061 I bt_osi_wakelock: wakelock_set_os_callouts set to non-native
04-08 18:57:33.811 20061 20061 I bt_btif : get_profile_interface: id = socket
04-08 18:57:33.812 20061 20082 E bt_btif_storage: btif_storage_get_adapter_property: Controller not ready! Unable to return Bluetooth Address
04-08 18:57:33.812 20061 20082 E BluetoothServiceJni: adapter_properties_callback: Status 1 is incorrect
04-08 18:57:33.814 20061 20082 D BluetoothAdapterProperties: Name is: LeEco Le 2
04-08 18:57:33.815 20061 20061 I bt_btif : get_profile_interface: id = sdp
04-08 18:57:33.821 20061 20061 I BluetoothAdapterService: Phone policy enabled
04-08 18:57:33.823 20061 20061 D BluetoothAdapterService: setAdapterService() - set to: null
04-08 18:57:33.825 20061 20061 D BluetoothAdapterService: onBind()
04-08 18:57:33.841 20061 20073 D BluetoothAdapterService: enable() - Enable called with quiet mode status =  false
04-08 18:57:33.841 20061 20076 D BluetoothAdapterState: Current state: OFF, message: 0
04-08 18:57:33.842 20061 20076 D BluetoothAdapterProperties: Setting state to 14
04-08 18:57:33.842 20061 20076 I BluetoothAdapterState: Bluetooth adapter state changed: 10-> 14
04-08 18:57:33.842 20061 20076 D BluetoothAdapterService: updateAdapterState() - Broadcasting state to 1 receivers.
04-08 18:57:33.843 20061 20076 D BluetoothAdapterService: BleOnProcessStart()
04-08 18:57:33.846 20061 20076 D BluetoothAdapterService: BleOnProcessStart() - Make Bond State Machine
04-08 18:57:33.846 20061 20076 D BluetoothBondStateMachine: make
04-08 18:57:33.848 20061 20087 I BluetoothBondStateMachine: StableState(): Entering Off State
04-08 18:57:33.849 20061 20076 D BluetoothAdapterService: setProfileServiceState() - Starting service com.android.bluetooth.gatt.GattService
04-08 18:57:33.853 20061 20076 I BluetoothAdapterState: Entering PendingCommandState
04-08 18:57:33.854 20061 20061 I BtGatt.JNI: classInitNative(L871): classInitNative: Success!
04-08 18:57:33.856 20061 20061 D BtGatt.DebugUtils: handleDebugAction() action=null
04-08 18:57:33.856 20061 20061 D BluetoothAdapterService: getAdapterService() - returning com.android.bluetooth.btservice.AdapterService@e97793c
04-08 18:57:33.857 20061 20061 D BtGatt.GattService: Received start request. Starting profile...
04-08 18:57:33.857 20061 20061 I bt_btif : get_profile_interface: id = gatt
04-08 18:57:33.858 20061 20061 D BluetoothAdapterService: getAdapterService() - returning com.android.bluetooth.btservice.AdapterService@e97793c
04-08 18:57:33.865 20061 20061 I chatty  : uid=1002(bluetooth) com.android.bluetooth identical 1 line
04-08 18:57:33.865 20061 20061 D BluetoothAdapterService: getAdapterService() - returning com.android.bluetooth.btservice.AdapterService@e97793c
04-08 18:57:33.867 20061 20061 D BluetoothAdapterService: handleMessage() - Message: 1
04-08 18:57:33.867 20061 20061 D BluetoothAdapterService: handleMessage() - MESSAGE_PROFILE_SERVICE_STATE_CHANGED
04-08 18:57:33.867 20061 20061 D BluetoothAdapterService: processProfileServiceStateChanged() - serviceName=com.android.bluetooth.gatt.GattService isTurningOn=false isTurningOff=false isBleTurningOn=true isBleTurningOff=false
04-08 18:57:33.867 20061 20061 D BluetoothAdapterService: GattService is started
04-08 18:57:33.868 20061 20076 V BluetoothAdapterState: PendingCommand - transient state(s): isBleTurningOn
04-08 18:57:33.868 20061 20076 D BluetoothAdapterState: Current state: PENDING_COMMAND, message: 4
04-08 18:57:33.870 20061 20076 I bt_btif : enable: start restricted = 0
04-08 18:57:33.870 20061 20077 I bt_stack_manager: event_start_up_stack is bringing up the stack
04-08 18:57:33.871 20061 20077 I bt_core_module: module_start_up Starting module "btif_config_module"
04-08 18:57:33.871 20061 20077 I bt_core_module: module_start_up Started module "btif_config_module"
04-08 18:57:33.871 20061 20077 I bt_core_module: module_start_up Starting module "btsnoop_module"
04-08 18:57:33.872 20061 20077 I bt_core_module: module_start_up Started module "btsnoop_module"
04-08 18:57:33.872 20061 20077 I bt_core_module: module_start_up Starting module "hci_module"
04-08 18:57:33.872 20061 20077 I bt_hci  : hci_module_start_up
04-08 18:57:33.872 20061 20091 I bt_osi_thread: run_thread: thread id 20091, thread name hci_thread started
04-08 18:57:33.873 20061 20077 D bt_hci  : hci_module_start_up starting async portion
04-08 18:57:33.873 20061 20091 I bt_hci  : hci_initialize
04-08 18:57:33.876 20061 20091 I bt_hci  : hci_initialize: IBluetoothHci::getService() returned 0x7f0263d480 (remote)
04-08 18:57:33.970 20061 20091 I bt_hci  : event_finish_startup
04-08 18:57:33.970 20061 20077 I bt_core_module: module_start_up Started module "hci_module"
04-08 18:57:33.971 20061 20096 I bt_osi_thread: run_thread: thread id 20096, thread name bt_workqueue started
04-08 18:57:33.972 20061 20096 I         : [0408/185733:INFO:btu_task.cc(107)] Bluetooth chip preload is complete
04-08 18:57:33.973 20061 20096 I         : [0408/185733:INFO:gatt_api.cc(1004)] GATT_Register
04-08 18:57:33.973 20061 20096 I         : [0408/185733:INFO:gatt_api.cc(1027)] allocated gatt_if=1
04-08 18:57:33.974 20061 20096 I         : [0408/185733:INFO:gatt_api.cc(207)] GATTS_AddService
04-08 18:57:33.974 20061 20096 I         : [0408/185733:INFO:gatt_api.cc(317)] GATTS_AddService: service parsed correctly, now starting
04-08 18:57:33.974 20061 20096 E         : [0408/185733:ERROR:gatt_attr.cc(301)] gatt_profile_db_init:  gatt_if=1
04-08 18:57:33.975 20061 20096 I         : [0408/185733:INFO:gatt_api.cc(1004)] GATT_Register
04-08 18:57:33.975 20061 20096 I         : [0408/185733:INFO:gatt_api.cc(1027)] allocated gatt_if=2
04-08 18:57:33.975 20061 20096 I         : [0408/185733:INFO:gatt_api.cc(207)] GATTS_AddService
04-08 18:57:33.975 20061 20096 I         : [0408/185733:INFO:gatt_api.cc(317)] GATTS_AddService: service parsed correctly, now starting
04-08 18:57:33.977 20061 20097 I bt_osi_thread: run_thread: thread id 20097, thread name btu message loop started
04-08 18:57:33.979 20061 20098 I bt_osi_thread: run_thread: thread id 20098, thread name module_wrapper started
04-08 18:57:33.980 20061 20098 I bt_core_module: module_start_up Starting module "controller_module"
04-08 18:57:34.207 20061 20098 I bt_core_module: module_start_up Started module "controller_module"
04-08 18:57:34.208 20061 20098 W bt_osi_thread: run_thread: thread id 20098, thread name module_wrapper exited
04-08 18:57:34.209 20061 20096 W bt_btm  : btm_decode_ext_features_page: feature page 1 ignored
04-08 18:57:34.209 20061 20096 W bt_btm  : btm_decode_ext_features_page: feature page 2 ignored
04-08 18:57:34.210 20061 20097 I bt_btm_sec: BTM_SecRegister p_cb_info->p_le_callback == 0x0x7ef4b31d2c
04-08 18:57:34.210 20061 20097 I bt_btm_sec: BTM_SecRegister btm_cb.api.p_le_callback = 0x0x7ef4b31d2c 
04-08 18:57:34.213 20061 20097 I bt_stack: [INFO:gatt_api.cc(1004)] GATT_Register
04-08 18:57:34.213 20061 20097 I bt_stack: [INFO:gatt_api.cc(1027)] allocated gatt_if=3
04-08 18:57:34.265 20061 20097 I bt_stack: [INFO:ble_advertiser_hci_interface.cc(708)] VSC advertising will be in use
04-08 18:57:34.265 20061 20097 I bt_stack: [INFO:ble_advertiser_hci_interface.cc(259)] QuirkAdvertiserZeroHandle in use
04-08 18:57:34.266 20061 20082 D BluetoothAdapterProperties: BT_PROPERTY_LOCAL_LE_FEATURES: update from BT controller mNumOfAdvertisementInstancesSupported = 10 mRpaOffloadSupported = true mNumOfOffloadedIrkSupported = 8 mNumOfOffloadedScanFilterSupported = 16 mOffloadedScanResultStorageBytes= 10240 mIsActivityAndEnergyReporting = true mVersSupported = 96 mTotNumOfTrackableAdv = 32 mIsExtendedScanSupported = true mIsDebugLogSupported = true mIsLe2MPhySupported = false mIsLeCodedPhySupported = false mIsLeExtendedAdvertisingSupported = false mIsLePeriodicAdvertisingSupported = false mLeMaximumAdvertisingDataLength = 31
04-08 18:57:34.274 20061 20082 E bt_btif_storage: btif_storage_get_adapter_property: Controller ready!
04-08 18:57:34.275 20061 20082 I bt_btif_storage: btif_storage_get_adapter_property service_mask:0x20000000
04-08 18:57:34.276 20061 20082 D BluetoothAdapterProperties: Address is:80:1D:00:33:D8:82
04-08 18:57:34.282 20061 20082 D BluetoothAdapterProperties: Name is: LeEco Le 2
04-08 18:57:34.286 20061 20082 D BluetoothAdapterProperties: Scan Mode:20
04-08 18:57:34.287 20061 20082 D BluetoothAdapterProperties: Discoverable Timeout:120
04-08 18:57:34.289 20061 20082 I bt_btif_core: btif_enable_bluetooth_evt entered: status 0
04-08 18:57:34.291 20061 20100 I bt_osi_thread: run_thread: thread id 20100, thread name btif_sock started
04-08 18:57:34.292 20061 20082 D bt_bte_conf: Device ID record 1 : primary
04-08 18:57:34.293 20061 20082 D bt_bte_conf:   vendorId            = 000f
04-08 18:57:34.293 20061 20082 D bt_bte_conf:   vendorIdSource      = 0001
04-08 18:57:34.293 20061 20082 D bt_bte_conf:   product             = 1200
04-08 18:57:34.293 20061 20082 D bt_bte_conf:   version             = 1436
04-08 18:57:34.293 20061 20082 D bt_bte_conf:   clientExecutableURL = 
04-08 18:57:34.293 20061 20082 D bt_bte_conf:   serviceDescription  = 
04-08 18:57:34.293 20061 20082 D bt_bte_conf:   documentationURL    = 
04-08 18:57:34.293 20061 20082 D bt_bte_conf: bte_load_did_conf no section named DID2.
04-08 18:57:34.293 20061 20082 I bt_btif_core: btif_enable_bluetooth_evt finished
04-08 18:57:34.294 20061 20077 I bt_stack_manager: event_start_up_stack finished
04-08 18:57:34.295 20061 20076 V BluetoothAdapterState: PendingCommand - transient state(s): isBleTurningOn
04-08 18:57:34.295 20061 20076 D BluetoothAdapterState: Current state: PENDING_COMMAND, message: 3
04-08 18:57:34.295 20061 20076 D BluetoothAdapterProperties: Setting state to 15
04-08 18:57:34.295 20061 20076 I BluetoothAdapterState: Bluetooth adapter state changed: 14-> 15
04-08 18:57:34.295 20061 20076 D BluetoothAdapterService: updateAdapterState() - Broadcasting state to 1 receivers.
04-08 18:57:34.297 20061 20076 I BluetoothAdapterState: Entering BleOnState
04-08 18:57:34.304 20061 20076 D BluetoothAdapterState: Current state: BLE ON, message: 1
04-08 18:57:34.304 20061 20076 D BluetoothAdapterProperties: Setting state to 11
04-08 18:57:34.304 20061 20076 I BluetoothAdapterState: Bluetooth adapter state changed: 15-> 11
04-08 18:57:34.305 20061 20076 D BluetoothAdapterService: updateAdapterState() - Broadcasting state to 1 receivers.
04-08 18:57:34.305 20061 20076 D BluetoothAdapterService: startCoreServices()
04-08 18:57:34.305 20061 20076 D BluetoothAdapterService: setProfileServiceState() - Starting service com.android.bluetooth.hfp.HeadsetService
04-08 18:57:34.309 20061 20061 D BluetoothAdapterService: getAdapterService() - returning com.android.bluetooth.btservice.AdapterService@e97793c
04-08 18:57:34.310 20061 20076 D BluetoothAdapterService: setProfileServiceState() - Starting service com.android.bluetooth.a2dp.A2dpService
04-08 18:57:34.311 20061 20061 D HeadsetService: Received start request. Starting profile...
04-08 18:57:34.313 20061 20061 I BluetoothHeadsetServiceJni: classInitNative: succeeds
04-08 18:57:34.313 20061 20061 D HeadsetStateMachine: make
04-08 18:57:34.314 20061 20076 D BluetoothAdapterService: setProfileServiceState() - Starting service com.android.bluetooth.hid.HidService
04-08 18:57:34.317 20061 20076 D BluetoothAdapterService: setProfileServiceState() - Starting service com.android.bluetooth.hdp.HealthService
04-08 18:57:34.319 20061 20076 D BluetoothAdapterService: setProfileServiceState() - Starting service com.android.bluetooth.pan.PanService
04-08 18:57:34.325 20061 20076 D BluetoothAdapterService: setProfileServiceState() - Starting service com.android.bluetooth.map.BluetoothMapService
04-08 18:57:34.325 20061 20061 D HeadsetStateMachine: max_hf_connections = 1
04-08 18:57:34.325 20061 20061 D HeadsetStateMachine: in-band_ringing_support = true
04-08 18:57:34.326 20061 20061 I bt_btif : get_profile_interface: id = handsfree
04-08 18:57:34.326 20061 20082 I bt_btif_storage: btif_storage_get_adapter_property service_mask:0x20000040
04-08 18:57:34.326 20061 20097 I bt_stack: [INFO:port_api.cc(123)] RFCOMM_CreateConnection BDA: ff:ff:ff:ff:ff:ff
04-08 18:57:34.326 20061 20097 I bt_stack: [INFO:port_api.cc(123)] RFCOMM_CreateConnection BDA: ff:ff:ff:ff:ff:ff
04-08 18:57:34.328 20061 20082 E bt_btif : btif_hf_upstreams_evt: Invalid index 8580
04-08 18:57:34.329 20061 20076 D BluetoothAdapterService: setProfileServiceState() - Starting service com.android.bluetooth.hfpclient.HeadsetClientService
04-08 18:57:34.329 20061 20061 D BluetoothAdapterService: getAdapterService() - returning com.android.bluetooth.btservice.AdapterService@e97793c
04-08 18:57:34.332 20061 20061 D BluetoothAdapterService: getAdapterService() - returning com.android.bluetooth.btservice.AdapterService@e97793c
04-08 18:57:34.335 20061 20076 D BluetoothAdapterService: setProfileServiceState() - Starting service com.android.bluetooth.avrcpcontroller.AvrcpControllerService
04-08 18:57:34.335 20061 20061 D A2dpService: Received start request. Starting profile...
04-08 18:57:34.336 20061 20061 I BluetoothAvrcpServiceJni: classInitNative: succeeds
04-08 18:57:34.336 20061 20061 V Avrcp   : make
04-08 18:57:34.339 20061 20061 I bt_btif : get_profile_interface: id = avrcp
04-08 18:57:34.342 20061 20076 D BluetoothAdapterService: setProfileServiceState() - Starting service com.android.bluetooth.sap.SapService
04-08 18:57:34.348 20061 20076 D BluetoothAdapterService: setProfileServiceState() - Starting service com.android.bluetooth.opp.BluetoothOppService
04-08 18:57:34.355 20061 20076 D BluetoothAdapterService: setProfileServiceState() - Starting service com.android.bluetooth.pbap.BluetoothPbapService
04-08 18:57:34.359 20061 20076 I BluetoothAdapterState: Entering PendingCommandState
04-08 18:57:34.363 20061 20061 V Avrcp   : initMediaPlayerInfoList: 0 controllers
04-08 18:57:34.365 20061 20061 V Avrcp   : updatePlaybackState (1): -1➡0(PlaybackState {state=0, position=-1, buffered position=0, speed=0.0, updated=88456250, actions=0, custom actions=[], active item id=-1, error=null})
04-08 18:57:34.365 20061 20061 I Avrcp   : Skipping update due to invalid playback state
04-08 18:57:34.365 20061 20061 E Avrcp   : play status change -1➡0 mPlayStatusChangedNT: 1
04-08 18:57:34.366 20061 20061 E bt_btif : register_notification_rsp: Avrcp device is not connected, handle: 0x0
04-08 18:57:34.366 20061 20061 D Avrcp   : sendPlayPosNotificationRsp: Not registered or requesting.
04-08 18:57:34.367 20061 20061 D Avrcp   : User already unlocked, initializing player lists
04-08 18:57:34.372 20061 20061 V Avrcp   : updatePlaybackState (1): 0➡0(PlaybackState {state=0, position=-1, buffered position=0, speed=0.0, updated=88456259, actions=0, custom actions=[], active item id=-1, error=null})
04-08 18:57:34.373 20061 20061 I Avrcp   : Skipping update due to invalid playback state
04-08 18:57:34.373 20061 20061 E Avrcp   : play status change 0➡0 mPlayStatusChangedNT: 1
04-08 18:57:34.373 20061 20061 D Avrcp   : sendPlayPosNotificationRsp: Not registered or requesting.
04-08 18:57:34.375 20061 20061 I BluetoothA2dpServiceJni: classInitNative: succeeds
04-08 18:57:34.375 20061 20061 D A2dpStateMachine: make
04-08 18:57:34.377 20061 20061 I bt_btif : get_profile_interface: id = a2dp
04-08 18:57:34.378 20061 20105 I bt_osi_thread: run_thread: thread id 20105, thread name btif_a2dp_source started
04-08 18:57:34.378 20061 20061 D a2dp_codec: init
04-08 18:57:34.378 20061 20061 D a2dp_codec: createCodec: codec SBC
04-08 18:57:34.378 20061 20061 I a2dp_codec: init: updated SBC codec priority to 1001
04-08 18:57:34.378 20061 20061 D a2dp_codec: createCodec: codec AAC
04-08 18:57:34.378 20061 20061 I a2dp_codec: init: updated AAC codec priority to 2001
04-08 18:57:34.378 20061 20061 D a2dp_codec: createCodec: codec aptX
04-08 18:57:34.378 20061 20082 I bt_btif_storage: btif_storage_get_adapter_property service_mask:0x20000048
04-08 18:57:34.378 20061 20097 I bt_bta_av: AVRCP version used for sdp: "avrcp14"
04-08 18:57:34.379 20061 20082 E bt_btif : btif_sm_dispatch : Invalid handle
04-08 18:57:34.381 20061 20082 E bt_btif : btif_sm_dispatch : Invalid handle
04-08 18:57:34.381 20061 20061 E a2dp_vendor_aptx_encoder: A2DP_VendorLoadEncoderAptx: cannot open aptX encoder library libaptX_encoder.so: dlopen failed: library "libaptX_encoder.so" not found
04-08 18:57:34.381 20061 20061 E a2dp_vendor_aptx: init: cannot load the encoder
04-08 18:57:34.381 20061 20061 D a2dp_codec: createCodec: codec aptX-HD
04-08 18:57:34.382 20061 20061 E a2dp_vendor_aptx_hd_encoder: A2DP_VendorLoadEncoderAptxHd: cannot open aptX-HD encoder library libaptXHD_encoder.so: dlopen failed: library "libaptXHD_encoder.so" not found
04-08 18:57:34.382 20061 20061 E a2dp_vendor_aptx_hd: init: cannot load the encoder
04-08 18:57:34.382 20061 20061 D a2dp_codec: createCodec: codec LDAC
04-08 18:57:34.387 20061 20061 I a2dp_codec: init: updated LDAC codec priority to 5001
04-08 18:57:34.387 20061 20061 D a2dp_codec: createCodec: codec SBC SINK
04-08 18:57:34.387 20061 20061 I a2dp_codec: init: initialized Source codec LDAC
04-08 18:57:34.387 20061 20061 I a2dp_codec: init: initialized Source codec AAC
04-08 18:57:34.387 20061 20061 I a2dp_codec: init: initialized Source codec SBC
04-08 18:57:34.387 20061 20061 I a2dp_codec: init: initialized Sink codec SBC(Sink)
04-08 18:57:34.387 20061 20061 W bt_btif : ## ON A2DP IDLE ## peer_sep = 0
04-08 18:57:34.389 20061 20104 D A2dpStateMachine: Enter Disconnected: -2
04-08 18:57:34.389 20061 20082 I BluetoothA2dpServiceJni: bta2dp_audio_config_callback
04-08 18:57:34.390 20061 20082 D A2dpStateMachine: A2DP Codec Config: null->{codecName:SBC,mCodecType:0,mCodecPriority:0,mSampleRate:0x0(NONE),mBitsPerSample:0x0(NONE),mChannelMode:0x0(NONE),mCodecSpecific1:0,mCodecSpecific2:0,mCodecSpecific3:0,mCodecSpecific4:0}
04-08 18:57:34.391 20061 20082 D A2dpStateMachine: A2DP Codec Local Capability: {codecName:LDAC,mCodecType:4,mCodecPriority:5001,mSampleRate:0xf(44100|48000|88200|96000),mBitsPerSample:0x7(16|24|32),mChannelMode:0x2(STEREO),mCodecSpecific1:0,mCodecSpecific2:0,mCodecSpecific3:0,mCodecSpecific4:0}
04-08 18:57:34.391 20061 20082 D A2dpStateMachine: A2DP Codec Local Capability: {codecName:AAC,mCodecType:1,mCodecPriority:2001,mSampleRate:0x1(44100),mBitsPerSample:0x1(16),mChannelMode:0x2(STEREO),mCodecSpecific1:0,mCodecSpecific2:0,mCodecSpecific3:0,mCodecSpecific4:0}
04-08 18:57:34.391 20061 20061 D BluetoothAdapterService: getAdapterService() - returning com.android.bluetooth.btservice.AdapterService@e97793c
04-08 18:57:34.392 20061 20082 D A2dpStateMachine: A2DP Codec Local Capability: {codecName:SBC,mCodecType:0,mCodecPriority:1001,mSampleRate:0x1(44100),mBitsPerSample:0x1(16),mChannelMode:0x3(MONO|STEREO),mCodecSpecific1:0,mCodecSpecific2:0,mCodecSpecific3:0,mCodecSpecific4:0}
04-08 18:57:34.392 20061 20061 I BluetoothHidServiceJni: classInitNative: succeeds
04-08 18:57:34.394 20061 20061 D BluetoothAdapterService: getAdapterService() - returning com.android.bluetooth.btservice.AdapterService@e97793c
04-08 18:57:34.396 20061 20061 D HidService: Received start request. Starting profile...
04-08 18:57:34.396 20061 20061 I bt_btif : get_profile_interface: id = hidhost
04-08 18:57:34.396 20061 20061 D HidService: setHidService(): set to: null
04-08 18:57:34.396 20061 20061 D BluetoothAdapterService: getAdapterService() - returning com.android.bluetooth.btservice.AdapterService@e97793c
04-08 18:57:34.397 20061 20082 I bt_bta_hh: BTA_HhEnable sec_mask:0x36 p_cback:0x7ef4b97448
04-08 18:57:34.397 20061 20097 I bt_stack: [INFO:gatt_api.cc(1004)] GATT_Register
04-08 18:57:34.397 20061 20097 I bt_stack: [INFO:gatt_api.cc(1027)] allocated gatt_if=4
04-08 18:57:34.397 20061 20082 I bt_btif_storage: btif_storage_get_adapter_property service_mask:0x20100048
04-08 18:57:34.407 20061 20061 I BluetoothHealthServiceJni: classInitNative: succeeds
04-08 18:57:34.409 20061 20061 D BluetoothAdapterService: getAdapterService() - returning com.android.bluetooth.btservice.AdapterService@e97793c
04-08 18:57:34.409 20061 20061 D HealthService: Received start request. Starting profile...
04-08 18:57:34.411 20061 20061 I bt_btif : get_profile_interface: id = health
04-08 18:57:34.411 20061 20061 D BluetoothAdapterService: getAdapterService() - returning com.android.bluetooth.btservice.AdapterService@e97793c
04-08 18:57:34.412 20061 20061 I BluetoothPanServiceJni: classInitNative(L111): succeeds
04-08 18:57:34.413 20061 20061 D BluetoothAdapterService: getAdapterService() - returning com.android.bluetooth.btservice.AdapterService@e97793c
04-08 18:57:34.414 20061 20061 D PanService: Received start request. Starting profile...
04-08 18:57:34.414 20061 20061 D BluetoothPanServiceJni: initializeNative(L116): pan
04-08 18:57:34.414 20061 20061 I bt_btif : get_profile_interface: id = pan
04-08 18:57:34.415 20061 20082 D BluetoothPanServiceJni: control_state_callback(L63): state:0, local_role:3, ifname:bt-pan
04-08 18:57:34.416 20061 20061 D BluetoothAdapterService: getAdapterService() - returning com.android.bluetooth.btservice.AdapterService@e97793c
04-08 18:57:34.420 20061 20061 D BluetoothAdapterService: getAdapterService() - returning com.android.bluetooth.btservice.AdapterService@e97793c
04-08 18:57:34.420 20061 20061 D BluetoothMapService: Received start request. Starting profile...
04-08 18:57:34.421 20061 20061 D BluetoothMapService: start()
04-08 18:57:34.429 20061 20061 D BluetoothMapAccountLoader: Found 0 application(s) with intent android.bluetooth.action.BLUETOOTH_MAP_PROVIDER
04-08 18:57:34.430 20061 20061 D BluetoothMapAccountLoader: Found 0 application(s) with intent android.bluetooth.action.BLUETOOTH_MAP_IM_PROVIDER
04-08 18:57:34.430 20061 20061 D BluetoothMapAppObserver: createReceiver()
04-08 18:57:34.433 20061 20061 D BluetoothMapAppObserver: initObservers()
04-08 18:57:34.433 20061 20061 D BluetoothMapAppObserver: getEnabledAccountItems()
04-08 18:57:34.434 20061 20061 D BluetoothAdapterService: getAdapterService() - returning com.android.bluetooth.btservice.AdapterService@e97793c
04-08 18:57:34.434 20061 20061 D BluetoothAdapterService: handleMessage() - Message: 1
04-08 18:57:34.435 20061 20061 D BluetoothAdapterService: handleMessage() - MESSAGE_PROFILE_SERVICE_STATE_CHANGED
04-08 18:57:34.435 20061 20061 D BluetoothAdapterService: processProfileServiceStateChanged() - serviceName=com.android.bluetooth.hfp.HeadsetService isTurningOn=true isTurningOff=false isBleTurningOn=false isBleTurningOff=false
04-08 18:57:34.435 20061 20102 D HeadsetPhoneState: sendDeviceStateChanged. mService=0 mIsSimStateLoaded=false mSignal=0 mRoam=0 mBatteryCharge=5
04-08 18:57:34.436 20061 20061 D BluetoothAdapterService: onProfileServiceStateChange() - Profile still not running:com.android.bluetooth.a2dp.A2dpService
04-08 18:57:34.437 20061 20061 I BluetoothHeadsetClientServiceJni: classInitNative succeeds
04-08 18:57:34.441 20061 20061 D BluetoothAdapterService: getAdapterService() - returning com.android.bluetooth.btservice.AdapterService@e97793c
04-08 18:57:34.442 20061 20061 D HeadsetClientService: Received start request. Starting profile...
04-08 18:57:34.442 20061 20061 D BluetoothHeadsetClientServiceJni: initializeNative: HfpClient
04-08 18:57:34.442 20061 20061 I bt_btif : get_profile_interface: id = handsfree_client
04-08 18:57:34.443 20061 20082 I bt_stack: [INFO:port_api.cc(123)] RFCOMM_CreateConnection BDA: ff:ff:ff:ff:ff:ff
04-08 18:57:34.443 20061 20082 I bt_btif_storage: btif_storage_get_adapter_property service_mask:0x21100048
04-08 18:57:34.450 20061 20061 D BluetoothHeadsetClientServiceJni: initializeNative: HfpClient
04-08 18:57:34.450 20061 20061 W BluetoothHeadsetClientServiceJni: Cleaning up Bluetooth HFP Client Interface before initializing
04-08 18:57:34.450 20061 20061 W BluetoothHeadsetClientServiceJni: Cleaning up Bluetooth HFP Client callback object
04-08 18:57:34.450 20061 20061 I bt_btif : get_profile_interface: id = handsfree_client
04-08 18:57:34.450 20061 20061 D BluetoothAdapterService: getAdapterService() - returning com.android.bluetooth.btservice.AdapterService@e97793c
04-08 18:57:34.451 20061 20082 I bt_btif_queue: queue_int_cleanup: UUID=111E
04-08 18:57:34.451 20061 20061 I BluetoothAvrcpControllerJni: classInitNative: succeeds
04-08 18:57:34.452 20061 20061 I bt_btif : get_profile_interface: id = avrcp_ctrl
04-08 18:57:34.452 20061 20082 I bt_btif_storage: btif_storage_get_adapter_property service_mask:0x21100048
04-08 18:57:34.453 20061 20082 I bt_stack: [INFO:port_api.cc(123)] RFCOMM_CreateConnection BDA: ff:ff:ff:ff:ff:ff
04-08 18:57:34.453 20061 20082 I bt_btif_storage: btif_storage_get_adapter_property service_mask:0x21100048
04-08 18:57:34.455 20061 20061 D BluetoothAdapterService: getAdapterService() - returning com.android.bluetooth.btservice.AdapterService@e97793c
04-08 18:57:34.456 20061 20061 D AvrcpControllerService: Received start request. Starting profile...
04-08 18:57:34.463 20061 20061 D AvrcpControllerService: setAvrcpControllerService(): set to: null
04-08 18:57:34.463 20061 20061 D BluetoothAdapterService: getAdapterService() - returning com.android.bluetooth.btservice.AdapterService@e97793c
04-08 18:57:34.466 20061 20061 V SapService: SapBinder()
04-08 18:57:34.467 20061 20061 D BluetoothAdapterService: getAdapterService() - returning com.android.bluetooth.btservice.AdapterService@e97793c
04-08 18:57:34.468 20061 20061 D SapService: Received start request. Starting profile...
04-08 18:57:34.469 20061 20061 V SapService: start()
04-08 18:57:34.471 20061 20061 D BluetoothAdapterService: getAdapterService() - returning com.android.bluetooth.btservice.AdapterService@e97793c
04-08 18:57:34.487 20061 20061 D BluetoothAdapterService: getAdapterService() - returning com.android.bluetooth.btservice.AdapterService@e97793c
04-08 18:57:34.488 20061 20061 D BluetoothOppService: Received start request. Starting profile...
04-08 18:57:34.488 20061 20061 D BluetoothAdapterService: getAdapterService() - returning com.android.bluetooth.btservice.AdapterService@e97793c
04-08 18:57:34.493 20061 20061 V BluetoothPbapService: PbapBinder()
04-08 18:57:34.494 20061 20061 D BluetoothAdapterService: getAdapterService() - returning com.android.bluetooth.btservice.AdapterService@e97793c
04-08 18:57:34.495 20061 20061 D BluetoothPbapService: Received start request. Starting profile...
04-08 18:57:34.495 20061 20061 V BluetoothPbapService: start()
04-08 18:57:34.500 20061 20061 D BluetoothPbapService: Registering observer
04-08 18:57:34.515 20061 20061 D BluetoothAdapterService: getAdapterService() - returning com.android.bluetooth.btservice.AdapterService@e97793c
04-08 18:57:34.516 20061 20061 D BluetoothAdapterService: handleMessage() - Message: 1
04-08 18:57:34.516 20061 20061 D BluetoothAdapterService: handleMessage() - MESSAGE_PROFILE_SERVICE_STATE_CHANGED
04-08 18:57:34.516 20061 20061 D BluetoothAdapterService: processProfileServiceStateChanged() - serviceName=com.android.bluetooth.a2dp.A2dpService isTurningOn=true isTurningOff=false isBleTurningOn=false isBleTurningOff=false
04-08 18:57:34.517 20061 20061 D BluetoothAdapterService: onProfileServiceStateChange() - Profile still not running:com.android.bluetooth.map.BluetoothMapService
04-08 18:57:34.517 20061 20061 D BluetoothAdapterService: handleMessage() - Message: 1
04-08 18:57:34.517 20061 20061 D BluetoothAdapterService: handleMessage() - MESSAGE_PROFILE_SERVICE_STATE_CHANGED
04-08 18:57:34.518 20061 20061 D BluetoothAdapterService: processProfileServiceStateChanged() - serviceName=com.android.bluetooth.hid.HidService isTurningOn=true isTurningOff=false isBleTurningOn=false isBleTurningOff=false
04-08 18:57:34.518 20061 20061 D BluetoothAdapterService: onProfileServiceStateChange() - Profile still not running:com.android.bluetooth.map.BluetoothMapService
04-08 18:57:34.519 20061 20061 D BluetoothAdapterService: handleMessage() - Message: 1
04-08 18:57:34.519 20061 20061 D BluetoothAdapterService: handleMessage() - MESSAGE_PROFILE_SERVICE_STATE_CHANGED
04-08 18:57:34.519 20061 20061 D BluetoothAdapterService: processProfileServiceStateChanged() - serviceName=com.android.bluetooth.hdp.HealthService isTurningOn=true isTurningOff=false isBleTurningOn=false isBleTurningOff=false
04-08 18:57:34.519 20061 20061 D BluetoothAdapterService: onProfileServiceStateChange() - Profile still not running:com.android.bluetooth.map.BluetoothMapService
04-08 18:57:34.520 20061 20061 D BluetoothAdapterService: handleMessage() - Message: 1
04-08 18:57:34.520 20061 20061 D BluetoothAdapterService: handleMessage() - MESSAGE_PROFILE_SERVICE_STATE_CHANGED
04-08 18:57:34.520 20061 20061 D BluetoothAdapterService: processProfileServiceStateChanged() - serviceName=com.android.bluetooth.pan.PanService isTurningOn=true isTurningOff=false isBleTurningOn=false isBleTurningOff=false
04-08 18:57:34.520 20061 20061 D BluetoothAdapterService: onProfileServiceStateChange() - Profile still not running:com.android.bluetooth.map.BluetoothMapService
04-08 18:57:34.520 20061 20061 D BluetoothAdapterService: handleMessage() - Message: 1
04-08 18:57:34.521 20061 20061 D BluetoothAdapterService: handleMessage() - MESSAGE_PROFILE_SERVICE_STATE_CHANGED
04-08 18:57:34.521 20061 20061 D BluetoothAdapterService: processProfileServiceStateChanged() - serviceName=com.android.bluetooth.map.BluetoothMapService isTurningOn=true isTurningOff=false isBleTurningOn=false isBleTurningOff=false
04-08 18:57:34.521 20061 20061 D BluetoothAdapterService: onProfileServiceStateChange() - Profile still not running:com.android.bluetooth.avrcpcontroller.AvrcpControllerService
04-08 18:57:34.521 20061 20061 D BluetoothAdapterService: handleMessage() - Message: 1
04-08 18:57:34.521 20061 20061 D BluetoothAdapterService: handleMessage() - MESSAGE_PROFILE_SERVICE_STATE_CHANGED
04-08 18:57:34.522 20061 20061 D BluetoothAdapterService: processProfileServiceStateChanged() - serviceName=com.android.bluetooth.hfpclient.HeadsetClientService isTurningOn=true isTurningOff=false isBleTurningOn=false isBleTurningOff=false
04-08 18:57:34.523 20061 20061 D BluetoothAdapterService: onProfileServiceStateChange() - Profile still not running:com.android.bluetooth.avrcpcontroller.AvrcpControllerService
04-08 18:57:34.523 20061 20061 D BluetoothAdapterService: handleMessage() - Message: 1
04-08 18:57:34.523 20061 20061 D BluetoothAdapterService: handleMessage() - MESSAGE_PROFILE_SERVICE_STATE_CHANGED
04-08 18:57:34.523 20061 20061 D BluetoothAdapterService: processProfileServiceStateChanged() - serviceName=com.android.bluetooth.avrcpcontroller.AvrcpControllerService isTurningOn=true isTurningOff=false isBleTurningOn=false isBleTurningOff=false
04-08 18:57:34.525 20061 20061 D BluetoothAdapterService: onProfileServiceStateChange() - Profile still not running:com.android.bluetooth.sap.SapService
04-08 18:57:34.526 20061 20061 D BluetoothAdapterService: handleMessage() - Message: 1
04-08 18:57:34.526 20061 20061 D BluetoothAdapterService: handleMessage() - MESSAGE_PROFILE_SERVICE_STATE_CHANGED
04-08 18:57:34.527 20061 20061 D BluetoothAdapterService: processProfileServiceStateChanged() - serviceName=com.android.bluetooth.sap.SapService isTurningOn=true isTurningOff=false isBleTurningOn=false isBleTurningOff=false
04-08 18:57:34.527 20061 20061 D BluetoothAdapterService: onProfileServiceStateChange() - Profile still not running:com.android.bluetooth.pbap.BluetoothPbapService
04-08 18:57:34.530 20061 20061 D BluetoothAdapterService: handleMessage() - Message: 1
04-08 18:57:34.531 20061 20061 D BluetoothAdapterService: handleMessage() - MESSAGE_PROFILE_SERVICE_STATE_CHANGED
04-08 18:57:34.531 20061 20061 D BluetoothAdapterService: processProfileServiceStateChanged() - serviceName=com.android.bluetooth.opp.BluetoothOppService isTurningOn=true isTurningOff=false isBleTurningOn=false isBleTurningOff=false
04-08 18:57:34.532 20061 20061 D BluetoothAdapterService: onProfileServiceStateChange() - Profile still not running:com.android.bluetooth.pbap.BluetoothPbapService
04-08 18:57:34.535 20061 20061 D BluetoothAdapterService: handleMessage() - Message: 1
04-08 18:57:34.535 20061 20061 D BluetoothAdapterService: handleMessage() - MESSAGE_PROFILE_SERVICE_STATE_CHANGED
04-08 18:57:34.535 20061 20061 D BluetoothAdapterService: processProfileServiceStateChanged() - serviceName=com.android.bluetooth.pbap.BluetoothPbapService isTurningOn=true isTurningOff=false isBleTurningOn=false isBleTurningOff=false
04-08 18:57:34.537 20061 20061 D BluetoothAdapterService: onProfileServiceStateChange() - All profile services started.
04-08 18:57:34.540 20061 20076 V BluetoothAdapterState: PendingCommand - transient state(s): isTurningOn
04-08 18:57:34.540 20061 20076 D BluetoothAdapterState: Current state: PENDING_COMMAND, message: 2
04-08 18:57:34.540 20061 20076 D BluetoothAdapterProperties: onBluetoothReady, state=11, ScanMode=20
04-08 18:57:34.545 20061 20076 D BluetoothAdapterProperties: Setting state to 12
04-08 18:57:34.545 20061 20076 I BluetoothAdapterState: Bluetooth adapter state changed: 11-> 12
04-08 18:57:34.545 20061 20076 D BluetoothAdapterService: updateAdapterState() - Broadcasting state to 1 receivers.
04-08 18:57:34.547 20061 20076 I BluetoothAdapterState: Entering OnState
04-08 18:57:34.547 20061 20076 D BluetoothAdapterService: updateUuids() - Updating UUIDs for bonded devices
04-08 18:57:34.548 20061 20082 D BluetoothAdapterProperties: Scan Mode:21
04-08 18:57:34.549 20061 20082 D BluetoothAdapterProperties: Discoverable Timeout:120
04-08 18:57:34.574 20061 20061 D BluetoothMapService: onReceive
04-08 18:57:34.574 20061 20061 D BluetoothMapService: onReceive: android.bluetooth.adapter.action.STATE_CHANGED
04-08 18:57:34.574 20061 20061 D BluetoothMapService: STATE_ON
04-08 18:57:34.579 20061 20061 D BluetoothPbapService: action: android.bluetooth.adapter.action.STATE_CHANGED
04-08 18:57:34.579 20061 20061 D BluetoothPbapService: state: 12
04-08 18:57:34.586 20061 20061 D BluetoothAdapterService: isQuetModeEnabled() - Enabled = false
04-08 18:57:34.586 20061 20061 D BluetoothPhonePolicy: autoConnect() - Initiate auto connection on BT on...
04-08 18:57:34.590 20061 20082 D BluetoothAdapterProperties: Discoverable Timeout:120
04-08 18:57:34.593 20061 20082 D BluetoothAdapterProperties: Scan Mode:23
04-08 18:57:34.594 20061 20061 D BtOppService: start Socket Listeners
04-08 18:57:34.594 20061 20061 D BtOppService: stopListeners   mServerSocket :null
04-08 18:57:34.595 20061 20061 D ObexServerSockets: create(rfcomm = -2, l2capPsm = -2)
04-08 18:57:34.596 20061 20109 D BluetoothMapMasInstance0: Map Service startRfcommSocketListener
04-08 18:57:34.596 20061 20109 D ObexServerSockets: create(rfcomm = -2, l2capPsm = -2)
04-08 18:57:34.598 20061 20061 W BluetoothAdapter: getBluetoothService() called with no BluetoothManagerCallback
04-08 18:57:34.600 20061 20109 W BluetoothAdapter: getBluetoothService() called with no BluetoothManagerCallback
04-08 18:57:34.602 20061 20122 W BluetoothAdapter: getBluetoothService() called with no BluetoothManagerCallback
04-08 18:57:34.602 20061 20097 I bt_stack: [INFO:port_api.cc(123)] RFCOMM_CreateConnection BDA: ff:ff:ff:ff:ff:ff
04-08 18:57:34.605 20061 20097 I bt_stack: [INFO:port_api.cc(123)] RFCOMM_CreateConnection BDA: ff:ff:ff:ff:ff:ff
04-08 18:57:34.606 20061 20061 W BluetoothAdapter: getBluetoothService() called with no BluetoothManagerCallback
04-08 18:57:34.606 20061 20109 W BluetoothAdapter: getBluetoothService() called with no BluetoothManagerCallback
04-08 18:57:34.608 20061 20097 I bt_stack: [INFO:port_api.cc(123)] RFCOMM_CreateConnection BDA: ff:ff:ff:ff:ff:ff
04-08 18:57:34.608 20061 20109 D ObexServerSockets: Succeed to create listening sockets 
04-08 18:57:34.608 20061 20122 D BluetoothSdpJni: sdpCreateSapsRecordNative
04-08 18:57:34.608 20061 20109 D ObexServerSockets0: startAccept()
04-08 18:57:34.608 20061 20109 D ObexServerSockets0: prepareForNewConnect()
04-08 18:57:34.608 20061 20122 D BluetoothSdpJni: SDP Create record success - handle: 0
04-08 18:57:34.609 20061 20061 D ObexServerSockets: Succeed to create listening sockets 
04-08 18:57:34.610 20061 20061 D ObexServerSockets1: startAccept()
04-08 18:57:34.610 20061 20109 D BluetoothSdpJni: sdpCreateMapMasRecordNative
04-08 18:57:34.610 20061 20061 D ObexServerSockets1: prepareForNewConnect()
04-08 18:57:34.610 20061 20109 D BluetoothSdpJni: SDP Create record success - handle: 1
04-08 18:57:34.611 20061 20061 D BluetoothSdpJni: sdpCreateOppOpsRecordNative
04-08 18:57:34.611 20061 20061 D BluetoothSdpJni: SDP Create record success - handle: 2
04-08 18:57:34.611 20061 20061 D BtOppService: mOppSdpHandle :2
04-08 18:57:34.611 20061 20061 D BluetoothPbapService: startsocketListener
04-08 18:57:34.612 20061 20061 D ObexServerSockets: create(rfcomm = -2, l2capPsm = -2)
04-08 18:57:34.613 20061 20061 W BluetoothAdapter: getBluetoothService() called with no BluetoothManagerCallback
04-08 18:57:34.614 20061 20124 D ObexServerSockets0: Accepting socket connection...
04-08 18:57:34.616 20061 20097 I bt_stack: [INFO:port_api.cc(123)] RFCOMM_CreateConnection BDA: ff:ff:ff:ff:ff:ff
04-08 18:57:34.616 20061 20125 D ObexServerSockets1: Accepting socket connection...
04-08 18:57:34.617 20061 20126 D ObexServerSockets1: Accepting socket connection...
04-08 18:57:34.616 20061 20123 D ObexServerSockets0: Accepting socket connection...
04-08 18:57:34.618 20061 20061 W BluetoothAdapter: getBluetoothService() called with no BluetoothManagerCallback
04-08 18:57:34.621 20061 20061 D ObexServerSockets: Succeed to create listening sockets 
04-08 18:57:34.621 20061 20061 D ObexServerSockets2: startAccept()
04-08 18:57:34.621 20061 20061 D ObexServerSockets2: prepareForNewConnect()
04-08 18:57:34.625 20061 20061 D BluetoothSdpJni: sdpCreatePbapPseRecordNative
04-08 18:57:34.626 20061 20061 D BluetoothSdpJni: SDP Create record success - handle: 3
04-08 18:57:34.626 20061 20127 D ObexServerSockets2: Accepting socket connection...
04-08 18:57:34.626 20061 20128 D ObexServerSockets2: Accepting socket connection...
04-08 18:57:34.630 20061 20061 D BluetoothPbapService: PBAP server with handle:3
04-08 18:57:48.594 20061 20097 W bt_btif : bta_dm_acl_change info: 0x10
04-08 18:57:48.594 20061 20082 D bt_btif_dm: remote version info [a0:a4:c5:68:0f:dc]: 0, 0, 0
04-08 18:57:48.597 20061 20082 E BluetoothRemoteDevices: aclStateChangeCallback: device is NULL, address=A0:A4:C5:68:0F:DC, newState=0
04-08 18:57:48.934 20061 20082 D bt_btif_config: btif_get_device_type: Device [a0:a4:c5:68:0f:dc] type 1
04-08 18:57:48.935 20061 20082 I bt_btif_dm: get_cod remote_cod = 0x001c010c
04-08 18:57:48.936 20061 20082 I BluetoothBondStateMachine: bondStateChangeCallback: Status: 0 Address: A0:A4:C5:68:0F:DC newState: 1
04-08 18:57:48.936 20061 20082 I bt_btif_dm: get_cod remote_cod = 0x001c010c
04-08 18:57:48.939 20061 20087 I BluetoothBondStateMachine: Bond State Change Intent:A0:A4:C5:68:0F:DC OldState: 10 NewState: 11
04-08 18:57:48.940 20061 20087 I BluetoothBondStateMachine: Entering PendingCommandState State
04-08 18:57:49.109 20061 20082 D BluetoothAdapterProperties: Discoverable Timeout:120
04-08 18:57:49.111 20061 20082 D BluetoothAdapterProperties: Scan Mode:21
04-08 18:57:49.769 20061 20082 D bt_btif_config: btif_get_device_type: Device [a0:a4:c5:68:0f:dc] type 1
04-08 18:57:49.769 20061 20082 I bt_btif_dm: get_cod remote_cod = 0x001c010c
04-08 18:57:49.770 20061 20082 I BluetoothBondStateMachine: bondStateChangeCallback: Status: 0 Address: A0:A4:C5:68:0F:DC newState: 0
04-08 18:57:49.773 20061 20087 D BluetoothAdapterProperties: Failed to remove device: A0:A4:C5:68:0F:DC
04-08 18:57:49.777 20061 20087 I BluetoothBondStateMachine: Bond State Change Intent:A0:A4:C5:68:0F:DC OldState: 11 NewState: 10
04-08 18:57:49.783 20061 20087 D HidService: getHidService(): returning com.android.bluetooth.hid.HidService@d0b2600
04-08 18:57:49.784 20061 20097 W bt_smp  : for SMP over BR max_key_size: 0x10, local_i_key: 0x07, local_r_key: 0x07, p_cb->loc_auth_req: 0x21
04-08 18:57:49.784 20061 20087 D A2dpSinkService: getA2dpSinkService(): service is NULL
04-08 18:57:49.784 20061 20097 W bt_smp  : smp_send_id_info
04-08 18:57:49.787 20061 20092 W bt_hci_packet_fragmenter: reassemble_and_dispatch got packet which would exceed expected length of 84. Truncating.
04-08 18:57:49.787 20061 20082 D bt_btif_config: btif_get_device_type: Device [a0:a4:c5:68:0f:dc] type 1
04-08 18:57:49.787 20061 20082 I bt_btif_dm: get_cod remote_cod = 0x001c010c
04-08 18:57:49.787 20061 20097 F bt_stack: [FATAL:allocation_tracker.cc(161)] Check failed: end_canary[i] == canary[i]. 
--------- beginning of crash
04-08 18:57:49.788 20061 20097 F libc    : Fatal signal 6 (SIGABRT), code -6 in tid 20097 (btu message loo), pid 20061 (droid.bluetooth)
04-08 18:57:49.788 20061 20087 D HidService: Saved priority A0:A4:C5:68:0F:DC = -1
04-08 18:57:49.801 20061 20082 I BluetoothBondStateMachine: bondStateChangeCallback: Status: 0 Address: A0:A4:C5:68:0F:DC newState: 1
04-08 18:57:49.811 20061 20087 I BluetoothBondStateMachine: StableState(): Entering Off State
04-08 18:57:49.815 20061 20087 I BluetoothBondStateMachine: Bond State Change Intent:A0:A4:C5:68:0F:DC OldState: 10 NewState: 11
04-08 18:57:49.815 20061 20087 I BluetoothBondStateMachine: Entering PendingCommandState State
