--------- beginning of main
04-11 21:04:07.580 27611 27611 D BluetoothOppFileProvider: Initialized
04-11 21:04:07.606 27611 27611 D AdapterServiceConfig: Adding HeadsetService
04-11 21:04:07.608 27611 27611 D AdapterServiceConfig: Adding A2dpService
04-11 21:04:07.608 27611 27611 D AdapterServiceConfig: Adding HidService
04-11 21:04:07.609 27611 27611 D AdapterServiceConfig: Adding HealthService
04-11 21:04:07.609 27611 27611 D AdapterServiceConfig: Adding PanService
04-11 21:04:07.609 27611 27611 D AdapterServiceConfig: Adding GattService
04-11 21:04:07.609 27611 27611 D AdapterServiceConfig: Adding BluetoothMapService
04-11 21:04:07.609 27611 27611 D AdapterServiceConfig: Adding HeadsetClientService
04-11 21:04:07.609 27611 27611 D AdapterServiceConfig: Adding AvrcpControllerService
04-11 21:04:07.609 27611 27611 D AdapterServiceConfig: Adding SapService
04-11 21:04:07.610 27611 27611 W AdapterServiceConfig: Could not find profile bit mask
04-11 21:04:07.610 27611 27611 D AdapterServiceConfig: Adding BluetoothOppService
04-11 21:04:07.610 27611 27611 W AdapterServiceConfig: Could not find profile bit mask
04-11 21:04:07.610 27611 27611 D AdapterServiceConfig: Adding BluetoothPbapService
04-11 21:04:07.633 27611 27611 D BluetoothAdapterService: onCreate()
04-11 21:04:07.639 27611 27611 D BluetoothAdapterState: make() - Creating AdapterState
04-11 21:04:07.643 27611 27611 I bt_btif : init
04-11 21:04:07.646 27611 27611 D bt_osi_allocation_tracker: canary initialized
04-11 21:04:07.646 27611 27626 I BluetoothAdapterState: Entering OffState
04-11 21:04:07.647 27611 27627 I bt_osi_thread: run_thread: thread id 27627, thread name stack_manager started
04-11 21:04:07.647 27611 27627 I bt_stack_manager: event_init_stack is initializing the stack
04-11 21:04:07.651 27611 27630 I bt_osi_thread: run_thread: thread id 27630, thread name alarm_default_ca started
04-11 21:04:07.652 27611 27631 I bt_osi_thread: run_thread: thread id 27631, thread name alarm_dispatcher started
04-11 21:04:07.655 27611 27627 I bt_btif_core: btif_init_bluetooth entered
04-11 21:04:07.655 27611 27627 I bt_stack_config: init attempt to load stack conf from /etc/bluetooth/bt_stack.conf
04-11 21:04:07.657 27611 27632 I bt_osi_thread: run_thread: thread id 27632, thread name bt_jni_workqueue started
04-11 21:04:07.657 27611 27627 I bt_btif_core: btif_init_bluetooth finished
04-11 21:04:07.657 27611 27627 I bt_stack_manager: event_init_stack finished
04-11 21:04:07.657 27611 27632 I bt_btif_core: run_message_loop entered
04-11 21:04:07.657 27611 27611 I bt_osi_wakelock: wakelock_set_os_callouts set to non-native
04-11 21:04:07.657 27611 27611 I bt_btif : get_profile_interface: id = socket
04-11 21:04:07.658 27611 27632 E bt_btif_storage: btif_storage_get_adapter_property: Controller not ready! Unable to return Bluetooth Address
04-11 21:04:07.658 27611 27632 E BluetoothServiceJni: adapter_properties_callback: Status 1 is incorrect
04-11 21:04:07.660 27611 27632 D BluetoothAdapterProperties: Name is: LeEco Le 2
04-11 21:04:07.660 27611 27611 I bt_btif : get_profile_interface: id = sdp
04-11 21:04:07.665 27611 27611 I BluetoothAdapterService: Phone policy enabled
04-11 21:04:07.667 27611 27611 D BluetoothAdapterService: setAdapterService() - set to: null
04-11 21:04:07.669 27611 27611 D BluetoothAdapterService: onBind()
04-11 21:04:07.675 27611 27611 I BtGatt.JNI: classInitNative(L871): classInitNative: Success!
04-11 21:04:07.680 27611 27623 D BluetoothAdapterService: enable() - Enable called with quiet mode status =  false
04-11 21:04:07.680 27611 27626 D BluetoothAdapterState: Current state: OFF, message: 0
04-11 21:04:07.680 27611 27626 D BluetoothAdapterProperties: Setting state to 14
04-11 21:04:07.680 27611 27626 I BluetoothAdapterState: Bluetooth adapter state changed: 10-> 14
04-11 21:04:07.680 27611 27626 D BluetoothAdapterService: updateAdapterState() - Broadcasting state to 1 receivers.
04-11 21:04:07.681 27611 27626 D BluetoothAdapterService: BleOnProcessStart()
04-11 21:04:07.684 27611 27626 D BluetoothAdapterService: BleOnProcessStart() - Make Bond State Machine
04-11 21:04:07.684 27611 27626 D BluetoothBondStateMachine: make
04-11 21:04:07.686 27611 27638 I BluetoothBondStateMachine: StableState(): Entering Off State
04-11 21:04:07.686 27611 27626 D BluetoothAdapterService: setProfileServiceState() - Starting service com.android.bluetooth.gatt.GattService
04-11 21:04:07.689 27611 27626 I BluetoothAdapterState: Entering PendingCommandState
04-11 21:04:07.689 27611 27611 D BtGatt.DebugUtils: handleDebugAction() action=null
04-11 21:04:07.689 27611 27611 D BluetoothAdapterService: getAdapterService() - returning com.android.bluetooth.btservice.AdapterService@e97793c
04-11 21:04:07.690 27611 27611 D BtGatt.GattService: Received start request. Starting profile...
04-11 21:04:07.690 27611 27611 I bt_btif : get_profile_interface: id = gatt
04-11 21:04:07.691 27611 27611 D BluetoothAdapterService: getAdapterService() - returning com.android.bluetooth.btservice.AdapterService@e97793c
04-11 21:04:07.697 27611 27611 I chatty  : uid=1002(bluetooth) com.android.bluetooth identical 1 line
04-11 21:04:07.698 27611 27611 D BluetoothAdapterService: getAdapterService() - returning com.android.bluetooth.btservice.AdapterService@e97793c
04-11 21:04:07.699 27611 27611 D BluetoothAdapterService: handleMessage() - Message: 1
04-11 21:04:07.699 27611 27611 D BluetoothAdapterService: handleMessage() - MESSAGE_PROFILE_SERVICE_STATE_CHANGED
04-11 21:04:07.699 27611 27611 D BluetoothAdapterService: processProfileServiceStateChanged() - serviceName=com.android.bluetooth.gatt.GattService isTurningOn=false isTurningOff=false isBleTurningOn=true isBleTurningOff=false
04-11 21:04:07.699 27611 27611 D BluetoothAdapterService: GattService is started
04-11 21:04:07.700 27611 27626 V BluetoothAdapterState: PendingCommand - transient state(s): isBleTurningOn
04-11 21:04:07.700 27611 27626 D BluetoothAdapterState: Current state: PENDING_COMMAND, message: 4
04-11 21:04:07.702 27611 27626 I bt_btif : enable: start restricted = 0
04-11 21:04:07.702 27611 27627 I bt_stack_manager: event_start_up_stack is bringing up the stack
04-11 21:04:07.702 27611 27627 I bt_core_module: module_start_up Starting module "btif_config_module"
04-11 21:04:07.702 27611 27627 I bt_core_module: module_start_up Started module "btif_config_module"
04-11 21:04:07.702 27611 27627 I bt_core_module: module_start_up Starting module "btsnoop_module"
04-11 21:04:07.703 27611 27627 I bt_core_module: module_start_up Started module "btsnoop_module"
04-11 21:04:07.703 27611 27627 I bt_core_module: module_start_up Starting module "hci_module"
04-11 21:04:07.703 27611 27627 I bt_hci  : hci_module_start_up
04-11 21:04:07.703 27611 27642 I bt_osi_thread: run_thread: thread id 27642, thread name hci_thread started
04-11 21:04:07.704 27611 27627 D bt_hci  : hci_module_start_up starting async portion
04-11 21:04:07.704 27611 27642 I bt_hci  : hci_initialize
04-11 21:04:07.707 27611 27642 I bt_hci  : hci_initialize: IBluetoothHci::getService() returned 0x7f0263d560 (remote)
04-11 21:04:07.801 27611 27642 I bt_hci  : event_finish_startup
04-11 21:04:07.801 27611 27627 I bt_core_module: module_start_up Started module "hci_module"
04-11 21:04:07.802 27611 27647 I bt_osi_thread: run_thread: thread id 27647, thread name bt_workqueue started
04-11 21:04:07.804 27611 27647 I         : [0411/210407:INFO:btu_task.cc(107)] Bluetooth chip preload is complete
04-11 21:04:07.805 27611 27647 I         : [0411/210407:INFO:gatt_api.cc(1004)] GATT_Register
04-11 21:04:07.806 27611 27647 I         : [0411/210407:INFO:gatt_api.cc(1027)] allocated gatt_if=1
04-11 21:04:07.806 27611 27647 I         : [0411/210407:INFO:gatt_api.cc(207)] GATTS_AddService
04-11 21:04:07.806 27611 27647 I         : [0411/210407:INFO:gatt_api.cc(317)] GATTS_AddService: service parsed correctly, now starting
04-11 21:04:07.806 27611 27647 E         : [0411/210407:ERROR:gatt_attr.cc(301)] gatt_profile_db_init:  gatt_if=1
04-11 21:04:07.807 27611 27647 I         : [0411/210407:INFO:gatt_api.cc(1004)] GATT_Register
04-11 21:04:07.807 27611 27647 I         : [0411/210407:INFO:gatt_api.cc(1027)] allocated gatt_if=2
04-11 21:04:07.807 27611 27647 I         : [0411/210407:INFO:gatt_api.cc(207)] GATTS_AddService
04-11 21:04:07.807 27611 27647 I         : [0411/210407:INFO:gatt_api.cc(317)] GATTS_AddService: service parsed correctly, now starting
04-11 21:04:07.808 27611 27648 I bt_osi_thread: run_thread: thread id 27648, thread name btu message loop started
04-11 21:04:07.811 27611 27649 I bt_osi_thread: run_thread: thread id 27649, thread name module_wrapper started
04-11 21:04:07.811 27611 27649 I bt_core_module: module_start_up Starting module "controller_module"
04-11 21:04:08.028 27611 27649 I bt_core_module: module_start_up Started module "controller_module"
04-11 21:04:08.028 27611 27649 W bt_osi_thread: run_thread: thread id 27649, thread name module_wrapper exited
04-11 21:04:08.029 27611 27647 W bt_btm  : btm_decode_ext_features_page: feature page 1 ignored
04-11 21:04:08.029 27611 27647 W bt_btm  : btm_decode_ext_features_page: feature page 2 ignored
04-11 21:04:08.029 27611 27648 I bt_btm_sec: BTM_SecRegister p_cb_info->p_le_callback == 0x0x7ef4b19d2c
04-11 21:04:08.029 27611 27648 I bt_btm_sec: BTM_SecRegister btm_cb.api.p_le_callback = 0x0x7ef4b19d2c 
04-11 21:04:08.032 27611 27648 I bt_stack: [INFO:gatt_api.cc(1004)] GATT_Register
04-11 21:04:08.032 27611 27648 I bt_stack: [INFO:gatt_api.cc(1027)] allocated gatt_if=3
04-11 21:04:08.052 27611 27648 I bt_stack: [INFO:ble_advertiser_hci_interface.cc(708)] VSC advertising will be in use
04-11 21:04:08.052 27611 27648 I bt_stack: [INFO:ble_advertiser_hci_interface.cc(259)] QuirkAdvertiserZeroHandle in use
04-11 21:04:08.053 27611 27632 D BluetoothAdapterProperties: BT_PROPERTY_LOCAL_LE_FEATURES: update from BT controller mNumOfAdvertisementInstancesSupported = 10 mRpaOffloadSupported = true mNumOfOffloadedIrkSupported = 8 mNumOfOffloadedScanFilterSupported = 16 mOffloadedScanResultStorageBytes= 10240 mIsActivityAndEnergyReporting = true mVersSupported = 96 mTotNumOfTrackableAdv = 32 mIsExtendedScanSupported = true mIsDebugLogSupported = true mIsLe2MPhySupported = false mIsLeCodedPhySupported = false mIsLeExtendedAdvertisingSupported = false mIsLePeriodicAdvertisingSupported = false mLeMaximumAdvertisingDataLength = 31
04-11 21:04:08.059 27611 27632 E bt_btif_storage: btif_storage_get_adapter_property: Controller ready!
04-11 21:04:08.059 27611 27632 I bt_btif_storage: btif_storage_get_adapter_property service_mask:0x20000000
04-11 21:04:08.060 27611 27632 D BluetoothAdapterProperties: Address is:80:1D:00:33:D8:82
04-11 21:04:08.063 27611 27632 D BluetoothAdapterProperties: Name is: LeEco Le 2
04-11 21:04:08.066 27611 27632 D BluetoothAdapterProperties: Scan Mode:20
04-11 21:04:08.066 27611 27632 D BluetoothAdapterProperties: Discoverable Timeout:120
04-11 21:04:08.067 27611 27632 I bt_btif_core: btif_enable_bluetooth_evt entered: status 0
04-11 21:04:08.069 27611 27651 I bt_osi_thread: run_thread: thread id 27651, thread name btif_sock started
04-11 21:04:08.069 27611 27632 D bt_bte_conf: Device ID record 1 : primary
04-11 21:04:08.069 27611 27632 D bt_bte_conf:   vendorId            = 000f
04-11 21:04:08.069 27611 27632 D bt_bte_conf:   vendorIdSource      = 0001
04-11 21:04:08.069 27611 27632 D bt_bte_conf:   product             = 1200
04-11 21:04:08.069 27611 27632 D bt_bte_conf:   version             = 1436
04-11 21:04:08.069 27611 27632 D bt_bte_conf:   clientExecutableURL = 
04-11 21:04:08.070 27611 27632 D bt_bte_conf:   serviceDescription  = 
04-11 21:04:08.070 27611 27632 D bt_bte_conf:   documentationURL    = 
04-11 21:04:08.070 27611 27632 D bt_bte_conf: bte_load_did_conf no section named DID2.
04-11 21:04:08.070 27611 27632 I bt_btif_core: btif_enable_bluetooth_evt finished
04-11 21:04:08.070 27611 27627 I bt_stack_manager: event_start_up_stack finished
04-11 21:04:08.071 27611 27626 V BluetoothAdapterState: PendingCommand - transient state(s): isBleTurningOn
04-11 21:04:08.072 27611 27626 D BluetoothAdapterState: Current state: PENDING_COMMAND, message: 3
04-11 21:04:08.072 27611 27626 D BluetoothAdapterProperties: Setting state to 15
04-11 21:04:08.072 27611 27626 I BluetoothAdapterState: Bluetooth adapter state changed: 14-> 15
04-11 21:04:08.072 27611 27626 D BluetoothAdapterService: updateAdapterState() - Broadcasting state to 1 receivers.
04-11 21:04:08.073 27611 27626 I BluetoothAdapterState: Entering BleOnState
04-11 21:04:08.075 27611 27626 D BluetoothAdapterState: Current state: BLE ON, message: 1
04-11 21:04:08.075 27611 27626 D BluetoothAdapterProperties: Setting state to 11
04-11 21:04:08.075 27611 27626 I BluetoothAdapterState: Bluetooth adapter state changed: 15-> 11
04-11 21:04:08.075 27611 27626 D BluetoothAdapterService: updateAdapterState() - Broadcasting state to 1 receivers.
04-11 21:04:08.076 27611 27626 D BluetoothAdapterService: startCoreServices()
04-11 21:04:08.076 27611 27626 D BluetoothAdapterService: setProfileServiceState() - Starting service com.android.bluetooth.hfp.HeadsetService
04-11 21:04:08.080 27611 27611 D BluetoothAdapterService: getAdapterService() - returning com.android.bluetooth.btservice.AdapterService@e97793c
04-11 21:04:08.081 27611 27611 D HeadsetService: Received start request. Starting profile...
04-11 21:04:08.081 27611 27626 D BluetoothAdapterService: setProfileServiceState() - Starting service com.android.bluetooth.a2dp.A2dpService
04-11 21:04:08.083 27611 27611 I BluetoothHeadsetServiceJni: classInitNative: succeeds
04-11 21:04:08.084 27611 27611 D HeadsetStateMachine: make
04-11 21:04:08.085 27611 27626 D BluetoothAdapterService: setProfileServiceState() - Starting service com.android.bluetooth.hid.HidService
04-11 21:04:08.089 27611 27626 D BluetoothAdapterService: setProfileServiceState() - Starting service com.android.bluetooth.hdp.HealthService
04-11 21:04:08.101 27611 27626 D BluetoothAdapterService: setProfileServiceState() - Starting service com.android.bluetooth.pan.PanService
04-11 21:04:08.101 27611 27611 D HeadsetStateMachine: max_hf_connections = 1
04-11 21:04:08.102 27611 27611 D HeadsetStateMachine: in-band_ringing_support = true
04-11 21:04:08.102 27611 27611 I bt_btif : get_profile_interface: id = handsfree
04-11 21:04:08.102 27611 27632 I bt_btif_storage: btif_storage_get_adapter_property service_mask:0x20000040
04-11 21:04:08.103 27611 27648 I bt_stack: [INFO:port_api.cc(123)] RFCOMM_CreateConnection BDA: ff:ff:ff:ff:ff:ff
04-11 21:04:08.103 27611 27648 I bt_stack: [INFO:port_api.cc(123)] RFCOMM_CreateConnection BDA: ff:ff:ff:ff:ff:ff
04-11 21:04:08.104 27611 27632 E bt_btif : btif_hf_upstreams_evt: Invalid index 63834
04-11 21:04:08.109 27611 27626 D BluetoothAdapterService: setProfileServiceState() - Starting service com.android.bluetooth.map.BluetoothMapService
04-11 21:04:08.112 27611 27611 D BluetoothAdapterService: getAdapterService() - returning com.android.bluetooth.btservice.AdapterService@e97793c
04-11 21:04:08.115 27611 27626 D BluetoothAdapterService: setProfileServiceState() - Starting service com.android.bluetooth.hfpclient.HeadsetClientService
04-11 21:04:08.116 27611 27611 D BluetoothAdapterService: getAdapterService() - returning com.android.bluetooth.btservice.AdapterService@e97793c
04-11 21:04:08.117 27611 27611 D A2dpService: Received start request. Starting profile...
04-11 21:04:08.118 27611 27611 I BluetoothAvrcpServiceJni: classInitNative: succeeds
04-11 21:04:08.118 27611 27611 V Avrcp   : make
04-11 21:04:08.120 27611 27611 I bt_btif : get_profile_interface: id = avrcp
04-11 21:04:08.121 27611 27626 D BluetoothAdapterService: setProfileServiceState() - Starting service com.android.bluetooth.avrcpcontroller.AvrcpControllerService
04-11 21:04:08.125 27611 27626 D BluetoothAdapterService: setProfileServiceState() - Starting service com.android.bluetooth.sap.SapService
04-11 21:04:08.129 27611 27626 D BluetoothAdapterService: setProfileServiceState() - Starting service com.android.bluetooth.opp.BluetoothOppService
04-11 21:04:08.132 27611 27626 D BluetoothAdapterService: setProfileServiceState() - Starting service com.android.bluetooth.pbap.BluetoothPbapService
04-11 21:04:08.135 27611 27626 I BluetoothAdapterState: Entering PendingCommandState
04-11 21:04:08.135 27611 27611 V Avrcp   : initMediaPlayerInfoList: 0 controllers
04-11 21:04:08.137 27611 27611 V Avrcp   : updatePlaybackState (1): -1➡0(PlaybackState {state=0, position=-1, buffered position=0, speed=0.0, updated=344450022, actions=0, custom actions=[], active item id=-1, error=null})
04-11 21:04:08.138 27611 27611 I Avrcp   : Skipping update due to invalid playback state
04-11 21:04:08.138 27611 27611 E Avrcp   : play status change -1➡0 mPlayStatusChangedNT: 1
04-11 21:04:08.138 27611 27611 E bt_btif : register_notification_rsp: Avrcp device is not connected, handle: 0x0
04-11 21:04:08.138 27611 27611 D Avrcp   : sendPlayPosNotificationRsp: Not registered or requesting.
04-11 21:04:08.140 27611 27611 D Avrcp   : User already unlocked, initializing player lists
04-11 21:04:08.141 27611 27611 V Avrcp   : updatePlaybackState (1): 0➡0(PlaybackState {state=0, position=-1, buffered position=0, speed=0.0, updated=344450028, actions=0, custom actions=[], active item id=-1, error=null})
04-11 21:04:08.141 27611 27611 I Avrcp   : Skipping update due to invalid playback state
04-11 21:04:08.141 27611 27611 E Avrcp   : play status change 0➡0 mPlayStatusChangedNT: 1
04-11 21:04:08.141 27611 27611 D Avrcp   : sendPlayPosNotificationRsp: Not registered or requesting.
04-11 21:04:08.144 27611 27611 I BluetoothA2dpServiceJni: classInitNative: succeeds
04-11 21:04:08.144 27611 27611 D A2dpStateMachine: make
04-11 21:04:08.146 27611 27611 I bt_btif : get_profile_interface: id = a2dp
04-11 21:04:08.146 27611 27655 I bt_osi_thread: run_thread: thread id 27655, thread name btif_a2dp_source started
04-11 21:04:08.147 27611 27611 D a2dp_codec: init
04-11 21:04:08.147 27611 27632 I bt_btif_storage: btif_storage_get_adapter_property service_mask:0x20000048
04-11 21:04:08.147 27611 27648 I bt_bta_av: AVRCP version used for sdp: "avrcp14"
04-11 21:04:08.147 27611 27611 D a2dp_codec: createCodec: codec SBC
04-11 21:04:08.147 27611 27611 I a2dp_codec: init: updated SBC codec priority to 1001
04-11 21:04:08.147 27611 27611 D a2dp_codec: createCodec: codec AAC
04-11 21:04:08.147 27611 27611 I a2dp_codec: init: updated AAC codec priority to 2001
04-11 21:04:08.147 27611 27611 D a2dp_codec: createCodec: codec aptX
04-11 21:04:08.148 27611 27632 E bt_btif : btif_sm_dispatch : Invalid handle
04-11 21:04:08.148 27611 27632 E bt_btif : btif_sm_dispatch : Invalid handle
04-11 21:04:08.149 27611 27611 E a2dp_vendor_aptx_encoder: A2DP_VendorLoadEncoderAptx: cannot open aptX encoder library libaptX_encoder.so: dlopen failed: library "libaptX_encoder.so" not found
04-11 21:04:08.149 27611 27611 E a2dp_vendor_aptx: init: cannot load the encoder
04-11 21:04:08.149 27611 27611 D a2dp_codec: createCodec: codec aptX-HD
04-11 21:04:08.149 27611 27611 E a2dp_vendor_aptx_hd_encoder: A2DP_VendorLoadEncoderAptxHd: cannot open aptX-HD encoder library libaptXHD_encoder.so: dlopen failed: library "libaptXHD_encoder.so" not found
04-11 21:04:08.149 27611 27611 E a2dp_vendor_aptx_hd: init: cannot load the encoder
04-11 21:04:08.149 27611 27611 D a2dp_codec: createCodec: codec LDAC
04-11 21:04:08.153 27611 27611 I a2dp_codec: init: updated LDAC codec priority to 5001
04-11 21:04:08.153 27611 27611 D a2dp_codec: createCodec: codec SBC SINK
04-11 21:04:08.153 27611 27611 I a2dp_codec: init: initialized Source codec LDAC
04-11 21:04:08.153 27611 27611 I a2dp_codec: init: initialized Source codec AAC
04-11 21:04:08.153 27611 27611 I a2dp_codec: init: initialized Source codec SBC
04-11 21:04:08.153 27611 27611 I a2dp_codec: init: initialized Sink codec SBC(Sink)
04-11 21:04:08.153 27611 27611 W bt_btif : ## ON A2DP IDLE ## peer_sep = 0
04-11 21:04:08.154 27611 27632 I BluetoothA2dpServiceJni: bta2dp_audio_config_callback
04-11 21:04:08.155 27611 27632 D A2dpStateMachine: A2DP Codec Config: null->{codecName:SBC,mCodecType:0,mCodecPriority:0,mSampleRate:0x0(NONE),mBitsPerSample:0x0(NONE),mChannelMode:0x0(NONE),mCodecSpecific1:0,mCodecSpecific2:0,mCodecSpecific3:0,mCodecSpecific4:0}
04-11 21:04:08.155 27611 27632 D A2dpStateMachine: A2DP Codec Local Capability: {codecName:LDAC,mCodecType:4,mCodecPriority:5001,mSampleRate:0xf(44100|48000|88200|96000),mBitsPerSample:0x7(16|24|32),mChannelMode:0x2(STEREO),mCodecSpecific1:0,mCodecSpecific2:0,mCodecSpecific3:0,mCodecSpecific4:0}
04-11 21:04:08.155 27611 27632 D A2dpStateMachine: A2DP Codec Local Capability: {codecName:AAC,mCodecType:1,mCodecPriority:2001,mSampleRate:0x1(44100),mBitsPerSample:0x1(16),mChannelMode:0x2(STEREO),mCodecSpecific1:0,mCodecSpecific2:0,mCodecSpecific3:0,mCodecSpecific4:0}
04-11 21:04:08.155 27611 27632 D A2dpStateMachine: A2DP Codec Local Capability: {codecName:SBC,mCodecType:0,mCodecPriority:1001,mSampleRate:0x1(44100),mBitsPerSample:0x1(16),mChannelMode:0x3(MONO|STEREO),mCodecSpecific1:0,mCodecSpecific2:0,mCodecSpecific3:0,mCodecSpecific4:0}
04-11 21:04:08.155 27611 27654 D A2dpStateMachine: Enter Disconnected: -2
04-11 21:04:08.159 27611 27611 D BluetoothAdapterService: getAdapterService() - returning com.android.bluetooth.btservice.AdapterService@e97793c
04-11 21:04:08.160 27611 27611 I BluetoothHidServiceJni: classInitNative: succeeds
04-11 21:04:08.162 27611 27611 D BluetoothAdapterService: getAdapterService() - returning com.android.bluetooth.btservice.AdapterService@e97793c
04-11 21:04:08.162 27611 27611 D HidService: Received start request. Starting profile...
04-11 21:04:08.162 27611 27611 I bt_btif : get_profile_interface: id = hidhost
04-11 21:04:08.163 27611 27611 D HidService: setHidService(): set to: null
04-11 21:04:08.163 27611 27632 I bt_bta_hh: BTA_HhEnable sec_mask:0x36 p_cback:0x7ef4b7f448
04-11 21:04:08.163 27611 27611 D BluetoothAdapterService: getAdapterService() - returning com.android.bluetooth.btservice.AdapterService@e97793c
04-11 21:04:08.163 27611 27632 I bt_btif_storage: btif_storage_get_adapter_property service_mask:0x20100048
04-11 21:04:08.163 27611 27648 I bt_stack: [INFO:gatt_api.cc(1004)] GATT_Register
04-11 21:04:08.164 27611 27648 I bt_stack: [INFO:gatt_api.cc(1027)] allocated gatt_if=4
04-11 21:04:08.171 27611 27611 I BluetoothHealthServiceJni: classInitNative: succeeds
04-11 21:04:08.172 27611 27611 D BluetoothAdapterService: getAdapterService() - returning com.android.bluetooth.btservice.AdapterService@e97793c
04-11 21:04:08.173 27611 27611 D HealthService: Received start request. Starting profile...
04-11 21:04:08.174 27611 27611 I bt_btif : get_profile_interface: id = health
04-11 21:04:08.175 27611 27611 D BluetoothAdapterService: getAdapterService() - returning com.android.bluetooth.btservice.AdapterService@e97793c
04-11 21:04:08.176 27611 27611 I BluetoothPanServiceJni: classInitNative(L111): succeeds
04-11 21:04:08.177 27611 27611 D BluetoothAdapterService: getAdapterService() - returning com.android.bluetooth.btservice.AdapterService@e97793c
04-11 21:04:08.178 27611 27611 D PanService: Received start request. Starting profile...
04-11 21:04:08.179 27611 27611 D BluetoothPanServiceJni: initializeNative(L116): pan
04-11 21:04:08.179 27611 27611 I bt_btif : get_profile_interface: id = pan
04-11 21:04:08.179 27611 27632 D BluetoothPanServiceJni: control_state_callback(L63): state:0, local_role:3, ifname:bt-pan
04-11 21:04:08.180 27611 27611 D BluetoothAdapterService: getAdapterService() - returning com.android.bluetooth.btservice.AdapterService@e97793c
04-11 21:04:08.181 27611 27611 D BluetoothAdapterService: handleMessage() - Message: 1
04-11 21:04:08.181 27611 27611 D BluetoothAdapterService: handleMessage() - MESSAGE_PROFILE_SERVICE_STATE_CHANGED
04-11 21:04:08.181 27611 27611 D BluetoothAdapterService: processProfileServiceStateChanged() - serviceName=com.android.bluetooth.hfp.HeadsetService isTurningOn=true isTurningOff=false isBleTurningOn=false isBleTurningOff=false
04-11 21:04:08.182 27611 27611 D BluetoothAdapterService: onProfileServiceStateChange() - Profile still not running:com.android.bluetooth.a2dp.A2dpService
04-11 21:04:08.183 27611 27652 D HeadsetPhoneState: sendDeviceStateChanged. mService=0 mIsSimStateLoaded=false mSignal=0 mRoam=0 mBatteryCharge=4
04-11 21:04:08.185 27611 27611 D BluetoothAdapterService: getAdapterService() - returning com.android.bluetooth.btservice.AdapterService@e97793c
04-11 21:04:08.186 27611 27611 D BluetoothMapService: Received start request. Starting profile...
04-11 21:04:08.186 27611 27611 D BluetoothMapService: start()
04-11 21:04:08.192 27611 27611 D BluetoothMapAccountLoader: Found 0 application(s) with intent android.bluetooth.action.BLUETOOTH_MAP_PROVIDER
04-11 21:04:08.193 27611 27611 D BluetoothMapAccountLoader: Found 0 application(s) with intent android.bluetooth.action.BLUETOOTH_MAP_IM_PROVIDER
04-11 21:04:08.193 27611 27611 D BluetoothMapAppObserver: createReceiver()
04-11 21:04:08.195 27611 27611 D BluetoothMapAppObserver: initObservers()
04-11 21:04:08.195 27611 27611 D BluetoothMapAppObserver: getEnabledAccountItems()
04-11 21:04:08.196 27611 27611 D BluetoothAdapterService: getAdapterService() - returning com.android.bluetooth.btservice.AdapterService@e97793c
04-11 21:04:08.197 27611 27611 I BluetoothHeadsetClientServiceJni: classInitNative succeeds
04-11 21:04:08.199 27611 27611 D BluetoothAdapterService: getAdapterService() - returning com.android.bluetooth.btservice.AdapterService@e97793c
04-11 21:04:08.200 27611 27611 D HeadsetClientService: Received start request. Starting profile...
04-11 21:04:08.200 27611 27611 D BluetoothHeadsetClientServiceJni: initializeNative: HfpClient
04-11 21:04:08.200 27611 27611 I bt_btif : get_profile_interface: id = handsfree_client
04-11 21:04:08.201 27611 27632 I bt_stack: [INFO:port_api.cc(123)] RFCOMM_CreateConnection BDA: ff:ff:ff:ff:ff:ff
04-11 21:04:08.201 27611 27632 I bt_btif_storage: btif_storage_get_adapter_property service_mask:0x21100048
04-11 21:04:08.206 27611 27611 D BluetoothHeadsetClientServiceJni: initializeNative: HfpClient
04-11 21:04:08.206 27611 27611 W BluetoothHeadsetClientServiceJni: Cleaning up Bluetooth HFP Client Interface before initializing
04-11 21:04:08.206 27611 27611 W BluetoothHeadsetClientServiceJni: Cleaning up Bluetooth HFP Client callback object
04-11 21:04:08.206 27611 27611 I bt_btif : get_profile_interface: id = handsfree_client
04-11 21:04:08.206 27611 27611 D BluetoothAdapterService: getAdapterService() - returning com.android.bluetooth.btservice.AdapterService@e97793c
04-11 21:04:08.207 27611 27632 I bt_btif_queue: queue_int_cleanup: UUID=111E
04-11 21:04:08.207 27611 27632 I bt_btif_storage: btif_storage_get_adapter_property service_mask:0x21100048
04-11 21:04:08.208 27611 27611 I BluetoothAvrcpControllerJni: classInitNative: succeeds
04-11 21:04:08.208 27611 27632 I bt_stack: [INFO:port_api.cc(123)] RFCOMM_CreateConnection BDA: ff:ff:ff:ff:ff:ff
04-11 21:04:08.208 27611 27632 I bt_btif_storage: btif_storage_get_adapter_property service_mask:0x21100048
04-11 21:04:08.208 27611 27611 I bt_btif : get_profile_interface: id = avrcp_ctrl
04-11 21:04:08.210 27611 27611 D BluetoothAdapterService: getAdapterService() - returning com.android.bluetooth.btservice.AdapterService@e97793c
04-11 21:04:08.210 27611 27611 D AvrcpControllerService: Received start request. Starting profile...
04-11 21:04:08.216 27611 27611 D AvrcpControllerService: setAvrcpControllerService(): set to: null
04-11 21:04:08.216 27611 27611 D BluetoothAdapterService: getAdapterService() - returning com.android.bluetooth.btservice.AdapterService@e97793c
04-11 21:04:08.217 27611 27611 V SapService: SapBinder()
04-11 21:04:08.218 27611 27611 D BluetoothAdapterService: getAdapterService() - returning com.android.bluetooth.btservice.AdapterService@e97793c
04-11 21:04:08.219 27611 27611 D SapService: Received start request. Starting profile...
04-11 21:04:08.219 27611 27611 V SapService: start()
04-11 21:04:08.221 27611 27611 D BluetoothAdapterService: getAdapterService() - returning com.android.bluetooth.btservice.AdapterService@e97793c
04-11 21:04:08.230 27611 27611 D BluetoothAdapterService: getAdapterService() - returning com.android.bluetooth.btservice.AdapterService@e97793c
04-11 21:04:08.233 27611 27611 D BluetoothOppService: Received start request. Starting profile...
04-11 21:04:08.233 27611 27611 D BluetoothAdapterService: getAdapterService() - returning com.android.bluetooth.btservice.AdapterService@e97793c
04-11 21:04:08.235 27611 27611 V BluetoothPbapService: PbapBinder()
04-11 21:04:08.235 27611 27611 D BluetoothAdapterService: getAdapterService() - returning com.android.bluetooth.btservice.AdapterService@e97793c
04-11 21:04:08.236 27611 27611 D BluetoothPbapService: Received start request. Starting profile...
04-11 21:04:08.236 27611 27611 V BluetoothPbapService: start()
04-11 21:04:08.240 27611 27611 D BluetoothPbapService: Registering observer
04-11 21:04:08.248 27611 27611 D BluetoothAdapterService: getAdapterService() - returning com.android.bluetooth.btservice.AdapterService@e97793c
04-11 21:04:08.248 27611 27611 D BluetoothAdapterService: handleMessage() - Message: 1
04-11 21:04:08.248 27611 27611 D BluetoothAdapterService: handleMessage() - MESSAGE_PROFILE_SERVICE_STATE_CHANGED
04-11 21:04:08.249 27611 27611 D BluetoothAdapterService: processProfileServiceStateChanged() - serviceName=com.android.bluetooth.a2dp.A2dpService isTurningOn=true isTurningOff=false isBleTurningOn=false isBleTurningOff=false
04-11 21:04:08.249 27611 27611 D BluetoothAdapterService: onProfileServiceStateChange() - Profile still not running:com.android.bluetooth.map.BluetoothMapService
04-11 21:04:08.249 27611 27611 D BluetoothAdapterService: handleMessage() - Message: 1
04-11 21:04:08.249 27611 27611 D BluetoothAdapterService: handleMessage() - MESSAGE_PROFILE_SERVICE_STATE_CHANGED
04-11 21:04:08.249 27611 27611 D BluetoothAdapterService: processProfileServiceStateChanged() - serviceName=com.android.bluetooth.hid.HidService isTurningOn=true isTurningOff=false isBleTurningOn=false isBleTurningOff=false
04-11 21:04:08.249 27611 27611 D BluetoothAdapterService: onProfileServiceStateChange() - Profile still not running:com.android.bluetooth.map.BluetoothMapService
04-11 21:04:08.250 27611 27611 D BluetoothAdapterService: handleMessage() - Message: 1
04-11 21:04:08.250 27611 27611 D BluetoothAdapterService: handleMessage() - MESSAGE_PROFILE_SERVICE_STATE_CHANGED
04-11 21:04:08.250 27611 27611 D BluetoothAdapterService: processProfileServiceStateChanged() - serviceName=com.android.bluetooth.hdp.HealthService isTurningOn=true isTurningOff=false isBleTurningOn=false isBleTurningOff=false
04-11 21:04:08.250 27611 27611 D BluetoothAdapterService: onProfileServiceStateChange() - Profile still not running:com.android.bluetooth.map.BluetoothMapService
04-11 21:04:08.250 27611 27611 D BluetoothAdapterService: handleMessage() - Message: 1
04-11 21:04:08.250 27611 27611 D BluetoothAdapterService: handleMessage() - MESSAGE_PROFILE_SERVICE_STATE_CHANGED
04-11 21:04:08.250 27611 27611 D BluetoothAdapterService: processProfileServiceStateChanged() - serviceName=com.android.bluetooth.pan.PanService isTurningOn=true isTurningOff=false isBleTurningOn=false isBleTurningOff=false
04-11 21:04:08.251 27611 27611 D BluetoothAdapterService: onProfileServiceStateChange() - Profile still not running:com.android.bluetooth.map.BluetoothMapService
04-11 21:04:08.251 27611 27611 D BluetoothAdapterService: handleMessage() - Message: 1
04-11 21:04:08.251 27611 27611 D BluetoothAdapterService: handleMessage() - MESSAGE_PROFILE_SERVICE_STATE_CHANGED
04-11 21:04:08.251 27611 27611 D BluetoothAdapterService: processProfileServiceStateChanged() - serviceName=com.android.bluetooth.map.BluetoothMapService isTurningOn=true isTurningOff=false isBleTurningOn=false isBleTurningOff=false
04-11 21:04:08.251 27611 27611 D BluetoothAdapterService: onProfileServiceStateChange() - Profile still not running:com.android.bluetooth.avrcpcontroller.AvrcpControllerService
04-11 21:04:08.251 27611 27611 D BluetoothAdapterService: handleMessage() - Message: 1
04-11 21:04:08.251 27611 27611 D BluetoothAdapterService: handleMessage() - MESSAGE_PROFILE_SERVICE_STATE_CHANGED
04-11 21:04:08.251 27611 27611 D BluetoothAdapterService: processProfileServiceStateChanged() - serviceName=com.android.bluetooth.hfpclient.HeadsetClientService isTurningOn=true isTurningOff=false isBleTurningOn=false isBleTurningOff=false
04-11 21:04:08.252 27611 27611 D BluetoothAdapterService: onProfileServiceStateChange() - Profile still not running:com.android.bluetooth.avrcpcontroller.AvrcpControllerService
04-11 21:04:08.252 27611 27611 D BluetoothAdapterService: handleMessage() - Message: 1
04-11 21:04:08.252 27611 27611 D BluetoothAdapterService: handleMessage() - MESSAGE_PROFILE_SERVICE_STATE_CHANGED
04-11 21:04:08.252 27611 27611 D BluetoothAdapterService: processProfileServiceStateChanged() - serviceName=com.android.bluetooth.avrcpcontroller.AvrcpControllerService isTurningOn=true isTurningOff=false isBleTurningOn=false isBleTurningOff=false
04-11 21:04:08.252 27611 27611 D BluetoothAdapterService: onProfileServiceStateChange() - Profile still not running:com.android.bluetooth.sap.SapService
04-11 21:04:08.254 27611 27611 D BluetoothAdapterService: handleMessage() - Message: 1
04-11 21:04:08.254 27611 27611 D BluetoothAdapterService: handleMessage() - MESSAGE_PROFILE_SERVICE_STATE_CHANGED
04-11 21:04:08.254 27611 27611 D BluetoothAdapterService: processProfileServiceStateChanged() - serviceName=com.android.bluetooth.sap.SapService isTurningOn=true isTurningOff=false isBleTurningOn=false isBleTurningOff=false
04-11 21:04:08.254 27611 27611 D BluetoothAdapterService: onProfileServiceStateChange() - Profile still not running:com.android.bluetooth.pbap.BluetoothPbapService
04-11 21:04:08.255 27611 27611 D BluetoothAdapterService: handleMessage() - Message: 1
04-11 21:04:08.256 27611 27611 D BluetoothAdapterService: handleMessage() - MESSAGE_PROFILE_SERVICE_STATE_CHANGED
04-11 21:04:08.256 27611 27611 D BluetoothAdapterService: processProfileServiceStateChanged() - serviceName=com.android.bluetooth.opp.BluetoothOppService isTurningOn=true isTurningOff=false isBleTurningOn=false isBleTurningOff=false
04-11 21:04:08.256 27611 27611 D BluetoothAdapterService: onProfileServiceStateChange() - Profile still not running:com.android.bluetooth.pbap.BluetoothPbapService
04-11 21:04:08.258 27611 27611 D BluetoothAdapterService: handleMessage() - Message: 1
04-11 21:04:08.258 27611 27611 D BluetoothAdapterService: handleMessage() - MESSAGE_PROFILE_SERVICE_STATE_CHANGED
04-11 21:04:08.258 27611 27611 D BluetoothAdapterService: processProfileServiceStateChanged() - serviceName=com.android.bluetooth.pbap.BluetoothPbapService isTurningOn=true isTurningOff=false isBleTurningOn=false isBleTurningOff=false
04-11 21:04:08.259 27611 27611 D BluetoothAdapterService: onProfileServiceStateChange() - All profile services started.
04-11 21:04:08.259 27611 27626 V BluetoothAdapterState: PendingCommand - transient state(s): isTurningOn
04-11 21:04:08.259 27611 27626 D BluetoothAdapterState: Current state: PENDING_COMMAND, message: 2
04-11 21:04:08.259 27611 27626 D BluetoothAdapterProperties: onBluetoothReady, state=11, ScanMode=20
04-11 21:04:08.260 27611 27626 D BluetoothAdapterProperties: Setting state to 12
04-11 21:04:08.260 27611 27626 I BluetoothAdapterState: Bluetooth adapter state changed: 11-> 12
04-11 21:04:08.260 27611 27626 D BluetoothAdapterService: updateAdapterState() - Broadcasting state to 1 receivers.
04-11 21:04:08.261 27611 27626 I BluetoothAdapterState: Entering OnState
04-11 21:04:08.261 27611 27626 D BluetoothAdapterService: updateUuids() - Updating UUIDs for bonded devices
04-11 21:04:08.265 27611 27632 D BluetoothAdapterProperties: Scan Mode:21
04-11 21:04:08.265 27611 27632 D BluetoothAdapterProperties: Discoverable Timeout:120
04-11 21:04:08.282 27611 27611 D BluetoothMapService: onReceive
04-11 21:04:08.282 27611 27611 D BluetoothMapService: onReceive: android.bluetooth.adapter.action.STATE_CHANGED
04-11 21:04:08.282 27611 27611 D BluetoothMapService: STATE_ON
04-11 21:04:08.285 27611 27632 D BluetoothAdapterProperties: Discoverable Timeout:120
04-11 21:04:08.291 27611 27632 D BluetoothAdapterProperties: Scan Mode:23
04-11 21:04:08.291 27611 27611 D BluetoothPbapService: action: android.bluetooth.adapter.action.STATE_CHANGED
04-11 21:04:08.291 27611 27611 D BluetoothPbapService: state: 12
04-11 21:04:08.303 27611 27659 D BluetoothMapMasInstance0: Map Service startRfcommSocketListener
04-11 21:04:08.303 27611 27659 D ObexServerSockets: create(rfcomm = -2, l2capPsm = -2)
04-11 21:04:08.304 27611 27611 D BluetoothAdapterService: isQuetModeEnabled() - Enabled = false
04-11 21:04:08.304 27611 27611 D BluetoothPhonePolicy: autoConnect() - Initiate auto connection on BT on...
04-11 21:04:08.312 27611 27611 D BtOppService: start Socket Listeners
04-11 21:04:08.313 27611 27611 D BtOppService: stopListeners   mServerSocket :null
04-11 21:04:08.313 27611 27611 D ObexServerSockets: create(rfcomm = -2, l2capPsm = -2)
04-11 21:04:08.314 27611 27659 W BluetoothAdapter: getBluetoothService() called with no BluetoothManagerCallback
04-11 21:04:08.315 27611 27670 W BluetoothAdapter: getBluetoothService() called with no BluetoothManagerCallback
04-11 21:04:08.315 27611 27611 W BluetoothAdapter: getBluetoothService() called with no BluetoothManagerCallback
04-11 21:04:08.317 27611 27648 I bt_stack: [INFO:port_api.cc(123)] RFCOMM_CreateConnection BDA: ff:ff:ff:ff:ff:ff
04-11 21:04:08.318 27611 27648 I chatty  : uid=1002(bluetooth) btu message loo identical 1 line
04-11 21:04:08.318 27611 27648 I bt_stack: [INFO:port_api.cc(123)] RFCOMM_CreateConnection BDA: ff:ff:ff:ff:ff:ff
04-11 21:04:08.318 27611 27670 D BluetoothSdpJni: sdpCreateSapsRecordNative
04-11 21:04:08.318 27611 27670 D BluetoothSdpJni: SDP Create record success - handle: 0
04-11 21:04:08.319 27611 27659 W BluetoothAdapter: getBluetoothService() called with no BluetoothManagerCallback
04-11 21:04:08.319 27611 27611 W BluetoothAdapter: getBluetoothService() called with no BluetoothManagerCallback
04-11 21:04:08.321 27611 27611 D ObexServerSockets: Succeed to create listening sockets 
04-11 21:04:08.321 27611 27611 D ObexServerSockets0: startAccept()
04-11 21:04:08.321 27611 27611 D ObexServerSockets0: prepareForNewConnect()
04-11 21:04:08.321 27611 27659 D ObexServerSockets: Succeed to create listening sockets 
04-11 21:04:08.321 27611 27659 D ObexServerSockets1: startAccept()
04-11 21:04:08.321 27611 27659 D ObexServerSockets1: prepareForNewConnect()
04-11 21:04:08.322 27611 27611 D BluetoothSdpJni: sdpCreateOppOpsRecordNative
04-11 21:04:08.322 27611 27672 D ObexServerSockets1: Accepting socket connection...
04-11 21:04:08.323 27611 27611 D BluetoothSdpJni: SDP Create record success - handle: 1
04-11 21:04:08.323 27611 27611 D BtOppService: mOppSdpHandle :1
04-11 21:04:08.323 27611 27611 D BluetoothPbapService: startsocketListener
04-11 21:04:08.324 27611 27611 D ObexServerSockets: create(rfcomm = -2, l2capPsm = -2)
04-11 21:04:08.324 27611 27611 W BluetoothAdapter: getBluetoothService() called with no BluetoothManagerCallback
04-11 21:04:08.325 27611 27659 D BluetoothSdpJni: sdpCreateMapMasRecordNative
04-11 21:04:08.325 27611 27659 D BluetoothSdpJni: SDP Create record success - handle: 2
04-11 21:04:08.326 27611 27648 I bt_stack: [INFO:port_api.cc(123)] RFCOMM_CreateConnection BDA: ff:ff:ff:ff:ff:ff
04-11 21:04:08.327 27611 27611 W BluetoothAdapter: getBluetoothService() called with no BluetoothManagerCallback
04-11 21:04:08.328 27611 27674 D ObexServerSockets1: Accepting socket connection...
04-11 21:04:08.328 27611 27673 D ObexServerSockets0: Accepting socket connection...
04-11 21:04:08.330 27611 27671 D ObexServerSockets0: Accepting socket connection...
04-11 21:04:08.333 27611 27611 D ObexServerSockets: Succeed to create listening sockets 
04-11 21:04:08.334 27611 27611 D ObexServerSockets2: startAccept()
04-11 21:04:08.334 27611 27611 D ObexServerSockets2: prepareForNewConnect()
04-11 21:04:08.334 27611 27675 D ObexServerSockets2: Accepting socket connection...
04-11 21:04:08.340 27611 27611 D BluetoothSdpJni: sdpCreatePbapPseRecordNative
04-11 21:04:08.340 27611 27611 D BluetoothSdpJni: SDP Create record success - handle: 3
04-11 21:04:08.340 27611 27676 D ObexServerSockets2: Accepting socket connection...
04-11 21:04:08.354 27611 27611 D BluetoothPbapService: PBAP server with handle:3
04-11 21:04:35.578 27611 27632 D BluetoothAdapterProperties: Discoverable Timeout:120
04-11 21:04:35.580 27611 27632 D BluetoothAdapterProperties: Scan Mode:21
04-11 21:04:44.237 27611 27648 W bt_btif : bta_dm_acl_change info: 0x10
04-11 21:04:44.239 27611 27632 D bt_btif_dm: remote version info [a0:a4:c5:68:0f:dc]: 8, 2, 100
04-11 21:04:44.240 27611 27632 E BluetoothRemoteDevices: aclStateChangeCallback: device is NULL, address=A0:A4:C5:68:0F:DC, newState=0
04-11 21:04:44.600 27611 27632 D bt_btif_config: btif_get_device_type: Device [a0:a4:c5:68:0f:dc] type 1
04-11 21:04:44.600 27611 27632 I bt_btif_dm: get_cod remote_cod = 0x000c010c
04-11 21:04:44.601 27611 27632 I BluetoothBondStateMachine: bondStateChangeCallback: Status: 0 Address: A0:A4:C5:68:0F:DC newState: 1
04-11 21:04:44.601 27611 27632 I bt_btif_dm: get_cod remote_cod = 0x000c010c
04-11 21:04:44.606 27611 27638 I BluetoothBondStateMachine: Bond State Change Intent:A0:A4:C5:68:0F:DC OldState: 10 NewState: 11
04-11 21:04:44.607 27611 27638 I BluetoothBondStateMachine: Entering PendingCommandState State
04-11 21:04:44.950 27611 27632 D bt_btif_config: btif_get_device_type: Device [a0:a4:c5:68:0f:dc] type 1
04-11 21:04:44.950 27611 27632 I bt_btif_dm: get_cod remote_cod = 0x000c010c
04-11 21:04:44.951 27611 27632 I BluetoothBondStateMachine: bondStateChangeCallback: Status: 0 Address: A0:A4:C5:68:0F:DC newState: 0
04-11 21:04:44.952 27611 27638 D BluetoothAdapterProperties: Failed to remove device: A0:A4:C5:68:0F:DC
04-11 21:04:44.955 27611 27638 I BluetoothBondStateMachine: Bond State Change Intent:A0:A4:C5:68:0F:DC OldState: 11 NewState: 10
04-11 21:04:44.959 27611 27648 W bt_smp  : for SMP over BR max_key_size: 0x10, local_i_key: 0x07, local_r_key: 0x07, p_cb->loc_auth_req: 0x21
04-11 21:04:44.960 27611 27648 W bt_smp  : smp_send_id_info
04-11 21:04:44.960 27611 27632 D bt_btif_config: btif_get_device_type: Device [a0:a4:c5:68:0f:dc] type 1
04-11 21:04:44.960 27611 27632 I bt_btif_dm: get_cod remote_cod = 0x000c010c
04-11 21:04:44.962 27611 27632 I BluetoothBondStateMachine: bondStateChangeCallback: Status: 0 Address: A0:A4:C5:68:0F:DC newState: 1
04-11 21:04:44.963 27611 27643 W bt_hci_packet_fragmenter: reassemble_and_dispatch got packet which would exceed expected length of 84. Truncating.
04-11 21:04:44.963 27611 27648 F bt_stack: [FATAL:allocation_tracker.cc(161)] Check failed: end_canary[i] == canary[i]. 
04-11 21:04:44.963 27611 27638 D HidService: getHidService(): returning com.android.bluetooth.hid.HidService@d0b2600
04-11 21:04:44.964 27611 27638 D A2dpSinkService: getA2dpSinkService(): service is NULL
--------- beginning of crash
04-11 21:04:44.964 27611 27648 F libc    : Fatal signal 6 (SIGABRT), code -6 in tid 27648 (btu message loo), pid 27611 (droid.bluetooth)
