--------- beginning of main
04-11 21:04:46.275 27743 27743 D BluetoothOppFileProvider: Initialized
04-11 21:04:46.293 27743 27743 D AdapterServiceConfig: Adding HeadsetService
04-11 21:04:46.294 27743 27743 D AdapterServiceConfig: Adding A2dpService
04-11 21:04:46.294 27743 27743 D AdapterServiceConfig: Adding HidService
04-11 21:04:46.294 27743 27743 D AdapterServiceConfig: Adding HealthService
04-11 21:04:46.294 27743 27743 D AdapterServiceConfig: Adding PanService
04-11 21:04:46.294 27743 27743 D AdapterServiceConfig: Adding GattService
04-11 21:04:46.295 27743 27743 D AdapterServiceConfig: Adding BluetoothMapService
04-11 21:04:46.295 27743 27743 D AdapterServiceConfig: Adding HeadsetClientService
04-11 21:04:46.295 27743 27743 D AdapterServiceConfig: Adding AvrcpControllerService
04-11 21:04:46.295 27743 27743 D AdapterServiceConfig: Adding SapService
04-11 21:04:46.295 27743 27743 W AdapterServiceConfig: Could not find profile bit mask
04-11 21:04:46.295 27743 27743 D AdapterServiceConfig: Adding BluetoothOppService
04-11 21:04:46.295 27743 27743 W AdapterServiceConfig: Could not find profile bit mask
04-11 21:04:46.295 27743 27743 D AdapterServiceConfig: Adding BluetoothPbapService
04-11 21:04:46.315 27743 27743 D BluetoothAdapterService: onCreate()
04-11 21:04:46.320 27743 27743 D BluetoothAdapterState: make() - Creating AdapterState
04-11 21:04:46.323 27743 27758 I BluetoothAdapterState: Entering OffState
04-11 21:04:46.323 27743 27743 I bt_btif : init
04-11 21:04:46.323 27743 27743 D bt_osi_allocation_tracker: canary initialized
04-11 21:04:46.324 27743 27759 I bt_osi_thread: run_thread: thread id 27759, thread name stack_manager started
04-11 21:04:46.324 27743 27759 I bt_stack_manager: event_init_stack is initializing the stack
04-11 21:04:46.326 27743 27762 I bt_osi_thread: run_thread: thread id 27762, thread name alarm_default_ca started
04-11 21:04:46.326 27743 27763 I bt_osi_thread: run_thread: thread id 27763, thread name alarm_dispatcher started
04-11 21:04:46.329 27743 27759 I bt_btif_core: btif_init_bluetooth entered
04-11 21:04:46.329 27743 27759 I bt_stack_config: init attempt to load stack conf from /etc/bluetooth/bt_stack.conf
04-11 21:04:46.330 27743 27764 I bt_osi_thread: run_thread: thread id 27764, thread name bt_jni_workqueue started
04-11 21:04:46.330 27743 27759 I bt_btif_core: btif_init_bluetooth finished
04-11 21:04:46.330 27743 27764 I bt_btif_core: run_message_loop entered
04-11 21:04:46.330 27743 27759 I bt_stack_manager: event_init_stack finished
04-11 21:04:46.331 27743 27743 I bt_osi_wakelock: wakelock_set_os_callouts set to non-native
04-11 21:04:46.331 27743 27743 I bt_btif : get_profile_interface: id = socket
04-11 21:04:46.331 27743 27764 E bt_btif_storage: btif_storage_get_adapter_property: Controller not ready! Unable to return Bluetooth Address
04-11 21:04:46.331 27743 27764 E BluetoothServiceJni: adapter_properties_callback: Status 1 is incorrect
04-11 21:04:46.333 27743 27743 I bt_btif : get_profile_interface: id = sdp
04-11 21:04:46.334 27743 27764 D BluetoothAdapterProperties: Name is: LeEco Le 2
04-11 21:04:46.337 27743 27743 I BluetoothAdapterService: Phone policy enabled
04-11 21:04:46.339 27743 27743 D BluetoothAdapterService: setAdapterService() - set to: null
04-11 21:04:46.340 27743 27743 D BluetoothAdapterService: onBind()
04-11 21:04:46.348 27743 27743 I BtGatt.JNI: classInitNative(L871): classInitNative: Success!
04-11 21:04:46.352 27743 27756 D BluetoothAdapterService: enable() - Enable called with quiet mode status =  false
04-11 21:04:46.353 27743 27758 D BluetoothAdapterState: Current state: OFF, message: 0
04-11 21:04:46.353 27743 27758 D BluetoothAdapterProperties: Setting state to 14
04-11 21:04:46.353 27743 27758 I BluetoothAdapterState: Bluetooth adapter state changed: 10-> 14
04-11 21:04:46.353 27743 27758 D BluetoothAdapterService: updateAdapterState() - Broadcasting state to 1 receivers.
04-11 21:04:46.353 27743 27758 D BluetoothAdapterService: BleOnProcessStart()
04-11 21:04:46.356 27743 27758 D BluetoothAdapterService: BleOnProcessStart() - Make Bond State Machine
04-11 21:04:46.356 27743 27758 D BluetoothBondStateMachine: make
04-11 21:04:46.357 27743 27769 I BluetoothBondStateMachine: StableState(): Entering Off State
04-11 21:04:46.358 27743 27758 D BluetoothAdapterService: setProfileServiceState() - Starting service com.android.bluetooth.gatt.GattService
04-11 21:04:46.360 27743 27758 I BluetoothAdapterState: Entering PendingCommandState
04-11 21:04:46.360 27743 27743 D BtGatt.DebugUtils: handleDebugAction() action=null
04-11 21:04:46.360 27743 27743 D BluetoothAdapterService: getAdapterService() - returning com.android.bluetooth.btservice.AdapterService@e97793c
04-11 21:04:46.361 27743 27743 D BtGatt.GattService: Received start request. Starting profile...
04-11 21:04:46.361 27743 27743 I bt_btif : get_profile_interface: id = gatt
04-11 21:04:46.362 27743 27743 D BluetoothAdapterService: getAdapterService() - returning com.android.bluetooth.btservice.AdapterService@e97793c
04-11 21:04:46.368 27743 27743 I chatty  : uid=1002(bluetooth) com.android.bluetooth identical 1 line
04-11 21:04:46.368 27743 27743 D BluetoothAdapterService: getAdapterService() - returning com.android.bluetooth.btservice.AdapterService@e97793c
04-11 21:04:46.370 27743 27743 D BluetoothAdapterService: handleMessage() - Message: 1
04-11 21:04:46.370 27743 27743 D BluetoothAdapterService: handleMessage() - MESSAGE_PROFILE_SERVICE_STATE_CHANGED
04-11 21:04:46.370 27743 27743 D BluetoothAdapterService: processProfileServiceStateChanged() - serviceName=com.android.bluetooth.gatt.GattService isTurningOn=false isTurningOff=false isBleTurningOn=true isBleTurningOff=false
04-11 21:04:46.370 27743 27743 D BluetoothAdapterService: GattService is started
04-11 21:04:46.370 27743 27758 V BluetoothAdapterState: PendingCommand - transient state(s): isBleTurningOn
04-11 21:04:46.370 27743 27758 D BluetoothAdapterState: Current state: PENDING_COMMAND, message: 4
04-11 21:04:46.372 27743 27758 I bt_btif : enable: start restricted = 0
04-11 21:04:46.372 27743 27759 I bt_stack_manager: event_start_up_stack is bringing up the stack
04-11 21:04:46.372 27743 27759 I bt_core_module: module_start_up Starting module "btif_config_module"
04-11 21:04:46.372 27743 27759 I bt_core_module: module_start_up Started module "btif_config_module"
04-11 21:04:46.372 27743 27759 I bt_core_module: module_start_up Starting module "btsnoop_module"
04-11 21:04:46.373 27743 27759 I bt_core_module: module_start_up Started module "btsnoop_module"
04-11 21:04:46.374 27743 27759 I bt_core_module: module_start_up Starting module "hci_module"
04-11 21:04:46.374 27743 27759 I bt_hci  : hci_module_start_up
04-11 21:04:46.374 27743 27774 I bt_osi_thread: run_thread: thread id 27774, thread name hci_thread started
04-11 21:04:46.374 27743 27759 D bt_hci  : hci_module_start_up starting async portion
04-11 21:04:46.374 27743 27774 I bt_hci  : hci_initialize
04-11 21:04:46.377 27743 27774 I bt_hci  : hci_initialize: IBluetoothHci::getService() returned 0x7f0263d480 (remote)
04-11 21:04:46.471 27743 27774 I bt_hci  : event_finish_startup
04-11 21:04:46.471 27743 27759 I bt_core_module: module_start_up Started module "hci_module"
04-11 21:04:46.472 27743 27779 I bt_osi_thread: run_thread: thread id 27779, thread name bt_workqueue started
04-11 21:04:46.473 27743 27779 I         : [0411/210446:INFO:btu_task.cc(107)] Bluetooth chip preload is complete
04-11 21:04:46.473 27743 27779 I         : [0411/210446:INFO:gatt_api.cc(1004)] GATT_Register
04-11 21:04:46.473 27743 27779 I         : [0411/210446:INFO:gatt_api.cc(1027)] allocated gatt_if=1
04-11 21:04:46.473 27743 27779 I         : [0411/210446:INFO:gatt_api.cc(207)] GATTS_AddService
04-11 21:04:46.473 27743 27779 I         : [0411/210446:INFO:gatt_api.cc(317)] GATTS_AddService: service parsed correctly, now starting
04-11 21:04:46.474 27743 27779 E         : [0411/210446:ERROR:gatt_attr.cc(301)] gatt_profile_db_init:  gatt_if=1
04-11 21:04:46.474 27743 27779 I         : [0411/210446:INFO:gatt_api.cc(1004)] GATT_Register
04-11 21:04:46.474 27743 27779 I         : [0411/210446:INFO:gatt_api.cc(1027)] allocated gatt_if=2
04-11 21:04:46.474 27743 27779 I         : [0411/210446:INFO:gatt_api.cc(207)] GATTS_AddService
04-11 21:04:46.474 27743 27779 I         : [0411/210446:INFO:gatt_api.cc(317)] GATTS_AddService: service parsed correctly, now starting
04-11 21:04:46.475 27743 27780 I bt_osi_thread: run_thread: thread id 27780, thread name btu message loop started
04-11 21:04:46.476 27743 27781 I bt_osi_thread: run_thread: thread id 27781, thread name module_wrapper started
04-11 21:04:46.476 27743 27781 I bt_core_module: module_start_up Starting module "controller_module"
04-11 21:04:46.699 27743 27781 I bt_core_module: module_start_up Started module "controller_module"
04-11 21:04:46.700 27743 27781 W bt_osi_thread: run_thread: thread id 27781, thread name module_wrapper exited
04-11 21:04:46.701 27743 27779 W bt_btm  : btm_decode_ext_features_page: feature page 1 ignored
04-11 21:04:46.701 27743 27779 W bt_btm  : btm_decode_ext_features_page: feature page 2 ignored
04-11 21:04:46.701 27743 27780 I bt_btm_sec: BTM_SecRegister p_cb_info->p_le_callback == 0x0x7ef49e1d2c
04-11 21:04:46.701 27743 27780 I bt_btm_sec: BTM_SecRegister btm_cb.api.p_le_callback = 0x0x7ef49e1d2c 
04-11 21:04:46.705 27743 27780 I bt_stack: [INFO:gatt_api.cc(1004)] GATT_Register
04-11 21:04:46.705 27743 27780 I bt_stack: [INFO:gatt_api.cc(1027)] allocated gatt_if=3
04-11 21:04:46.751 27743 27780 I bt_stack: [INFO:ble_advertiser_hci_interface.cc(708)] VSC advertising will be in use
04-11 21:04:46.751 27743 27780 I bt_stack: [INFO:ble_advertiser_hci_interface.cc(259)] QuirkAdvertiserZeroHandle in use
04-11 21:04:46.753 27743 27764 D BluetoothAdapterProperties: BT_PROPERTY_LOCAL_LE_FEATURES: update from BT controller mNumOfAdvertisementInstancesSupported = 10 mRpaOffloadSupported = true mNumOfOffloadedIrkSupported = 8 mNumOfOffloadedScanFilterSupported = 16 mOffloadedScanResultStorageBytes= 10240 mIsActivityAndEnergyReporting = true mVersSupported = 96 mTotNumOfTrackableAdv = 32 mIsExtendedScanSupported = true mIsDebugLogSupported = true mIsLe2MPhySupported = false mIsLeCodedPhySupported = false mIsLeExtendedAdvertisingSupported = false mIsLePeriodicAdvertisingSupported = false mLeMaximumAdvertisingDataLength = 31
04-11 21:04:46.759 27743 27764 E bt_btif_storage: btif_storage_get_adapter_property: Controller ready!
04-11 21:04:46.760 27743 27764 I bt_btif_storage: btif_storage_get_adapter_property service_mask:0x20000000
04-11 21:04:46.761 27743 27764 D BluetoothAdapterProperties: Address is:80:1D:00:33:D8:82
04-11 21:04:46.765 27743 27764 D BluetoothAdapterProperties: Name is: LeEco Le 2
04-11 21:04:46.768 27743 27764 D BluetoothAdapterProperties: Scan Mode:20
04-11 21:04:46.768 27743 27764 D BluetoothAdapterProperties: Discoverable Timeout:120
04-11 21:04:46.769 27743 27764 I bt_btif_core: btif_enable_bluetooth_evt entered: status 0
04-11 21:04:46.772 27743 27787 I bt_osi_thread: run_thread: thread id 27787, thread name btif_sock started
04-11 21:04:46.772 27743 27764 D bt_bte_conf: Device ID record 1 : primary
04-11 21:04:46.773 27743 27764 D bt_bte_conf:   vendorId            = 000f
04-11 21:04:46.773 27743 27764 D bt_bte_conf:   vendorIdSource      = 0001
04-11 21:04:46.773 27743 27764 D bt_bte_conf:   product             = 1200
04-11 21:04:46.773 27743 27764 D bt_bte_conf:   version             = 1436
04-11 21:04:46.773 27743 27764 D bt_bte_conf:   clientExecutableURL = 
04-11 21:04:46.773 27743 27764 D bt_bte_conf:   serviceDescription  = 
04-11 21:04:46.773 27743 27764 D bt_bte_conf:   documentationURL    = 
04-11 21:04:46.773 27743 27764 D bt_bte_conf: bte_load_did_conf no section named DID2.
04-11 21:04:46.773 27743 27764 I bt_btif_core: btif_enable_bluetooth_evt finished
04-11 21:04:46.773 27743 27759 I bt_stack_manager: event_start_up_stack finished
04-11 21:04:46.774 27743 27758 V BluetoothAdapterState: PendingCommand - transient state(s): isBleTurningOn
04-11 21:04:46.774 27743 27758 D BluetoothAdapterState: Current state: PENDING_COMMAND, message: 3
04-11 21:04:46.774 27743 27758 D BluetoothAdapterProperties: Setting state to 15
04-11 21:04:46.774 27743 27758 I BluetoothAdapterState: Bluetooth adapter state changed: 14-> 15
04-11 21:04:46.774 27743 27758 D BluetoothAdapterService: updateAdapterState() - Broadcasting state to 1 receivers.
04-11 21:04:46.776 27743 27758 I BluetoothAdapterState: Entering BleOnState
04-11 21:04:46.778 27743 27758 D BluetoothAdapterState: Current state: BLE ON, message: 1
04-11 21:04:46.778 27743 27758 D BluetoothAdapterProperties: Setting state to 11
04-11 21:04:46.779 27743 27758 I BluetoothAdapterState: Bluetooth adapter state changed: 15-> 11
04-11 21:04:46.779 27743 27758 D BluetoothAdapterService: updateAdapterState() - Broadcasting state to 1 receivers.
04-11 21:04:46.780 27743 27758 D BluetoothAdapterService: startCoreServices()
04-11 21:04:46.780 27743 27758 D BluetoothAdapterService: setProfileServiceState() - Starting service com.android.bluetooth.hfp.HeadsetService
04-11 21:04:46.787 27743 27758 D BluetoothAdapterService: setProfileServiceState() - Starting service com.android.bluetooth.a2dp.A2dpService
04-11 21:04:46.787 27743 27743 D BluetoothAdapterService: getAdapterService() - returning com.android.bluetooth.btservice.AdapterService@e97793c
04-11 21:04:46.789 27743 27743 D HeadsetService: Received start request. Starting profile...
04-11 21:04:46.792 27743 27758 D BluetoothAdapterService: setProfileServiceState() - Starting service com.android.bluetooth.hid.HidService
04-11 21:04:46.793 27743 27743 I BluetoothHeadsetServiceJni: classInitNative: succeeds
04-11 21:04:46.793 27743 27743 D HeadsetStateMachine: make
04-11 21:04:46.795 27743 27758 D BluetoothAdapterService: setProfileServiceState() - Starting service com.android.bluetooth.hdp.HealthService
04-11 21:04:46.799 27743 27758 D BluetoothAdapterService: setProfileServiceState() - Starting service com.android.bluetooth.pan.PanService
04-11 21:04:46.804 27743 27758 D BluetoothAdapterService: setProfileServiceState() - Starting service com.android.bluetooth.map.BluetoothMapService
04-11 21:04:46.808 27743 27758 D BluetoothAdapterService: setProfileServiceState() - Starting service com.android.bluetooth.hfpclient.HeadsetClientService
04-11 21:04:46.809 27743 27743 D HeadsetStateMachine: max_hf_connections = 1
04-11 21:04:46.809 27743 27743 D HeadsetStateMachine: in-band_ringing_support = true
04-11 21:04:46.809 27743 27743 I bt_btif : get_profile_interface: id = handsfree
04-11 21:04:46.810 27743 27764 I bt_btif_storage: btif_storage_get_adapter_property service_mask:0x20000040
04-11 21:04:46.810 27743 27780 I bt_stack: [INFO:port_api.cc(123)] RFCOMM_CreateConnection BDA: ff:ff:ff:ff:ff:ff
04-11 21:04:46.810 27743 27764 E bt_btif : btif_hf_upstreams_evt: Invalid index 38666
04-11 21:04:46.810 27743 27780 I bt_stack: [INFO:port_api.cc(123)] RFCOMM_CreateConnection BDA: ff:ff:ff:ff:ff:ff
04-11 21:04:46.812 27743 27758 D BluetoothAdapterService: setProfileServiceState() - Starting service com.android.bluetooth.avrcpcontroller.AvrcpControllerService
04-11 21:04:46.813 27743 27743 D BluetoothAdapterService: getAdapterService() - returning com.android.bluetooth.btservice.AdapterService@e97793c
04-11 21:04:46.814 27743 27743 D BluetoothAdapterService: getAdapterService() - returning com.android.bluetooth.btservice.AdapterService@e97793c
04-11 21:04:46.816 27743 27758 D BluetoothAdapterService: setProfileServiceState() - Starting service com.android.bluetooth.sap.SapService
04-11 21:04:46.816 27743 27743 D A2dpService: Received start request. Starting profile...
04-11 21:04:46.816 27743 27743 I BluetoothAvrcpServiceJni: classInitNative: succeeds
04-11 21:04:46.817 27743 27743 V Avrcp   : make
04-11 21:04:46.819 27743 27758 D BluetoothAdapterService: setProfileServiceState() - Starting service com.android.bluetooth.opp.BluetoothOppService
04-11 21:04:46.820 27743 27743 I bt_btif : get_profile_interface: id = avrcp
04-11 21:04:46.823 27743 27758 D BluetoothAdapterService: setProfileServiceState() - Starting service com.android.bluetooth.pbap.BluetoothPbapService
04-11 21:04:46.827 27743 27758 I BluetoothAdapterState: Entering PendingCommandState
04-11 21:04:46.837 27743 27743 V Avrcp   : initMediaPlayerInfoList: 0 controllers
04-11 21:04:46.839 27743 27743 V Avrcp   : updatePlaybackState (1): -1➡0(PlaybackState {state=0, position=-1, buffered position=0, speed=0.0, updated=344488724, actions=0, custom actions=[], active item id=-1, error=null})
04-11 21:04:46.840 27743 27743 I Avrcp   : Skipping update due to invalid playback state
04-11 21:04:46.840 27743 27743 E Avrcp   : play status change -1➡0 mPlayStatusChangedNT: 1
04-11 21:04:46.840 27743 27743 E bt_btif : register_notification_rsp: Avrcp device is not connected, handle: 0x0
04-11 21:04:46.840 27743 27743 D Avrcp   : sendPlayPosNotificationRsp: Not registered or requesting.
04-11 21:04:46.842 27743 27743 D Avrcp   : User already unlocked, initializing player lists
04-11 21:04:46.843 27743 27743 V Avrcp   : updatePlaybackState (1): 0➡0(PlaybackState {state=0, position=-1, buffered position=0, speed=0.0, updated=344488729, actions=0, custom actions=[], active item id=-1, error=null})
04-11 21:04:46.843 27743 27743 I Avrcp   : Skipping update due to invalid playback state
04-11 21:04:46.843 27743 27743 E Avrcp   : play status change 0➡0 mPlayStatusChangedNT: 1
04-11 21:04:46.843 27743 27743 D Avrcp   : sendPlayPosNotificationRsp: Not registered or requesting.
04-11 21:04:46.846 27743 27743 I BluetoothA2dpServiceJni: classInitNative: succeeds
04-11 21:04:46.846 27743 27743 D A2dpStateMachine: make
04-11 21:04:46.848 27743 27743 I bt_btif : get_profile_interface: id = a2dp
04-11 21:04:46.850 27743 27792 I bt_osi_thread: run_thread: thread id 27792, thread name btif_a2dp_source started
04-11 21:04:46.850 27743 27743 D a2dp_codec: init
04-11 21:04:46.850 27743 27764 I bt_btif_storage: btif_storage_get_adapter_property service_mask:0x20000048
04-11 21:04:46.850 27743 27780 I bt_bta_av: AVRCP version used for sdp: "avrcp14"
04-11 21:04:46.850 27743 27743 D a2dp_codec: createCodec: codec SBC
04-11 21:04:46.851 27743 27743 I a2dp_codec: init: updated SBC codec priority to 1001
04-11 21:04:46.851 27743 27743 D a2dp_codec: createCodec: codec AAC
04-11 21:04:46.851 27743 27743 I a2dp_codec: init: updated AAC codec priority to 2001
04-11 21:04:46.851 27743 27764 E bt_btif : btif_sm_dispatch : Invalid handle
04-11 21:04:46.851 27743 27743 D a2dp_codec: createCodec: codec aptX
04-11 21:04:46.851 27743 27764 E bt_btif : btif_sm_dispatch : Invalid handle
04-11 21:04:46.853 27743 27743 E a2dp_vendor_aptx_encoder: A2DP_VendorLoadEncoderAptx: cannot open aptX encoder library libaptX_encoder.so: dlopen failed: library "libaptX_encoder.so" not found
04-11 21:04:46.853 27743 27743 E a2dp_vendor_aptx: init: cannot load the encoder
04-11 21:04:46.853 27743 27743 D a2dp_codec: createCodec: codec aptX-HD
04-11 21:04:46.854 27743 27743 E a2dp_vendor_aptx_hd_encoder: A2DP_VendorLoadEncoderAptxHd: cannot open aptX-HD encoder library libaptXHD_encoder.so: dlopen failed: library "libaptXHD_encoder.so" not found
04-11 21:04:46.854 27743 27743 E a2dp_vendor_aptx_hd: init: cannot load the encoder
04-11 21:04:46.854 27743 27743 D a2dp_codec: createCodec: codec LDAC
04-11 21:04:46.858 27743 27743 I a2dp_codec: init: updated LDAC codec priority to 5001
04-11 21:04:46.858 27743 27743 D a2dp_codec: createCodec: codec SBC SINK
04-11 21:04:46.858 27743 27743 I a2dp_codec: init: initialized Source codec LDAC
04-11 21:04:46.858 27743 27743 I a2dp_codec: init: initialized Source codec AAC
04-11 21:04:46.858 27743 27743 I a2dp_codec: init: initialized Source codec SBC
04-11 21:04:46.858 27743 27743 I a2dp_codec: init: initialized Sink codec SBC(Sink)
04-11 21:04:46.858 27743 27743 W bt_btif : ## ON A2DP IDLE ## peer_sep = 0
04-11 21:04:46.858 27743 27764 I BluetoothA2dpServiceJni: bta2dp_audio_config_callback
04-11 21:04:46.859 27743 27764 D A2dpStateMachine: A2DP Codec Config: null->{codecName:SBC,mCodecType:0,mCodecPriority:0,mSampleRate:0x0(NONE),mBitsPerSample:0x0(NONE),mChannelMode:0x0(NONE),mCodecSpecific1:0,mCodecSpecific2:0,mCodecSpecific3:0,mCodecSpecific4:0}
04-11 21:04:46.859 27743 27764 D A2dpStateMachine: A2DP Codec Local Capability: {codecName:LDAC,mCodecType:4,mCodecPriority:5001,mSampleRate:0xf(44100|48000|88200|96000),mBitsPerSample:0x7(16|24|32),mChannelMode:0x2(STEREO),mCodecSpecific1:0,mCodecSpecific2:0,mCodecSpecific3:0,mCodecSpecific4:0}
04-11 21:04:46.859 27743 27764 D A2dpStateMachine: A2DP Codec Local Capability: {codecName:AAC,mCodecType:1,mCodecPriority:2001,mSampleRate:0x1(44100),mBitsPerSample:0x1(16),mChannelMode:0x2(STEREO),mCodecSpecific1:0,mCodecSpecific2:0,mCodecSpecific3:0,mCodecSpecific4:0}
04-11 21:04:46.859 27743 27764 D A2dpStateMachine: A2DP Codec Local Capability: {codecName:SBC,mCodecType:0,mCodecPriority:1001,mSampleRate:0x1(44100),mBitsPerSample:0x1(16),mChannelMode:0x3(MONO|STEREO),mCodecSpecific1:0,mCodecSpecific2:0,mCodecSpecific3:0,mCodecSpecific4:0}
04-11 21:04:46.861 27743 27791 D A2dpStateMachine: Enter Disconnected: -2
04-11 21:04:46.864 27743 27743 D BluetoothAdapterService: getAdapterService() - returning com.android.bluetooth.btservice.AdapterService@e97793c
04-11 21:04:46.865 27743 27743 I BluetoothHidServiceJni: classInitNative: succeeds
04-11 21:04:46.867 27743 27743 D BluetoothAdapterService: getAdapterService() - returning com.android.bluetooth.btservice.AdapterService@e97793c
04-11 21:04:46.868 27743 27743 D HidService: Received start request. Starting profile...
04-11 21:04:46.868 27743 27743 I bt_btif : get_profile_interface: id = hidhost
04-11 21:04:46.868 27743 27764 I bt_bta_hh: BTA_HhEnable sec_mask:0x36 p_cback:0x7ef4a47448
04-11 21:04:46.868 27743 27743 D HidService: setHidService(): set to: null
04-11 21:04:46.868 27743 27764 I bt_btif_storage: btif_storage_get_adapter_property service_mask:0x20100048
04-11 21:04:46.868 27743 27780 I bt_stack: [INFO:gatt_api.cc(1004)] GATT_Register
04-11 21:04:46.868 27743 27780 I bt_stack: [INFO:gatt_api.cc(1027)] allocated gatt_if=4
04-11 21:04:46.869 27743 27743 D BluetoothAdapterService: getAdapterService() - returning com.android.bluetooth.btservice.AdapterService@e97793c
04-11 21:04:46.875 27743 27743 I BluetoothHealthServiceJni: classInitNative: succeeds
04-11 21:04:46.876 27743 27743 D BluetoothAdapterService: getAdapterService() - returning com.android.bluetooth.btservice.AdapterService@e97793c
04-11 21:04:46.877 27743 27743 D HealthService: Received start request. Starting profile...
04-11 21:04:46.879 27743 27743 I bt_btif : get_profile_interface: id = health
04-11 21:04:46.879 27743 27743 D BluetoothAdapterService: getAdapterService() - returning com.android.bluetooth.btservice.AdapterService@e97793c
04-11 21:04:46.880 27743 27743 I BluetoothPanServiceJni: classInitNative(L111): succeeds
04-11 21:04:46.881 27743 27743 D BluetoothAdapterService: getAdapterService() - returning com.android.bluetooth.btservice.AdapterService@e97793c
04-11 21:04:46.882 27743 27743 D PanService: Received start request. Starting profile...
04-11 21:04:46.882 27743 27743 D BluetoothPanServiceJni: initializeNative(L116): pan
04-11 21:04:46.882 27743 27743 I bt_btif : get_profile_interface: id = pan
04-11 21:04:46.883 27743 27743 D BluetoothAdapterService: getAdapterService() - returning com.android.bluetooth.btservice.AdapterService@e97793c
04-11 21:04:46.883 27743 27764 D BluetoothPanServiceJni: control_state_callback(L63): state:0, local_role:3, ifname:bt-pan
04-11 21:04:46.885 27743 27743 D BluetoothAdapterService: getAdapterService() - returning com.android.bluetooth.btservice.AdapterService@e97793c
04-11 21:04:46.886 27743 27743 D BluetoothMapService: Received start request. Starting profile...
04-11 21:04:46.886 27743 27743 D BluetoothMapService: start()
04-11 21:04:46.893 27743 27743 D BluetoothMapAccountLoader: Found 0 application(s) with intent android.bluetooth.action.BLUETOOTH_MAP_PROVIDER
04-11 21:04:46.894 27743 27743 D BluetoothMapAccountLoader: Found 0 application(s) with intent android.bluetooth.action.BLUETOOTH_MAP_IM_PROVIDER
04-11 21:04:46.894 27743 27743 D BluetoothMapAppObserver: createReceiver()
04-11 21:04:46.899 27743 27743 D BluetoothMapAppObserver: initObservers()
04-11 21:04:46.899 27743 27743 D BluetoothMapAppObserver: getEnabledAccountItems()
04-11 21:04:46.899 27743 27743 D BluetoothAdapterService: getAdapterService() - returning com.android.bluetooth.btservice.AdapterService@e97793c
04-11 21:04:46.901 27743 27743 I BluetoothHeadsetClientServiceJni: classInitNative succeeds
04-11 21:04:46.902 27743 27743 D BluetoothAdapterService: getAdapterService() - returning com.android.bluetooth.btservice.AdapterService@e97793c
04-11 21:04:46.903 27743 27743 D HeadsetClientService: Received start request. Starting profile...
04-11 21:04:46.903 27743 27743 D BluetoothHeadsetClientServiceJni: initializeNative: HfpClient
04-11 21:04:46.903 27743 27743 I bt_btif : get_profile_interface: id = handsfree_client
04-11 21:04:46.904 27743 27764 I bt_stack: [INFO:port_api.cc(123)] RFCOMM_CreateConnection BDA: ff:ff:ff:ff:ff:ff
04-11 21:04:46.904 27743 27764 I bt_btif_storage: btif_storage_get_adapter_property service_mask:0x21100048
04-11 21:04:46.908 27743 27743 D BluetoothHeadsetClientServiceJni: initializeNative: HfpClient
04-11 21:04:46.908 27743 27743 W BluetoothHeadsetClientServiceJni: Cleaning up Bluetooth HFP Client Interface before initializing
04-11 21:04:46.908 27743 27743 W BluetoothHeadsetClientServiceJni: Cleaning up Bluetooth HFP Client callback object
04-11 21:04:46.908 27743 27764 I bt_btif_queue: queue_int_cleanup: UUID=111E
04-11 21:04:46.908 27743 27743 I bt_btif : get_profile_interface: id = handsfree_client
04-11 21:04:46.908 27743 27764 I bt_btif_storage: btif_storage_get_adapter_property service_mask:0x21100048
04-11 21:04:46.908 27743 27743 D BluetoothAdapterService: getAdapterService() - returning com.android.bluetooth.btservice.AdapterService@e97793c
04-11 21:04:46.909 27743 27743 D BluetoothAdapterService: handleMessage() - Message: 1
04-11 21:04:46.909 27743 27764 I bt_stack: [INFO:port_api.cc(123)] RFCOMM_CreateConnection BDA: ff:ff:ff:ff:ff:ff
04-11 21:04:46.909 27743 27743 D BluetoothAdapterService: handleMessage() - MESSAGE_PROFILE_SERVICE_STATE_CHANGED
04-11 21:04:46.909 27743 27764 I bt_btif_storage: btif_storage_get_adapter_property service_mask:0x21100048
04-11 21:04:46.909 27743 27743 D BluetoothAdapterService: processProfileServiceStateChanged() - serviceName=com.android.bluetooth.hfp.HeadsetService isTurningOn=true isTurningOff=false isBleTurningOn=false isBleTurningOff=false
04-11 21:04:46.910 27743 27743 D BluetoothAdapterService: onProfileServiceStateChange() - Profile still not running:com.android.bluetooth.a2dp.A2dpService
04-11 21:04:46.911 27743 27788 D HeadsetPhoneState: sendDeviceStateChanged. mService=0 mIsSimStateLoaded=false mSignal=0 mRoam=0 mBatteryCharge=4
04-11 21:04:46.912 27743 27743 I BluetoothAvrcpControllerJni: classInitNative: succeeds
04-11 21:04:46.912 27743 27743 I bt_btif : get_profile_interface: id = avrcp_ctrl
04-11 21:04:46.913 27743 27743 D BluetoothAdapterService: getAdapterService() - returning com.android.bluetooth.btservice.AdapterService@e97793c
04-11 21:04:46.914 27743 27743 D AvrcpControllerService: Received start request. Starting profile...
04-11 21:04:46.920 27743 27743 D AvrcpControllerService: setAvrcpControllerService(): set to: null
04-11 21:04:46.920 27743 27743 D BluetoothAdapterService: getAdapterService() - returning com.android.bluetooth.btservice.AdapterService@e97793c
04-11 21:04:46.922 27743 27743 V SapService: SapBinder()
04-11 21:04:46.922 27743 27743 D BluetoothAdapterService: getAdapterService() - returning com.android.bluetooth.btservice.AdapterService@e97793c
04-11 21:04:46.923 27743 27743 D SapService: Received start request. Starting profile...
04-11 21:04:46.923 27743 27743 V SapService: start()
04-11 21:04:46.925 27743 27743 D BluetoothAdapterService: getAdapterService() - returning com.android.bluetooth.btservice.AdapterService@e97793c
04-11 21:04:46.936 27743 27743 D BluetoothAdapterService: getAdapterService() - returning com.android.bluetooth.btservice.AdapterService@e97793c
04-11 21:04:46.937 27743 27743 D BluetoothOppService: Received start request. Starting profile...
04-11 21:04:46.938 27743 27743 D BluetoothAdapterService: getAdapterService() - returning com.android.bluetooth.btservice.AdapterService@e97793c
04-11 21:04:46.941 27743 27743 V BluetoothPbapService: PbapBinder()
04-11 21:04:46.942 27743 27743 D BluetoothAdapterService: getAdapterService() - returning com.android.bluetooth.btservice.AdapterService@e97793c
04-11 21:04:46.944 27743 27743 D BluetoothPbapService: Received start request. Starting profile...
04-11 21:04:46.944 27743 27743 V BluetoothPbapService: start()
04-11 21:04:46.947 27743 27743 D BluetoothPbapService: Registering observer
04-11 21:04:46.956 27743 27743 D BluetoothAdapterService: getAdapterService() - returning com.android.bluetooth.btservice.AdapterService@e97793c
04-11 21:04:46.957 27743 27743 D BluetoothAdapterService: handleMessage() - Message: 1
04-11 21:04:46.957 27743 27743 D BluetoothAdapterService: handleMessage() - MESSAGE_PROFILE_SERVICE_STATE_CHANGED
04-11 21:04:46.958 27743 27743 D BluetoothAdapterService: processProfileServiceStateChanged() - serviceName=com.android.bluetooth.a2dp.A2dpService isTurningOn=true isTurningOff=false isBleTurningOn=false isBleTurningOff=false
04-11 21:04:46.959 27743 27743 D BluetoothAdapterService: onProfileServiceStateChange() - Profile still not running:com.android.bluetooth.map.BluetoothMapService
04-11 21:04:46.959 27743 27743 D BluetoothAdapterService: handleMessage() - Message: 1
04-11 21:04:46.959 27743 27743 D BluetoothAdapterService: handleMessage() - MESSAGE_PROFILE_SERVICE_STATE_CHANGED
04-11 21:04:46.959 27743 27743 D BluetoothAdapterService: processProfileServiceStateChanged() - serviceName=com.android.bluetooth.hid.HidService isTurningOn=true isTurningOff=false isBleTurningOn=false isBleTurningOff=false
04-11 21:04:46.960 27743 27743 D BluetoothAdapterService: onProfileServiceStateChange() - Profile still not running:com.android.bluetooth.map.BluetoothMapService
04-11 21:04:46.960 27743 27743 D BluetoothAdapterService: handleMessage() - Message: 1
04-11 21:04:46.960 27743 27743 D BluetoothAdapterService: handleMessage() - MESSAGE_PROFILE_SERVICE_STATE_CHANGED
04-11 21:04:46.960 27743 27743 D BluetoothAdapterService: processProfileServiceStateChanged() - serviceName=com.android.bluetooth.hdp.HealthService isTurningOn=true isTurningOff=false isBleTurningOn=false isBleTurningOff=false
04-11 21:04:46.961 27743 27743 D BluetoothAdapterService: onProfileServiceStateChange() - Profile still not running:com.android.bluetooth.map.BluetoothMapService
04-11 21:04:46.961 27743 27743 D BluetoothAdapterService: handleMessage() - Message: 1
04-11 21:04:46.961 27743 27743 D BluetoothAdapterService: handleMessage() - MESSAGE_PROFILE_SERVICE_STATE_CHANGED
04-11 21:04:46.961 27743 27743 D BluetoothAdapterService: processProfileServiceStateChanged() - serviceName=com.android.bluetooth.pan.PanService isTurningOn=true isTurningOff=false isBleTurningOn=false isBleTurningOff=false
04-11 21:04:46.961 27743 27743 D BluetoothAdapterService: onProfileServiceStateChange() - Profile still not running:com.android.bluetooth.map.BluetoothMapService
04-11 21:04:46.962 27743 27743 D BluetoothAdapterService: handleMessage() - Message: 1
04-11 21:04:46.962 27743 27743 D BluetoothAdapterService: handleMessage() - MESSAGE_PROFILE_SERVICE_STATE_CHANGED
04-11 21:04:46.962 27743 27743 D BluetoothAdapterService: processProfileServiceStateChanged() - serviceName=com.android.bluetooth.map.BluetoothMapService isTurningOn=true isTurningOff=false isBleTurningOn=false isBleTurningOff=false
04-11 21:04:46.962 27743 27743 D BluetoothAdapterService: onProfileServiceStateChange() - Profile still not running:com.android.bluetooth.avrcpcontroller.AvrcpControllerService
04-11 21:04:46.962 27743 27743 D BluetoothAdapterService: handleMessage() - Message: 1
04-11 21:04:46.963 27743 27743 D BluetoothAdapterService: handleMessage() - MESSAGE_PROFILE_SERVICE_STATE_CHANGED
04-11 21:04:46.963 27743 27743 D BluetoothAdapterService: processProfileServiceStateChanged() - serviceName=com.android.bluetooth.hfpclient.HeadsetClientService isTurningOn=true isTurningOff=false isBleTurningOn=false isBleTurningOff=false
04-11 21:04:46.963 27743 27743 D BluetoothAdapterService: onProfileServiceStateChange() - Profile still not running:com.android.bluetooth.avrcpcontroller.AvrcpControllerService
04-11 21:04:46.963 27743 27743 D BluetoothAdapterService: handleMessage() - Message: 1
04-11 21:04:46.963 27743 27743 D BluetoothAdapterService: handleMessage() - MESSAGE_PROFILE_SERVICE_STATE_CHANGED
04-11 21:04:46.963 27743 27743 D BluetoothAdapterService: processProfileServiceStateChanged() - serviceName=com.android.bluetooth.avrcpcontroller.AvrcpControllerService isTurningOn=true isTurningOff=false isBleTurningOn=false isBleTurningOff=false
04-11 21:04:46.964 27743 27743 D BluetoothAdapterService: onProfileServiceStateChange() - Profile still not running:com.android.bluetooth.sap.SapService
04-11 21:04:46.965 27743 27743 D BluetoothAdapterService: handleMessage() - Message: 1
04-11 21:04:46.965 27743 27743 D BluetoothAdapterService: handleMessage() - MESSAGE_PROFILE_SERVICE_STATE_CHANGED
04-11 21:04:46.965 27743 27743 D BluetoothAdapterService: processProfileServiceStateChanged() - serviceName=com.android.bluetooth.sap.SapService isTurningOn=true isTurningOff=false isBleTurningOn=false isBleTurningOff=false
04-11 21:04:46.965 27743 27743 D BluetoothAdapterService: onProfileServiceStateChange() - Profile still not running:com.android.bluetooth.pbap.BluetoothPbapService
04-11 21:04:46.967 27743 27743 D BluetoothAdapterService: handleMessage() - Message: 1
04-11 21:04:46.967 27743 27743 D BluetoothAdapterService: handleMessage() - MESSAGE_PROFILE_SERVICE_STATE_CHANGED
04-11 21:04:46.968 27743 27743 D BluetoothAdapterService: processProfileServiceStateChanged() - serviceName=com.android.bluetooth.opp.BluetoothOppService isTurningOn=true isTurningOff=false isBleTurningOn=false isBleTurningOff=false
04-11 21:04:46.968 27743 27743 D BluetoothAdapterService: onProfileServiceStateChange() - Profile still not running:com.android.bluetooth.pbap.BluetoothPbapService
04-11 21:04:46.972 27743 27743 D BluetoothAdapterService: handleMessage() - Message: 1
04-11 21:04:46.972 27743 27743 D BluetoothAdapterService: handleMessage() - MESSAGE_PROFILE_SERVICE_STATE_CHANGED
04-11 21:04:46.972 27743 27743 D BluetoothAdapterService: processProfileServiceStateChanged() - serviceName=com.android.bluetooth.pbap.BluetoothPbapService isTurningOn=true isTurningOff=false isBleTurningOn=false isBleTurningOff=false
04-11 21:04:46.973 27743 27743 D BluetoothAdapterService: onProfileServiceStateChange() - All profile services started.
04-11 21:04:46.974 27743 27758 V BluetoothAdapterState: PendingCommand - transient state(s): isTurningOn
04-11 21:04:46.974 27743 27758 D BluetoothAdapterState: Current state: PENDING_COMMAND, message: 2
04-11 21:04:46.974 27743 27758 D BluetoothAdapterProperties: onBluetoothReady, state=11, ScanMode=20
04-11 21:04:46.975 27743 27758 D BluetoothAdapterProperties: Setting state to 12
04-11 21:04:46.975 27743 27758 I BluetoothAdapterState: Bluetooth adapter state changed: 11-> 12
04-11 21:04:46.975 27743 27758 D BluetoothAdapterService: updateAdapterState() - Broadcasting state to 1 receivers.
04-11 21:04:46.976 27743 27758 I BluetoothAdapterState: Entering OnState
04-11 21:04:46.976 27743 27758 D BluetoothAdapterService: updateUuids() - Updating UUIDs for bonded devices
04-11 21:04:46.977 27743 27764 D BluetoothAdapterProperties: Scan Mode:21
04-11 21:04:46.977 27743 27764 D BluetoothAdapterProperties: Discoverable Timeout:120
04-11 21:04:47.019 27743 27743 D BluetoothMapService: onReceive
04-11 21:04:47.019 27743 27743 D BluetoothMapService: onReceive: android.bluetooth.adapter.action.STATE_CHANGED
04-11 21:04:47.019 27743 27743 D BluetoothMapService: STATE_ON
04-11 21:04:47.023 27743 27743 D BluetoothPbapService: action: android.bluetooth.adapter.action.STATE_CHANGED
04-11 21:04:47.023 27743 27743 D BluetoothPbapService: state: 12
04-11 21:04:47.024 27743 27743 D BluetoothAdapterService: isQuetModeEnabled() - Enabled = false
04-11 21:04:47.024 27743 27743 D BluetoothPhonePolicy: autoConnect() - Initiate auto connection on BT on...
04-11 21:04:47.026 27743 27743 D BtOppService: start Socket Listeners
04-11 21:04:47.026 27743 27743 D BtOppService: stopListeners   mServerSocket :null
04-11 21:04:47.026 27743 27743 D ObexServerSockets: create(rfcomm = -2, l2capPsm = -2)
04-11 21:04:47.029 27743 27743 W BluetoothAdapter: getBluetoothService() called with no BluetoothManagerCallback
04-11 21:04:47.029 27743 27807 W BluetoothAdapter: getBluetoothService() called with no BluetoothManagerCallback
04-11 21:04:47.031 27743 27780 I bt_stack: [INFO:port_api.cc(123)] RFCOMM_CreateConnection BDA: ff:ff:ff:ff:ff:ff
04-11 21:04:47.031 27743 27780 I bt_stack: [INFO:port_api.cc(123)] RFCOMM_CreateConnection BDA: ff:ff:ff:ff:ff:ff
04-11 21:04:47.031 27743 27807 D BluetoothSdpJni: sdpCreateSapsRecordNative
04-11 21:04:47.031 27743 27807 D BluetoothSdpJni: SDP Create record success - handle: 0
04-11 21:04:47.033 27743 27743 W BluetoothAdapter: getBluetoothService() called with no BluetoothManagerCallback
04-11 21:04:47.034 27743 27743 D ObexServerSockets: Succeed to create listening sockets 
04-11 21:04:47.035 27743 27743 D ObexServerSockets0: startAccept()
04-11 21:04:47.035 27743 27743 D ObexServerSockets0: prepareForNewConnect()
04-11 21:04:47.036 27743 27743 D BluetoothSdpJni: sdpCreateOppOpsRecordNative
04-11 21:04:47.036 27743 27743 D BluetoothSdpJni: SDP Create record success - handle: 1
04-11 21:04:47.036 27743 27743 D BtOppService: mOppSdpHandle :1
04-11 21:04:47.037 27743 27809 D ObexServerSockets0: Accepting socket connection...
04-11 21:04:47.037 27743 27743 D BluetoothPbapService: startsocketListener
04-11 21:04:47.037 27743 27743 D ObexServerSockets: create(rfcomm = -2, l2capPsm = -2)
04-11 21:04:47.037 27743 27808 D ObexServerSockets0: Accepting socket connection...
04-11 21:04:47.038 27743 27743 W BluetoothAdapter: getBluetoothService() called with no BluetoothManagerCallback
04-11 21:04:47.042 27743 27796 D BluetoothMapMasInstance0: Map Service startRfcommSocketListener
04-11 21:04:47.042 27743 27780 I bt_stack: [INFO:port_api.cc(123)] RFCOMM_CreateConnection BDA: ff:ff:ff:ff:ff:ff
04-11 21:04:47.042 27743 27796 D ObexServerSockets: create(rfcomm = -2, l2capPsm = -2)
04-11 21:04:47.043 27743 27796 W BluetoothAdapter: getBluetoothService() called with no BluetoothManagerCallback
04-11 21:04:47.043 27743 27743 W BluetoothAdapter: getBluetoothService() called with no BluetoothManagerCallback
04-11 21:04:47.044 27743 27780 I bt_stack: [INFO:port_api.cc(123)] RFCOMM_CreateConnection BDA: ff:ff:ff:ff:ff:ff
04-11 21:04:47.045 27743 27743 D ObexServerSockets: Succeed to create listening sockets 
04-11 21:04:47.045 27743 27796 W BluetoothAdapter: getBluetoothService() called with no BluetoothManagerCallback
04-11 21:04:47.045 27743 27743 D ObexServerSockets1: startAccept()
04-11 21:04:47.045 27743 27743 D ObexServerSockets1: prepareForNewConnect()
04-11 21:04:47.046 27743 27810 D ObexServerSockets1: Accepting socket connection...
04-11 21:04:47.046 27743 27743 D BluetoothSdpJni: sdpCreatePbapPseRecordNative
04-11 21:04:47.046 27743 27743 D BluetoothSdpJni: SDP Create record success - handle: 2
04-11 21:04:47.047 27743 27796 D ObexServerSockets: Succeed to create listening sockets 
04-11 21:04:47.047 27743 27796 D ObexServerSockets2: startAccept()
04-11 21:04:47.047 27743 27796 D ObexServerSockets2: prepareForNewConnect()
04-11 21:04:47.049 27743 27813 D ObexServerSockets2: Accepting socket connection...
04-11 21:04:47.051 27743 27796 D BluetoothSdpJni: sdpCreateMapMasRecordNative
04-11 21:04:47.051 27743 27796 D BluetoothSdpJni: SDP Create record success - handle: 3
04-11 21:04:47.054 27743 27811 D ObexServerSockets1: Accepting socket connection...
04-11 21:04:47.057 27743 27814 D ObexServerSockets2: Accepting socket connection...
04-11 21:04:47.061 27743 27743 D BluetoothPbapService: PBAP server with handle:2
