--------- beginning of main
04-08 18:57:51.006 20149 20149 D BluetoothOppFileProvider: Initialized
04-08 18:57:51.022 20149 20149 D AdapterServiceConfig: Adding HeadsetService
04-08 18:57:51.023 20149 20149 D AdapterServiceConfig: Adding A2dpService
04-08 18:57:51.023 20149 20149 D AdapterServiceConfig: Adding HidService
04-08 18:57:51.023 20149 20149 D AdapterServiceConfig: Adding HealthService
04-08 18:57:51.023 20149 20149 D AdapterServiceConfig: Adding PanService
04-08 18:57:51.023 20149 20149 D AdapterServiceConfig: Adding GattService
04-08 18:57:51.024 20149 20149 D AdapterServiceConfig: Adding BluetoothMapService
04-08 18:57:51.024 20149 20149 D AdapterServiceConfig: Adding HeadsetClientService
04-08 18:57:51.024 20149 20149 D AdapterServiceConfig: Adding AvrcpControllerService
04-08 18:57:51.024 20149 20149 D AdapterServiceConfig: Adding SapService
04-08 18:57:51.024 20149 20149 W AdapterServiceConfig: Could not find profile bit mask
04-08 18:57:51.024 20149 20149 D AdapterServiceConfig: Adding BluetoothOppService
04-08 18:57:51.024 20149 20149 W AdapterServiceConfig: Could not find profile bit mask
04-08 18:57:51.024 20149 20149 D AdapterServiceConfig: Adding BluetoothPbapService
04-08 18:57:51.040 20149 20149 D BluetoothAdapterService: onCreate()
04-08 18:57:51.045 20149 20149 D BluetoothAdapterState: make() - Creating AdapterState
04-08 18:57:51.048 20149 20149 I bt_btif : init
04-08 18:57:51.048 20149 20149 D bt_osi_allocation_tracker: canary initialized
04-08 18:57:51.048 20149 20165 I bt_osi_thread: run_thread: thread id 20165, thread name stack_manager started
04-08 18:57:51.049 20149 20164 I BluetoothAdapterState: Entering OffState
04-08 18:57:51.049 20149 20165 I bt_stack_manager: event_init_stack is initializing the stack
04-08 18:57:51.051 20149 20168 I bt_osi_thread: run_thread: thread id 20168, thread name alarm_default_ca started
04-08 18:57:51.052 20149 20169 I bt_osi_thread: run_thread: thread id 20169, thread name alarm_dispatcher started
04-08 18:57:51.056 20149 20165 I bt_btif_core: btif_init_bluetooth entered
04-08 18:57:51.057 20149 20165 I bt_stack_config: init attempt to load stack conf from /etc/bluetooth/bt_stack.conf
04-08 18:57:51.058 20149 20170 I bt_osi_thread: run_thread: thread id 20170, thread name bt_jni_workqueue started
04-08 18:57:51.058 20149 20165 I bt_btif_core: btif_init_bluetooth finished
04-08 18:57:51.058 20149 20165 I bt_stack_manager: event_init_stack finished
04-08 18:57:51.058 20149 20170 I bt_btif_core: run_message_loop entered
04-08 18:57:51.058 20149 20149 I bt_osi_wakelock: wakelock_set_os_callouts set to non-native
04-08 18:57:51.059 20149 20149 I bt_btif : get_profile_interface: id = socket
04-08 18:57:51.059 20149 20149 W bt_btif : do_in_jni_thread: Dropped message, message_loop not initialized yet!
04-08 18:57:51.059 20149 20170 E BluetoothServiceJni: adapter_properties_callback: Callback env fail: env: 0x0, callback: 0x0
04-08 18:57:51.060 20149 20149 I bt_btif : get_profile_interface: id = sdp
04-08 18:57:51.064 20149 20149 I BluetoothAdapterService: Phone policy enabled
04-08 18:57:51.066 20149 20149 D BluetoothAdapterService: setAdapterService() - set to: null
04-08 18:57:51.070 20149 20149 D BluetoothAdapterService: onBind()
04-08 18:57:51.075 20149 20149 I BtGatt.JNI: classInitNative(L871): classInitNative: Success!
04-08 18:57:51.077 20149 20162 D BluetoothAdapterService: enable() - Enable called with quiet mode status =  false
04-08 18:57:51.077 20149 20164 D BluetoothAdapterState: Current state: OFF, message: 0
04-08 18:57:51.078 20149 20164 D BluetoothAdapterProperties: Setting state to 14
04-08 18:57:51.078 20149 20164 I BluetoothAdapterState: Bluetooth adapter state changed: 10-> 14
04-08 18:57:51.078 20149 20164 D BluetoothAdapterService: updateAdapterState() - Broadcasting state to 1 receivers.
04-08 18:57:51.078 20149 20164 D BluetoothAdapterService: BleOnProcessStart()
04-08 18:57:51.080 20149 20164 D BluetoothAdapterService: BleOnProcessStart() - Make Bond State Machine
04-08 18:57:51.080 20149 20164 D BluetoothBondStateMachine: make
04-08 18:57:51.081 20149 20175 I BluetoothBondStateMachine: StableState(): Entering Off State
04-08 18:57:51.082 20149 20164 D BluetoothAdapterService: setProfileServiceState() - Starting service com.android.bluetooth.gatt.GattService
04-08 18:57:51.084 20149 20164 I BluetoothAdapterState: Entering PendingCommandState
04-08 18:57:51.084 20149 20149 D BtGatt.DebugUtils: handleDebugAction() action=null
04-08 18:57:51.084 20149 20149 D BluetoothAdapterService: getAdapterService() - returning com.android.bluetooth.btservice.AdapterService@e97793c
04-08 18:57:51.085 20149 20149 D BtGatt.GattService: Received start request. Starting profile...
04-08 18:57:51.085 20149 20149 I bt_btif : get_profile_interface: id = gatt
04-08 18:57:51.086 20149 20149 D BluetoothAdapterService: getAdapterService() - returning com.android.bluetooth.btservice.AdapterService@e97793c
04-08 18:57:51.091 20149 20149 I chatty  : uid=1002(bluetooth) com.android.bluetooth identical 1 line
04-08 18:57:51.091 20149 20149 D BluetoothAdapterService: getAdapterService() - returning com.android.bluetooth.btservice.AdapterService@e97793c
04-08 18:57:51.093 20149 20149 D BluetoothAdapterService: handleMessage() - Message: 1
04-08 18:57:51.093 20149 20149 D BluetoothAdapterService: handleMessage() - MESSAGE_PROFILE_SERVICE_STATE_CHANGED
04-08 18:57:51.093 20149 20149 D BluetoothAdapterService: processProfileServiceStateChanged() - serviceName=com.android.bluetooth.gatt.GattService isTurningOn=false isTurningOff=false isBleTurningOn=true isBleTurningOff=false
04-08 18:57:51.093 20149 20149 D BluetoothAdapterService: GattService is started
04-08 18:57:51.094 20149 20164 V BluetoothAdapterState: PendingCommand - transient state(s): isBleTurningOn
04-08 18:57:51.094 20149 20164 D BluetoothAdapterState: Current state: PENDING_COMMAND, message: 4
04-08 18:57:51.095 20149 20164 I bt_btif : enable: start restricted = 0
04-08 18:57:51.095 20149 20165 I bt_stack_manager: event_start_up_stack is bringing up the stack
04-08 18:57:51.096 20149 20165 I bt_core_module: module_start_up Starting module "btif_config_module"
04-08 18:57:51.096 20149 20165 I bt_core_module: module_start_up Started module "btif_config_module"
04-08 18:57:51.096 20149 20165 I bt_core_module: module_start_up Starting module "btsnoop_module"
04-08 18:57:51.096 20149 20165 I bt_core_module: module_start_up Started module "btsnoop_module"
04-08 18:57:51.096 20149 20165 I bt_core_module: module_start_up Starting module "hci_module"
04-08 18:57:51.096 20149 20165 I bt_hci  : hci_module_start_up
04-08 18:57:51.097 20149 20179 I bt_osi_thread: run_thread: thread id 20179, thread name hci_thread started
04-08 18:57:51.097 20149 20165 D bt_hci  : hci_module_start_up starting async portion
04-08 18:57:51.097 20149 20179 I bt_hci  : hci_initialize
04-08 18:57:51.100 20149 20179 I bt_hci  : hci_initialize: IBluetoothHci::getService() returned 0x7f0263d480 (remote)
04-08 18:57:51.192 20149 20179 I bt_hci  : event_finish_startup
04-08 18:57:51.192 20149 20165 I bt_core_module: module_start_up Started module "hci_module"
04-08 18:57:51.193 20149 20184 I bt_osi_thread: run_thread: thread id 20184, thread name bt_workqueue started
04-08 18:57:51.194 20149 20184 I         : [0408/185751:INFO:btu_task.cc(107)] Bluetooth chip preload is complete
04-08 18:57:51.195 20149 20184 I         : [0408/185751:INFO:gatt_api.cc(1004)] GATT_Register
04-08 18:57:51.195 20149 20184 I         : [0408/185751:INFO:gatt_api.cc(1027)] allocated gatt_if=1
04-08 18:57:51.195 20149 20184 I         : [0408/185751:INFO:gatt_api.cc(207)] GATTS_AddService
04-08 18:57:51.196 20149 20184 I         : [0408/185751:INFO:gatt_api.cc(317)] GATTS_AddService: service parsed correctly, now starting
04-08 18:57:51.196 20149 20184 E         : [0408/185751:ERROR:gatt_attr.cc(301)] gatt_profile_db_init:  gatt_if=1
04-08 18:57:51.196 20149 20184 I         : [0408/185751:INFO:gatt_api.cc(1004)] GATT_Register
04-08 18:57:51.196 20149 20184 I         : [0408/185751:INFO:gatt_api.cc(1027)] allocated gatt_if=2
04-08 18:57:51.196 20149 20184 I         : [0408/185751:INFO:gatt_api.cc(207)] GATTS_AddService
04-08 18:57:51.197 20149 20184 I         : [0408/185751:INFO:gatt_api.cc(317)] GATTS_AddService: service parsed correctly, now starting
04-08 18:57:51.198 20149 20185 I bt_osi_thread: run_thread: thread id 20185, thread name btu message loop started
04-08 18:57:51.200 20149 20186 I bt_osi_thread: run_thread: thread id 20186, thread name module_wrapper started
04-08 18:57:51.200 20149 20186 I bt_core_module: module_start_up Starting module "controller_module"
04-08 18:57:51.407 20149 20186 I bt_core_module: module_start_up Started module "controller_module"
04-08 18:57:51.407 20149 20186 W bt_osi_thread: run_thread: thread id 20186, thread name module_wrapper exited
04-08 18:57:51.407 20149 20184 W bt_btm  : btm_decode_ext_features_page: feature page 1 ignored
04-08 18:57:51.407 20149 20184 W bt_btm  : btm_decode_ext_features_page: feature page 2 ignored
04-08 18:57:51.408 20149 20185 I bt_btm_sec: BTM_SecRegister p_cb_info->p_le_callback == 0x0x7ef4b1cd2c
04-08 18:57:51.408 20149 20185 I bt_btm_sec: BTM_SecRegister btm_cb.api.p_le_callback = 0x0x7ef4b1cd2c 
04-08 18:57:51.410 20149 20185 I bt_stack: [INFO:gatt_api.cc(1004)] GATT_Register
04-08 18:57:51.410 20149 20185 I bt_stack: [INFO:gatt_api.cc(1027)] allocated gatt_if=3
04-08 18:57:51.431 20149 20185 I bt_stack: [INFO:ble_advertiser_hci_interface.cc(708)] VSC advertising will be in use
04-08 18:57:51.431 20149 20185 I bt_stack: [INFO:ble_advertiser_hci_interface.cc(259)] QuirkAdvertiserZeroHandle in use
04-08 18:57:51.432 20149 20170 D BluetoothAdapterProperties: BT_PROPERTY_LOCAL_LE_FEATURES: update from BT controller mNumOfAdvertisementInstancesSupported = 10 mRpaOffloadSupported = true mNumOfOffloadedIrkSupported = 8 mNumOfOffloadedScanFilterSupported = 16 mOffloadedScanResultStorageBytes= 10240 mIsActivityAndEnergyReporting = true mVersSupported = 96 mTotNumOfTrackableAdv = 32 mIsExtendedScanSupported = true mIsDebugLogSupported = true mIsLe2MPhySupported = false mIsLeCodedPhySupported = false mIsLeExtendedAdvertisingSupported = false mIsLePeriodicAdvertisingSupported = false mLeMaximumAdvertisingDataLength = 31
04-08 18:57:51.437 20149 20170 E bt_btif_storage: btif_storage_get_adapter_property: Controller ready!
04-08 18:57:51.437 20149 20170 I bt_btif_storage: btif_storage_get_adapter_property service_mask:0x20000000
04-08 18:57:51.439 20149 20170 D BluetoothAdapterProperties: Address is:80:1D:00:33:D8:82
04-08 18:57:51.444 20149 20170 D BluetoothAdapterProperties: Name is: LeEco Le 2
04-08 18:57:51.446 20149 20170 D BluetoothAdapterProperties: Scan Mode:20
04-08 18:57:51.446 20149 20170 D BluetoothAdapterProperties: Discoverable Timeout:120
04-08 18:57:51.446 20149 20170 I bt_btif_core: btif_enable_bluetooth_evt entered: status 0
04-08 18:57:51.448 20149 20192 I bt_osi_thread: run_thread: thread id 20192, thread name btif_sock started
04-08 18:57:51.449 20149 20170 D bt_bte_conf: Device ID record 1 : primary
04-08 18:57:51.449 20149 20170 D bt_bte_conf:   vendorId            = 000f
04-08 18:57:51.449 20149 20170 D bt_bte_conf:   vendorIdSource      = 0001
04-08 18:57:51.449 20149 20170 D bt_bte_conf:   product             = 1200
04-08 18:57:51.449 20149 20170 D bt_bte_conf:   version             = 1436
04-08 18:57:51.449 20149 20170 D bt_bte_conf:   clientExecutableURL = 
04-08 18:57:51.449 20149 20170 D bt_bte_conf:   serviceDescription  = 
04-08 18:57:51.449 20149 20170 D bt_bte_conf:   documentationURL    = 
04-08 18:57:51.449 20149 20170 D bt_bte_conf: bte_load_did_conf no section named DID2.
04-08 18:57:51.449 20149 20170 I bt_btif_core: btif_enable_bluetooth_evt finished
04-08 18:57:51.449 20149 20165 I bt_stack_manager: event_start_up_stack finished
04-08 18:57:51.450 20149 20164 V BluetoothAdapterState: PendingCommand - transient state(s): isBleTurningOn
04-08 18:57:51.450 20149 20164 D BluetoothAdapterState: Current state: PENDING_COMMAND, message: 3
04-08 18:57:51.450 20149 20164 D BluetoothAdapterProperties: Setting state to 15
04-08 18:57:51.450 20149 20164 I BluetoothAdapterState: Bluetooth adapter state changed: 14-> 15
04-08 18:57:51.450 20149 20164 D BluetoothAdapterService: updateAdapterState() - Broadcasting state to 1 receivers.
04-08 18:57:51.451 20149 20164 I BluetoothAdapterState: Entering BleOnState
04-08 18:57:51.453 20149 20164 D BluetoothAdapterState: Current state: BLE ON, message: 1
04-08 18:57:51.454 20149 20164 D BluetoothAdapterProperties: Setting state to 11
04-08 18:57:51.454 20149 20164 I BluetoothAdapterState: Bluetooth adapter state changed: 15-> 11
04-08 18:57:51.454 20149 20164 D BluetoothAdapterService: updateAdapterState() - Broadcasting state to 1 receivers.
04-08 18:57:51.454 20149 20164 D BluetoothAdapterService: startCoreServices()
04-08 18:57:51.455 20149 20164 D BluetoothAdapterService: setProfileServiceState() - Starting service com.android.bluetooth.hfp.HeadsetService
04-08 18:57:51.458 20149 20149 D BluetoothAdapterService: getAdapterService() - returning com.android.bluetooth.btservice.AdapterService@e97793c
04-08 18:57:51.459 20149 20149 D HeadsetService: Received start request. Starting profile...
04-08 18:57:51.459 20149 20164 D BluetoothAdapterService: setProfileServiceState() - Starting service com.android.bluetooth.a2dp.A2dpService
04-08 18:57:51.462 20149 20149 I BluetoothHeadsetServiceJni: classInitNative: succeeds
04-08 18:57:51.462 20149 20149 D HeadsetStateMachine: make
04-08 18:57:51.463 20149 20164 D BluetoothAdapterService: setProfileServiceState() - Starting service com.android.bluetooth.hid.HidService
04-08 18:57:51.466 20149 20164 D BluetoothAdapterService: setProfileServiceState() - Starting service com.android.bluetooth.hdp.HealthService
04-08 18:57:51.469 20149 20164 D BluetoothAdapterService: setProfileServiceState() - Starting service com.android.bluetooth.pan.PanService
04-08 18:57:51.472 20149 20164 D BluetoothAdapterService: setProfileServiceState() - Starting service com.android.bluetooth.map.BluetoothMapService
04-08 18:57:51.473 20149 20149 D HeadsetStateMachine: max_hf_connections = 1
04-08 18:57:51.473 20149 20149 D HeadsetStateMachine: in-band_ringing_support = true
04-08 18:57:51.474 20149 20149 I bt_btif : get_profile_interface: id = handsfree
04-08 18:57:51.474 20149 20170 I bt_btif_storage: btif_storage_get_adapter_property service_mask:0x20000040
04-08 18:57:51.474 20149 20185 I bt_stack: [INFO:port_api.cc(123)] RFCOMM_CreateConnection BDA: ff:ff:ff:ff:ff:ff
04-08 18:57:51.474 20149 20185 I bt_stack: [INFO:port_api.cc(123)] RFCOMM_CreateConnection BDA: ff:ff:ff:ff:ff:ff
04-08 18:57:51.476 20149 20170 E bt_btif : btif_hf_upstreams_evt: Invalid index 35194
04-08 18:57:51.477 20149 20164 D BluetoothAdapterService: setProfileServiceState() - Starting service com.android.bluetooth.hfpclient.HeadsetClientService
04-08 18:57:51.483 20149 20164 D BluetoothAdapterService: setProfileServiceState() - Starting service com.android.bluetooth.avrcpcontroller.AvrcpControllerService
04-08 18:57:51.486 20149 20164 D BluetoothAdapterService: setProfileServiceState() - Starting service com.android.bluetooth.sap.SapService
04-08 18:57:51.489 20149 20164 D BluetoothAdapterService: setProfileServiceState() - Starting service com.android.bluetooth.opp.BluetoothOppService
04-08 18:57:51.491 20149 20149 D BluetoothAdapterService: getAdapterService() - returning com.android.bluetooth.btservice.AdapterService@e97793c
04-08 18:57:51.492 20149 20164 D BluetoothAdapterService: setProfileServiceState() - Starting service com.android.bluetooth.pbap.BluetoothPbapService
04-08 18:57:51.493 20149 20149 D BluetoothAdapterService: getAdapterService() - returning com.android.bluetooth.btservice.AdapterService@e97793c
04-08 18:57:51.494 20149 20149 D A2dpService: Received start request. Starting profile...
04-08 18:57:51.494 20149 20164 I BluetoothAdapterState: Entering PendingCommandState
04-08 18:57:51.495 20149 20149 I BluetoothAvrcpServiceJni: classInitNative: succeeds
04-08 18:57:51.495 20149 20149 V Avrcp   : make
04-08 18:57:51.498 20149 20149 I bt_btif : get_profile_interface: id = avrcp
04-08 18:57:51.508 20149 20149 V Avrcp   : initMediaPlayerInfoList: 0 controllers
04-08 18:57:51.509 20149 20149 V Avrcp   : updatePlaybackState (1): -1➡0(PlaybackState {state=0, position=-1, buffered position=0, speed=0.0, updated=88473395, actions=0, custom actions=[], active item id=-1, error=null})
04-08 18:57:51.509 20149 20149 I Avrcp   : Skipping update due to invalid playback state
04-08 18:57:51.509 20149 20149 E Avrcp   : play status change -1➡0 mPlayStatusChangedNT: 1
04-08 18:57:51.509 20149 20149 E bt_btif : register_notification_rsp: Avrcp device is not connected, handle: 0x0
04-08 18:57:51.510 20149 20149 D Avrcp   : sendPlayPosNotificationRsp: Not registered or requesting.
04-08 18:57:51.510 20149 20149 D Avrcp   : User already unlocked, initializing player lists
04-08 18:57:51.512 20149 20149 V Avrcp   : updatePlaybackState (1): 0➡0(PlaybackState {state=0, position=-1, buffered position=0, speed=0.0, updated=88473398, actions=0, custom actions=[], active item id=-1, error=null})
04-08 18:57:51.512 20149 20149 I Avrcp   : Skipping update due to invalid playback state
04-08 18:57:51.512 20149 20149 E Avrcp   : play status change 0➡0 mPlayStatusChangedNT: 1
04-08 18:57:51.512 20149 20149 D Avrcp   : sendPlayPosNotificationRsp: Not registered or requesting.
04-08 18:57:51.513 20149 20149 I BluetoothA2dpServiceJni: classInitNative: succeeds
04-08 18:57:51.514 20149 20149 D A2dpStateMachine: make
04-08 18:57:51.515 20149 20149 I bt_btif : get_profile_interface: id = a2dp
04-08 18:57:51.517 20149 20197 I bt_osi_thread: run_thread: thread id 20197, thread name btif_a2dp_source started
04-08 18:57:51.517 20149 20149 D a2dp_codec: init
04-08 18:57:51.517 20149 20149 D a2dp_codec: createCodec: codec SBC
04-08 18:57:51.517 20149 20149 I a2dp_codec: init: updated SBC codec priority to 1001
04-08 18:57:51.517 20149 20149 D a2dp_codec: createCodec: codec AAC
04-08 18:57:51.517 20149 20149 I a2dp_codec: init: updated AAC codec priority to 2001
04-08 18:57:51.517 20149 20149 D a2dp_codec: createCodec: codec aptX
04-08 18:57:51.517 20149 20185 I bt_bta_av: AVRCP version used for sdp: "avrcp14"
04-08 18:57:51.518 20149 20170 I bt_btif_storage: btif_storage_get_adapter_property service_mask:0x20000048
04-08 18:57:51.518 20149 20170 E bt_btif : btif_sm_dispatch : Invalid handle
04-08 18:57:51.518 20149 20170 E bt_btif : btif_sm_dispatch : Invalid handle
04-08 18:57:51.520 20149 20149 E a2dp_vendor_aptx_encoder: A2DP_VendorLoadEncoderAptx: cannot open aptX encoder library libaptX_encoder.so: dlopen failed: library "libaptX_encoder.so" not found
04-08 18:57:51.520 20149 20149 E a2dp_vendor_aptx: init: cannot load the encoder
04-08 18:57:51.520 20149 20149 D a2dp_codec: createCodec: codec aptX-HD
04-08 18:57:51.520 20149 20149 E a2dp_vendor_aptx_hd_encoder: A2DP_VendorLoadEncoderAptxHd: cannot open aptX-HD encoder library libaptXHD_encoder.so: dlopen failed: library "libaptXHD_encoder.so" not found
04-08 18:57:51.521 20149 20149 E a2dp_vendor_aptx_hd: init: cannot load the encoder
04-08 18:57:51.521 20149 20149 D a2dp_codec: createCodec: codec LDAC
04-08 18:57:51.523 20149 20149 I a2dp_codec: init: updated LDAC codec priority to 5001
04-08 18:57:51.523 20149 20149 D a2dp_codec: createCodec: codec SBC SINK
04-08 18:57:51.523 20149 20149 I a2dp_codec: init: initialized Source codec LDAC
04-08 18:57:51.523 20149 20149 I a2dp_codec: init: initialized Source codec AAC
04-08 18:57:51.523 20149 20149 I a2dp_codec: init: initialized Source codec SBC
04-08 18:57:51.523 20149 20149 I a2dp_codec: init: initialized Sink codec SBC(Sink)
04-08 18:57:51.523 20149 20149 W bt_btif : ## ON A2DP IDLE ## peer_sep = 0
04-08 18:57:51.524 20149 20170 I BluetoothA2dpServiceJni: bta2dp_audio_config_callback
04-08 18:57:51.524 20149 20196 D A2dpStateMachine: Enter Disconnected: -2
04-08 18:57:51.526 20149 20149 D BluetoothAdapterService: getAdapterService() - returning com.android.bluetooth.btservice.AdapterService@e97793c
04-08 18:57:51.526 20149 20149 I BluetoothHidServiceJni: classInitNative: succeeds
04-08 18:57:51.527 20149 20170 D A2dpStateMachine: A2DP Codec Config: null->{codecName:SBC,mCodecType:0,mCodecPriority:0,mSampleRate:0x0(NONE),mBitsPerSample:0x0(NONE),mChannelMode:0x0(NONE),mCodecSpecific1:0,mCodecSpecific2:0,mCodecSpecific3:0,mCodecSpecific4:0}
04-08 18:57:51.528 20149 20170 D A2dpStateMachine: A2DP Codec Local Capability: {codecName:LDAC,mCodecType:4,mCodecPriority:5001,mSampleRate:0xf(44100|48000|88200|96000),mBitsPerSample:0x7(16|24|32),mChannelMode:0x2(STEREO),mCodecSpecific1:0,mCodecSpecific2:0,mCodecSpecific3:0,mCodecSpecific4:0}
04-08 18:57:51.528 20149 20170 D A2dpStateMachine: A2DP Codec Local Capability: {codecName:AAC,mCodecType:1,mCodecPriority:2001,mSampleRate:0x1(44100),mBitsPerSample:0x1(16),mChannelMode:0x2(STEREO),mCodecSpecific1:0,mCodecSpecific2:0,mCodecSpecific3:0,mCodecSpecific4:0}
04-08 18:57:51.528 20149 20149 D BluetoothAdapterService: getAdapterService() - returning com.android.bluetooth.btservice.AdapterService@e97793c
04-08 18:57:51.528 20149 20170 D A2dpStateMachine: A2DP Codec Local Capability: {codecName:SBC,mCodecType:0,mCodecPriority:1001,mSampleRate:0x1(44100),mBitsPerSample:0x1(16),mChannelMode:0x3(MONO|STEREO),mCodecSpecific1:0,mCodecSpecific2:0,mCodecSpecific3:0,mCodecSpecific4:0}
04-08 18:57:51.529 20149 20149 D HidService: Received start request. Starting profile...
04-08 18:57:51.529 20149 20149 I bt_btif : get_profile_interface: id = hidhost
04-08 18:57:51.529 20149 20149 D HidService: setHidService(): set to: null
04-08 18:57:51.529 20149 20170 I bt_bta_hh: BTA_HhEnable sec_mask:0x36 p_cback:0x7ef4b82448
04-08 18:57:51.529 20149 20149 D BluetoothAdapterService: getAdapterService() - returning com.android.bluetooth.btservice.AdapterService@e97793c
04-08 18:57:51.529 20149 20185 I bt_stack: [INFO:gatt_api.cc(1004)] GATT_Register
04-08 18:57:51.529 20149 20185 I bt_stack: [INFO:gatt_api.cc(1027)] allocated gatt_if=4
04-08 18:57:51.530 20149 20170 I bt_btif_storage: btif_storage_get_adapter_property service_mask:0x20100048
04-08 18:57:51.535 20149 20149 I BluetoothHealthServiceJni: classInitNative: succeeds
04-08 18:57:51.537 20149 20149 D BluetoothAdapterService: getAdapterService() - returning com.android.bluetooth.btservice.AdapterService@e97793c
04-08 18:57:51.538 20149 20149 D HealthService: Received start request. Starting profile...
04-08 18:57:51.539 20149 20149 I bt_btif : get_profile_interface: id = health
04-08 18:57:51.540 20149 20149 D BluetoothAdapterService: getAdapterService() - returning com.android.bluetooth.btservice.AdapterService@e97793c
04-08 18:57:51.541 20149 20149 I BluetoothPanServiceJni: classInitNative(L111): succeeds
04-08 18:57:51.543 20149 20149 D BluetoothAdapterService: getAdapterService() - returning com.android.bluetooth.btservice.AdapterService@e97793c
04-08 18:57:51.546 20149 20149 D PanService: Received start request. Starting profile...
04-08 18:57:51.546 20149 20149 D BluetoothPanServiceJni: initializeNative(L116): pan
04-08 18:57:51.546 20149 20149 I bt_btif : get_profile_interface: id = pan
04-08 18:57:51.547 20149 20170 D BluetoothPanServiceJni: control_state_callback(L63): state:0, local_role:3, ifname:bt-pan
04-08 18:57:51.548 20149 20149 D BluetoothAdapterService: getAdapterService() - returning com.android.bluetooth.btservice.AdapterService@e97793c
04-08 18:57:51.550 20149 20149 D BluetoothAdapterService: getAdapterService() - returning com.android.bluetooth.btservice.AdapterService@e97793c
04-08 18:57:51.551 20149 20149 D BluetoothMapService: Received start request. Starting profile...
04-08 18:57:51.551 20149 20149 D BluetoothMapService: start()
04-08 18:57:51.556 20149 20149 D BluetoothMapAccountLoader: Found 0 application(s) with intent android.bluetooth.action.BLUETOOTH_MAP_PROVIDER
04-08 18:57:51.557 20149 20149 D BluetoothMapAccountLoader: Found 0 application(s) with intent android.bluetooth.action.BLUETOOTH_MAP_IM_PROVIDER
04-08 18:57:51.557 20149 20149 D BluetoothMapAppObserver: createReceiver()
04-08 18:57:51.561 20149 20149 D BluetoothMapAppObserver: initObservers()
04-08 18:57:51.561 20149 20149 D BluetoothMapAppObserver: getEnabledAccountItems()
04-08 18:57:51.562 20149 20149 D BluetoothAdapterService: getAdapterService() - returning com.android.bluetooth.btservice.AdapterService@e97793c
04-08 18:57:51.563 20149 20149 I BluetoothHeadsetClientServiceJni: classInitNative succeeds
04-08 18:57:51.565 20149 20149 D BluetoothAdapterService: getAdapterService() - returning com.android.bluetooth.btservice.AdapterService@e97793c
04-08 18:57:51.566 20149 20149 D HeadsetClientService: Received start request. Starting profile...
04-08 18:57:51.566 20149 20149 D BluetoothHeadsetClientServiceJni: initializeNative: HfpClient
04-08 18:57:51.566 20149 20149 I bt_btif : get_profile_interface: id = handsfree_client
04-08 18:57:51.567 20149 20170 I bt_stack: [INFO:port_api.cc(123)] RFCOMM_CreateConnection BDA: ff:ff:ff:ff:ff:ff
04-08 18:57:51.567 20149 20170 I bt_btif_storage: btif_storage_get_adapter_property service_mask:0x21100048
04-08 18:57:51.572 20149 20149 D BluetoothHeadsetClientServiceJni: initializeNative: HfpClient
04-08 18:57:51.573 20149 20149 W BluetoothHeadsetClientServiceJni: Cleaning up Bluetooth HFP Client Interface before initializing
04-08 18:57:51.573 20149 20149 W BluetoothHeadsetClientServiceJni: Cleaning up Bluetooth HFP Client callback object
04-08 18:57:51.573 20149 20170 I bt_btif_queue: queue_int_cleanup: UUID=111E
04-08 18:57:51.573 20149 20149 I bt_btif : get_profile_interface: id = handsfree_client
04-08 18:57:51.573 20149 20149 D BluetoothAdapterService: getAdapterService() - returning com.android.bluetooth.btservice.AdapterService@e97793c
04-08 18:57:51.573 20149 20170 I bt_btif_storage: btif_storage_get_adapter_property service_mask:0x21100048
04-08 18:57:51.574 20149 20170 I bt_stack: [INFO:port_api.cc(123)] RFCOMM_CreateConnection BDA: ff:ff:ff:ff:ff:ff
04-08 18:57:51.574 20149 20149 D BluetoothAdapterService: handleMessage() - Message: 1
04-08 18:57:51.574 20149 20170 I bt_btif_storage: btif_storage_get_adapter_property service_mask:0x21100048
04-08 18:57:51.574 20149 20149 D BluetoothAdapterService: handleMessage() - MESSAGE_PROFILE_SERVICE_STATE_CHANGED
04-08 18:57:51.574 20149 20149 D BluetoothAdapterService: processProfileServiceStateChanged() - serviceName=com.android.bluetooth.hfp.HeadsetService isTurningOn=true isTurningOff=false isBleTurningOn=false isBleTurningOff=false
04-08 18:57:51.574 20149 20193 D HeadsetPhoneState: sendDeviceStateChanged. mService=0 mIsSimStateLoaded=false mSignal=0 mRoam=0 mBatteryCharge=5
04-08 18:57:51.576 20149 20149 D BluetoothAdapterService: onProfileServiceStateChange() - Profile still not running:com.android.bluetooth.a2dp.A2dpService
04-08 18:57:51.577 20149 20149 I BluetoothAvrcpControllerJni: classInitNative: succeeds
04-08 18:57:51.577 20149 20149 I bt_btif : get_profile_interface: id = avrcp_ctrl
04-08 18:57:51.579 20149 20149 D BluetoothAdapterService: getAdapterService() - returning com.android.bluetooth.btservice.AdapterService@e97793c
04-08 18:57:51.579 20149 20149 D AvrcpControllerService: Received start request. Starting profile...
04-08 18:57:51.587 20149 20149 D AvrcpControllerService: setAvrcpControllerService(): set to: null
04-08 18:57:51.587 20149 20149 D BluetoothAdapterService: getAdapterService() - returning com.android.bluetooth.btservice.AdapterService@e97793c
04-08 18:57:51.589 20149 20149 V SapService: SapBinder()
04-08 18:57:51.590 20149 20149 D BluetoothAdapterService: getAdapterService() - returning com.android.bluetooth.btservice.AdapterService@e97793c
04-08 18:57:51.590 20149 20149 D SapService: Received start request. Starting profile...
04-08 18:57:51.591 20149 20149 V SapService: start()
04-08 18:57:51.593 20149 20149 D BluetoothAdapterService: getAdapterService() - returning com.android.bluetooth.btservice.AdapterService@e97793c
04-08 18:57:51.606 20149 20149 D BluetoothAdapterService: getAdapterService() - returning com.android.bluetooth.btservice.AdapterService@e97793c
04-08 18:57:51.607 20149 20149 D BluetoothOppService: Received start request. Starting profile...
04-08 18:57:51.608 20149 20149 D BluetoothAdapterService: getAdapterService() - returning com.android.bluetooth.btservice.AdapterService@e97793c
04-08 18:57:51.610 20149 20149 V BluetoothPbapService: PbapBinder()
04-08 18:57:51.611 20149 20149 D BluetoothAdapterService: getAdapterService() - returning com.android.bluetooth.btservice.AdapterService@e97793c
04-08 18:57:51.612 20149 20149 D BluetoothPbapService: Received start request. Starting profile...
04-08 18:57:51.612 20149 20149 V BluetoothPbapService: start()
04-08 18:57:51.615 20149 20149 D BluetoothPbapService: Registering observer
04-08 18:57:51.621 20149 20149 D BluetoothAdapterService: getAdapterService() - returning com.android.bluetooth.btservice.AdapterService@e97793c
04-08 18:57:51.622 20149 20149 D BluetoothAdapterService: handleMessage() - Message: 1
04-08 18:57:51.622 20149 20149 D BluetoothAdapterService: handleMessage() - MESSAGE_PROFILE_SERVICE_STATE_CHANGED
04-08 18:57:51.622 20149 20149 D BluetoothAdapterService: processProfileServiceStateChanged() - serviceName=com.android.bluetooth.a2dp.A2dpService isTurningOn=true isTurningOff=false isBleTurningOn=false isBleTurningOff=false
04-08 18:57:51.622 20149 20149 D BluetoothAdapterService: onProfileServiceStateChange() - Profile still not running:com.android.bluetooth.map.BluetoothMapService
04-08 18:57:51.623 20149 20149 D BluetoothAdapterService: handleMessage() - Message: 1
04-08 18:57:51.623 20149 20149 D BluetoothAdapterService: handleMessage() - MESSAGE_PROFILE_SERVICE_STATE_CHANGED
04-08 18:57:51.623 20149 20149 D BluetoothAdapterService: processProfileServiceStateChanged() - serviceName=com.android.bluetooth.hid.HidService isTurningOn=true isTurningOff=false isBleTurningOn=false isBleTurningOff=false
04-08 18:57:51.623 20149 20149 D BluetoothAdapterService: onProfileServiceStateChange() - Profile still not running:com.android.bluetooth.map.BluetoothMapService
04-08 18:57:51.624 20149 20149 D BluetoothAdapterService: handleMessage() - Message: 1
04-08 18:57:51.624 20149 20149 D BluetoothAdapterService: handleMessage() - MESSAGE_PROFILE_SERVICE_STATE_CHANGED
04-08 18:57:51.624 20149 20149 D BluetoothAdapterService: processProfileServiceStateChanged() - serviceName=com.android.bluetooth.hdp.HealthService isTurningOn=true isTurningOff=false isBleTurningOn=false isBleTurningOff=false
04-08 18:57:51.624 20149 20149 D BluetoothAdapterService: onProfileServiceStateChange() - Profile still not running:com.android.bluetooth.map.BluetoothMapService
04-08 18:57:51.624 20149 20149 D BluetoothAdapterService: handleMessage() - Message: 1
04-08 18:57:51.624 20149 20149 D BluetoothAdapterService: handleMessage() - MESSAGE_PROFILE_SERVICE_STATE_CHANGED
04-08 18:57:51.624 20149 20149 D BluetoothAdapterService: processProfileServiceStateChanged() - serviceName=com.android.bluetooth.pan.PanService isTurningOn=true isTurningOff=false isBleTurningOn=false isBleTurningOff=false
04-08 18:57:51.625 20149 20149 D BluetoothAdapterService: onProfileServiceStateChange() - Profile still not running:com.android.bluetooth.map.BluetoothMapService
04-08 18:57:51.625 20149 20149 D BluetoothAdapterService: handleMessage() - Message: 1
04-08 18:57:51.625 20149 20149 D BluetoothAdapterService: handleMessage() - MESSAGE_PROFILE_SERVICE_STATE_CHANGED
04-08 18:57:51.625 20149 20149 D BluetoothAdapterService: processProfileServiceStateChanged() - serviceName=com.android.bluetooth.map.BluetoothMapService isTurningOn=true isTurningOff=false isBleTurningOn=false isBleTurningOff=false
04-08 18:57:51.626 20149 20149 D BluetoothAdapterService: onProfileServiceStateChange() - Profile still not running:com.android.bluetooth.avrcpcontroller.AvrcpControllerService
04-08 18:57:51.626 20149 20149 D BluetoothAdapterService: handleMessage() - Message: 1
04-08 18:57:51.626 20149 20149 D BluetoothAdapterService: handleMessage() - MESSAGE_PROFILE_SERVICE_STATE_CHANGED
04-08 18:57:51.626 20149 20149 D BluetoothAdapterService: processProfileServiceStateChanged() - serviceName=com.android.bluetooth.hfpclient.HeadsetClientService isTurningOn=true isTurningOff=false isBleTurningOn=false isBleTurningOff=false
04-08 18:57:51.627 20149 20149 D BluetoothAdapterService: onProfileServiceStateChange() - Profile still not running:com.android.bluetooth.avrcpcontroller.AvrcpControllerService
04-08 18:57:51.627 20149 20149 D BluetoothAdapterService: handleMessage() - Message: 1
04-08 18:57:51.627 20149 20149 D BluetoothAdapterService: handleMessage() - MESSAGE_PROFILE_SERVICE_STATE_CHANGED
04-08 18:57:51.627 20149 20149 D BluetoothAdapterService: processProfileServiceStateChanged() - serviceName=com.android.bluetooth.avrcpcontroller.AvrcpControllerService isTurningOn=true isTurningOff=false isBleTurningOn=false isBleTurningOff=false
04-08 18:57:51.628 20149 20149 D BluetoothAdapterService: onProfileServiceStateChange() - Profile still not running:com.android.bluetooth.sap.SapService
04-08 18:57:51.629 20149 20149 D BluetoothAdapterService: handleMessage() - Message: 1
04-08 18:57:51.629 20149 20149 D BluetoothAdapterService: handleMessage() - MESSAGE_PROFILE_SERVICE_STATE_CHANGED
04-08 18:57:51.629 20149 20149 D BluetoothAdapterService: processProfileServiceStateChanged() - serviceName=com.android.bluetooth.sap.SapService isTurningOn=true isTurningOff=false isBleTurningOn=false isBleTurningOff=false
04-08 18:57:51.630 20149 20149 D BluetoothAdapterService: onProfileServiceStateChange() - Profile still not running:com.android.bluetooth.pbap.BluetoothPbapService
04-08 18:57:51.632 20149 20149 D BluetoothAdapterService: handleMessage() - Message: 1
04-08 18:57:51.633 20149 20149 D BluetoothAdapterService: handleMessage() - MESSAGE_PROFILE_SERVICE_STATE_CHANGED
04-08 18:57:51.634 20149 20149 D BluetoothAdapterService: processProfileServiceStateChanged() - serviceName=com.android.bluetooth.opp.BluetoothOppService isTurningOn=true isTurningOff=false isBleTurningOn=false isBleTurningOff=false
04-08 18:57:51.634 20149 20149 D BluetoothAdapterService: onProfileServiceStateChange() - Profile still not running:com.android.bluetooth.pbap.BluetoothPbapService
04-08 18:57:51.636 20149 20149 D BluetoothAdapterService: handleMessage() - Message: 1
04-08 18:57:51.636 20149 20149 D BluetoothAdapterService: handleMessage() - MESSAGE_PROFILE_SERVICE_STATE_CHANGED
04-08 18:57:51.637 20149 20149 D BluetoothAdapterService: processProfileServiceStateChanged() - serviceName=com.android.bluetooth.pbap.BluetoothPbapService isTurningOn=true isTurningOff=false isBleTurningOn=false isBleTurningOff=false
04-08 18:57:51.637 20149 20149 D BluetoothAdapterService: onProfileServiceStateChange() - All profile services started.
04-08 18:57:51.638 20149 20164 V BluetoothAdapterState: PendingCommand - transient state(s): isTurningOn
04-08 18:57:51.638 20149 20164 D BluetoothAdapterState: Current state: PENDING_COMMAND, message: 2
04-08 18:57:51.638 20149 20164 D BluetoothAdapterProperties: onBluetoothReady, state=11, ScanMode=20
04-08 18:57:51.639 20149 20164 D BluetoothAdapterProperties: Setting state to 12
04-08 18:57:51.639 20149 20164 I BluetoothAdapterState: Bluetooth adapter state changed: 11-> 12
04-08 18:57:51.639 20149 20164 D BluetoothAdapterService: updateAdapterState() - Broadcasting state to 1 receivers.
04-08 18:57:51.640 20149 20170 D BluetoothAdapterProperties: Scan Mode:21
04-08 18:57:51.640 20149 20164 I BluetoothAdapterState: Entering OnState
04-08 18:57:51.640 20149 20164 D BluetoothAdapterService: updateUuids() - Updating UUIDs for bonded devices
04-08 18:57:51.641 20149 20170 D BluetoothAdapterProperties: Discoverable Timeout:120
04-08 18:57:51.650 20149 20149 D BluetoothMapService: onReceive
04-08 18:57:51.650 20149 20149 D BluetoothMapService: onReceive: android.bluetooth.adapter.action.STATE_CHANGED
04-08 18:57:51.650 20149 20149 D BluetoothMapService: STATE_ON
04-08 18:57:51.654 20149 20149 D BluetoothAdapterService: isQuetModeEnabled() - Enabled = false
04-08 18:57:51.654 20149 20149 D BluetoothPhonePolicy: autoConnect() - Initiate auto connection on BT on...
04-08 18:57:51.669 20149 20210 W BluetoothAdapter: getBluetoothService() called with no BluetoothManagerCallback
04-08 18:57:51.670 20149 20149 D BluetoothPbapService: action: android.bluetooth.adapter.action.STATE_CHANGED
04-08 18:57:51.670 20149 20149 D BluetoothPbapService: state: 12
04-08 18:57:51.672 20149 20201 D BluetoothMapMasInstance0: Map Service startRfcommSocketListener
04-08 18:57:51.672 20149 20201 D ObexServerSockets: create(rfcomm = -2, l2capPsm = -2)
04-08 18:57:51.673 20149 20201 W BluetoothAdapter: getBluetoothService() called with no BluetoothManagerCallback
04-08 18:57:51.674 20149 20185 I bt_stack: [INFO:port_api.cc(123)] RFCOMM_CreateConnection BDA: ff:ff:ff:ff:ff:ff
04-08 18:57:51.674 20149 20210 D BluetoothSdpJni: sdpCreateSapsRecordNative
04-08 18:57:51.674 20149 20210 D BluetoothSdpJni: SDP Create record success - handle: 0
04-08 18:57:51.676 20149 20185 I bt_stack: [INFO:port_api.cc(123)] RFCOMM_CreateConnection BDA: ff:ff:ff:ff:ff:ff
04-08 18:57:51.677 20149 20201 W BluetoothAdapter: getBluetoothService() called with no BluetoothManagerCallback
04-08 18:57:51.680 20149 20149 D BtOppService: start Socket Listeners
04-08 18:57:51.680 20149 20149 D BtOppService: stopListeners   mServerSocket :null
04-08 18:57:51.681 20149 20149 D ObexServerSockets: create(rfcomm = -2, l2capPsm = -2)
04-08 18:57:51.681 20149 20201 D ObexServerSockets: Succeed to create listening sockets 
04-08 18:57:51.681 20149 20201 D ObexServerSockets0: startAccept()
04-08 18:57:51.681 20149 20201 D ObexServerSockets0: prepareForNewConnect()
04-08 18:57:51.681 20149 20149 W BluetoothAdapter: getBluetoothService() called with no BluetoothManagerCallback
04-08 18:57:51.682 20149 20201 D BluetoothSdpJni: sdpCreateMapMasRecordNative
04-08 18:57:51.683 20149 20185 I bt_stack: [INFO:port_api.cc(123)] RFCOMM_CreateConnection BDA: ff:ff:ff:ff:ff:ff
04-08 18:57:51.683 20149 20201 D BluetoothSdpJni: SDP Create record success - handle: 1
04-08 18:57:51.684 20149 20213 D ObexServerSockets0: Accepting socket connection...
04-08 18:57:51.684 20149 20149 W BluetoothAdapter: getBluetoothService() called with no BluetoothManagerCallback
04-08 18:57:51.685 20149 20212 D ObexServerSockets0: Accepting socket connection...
04-08 18:57:51.688 20149 20149 D ObexServerSockets: Succeed to create listening sockets 
04-08 18:57:51.688 20149 20149 D ObexServerSockets1: startAccept()
04-08 18:57:51.688 20149 20149 D ObexServerSockets1: prepareForNewConnect()
04-08 18:57:51.689 20149 20149 D BluetoothSdpJni: sdpCreateOppOpsRecordNative
04-08 18:57:51.689 20149 20149 D BluetoothSdpJni: SDP Create record success - handle: 2
04-08 18:57:51.689 20149 20149 D BtOppService: mOppSdpHandle :2
04-08 18:57:51.690 20149 20215 D ObexServerSockets1: Accepting socket connection...
04-08 18:57:51.690 20149 20149 D BluetoothPbapService: startsocketListener
04-08 18:57:51.691 20149 20149 D ObexServerSockets: create(rfcomm = -2, l2capPsm = -2)
04-08 18:57:51.691 20149 20214 D ObexServerSockets1: Accepting socket connection...
04-08 18:57:51.691 20149 20149 W BluetoothAdapter: getBluetoothService() called with no BluetoothManagerCallback
04-08 18:57:51.693 20149 20185 I bt_stack: [INFO:port_api.cc(123)] RFCOMM_CreateConnection BDA: ff:ff:ff:ff:ff:ff
04-08 18:57:51.694 20149 20149 W BluetoothAdapter: getBluetoothService() called with no BluetoothManagerCallback
04-08 18:57:51.695 20149 20149 D ObexServerSockets: Succeed to create listening sockets 
04-08 18:57:51.696 20149 20149 D ObexServerSockets2: startAccept()
04-08 18:57:51.696 20149 20149 D ObexServerSockets2: prepareForNewConnect()
04-08 18:57:51.696 20149 20149 D BluetoothSdpJni: sdpCreatePbapPseRecordNative
04-08 18:57:51.696 20149 20149 D BluetoothSdpJni: SDP Create record success - handle: 3
04-08 18:57:51.698 20149 20217 D ObexServerSockets2: Accepting socket connection...
04-08 18:57:51.699 20149 20216 D ObexServerSockets2: Accepting socket connection...
04-08 18:57:51.701 20149 20149 D BluetoothPbapService: PBAP server with handle:3
